
*** Running vivado
    with args -log finn_design_MVAU_rtl_0_0.vds -m64 -product Vivado -mode batch -messageDb vivado.pb -notrace -source finn_design_MVAU_rtl_0_0.tcl


****** Vivado v2022.2 (64-bit)
  **** SW Build 3671981 on Fri Oct 14 04:59:54 MDT 2022
  **** IP Build 3669848 on Fri Oct 14 08:30:02 MDT 2022
    ** Copyright 1986-2022 Xilinx, Inc. All Rights Reserved.

source finn_design_MVAU_rtl_0_0.tcl -notrace
create_project: Time (s): cpu = 00:00:08 ; elapsed = 00:00:08 . Memory (MB): peak = 1314.051 ; gain = 0.027 ; free physical = 2774 ; free virtual = 5474
INFO: [IP_Flow 19-234] Refreshing IP repositories
INFO: [IP_Flow 19-1700] Loaded user IP repository '/home/andreea/finn/finn-rtllib/memstream'.
INFO: [IP_Flow 19-1700] Loaded user IP repository '/tmp/finn_dev_andreea/code_gen_ipgen_StreamingFIFO_rtl_0_ydn40a1v'.
INFO: [IP_Flow 19-1700] Loaded user IP repository '/tmp/finn_dev_andreea/code_gen_ipgen_FMPadding_rtl_0_zyuj32m2'.
INFO: [IP_Flow 19-1700] Loaded user IP repository '/tmp/finn_dev_andreea/code_gen_ipgen_StreamingFIFO_rtl_1_w6d3yn59'.
INFO: [IP_Flow 19-1700] Loaded user IP repository '/tmp/finn_dev_andreea/code_gen_ipgen_ConvolutionInputGenerator_rtl_0_odh4qvan'.
INFO: [IP_Flow 19-1700] Loaded user IP repository '/tmp/finn_dev_andreea/code_gen_ipgen_StreamingFIFO_rtl_2_kc_2n9b3'.
INFO: [IP_Flow 19-1700] Loaded user IP repository '/tmp/finn_dev_andreea/code_gen_ipgen_MVAU_hls_0__5svskkv/project_MVAU_hls_0/sol1/impl/ip'.
INFO: [IP_Flow 19-1700] Loaded user IP repository '/tmp/finn_dev_andreea/code_gen_ipgen_StreamingFIFO_rtl_3_0rs67dmk'.
INFO: [IP_Flow 19-1700] Loaded user IP repository '/tmp/finn_dev_andreea/code_gen_ipgen_StreamingDataWidthConverter_rtl_0_doquwkd1'.
INFO: [IP_Flow 19-1700] Loaded user IP repository '/tmp/finn_dev_andreea/code_gen_ipgen_StreamingFIFO_rtl_4_h8xhgbxy'.
INFO: [IP_Flow 19-1700] Loaded user IP repository '/tmp/finn_dev_andreea/code_gen_ipgen_StreamingMaxPool_hls_0_0r5oxrr5/project_StreamingMaxPool_hls_0/sol1/impl/ip'.
INFO: [IP_Flow 19-1700] Loaded user IP repository '/tmp/finn_dev_andreea/code_gen_ipgen_StreamingFIFO_rtl_5_lid_1kvr'.
INFO: [IP_Flow 19-1700] Loaded user IP repository '/tmp/finn_dev_andreea/code_gen_ipgen_StreamingDataWidthConverter_rtl_1_f4cj5x1a'.
INFO: [IP_Flow 19-1700] Loaded user IP repository '/tmp/finn_dev_andreea/code_gen_ipgen_StreamingFIFO_rtl_6_tfkpmsz1'.
INFO: [IP_Flow 19-1700] Loaded user IP repository '/tmp/finn_dev_andreea/code_gen_ipgen_MVAU_hls_1_tffy9gsm/project_MVAU_hls_1/sol1/impl/ip'.
INFO: [IP_Flow 19-1700] Loaded user IP repository '/tmp/finn_dev_andreea/code_gen_ipgen_StreamingFIFO_rtl_7__esnd9yq'.
INFO: [IP_Flow 19-1700] Loaded user IP repository '/tmp/finn_dev_andreea/code_gen_ipgen_MVAU_rtl_0_oa_hx13n'.
INFO: [IP_Flow 19-1700] Loaded user IP repository '/tmp/finn_dev_andreea/code_gen_ipgen_StreamingFIFO_rtl_8_difgt9_g'.
INFO: [IP_Flow 19-2313] Loaded Vivado IP repository '/tools/Xilinx/Vivado/2022.2/data/ip'.
INFO: [IP_Flow 19-6924] IPCACHE: Running cache check for IP inst: finn_design_MVAU_rtl_0_0
Command: synth_design -top finn_design_MVAU_rtl_0_0 -part xc7z020clg400-1 -incremental_mode off -mode out_of_context
Starting synth_design
Attempting to get a license for feature 'Synthesis' and/or device 'xc7z020'
INFO: [Common 17-349] Got license for feature 'Synthesis' and/or device 'xc7z020'
INFO: [Device 21-403] Loading part xc7z020clg400-1
INFO: [Synth 8-7079] Multithreading enabled for synth_design using a maximum of 4 processes.
INFO: [Synth 8-7078] Launching helper process for spawning children vivado processes
INFO: [Synth 8-7075] Helper process launched with PID 136582
INFO: [Synth 8-11241] undeclared symbol 'REGCCE', assumed default net type 'wire' [/tools/Xilinx/Vivado/2022.2/data/verilog/src/unimacro/BRAM_SINGLE_MACRO.v:2170]
WARNING: [Synth 8-9661] initial value of parameter 'PE' is omitted [/home/andreea/finn/finn-rtllib/mvu/mvu_4sx4u.sv:35]
WARNING: [Synth 8-9661] initial value of parameter 'SIMD' is omitted [/home/andreea/finn/finn-rtllib/mvu/mvu_4sx4u.sv:36]
WARNING: [Synth 8-9661] initial value of parameter 'ACCU_WIDTH' is omitted [/home/andreea/finn/finn-rtllib/mvu/mvu_4sx4u.sv:37]
WARNING: [Synth 8-9661] initial value of parameter 'PE' is omitted [/home/andreea/finn/finn-rtllib/mvu/mvu_8sx8u_dsp48.sv:35]
WARNING: [Synth 8-9661] initial value of parameter 'SIMD' is omitted [/home/andreea/finn/finn-rtllib/mvu/mvu_8sx8u_dsp48.sv:36]
WARNING: [Synth 8-9661] initial value of parameter 'ACCU_WIDTH' is omitted [/home/andreea/finn/finn-rtllib/mvu/mvu_8sx8u_dsp48.sv:37]
WARNING: [Synth 8-9661] initial value of parameter 'ACTIVATION_WIDTH' is omitted [/home/andreea/finn/finn-rtllib/mvu/mvu_8sx8u_dsp48.sv:38]
WARNING: [Synth 8-9661] initial value of parameter 'WEIGHT_WIDTH' is omitted [/home/andreea/finn/finn-rtllib/mvu/mvu_8sx8u_dsp48.sv:39]
WARNING: [Synth 8-9661] initial value of parameter 'IS_MVU' is omitted [/home/andreea/finn/finn-rtllib/mvu/mvu_vvu_8sx9_dsp58.sv:35]
WARNING: [Synth 8-9661] initial value of parameter 'PE' is omitted [/home/andreea/finn/finn-rtllib/mvu/mvu_vvu_8sx9_dsp58.sv:36]
WARNING: [Synth 8-9661] initial value of parameter 'SIMD' is omitted [/home/andreea/finn/finn-rtllib/mvu/mvu_vvu_8sx9_dsp58.sv:37]
WARNING: [Synth 8-9661] initial value of parameter 'ACTIVATION_WIDTH' is omitted [/home/andreea/finn/finn-rtllib/mvu/mvu_vvu_8sx9_dsp58.sv:38]
WARNING: [Synth 8-9661] initial value of parameter 'WEIGHT_WIDTH' is omitted [/home/andreea/finn/finn-rtllib/mvu/mvu_vvu_8sx9_dsp58.sv:39]
WARNING: [Synth 8-9661] initial value of parameter 'ACCU_WIDTH' is omitted [/home/andreea/finn/finn-rtllib/mvu/mvu_vvu_8sx9_dsp58.sv:40]
WARNING: [Synth 8-9661] initial value of parameter 'IS_MVU' is omitted [/home/andreea/finn/finn-rtllib/mvu/mvu_vvu_axi.sv:47]
WARNING: [Synth 8-9661] initial value of parameter 'COMPUTE_CORE' is omitted [/home/andreea/finn/finn-rtllib/mvu/mvu_vvu_axi.sv:48]
WARNING: [Synth 8-9661] initial value of parameter 'MW' is omitted [/home/andreea/finn/finn-rtllib/mvu/mvu_vvu_axi.sv:49]
WARNING: [Synth 8-9661] initial value of parameter 'MH' is omitted [/home/andreea/finn/finn-rtllib/mvu/mvu_vvu_axi.sv:50]
WARNING: [Synth 8-9661] initial value of parameter 'PE' is omitted [/home/andreea/finn/finn-rtllib/mvu/mvu_vvu_axi.sv:51]
WARNING: [Synth 8-9661] initial value of parameter 'SIMD' is omitted [/home/andreea/finn/finn-rtllib/mvu/mvu_vvu_axi.sv:52]
WARNING: [Synth 8-9661] initial value of parameter 'ACTIVATION_WIDTH' is omitted [/home/andreea/finn/finn-rtllib/mvu/mvu_vvu_axi.sv:55]
WARNING: [Synth 8-9661] initial value of parameter 'WEIGHT_WIDTH' is omitted [/home/andreea/finn/finn-rtllib/mvu/mvu_vvu_axi.sv:56]
WARNING: [Synth 8-9661] initial value of parameter 'ACCU_WIDTH' is omitted [/home/andreea/finn/finn-rtllib/mvu/mvu_vvu_axi.sv:57]
WARNING: [Synth 8-9661] initial value of parameter 'LEN' is omitted [/home/andreea/finn/finn-rtllib/mvu/replay_buffer.sv:36]
WARNING: [Synth 8-9661] initial value of parameter 'REP' is omitted [/home/andreea/finn/finn-rtllib/mvu/replay_buffer.sv:37]
WARNING: [Synth 8-9661] initial value of parameter 'W' is omitted [/home/andreea/finn/finn-rtllib/mvu/replay_buffer.sv:38]
---------------------------------------------------------------------------------
Starting RTL Elaboration : Time (s): cpu = 00:00:04 ; elapsed = 00:00:05 . Memory (MB): peak = 2002.445 ; gain = 371.770 ; free physical = 199 ; free virtual = 2935
Synthesis current peak Physical Memory [PSS] (MB): peak = 1267.793; parent = 1122.408; children = 145.385
Synthesis current peak Virtual Memory [VSS] (MB): peak = 2971.723; parent = 2006.414; children = 965.309
---------------------------------------------------------------------------------
INFO: [Synth 8-6157] synthesizing module 'finn_design_MVAU_rtl_0_0' [/home/andreea/proiect_finn/output_ip_hardware/stitched_ip/finn_vivado_stitch_proj.gen/sources_1/bd/finn_design/ip/finn_design_MVAU_rtl_0_0/synth/finn_design_MVAU_rtl_0_0.v:53]
INFO: [Synth 8-6157] synthesizing module 'MVAU_rtl_0' [/tmp/finn_dev_andreea/code_gen_ipgen_MVAU_rtl_0_oa_hx13n/MVAU_rtl_0_wrapper.v:34]
INFO: [Synth 8-6157] synthesizing module 'mvu_vvu_axi' [/home/andreea/finn/finn-rtllib/mvu/mvu_vvu_axi.sv:46]
INFO: [Synth 8-6157] synthesizing module 'mvu_8sx8u_dsp48' [/home/andreea/finn/finn-rtllib/mvu/mvu_8sx8u_dsp48.sv:34]
INFO: [Synth 8-6157] synthesizing module 'DSP48E1' [/tools/Xilinx/Vivado/2022.2/scripts/rt/data/unisim_comp.v:37448]
INFO: [Synth 8-6155] done synthesizing module 'DSP48E1' (0#1) [/tools/Xilinx/Vivado/2022.2/scripts/rt/data/unisim_comp.v:37448]
WARNING: [Synth 8-689] width (27) of port connection 'D' does not match port width (25) of module 'DSP48E1' [/home/andreea/finn/finn-rtllib/mvu/mvu_8sx8u_dsp48.sv:247]
INFO: [Synth 8-6155] done synthesizing module 'mvu_8sx8u_dsp48' (0#1) [/home/andreea/finn/finn-rtllib/mvu/mvu_8sx8u_dsp48.sv:34]
INFO: [Synth 8-6157] synthesizing module 'replay_buffer' [/home/andreea/finn/finn-rtllib/mvu/replay_buffer.sv:35]
INFO: [Synth 8-6155] done synthesizing module 'replay_buffer' (0#1) [/home/andreea/finn/finn-rtllib/mvu/replay_buffer.sv:35]
WARNING: [Synth 8-693] zero replication count - replication ignored [/home/andreea/finn/finn-rtllib/mvu/mvu_vvu_axi.sv:380]
INFO: [Synth 8-6155] done synthesizing module 'mvu_vvu_axi' (0#1) [/home/andreea/finn/finn-rtllib/mvu/mvu_vvu_axi.sv:46]
INFO: [Synth 8-6155] done synthesizing module 'MVAU_rtl_0' (0#1) [/tmp/finn_dev_andreea/code_gen_ipgen_MVAU_rtl_0_oa_hx13n/MVAU_rtl_0_wrapper.v:34]
INFO: [Synth 8-6155] done synthesizing module 'finn_design_MVAU_rtl_0_0' (0#1) [/home/andreea/proiect_finn/output_ip_hardware/stitched_ip/finn_vivado_stitch_proj.gen/sources_1/bd/finn_design/ip/finn_design_MVAU_rtl_0_0/synth/finn_design_MVAU_rtl_0_0.v:53]
WARNING: [Synth 8-6014] Unused sequential element genPipes[0].genSIMD[0].X1_reg was removed.  [/home/andreea/finn/finn-rtllib/mvu/mvu_8sx8u_dsp48.sv:427]
WARNING: [Synth 8-6014] Unused sequential element genPipes[0].genSIMD[0].X2_reg was removed.  [/home/andreea/finn/finn-rtllib/mvu/mvu_8sx8u_dsp48.sv:428]
WARNING: [Synth 8-6014] Unused sequential element genPipes[0].genSIMD[0].X3_reg was removed.  [/home/andreea/finn/finn-rtllib/mvu/mvu_8sx8u_dsp48.sv:429]
WARNING: [Synth 8-6014] Unused sequential element genPipes[0].Res5_reg[0] was removed.  [/home/andreea/finn/finn-rtllib/mvu/mvu_8sx8u_dsp48.sv:535]
WARNING: [Synth 8-7129] Port ap_clk2x in module mvu_vvu_axi is either unconnected or has no load
---------------------------------------------------------------------------------
Finished RTL Elaboration : Time (s): cpu = 00:00:05 ; elapsed = 00:00:06 . Memory (MB): peak = 2075.383 ; gain = 444.707 ; free physical = 601 ; free virtual = 3212
Synthesis current peak Physical Memory [PSS] (MB): peak = 1267.793; parent = 1122.408; children = 145.385
Synthesis current peak Virtual Memory [VSS] (MB): peak = 3040.691; parent = 2075.383; children = 965.309
---------------------------------------------------------------------------------
---------------------------------------------------------------------------------
Start Handling Custom Attributes
---------------------------------------------------------------------------------
---------------------------------------------------------------------------------
Finished Handling Custom Attributes : Time (s): cpu = 00:00:06 ; elapsed = 00:00:06 . Memory (MB): peak = 2093.195 ; gain = 462.520 ; free physical = 599 ; free virtual = 3208
Synthesis current peak Physical Memory [PSS] (MB): peak = 1267.793; parent = 1122.408; children = 145.385
Synthesis current peak Virtual Memory [VSS] (MB): peak = 3058.504; parent = 2093.195; children = 965.309
---------------------------------------------------------------------------------
---------------------------------------------------------------------------------
Finished RTL Optimization Phase 1 : Time (s): cpu = 00:00:06 ; elapsed = 00:00:06 . Memory (MB): peak = 2093.195 ; gain = 462.520 ; free physical = 596 ; free virtual = 3205
Synthesis current peak Physical Memory [PSS] (MB): peak = 1267.793; parent = 1122.408; children = 145.385
Synthesis current peak Virtual Memory [VSS] (MB): peak = 3058.504; parent = 2093.195; children = 965.309
---------------------------------------------------------------------------------
Netlist sorting complete. Time (s): cpu = 00:00:00 ; elapsed = 00:00:00 . Memory (MB): peak = 2099.133 ; gain = 0.000 ; free physical = 582 ; free virtual = 3190
INFO: [Netlist 29-17] Analyzing 1 Unisim elements for replacement
INFO: [Netlist 29-28] Unisim Transformation completed in 0 CPU seconds
INFO: [Project 1-570] Preparing netlist for logic optimization

Processing XDC Constraints
Initializing timing engine
Completed Processing XDC Constraints

Netlist sorting complete. Time (s): cpu = 00:00:00 ; elapsed = 00:00:00 . Memory (MB): peak = 2167.133 ; gain = 0.000 ; free physical = 439 ; free virtual = 3047
INFO: [Project 1-111] Unisim Transformation Summary:
No Unisim elements were transformed.

Constraint Validation Runtime : Time (s): cpu = 00:00:00.02 ; elapsed = 00:00:00.01 . Memory (MB): peak = 2167.133 ; gain = 0.000 ; free physical = 436 ; free virtual = 3044
INFO: [Designutils 20-5008] Incremental synthesis strategy off
INFO: [Synth 8-11241] undeclared symbol 'REGCCE', assumed default net type 'wire' [/tools/Xilinx/Vivado/2022.2/data/verilog/src/unimacro/BRAM_SINGLE_MACRO.v:2170]
---------------------------------------------------------------------------------
Finished Constraint Validation : Time (s): cpu = 00:00:11 ; elapsed = 00:00:12 . Memory (MB): peak = 2167.133 ; gain = 536.457 ; free physical = 521 ; free virtual = 3131
Synthesis current peak Physical Memory [PSS] (MB): peak = 1267.793; parent = 1122.408; children = 145.385
Synthesis current peak Virtual Memory [VSS] (MB): peak = 3100.426; parent = 2135.117; children = 965.309
---------------------------------------------------------------------------------
---------------------------------------------------------------------------------
Start Loading Part and Timing Information
---------------------------------------------------------------------------------
Loading part: xc7z020clg400-1
---------------------------------------------------------------------------------
Finished Loading Part and Timing Information : Time (s): cpu = 00:00:11 ; elapsed = 00:00:12 . Memory (MB): peak = 2167.133 ; gain = 536.457 ; free physical = 521 ; free virtual = 3131
Synthesis current peak Physical Memory [PSS] (MB): peak = 1267.793; parent = 1122.408; children = 145.385
Synthesis current peak Virtual Memory [VSS] (MB): peak = 3100.426; parent = 2135.117; children = 965.309
---------------------------------------------------------------------------------
---------------------------------------------------------------------------------
Start Applying 'set_property' XDC Constraints
---------------------------------------------------------------------------------
---------------------------------------------------------------------------------
Finished applying 'set_property' XDC Constraints : Time (s): cpu = 00:00:11 ; elapsed = 00:00:12 . Memory (MB): peak = 2167.133 ; gain = 536.457 ; free physical = 518 ; free virtual = 3128
Synthesis current peak Physical Memory [PSS] (MB): peak = 1267.793; parent = 1122.408; children = 145.385
Synthesis current peak Virtual Memory [VSS] (MB): peak = 3100.426; parent = 2135.117; children = 965.309
---------------------------------------------------------------------------------
---------------------------------------------------------------------------------
Finished RTL Optimization Phase 2 : Time (s): cpu = 00:00:11 ; elapsed = 00:00:12 . Memory (MB): peak = 2167.133 ; gain = 536.457 ; free physical = 503 ; free virtual = 3118
Synthesis current peak Physical Memory [PSS] (MB): peak = 1267.793; parent = 1122.408; children = 145.385
Synthesis current peak Virtual Memory [VSS] (MB): peak = 3100.426; parent = 2135.117; children = 965.309
---------------------------------------------------------------------------------
---------------------------------------------------------------------------------
Start RTL Component Statistics 
---------------------------------------------------------------------------------
Detailed RTL Component Info : 
+---Adders : 
	   2 Input    6 Bit       Adders := 4     
	   3 Input    6 Bit       Adders := 1     
	   2 Input    5 Bit       Adders := 1     
	   2 Input    4 Bit       Adders := 1     
+---XORs : 
	   2 Input      7 Bit         XORs := 1     
+---Registers : 
	               24 Bit    Registers := 4     
	                8 Bit    Registers := 1     
	                6 Bit    Registers := 3     
	                5 Bit    Registers := 2     
	                4 Bit    Registers := 1     
	                1 Bit    Registers := 7     
+---RAMs : 
	              256 Bit	(32 X 8 bit)          RAMs := 1     
+---Muxes : 
	   2 Input   24 Bit        Muxes := 2     
---------------------------------------------------------------------------------
Finished RTL Component Statistics 
---------------------------------------------------------------------------------
---------------------------------------------------------------------------------
Start Part Resource Summary
---------------------------------------------------------------------------------
Part Resources:
DSPs: 220 (col length:60)
BRAMs: 280 (col length: RAMB18 60 RAMB36 30)
---------------------------------------------------------------------------------
Finished Part Resource Summary
---------------------------------------------------------------------------------
---------------------------------------------------------------------------------
Start Cross Boundary and Area Optimization
---------------------------------------------------------------------------------
WARNING: [Synth 8-7080] Parallel synthesis criteria is not met
---------------------------------------------------------------------------------
Finished Cross Boundary and Area Optimization : Time (s): cpu = 00:00:12 ; elapsed = 00:00:13 . Memory (MB): peak = 2167.133 ; gain = 536.457 ; free physical = 459 ; free virtual = 3083
Synthesis current peak Physical Memory [PSS] (MB): peak = 1267.793; parent = 1122.408; children = 145.385
Synthesis current peak Virtual Memory [VSS] (MB): peak = 3100.426; parent = 2135.117; children = 965.309
---------------------------------------------------------------------------------
---------------------------------------------------------------------------------
Start ROM, RAM, DSP, Shift Register and Retiming Reporting
---------------------------------------------------------------------------------

Distributed RAM: Preliminary Mapping Report (see note below)
+-------------------------+-------------------------------------+-----------+----------------------+-------------+
|Module Name              | RTL Object                          | Inference | Size (Depth x Width) | Primitives  | 
+-------------------------+-------------------------------------+-----------+----------------------+-------------+
|finn_design_MVAU_rtl_0_0 | inst/inst/activation_replay/Mem_reg | Implied   | 32 x 8               | RAM32M x 2  | 
+-------------------------+-------------------------------------+-----------+----------------------+-------------+

Note: The table above is a preliminary report that shows the Distributed RAMs at the current stage of the synthesis flow. Some Distributed RAMs may be reimplemented as non Distributed RAM primitives later in the synthesis flow. Multiple instantiated RAMs are reported only once.
---------------------------------------------------------------------------------
Finished ROM, RAM, DSP, Shift Register and Retiming Reporting
---------------------------------------------------------------------------------
---------------------------------------------------------------------------------
Start Applying XDC Timing Constraints
---------------------------------------------------------------------------------
---------------------------------------------------------------------------------
Finished Applying XDC Timing Constraints : Time (s): cpu = 00:00:16 ; elapsed = 00:00:18 . Memory (MB): peak = 2167.133 ; gain = 536.457 ; free physical = 112 ; free virtual = 2641
Synthesis current peak Physical Memory [PSS] (MB): peak = 1366.248; parent = 1220.873; children = 145.385
Synthesis current peak Virtual Memory [VSS] (MB): peak = 3100.426; parent = 2135.117; children = 965.309
---------------------------------------------------------------------------------
---------------------------------------------------------------------------------
Start Timing Optimization
---------------------------------------------------------------------------------
---------------------------------------------------------------------------------
Finished Timing Optimization : Time (s): cpu = 00:00:16 ; elapsed = 00:00:18 . Memory (MB): peak = 2167.133 ; gain = 536.457 ; free physical = 112 ; free virtual = 2641
Synthesis current peak Physical Memory [PSS] (MB): peak = 1366.370; parent = 1220.995; children = 145.385
Synthesis current peak Virtual Memory [VSS] (MB): peak = 3100.426; parent = 2135.117; children = 965.309
---------------------------------------------------------------------------------
---------------------------------------------------------------------------------
Start ROM, RAM, DSP, Shift Register and Retiming Reporting
---------------------------------------------------------------------------------

Distributed RAM: Final Mapping Report
+-------------------------+-------------------------------------+-----------+----------------------+-------------+
|Module Name              | RTL Object                          | Inference | Size (Depth x Width) | Primitives  | 
+-------------------------+-------------------------------------+-----------+----------------------+-------------+
|finn_design_MVAU_rtl_0_0 | inst/inst/activation_replay/Mem_reg | Implied   | 32 x 8               | RAM32M x 2  | 
+-------------------------+-------------------------------------+-----------+----------------------+-------------+

---------------------------------------------------------------------------------
Finished ROM, RAM, DSP, Shift Register and Retiming Reporting
---------------------------------------------------------------------------------
---------------------------------------------------------------------------------
Start Technology Mapping
---------------------------------------------------------------------------------
---------------------------------------------------------------------------------
Finished Technology Mapping : Time (s): cpu = 00:00:16 ; elapsed = 00:00:18 . Memory (MB): peak = 2167.133 ; gain = 536.457 ; free physical = 110 ; free virtual = 2639
Synthesis current peak Physical Memory [PSS] (MB): peak = 1367.242; parent = 1221.867; children = 145.385
Synthesis current peak Virtual Memory [VSS] (MB): peak = 3100.426; parent = 2135.117; children = 965.309
---------------------------------------------------------------------------------
---------------------------------------------------------------------------------
Start IO Insertion
---------------------------------------------------------------------------------
---------------------------------------------------------------------------------
Start Flattening Before IO Insertion
---------------------------------------------------------------------------------
---------------------------------------------------------------------------------
Finished Flattening Before IO Insertion
---------------------------------------------------------------------------------
---------------------------------------------------------------------------------
Start Final Netlist Cleanup
---------------------------------------------------------------------------------
---------------------------------------------------------------------------------
Finished Final Netlist Cleanup
---------------------------------------------------------------------------------
---------------------------------------------------------------------------------
Finished IO Insertion : Time (s): cpu = 00:00:19 ; elapsed = 00:00:20 . Memory (MB): peak = 2167.133 ; gain = 536.457 ; free physical = 456 ; free virtual = 2984
Synthesis current peak Physical Memory [PSS] (MB): peak = 1375.628; parent = 1226.056; children = 149.572
Synthesis current peak Virtual Memory [VSS] (MB): peak = 3100.426; parent = 2135.117; children = 965.309
---------------------------------------------------------------------------------
---------------------------------------------------------------------------------
Start Renaming Generated Instances
---------------------------------------------------------------------------------
---------------------------------------------------------------------------------
Finished Renaming Generated Instances : Time (s): cpu = 00:00:19 ; elapsed = 00:00:21 . Memory (MB): peak = 2167.133 ; gain = 536.457 ; free physical = 454 ; free virtual = 2978
Synthesis current peak Physical Memory [PSS] (MB): peak = 1375.628; parent = 1226.056; children = 149.572
Synthesis current peak Virtual Memory [VSS] (MB): peak = 3100.426; parent = 2135.117; children = 965.309
---------------------------------------------------------------------------------
---------------------------------------------------------------------------------
Start Rebuilding User Hierarchy
---------------------------------------------------------------------------------
---------------------------------------------------------------------------------
Finished Rebuilding User Hierarchy : Time (s): cpu = 00:00:19 ; elapsed = 00:00:21 . Memory (MB): peak = 2167.133 ; gain = 536.457 ; free physical = 572 ; free virtual = 3096
Synthesis current peak Physical Memory [PSS] (MB): peak = 1386.590; parent = 1231.531; children = 155.059
Synthesis current peak Virtual Memory [VSS] (MB): peak = 3100.426; parent = 2135.117; children = 965.309
---------------------------------------------------------------------------------
---------------------------------------------------------------------------------
Start Renaming Generated Ports
---------------------------------------------------------------------------------
---------------------------------------------------------------------------------
Finished Renaming Generated Ports : Time (s): cpu = 00:00:19 ; elapsed = 00:00:21 . Memory (MB): peak = 2167.133 ; gain = 536.457 ; free physical = 574 ; free virtual = 3099
Synthesis current peak Physical Memory [PSS] (MB): peak = 1386.626; parent = 1231.567; children = 155.059
Synthesis current peak Virtual Memory [VSS] (MB): peak = 3100.426; parent = 2135.117; children = 965.309
---------------------------------------------------------------------------------
---------------------------------------------------------------------------------
Start Handling Custom Attributes
---------------------------------------------------------------------------------
---------------------------------------------------------------------------------
Finished Handling Custom Attributes : Time (s): cpu = 00:00:19 ; elapsed = 00:00:21 . Memory (MB): peak = 2167.133 ; gain = 536.457 ; free physical = 585 ; free virtual = 3109
Synthesis current peak Physical Memory [PSS] (MB): peak = 1386.626; parent = 1231.567; children = 155.059
Synthesis current peak Virtual Memory [VSS] (MB): peak = 3100.426; parent = 2135.117; children = 965.309
---------------------------------------------------------------------------------
---------------------------------------------------------------------------------
Start Renaming Generated Nets
---------------------------------------------------------------------------------
---------------------------------------------------------------------------------
Finished Renaming Generated Nets : Time (s): cpu = 00:00:19 ; elapsed = 00:00:21 . Memory (MB): peak = 2167.133 ; gain = 536.457 ; free physical = 574 ; free virtual = 3098
Synthesis current peak Physical Memory [PSS] (MB): peak = 1386.657; parent = 1231.599; children = 155.059
Synthesis current peak Virtual Memory [VSS] (MB): peak = 3100.426; parent = 2135.117; children = 965.309
---------------------------------------------------------------------------------
---------------------------------------------------------------------------------
Start Writing Synthesis Report
---------------------------------------------------------------------------------

DSP Final Report (the ' indicates corresponding REG is set)
+----------------+-------------+--------+--------+--------+--------+--------+------+------+------+------+-------+------+------+
|Module Name     | DSP Mapping | A Size | B Size | C Size | D Size | P Size | AREG | BREG | CREG | DREG | ADREG | MREG | PREG | 
+----------------+-------------+--------+--------+--------+--------+--------+------+------+------+------+-------+------+------+
|mvu_8sx8u_dsp48 | Dynamic     | -      | -      | -      | -      | 40     | -    | -    | -    | -    | 1     | 1    | 1    | 
+----------------+-------------+--------+--------+--------+--------+--------+------+------+------+------+-------+------+------+


Report BlackBoxes: 
+-+--------------+----------+
| |BlackBox name |Instances |
+-+--------------+----------+
+-+--------------+----------+

Report Cell Usage: 
+------+---------+------+
|      |Cell     |Count |
+------+---------+------+
|1     |CARRY4   |     2|
|2     |DSP48E1  |     1|
|3     |LUT1     |     6|
|4     |LUT2     |    17|
|5     |LUT3     |    31|
|6     |LUT4     |    10|
|7     |LUT5     |     9|
|8     |LUT6     |     5|
|9     |RAM32M   |     1|
|10    |RAM32X1D |     2|
|11    |FDRE     |   141|
|12    |FDSE     |     1|
+------+---------+------+
---------------------------------------------------------------------------------
Finished Writing Synthesis Report : Time (s): cpu = 00:00:19 ; elapsed = 00:00:21 . Memory (MB): peak = 2167.133 ; gain = 536.457 ; free physical = 542 ; free virtual = 3066
Synthesis current peak Physical Memory [PSS] (MB): peak = 1386.673; parent = 1231.614; children = 155.059
Synthesis current peak Virtual Memory [VSS] (MB): peak = 3100.426; parent = 2135.117; children = 965.309
---------------------------------------------------------------------------------
Synthesis finished with 0 errors, 0 critical warnings and 1 warnings.
Synthesis Optimization Runtime : Time (s): cpu = 00:00:18 ; elapsed = 00:00:19 . Memory (MB): peak = 2167.133 ; gain = 462.520 ; free physical = 595 ; free virtual = 3119
Synthesis Optimization Complete : Time (s): cpu = 00:00:19 ; elapsed = 00:00:21 . Memory (MB): peak = 2167.133 ; gain = 536.457 ; free physical = 590 ; free virtual = 3114
INFO: [Project 1-571] Translating synthesized netlist
Netlist sorting complete. Time (s): cpu = 00:00:00.01 ; elapsed = 00:00:00.01 . Memory (MB): peak = 2167.133 ; gain = 0.000 ; free physical = 583 ; free virtual = 3107
INFO: [Netlist 29-17] Analyzing 6 Unisim elements for replacement
INFO: [Netlist 29-28] Unisim Transformation completed in 0 CPU seconds
INFO: [Project 1-570] Preparing netlist for logic optimization
INFO: [Opt 31-138] Pushed 0 inverter(s) to 0 load pin(s).
Netlist sorting complete. Time (s): cpu = 00:00:00 ; elapsed = 00:00:00 . Memory (MB): peak = 2173.004 ; gain = 0.000 ; free physical = 849 ; free virtual = 3373
INFO: [Project 1-111] Unisim Transformation Summary:
  A total of 3 instances were transformed.
  RAM32M => RAM32M (RAMD32(x6), RAMS32(x2)): 1 instance 
  RAM32X1D => RAM32X1D (RAMD32(x2)): 2 instances

Synth Design complete, checksum: a9c50f56
INFO: [Common 17-83] Releasing license: Synthesis
52 Infos, 34 Warnings, 0 Critical Warnings and 0 Errors encountered.
synth_design completed successfully
synth_design: Time (s): cpu = 00:00:26 ; elapsed = 00:00:25 . Memory (MB): peak = 2173.004 ; gain = 858.953 ; free physical = 1059 ; free virtual = 3584
INFO: [Common 17-1381] The checkpoint '/home/andreea/proiect_finn/output_ip_hardware/stitched_ip/finn_vivado_stitch_proj.runs/finn_design_MVAU_rtl_0_0_synth_1/finn_design_MVAU_rtl_0_0.dcp' has been generated.
INFO: [Coretcl 2-1648] Added synthesis output to IP cache for IP finn_design_MVAU_rtl_0_0, cache-ID = 8bc256cfb1e6f348
INFO: [Coretcl 2-1174] Renamed 4 cell refs.
INFO: [Common 17-1381] The checkpoint '/home/andreea/proiect_finn/output_ip_hardware/stitched_ip/finn_vivado_stitch_proj.runs/finn_design_MVAU_rtl_0_0_synth_1/finn_design_MVAU_rtl_0_0.dcp' has been generated.
INFO: [runtcl-4] Executing : report_utilization -file finn_design_MVAU_rtl_0_0_utilization_synth.rpt -pb finn_design_MVAU_rtl_0_0_utilization_synth.pb
INFO: [Common 17-206] Exiting Vivado at Wed Apr 15 23:59:18 2026...
