
*** Running vivado
    with args -log finn_design_fifo_1.vds -m64 -product Vivado -mode batch -messageDb vivado.pb -notrace -source finn_design_fifo_1.tcl


****** Vivado v2022.2 (64-bit)
  **** SW Build 3671981 on Fri Oct 14 04:59:54 MDT 2022
  **** IP Build 3669848 on Fri Oct 14 08:30:02 MDT 2022
    ** Copyright 1986-2022 Xilinx, Inc. All Rights Reserved.

source finn_design_fifo_1.tcl -notrace
create_project: Time (s): cpu = 00:00:05 ; elapsed = 00:00:05 . Memory (MB): peak = 1318.047 ; gain = 0.027 ; free physical = 1862 ; free virtual = 6317
INFO: [IP_Flow 19-234] Refreshing IP repositories
INFO: [IP_Flow 19-1700] Loaded user IP repository '/home/andreea/finn/finn-rtllib/memstream'.
INFO: [IP_Flow 19-1700] Loaded user IP repository '/tmp/finn_dev_andreea/code_gen_ipgen_StreamingFIFO_rtl_0_ydn40a1v'.
INFO: [IP_Flow 19-1700] Loaded user IP repository '/tmp/finn_dev_andreea/code_gen_ipgen_FMPadding_rtl_0_zyuj32m2'.
INFO: [IP_Flow 19-1700] Loaded user IP repository '/tmp/finn_dev_andreea/code_gen_ipgen_StreamingFIFO_rtl_1_w6d3yn59'.
INFO: [IP_Flow 19-1700] Loaded user IP repository '/tmp/finn_dev_andreea/code_gen_ipgen_ConvolutionInputGenerator_rtl_0_odh4qvan'.
INFO: [IP_Flow 19-1700] Loaded user IP repository '/tmp/finn_dev_andreea/code_gen_ipgen_StreamingFIFO_rtl_2_kc_2n9b3'.
INFO: [IP_Flow 19-1700] Loaded user IP repository '/tmp/finn_dev_andreea/code_gen_ipgen_MVAU_hls_0__5svskkv/project_MVAU_hls_0/sol1/impl/ip'.
INFO: [IP_Flow 19-1700] Loaded user IP repository '/tmp/finn_dev_andreea/code_gen_ipgen_StreamingFIFO_rtl_3_0rs67dmk'.
INFO: [IP_Flow 19-1700] Loaded user IP repository '/tmp/finn_dev_andreea/code_gen_ipgen_StreamingDataWidthConverter_rtl_0_doquwkd1'.
INFO: [IP_Flow 19-1700] Loaded user IP repository '/tmp/finn_dev_andreea/code_gen_ipgen_StreamingFIFO_rtl_4_h8xhgbxy'.
INFO: [IP_Flow 19-1700] Loaded user IP repository '/tmp/finn_dev_andreea/code_gen_ipgen_StreamingMaxPool_hls_0_0r5oxrr5/project_StreamingMaxPool_hls_0/sol1/impl/ip'.
INFO: [IP_Flow 19-1700] Loaded user IP repository '/tmp/finn_dev_andreea/code_gen_ipgen_StreamingFIFO_rtl_5_lid_1kvr'.
INFO: [IP_Flow 19-1700] Loaded user IP repository '/tmp/finn_dev_andreea/code_gen_ipgen_StreamingDataWidthConverter_rtl_1_f4cj5x1a'.
INFO: [IP_Flow 19-1700] Loaded user IP repository '/tmp/finn_dev_andreea/code_gen_ipgen_StreamingFIFO_rtl_6_tfkpmsz1'.
INFO: [IP_Flow 19-1700] Loaded user IP repository '/tmp/finn_dev_andreea/code_gen_ipgen_MVAU_hls_1_tffy9gsm/project_MVAU_hls_1/sol1/impl/ip'.
INFO: [IP_Flow 19-1700] Loaded user IP repository '/tmp/finn_dev_andreea/code_gen_ipgen_StreamingFIFO_rtl_7__esnd9yq'.
INFO: [IP_Flow 19-1700] Loaded user IP repository '/tmp/finn_dev_andreea/code_gen_ipgen_MVAU_rtl_0_oa_hx13n'.
INFO: [IP_Flow 19-1700] Loaded user IP repository '/tmp/finn_dev_andreea/code_gen_ipgen_StreamingFIFO_rtl_8_difgt9_g'.
INFO: [IP_Flow 19-2313] Loaded Vivado IP repository '/tools/Xilinx/Vivado/2022.2/data/ip'.
INFO: [IP_Flow 19-6924] IPCACHE: Running cache check for IP inst: finn_design_fifo_1
Command: synth_design -top finn_design_fifo_1 -part xc7z020clg400-1 -incremental_mode off -mode out_of_context
Starting synth_design
Attempting to get a license for feature 'Synthesis' and/or device 'xc7z020'
INFO: [Common 17-349] Got license for feature 'Synthesis' and/or device 'xc7z020'
INFO: [Device 21-403] Loading part xc7z020clg400-1
INFO: [Synth 8-7079] Multithreading enabled for synth_design using a maximum of 4 processes.
INFO: [Synth 8-7078] Launching helper process for spawning children vivado processes
INFO: [Synth 8-7075] Helper process launched with PID 129735
INFO: [Synth 8-11241] undeclared symbol 'REGCCE', assumed default net type 'wire' [/tools/Xilinx/Vivado/2022.2/data/verilog/src/unimacro/BRAM_SINGLE_MACRO.v:2170]
---------------------------------------------------------------------------------
Starting RTL Elaboration : Time (s): cpu = 00:00:05 ; elapsed = 00:00:05 . Memory (MB): peak = 2002.441 ; gain = 373.738 ; free physical = 111 ; free virtual = 3079
Synthesis current peak Physical Memory [PSS] (MB): peak = 1233.699; parent = 1099.341; children = 134.358
Synthesis current peak Virtual Memory [VSS] (MB): peak = 2971.715; parent = 2006.410; children = 965.305
---------------------------------------------------------------------------------
INFO: [Synth 8-6157] synthesizing module 'finn_design_fifo_1' [/home/andreea/proiect_finn/output_ip_hardware/stitched_ip/finn_vivado_stitch_proj.gen/sources_1/bd/finn_design/ip/finn_design_fifo_1/synth/finn_design_fifo_1.v:53]
INFO: [Synth 8-6157] synthesizing module 'axis_data_fifo_v2_0_9_top' [/home/andreea/proiect_finn/output_ip_hardware/stitched_ip/finn_vivado_stitch_proj.gen/sources_1/bd/finn_design/ipshared/dbd8/hdl/axis_data_fifo_v2_0_vl_rfs.v:54]
INFO: [Synth 8-6157] synthesizing module 'axis_infrastructure_v1_1_0_util_aclken_converter_wrapper' [/home/andreea/proiect_finn/output_ip_hardware/stitched_ip/finn_vivado_stitch_proj.gen/sources_1/bd/finn_design/ipshared/8713/hdl/axis_infrastructure_v1_1_vl_rfs.v:599]
INFO: [Synth 8-6157] synthesizing module 'axis_infrastructure_v1_1_0_util_axis2vector' [/home/andreea/proiect_finn/output_ip_hardware/stitched_ip/finn_vivado_stitch_proj.gen/sources_1/bd/finn_design/ipshared/8713/hdl/axis_infrastructure_v1_1_vl_rfs.v:809]
INFO: [Synth 8-6155] done synthesizing module 'axis_infrastructure_v1_1_0_util_axis2vector' (0#1) [/home/andreea/proiect_finn/output_ip_hardware/stitched_ip/finn_vivado_stitch_proj.gen/sources_1/bd/finn_design/ipshared/8713/hdl/axis_infrastructure_v1_1_vl_rfs.v:809]
INFO: [Synth 8-6157] synthesizing module 'axis_infrastructure_v1_1_0_util_vector2axis' [/home/andreea/proiect_finn/output_ip_hardware/stitched_ip/finn_vivado_stitch_proj.gen/sources_1/bd/finn_design/ipshared/8713/hdl/axis_infrastructure_v1_1_vl_rfs.v:991]
INFO: [Synth 8-6155] done synthesizing module 'axis_infrastructure_v1_1_0_util_vector2axis' (0#1) [/home/andreea/proiect_finn/output_ip_hardware/stitched_ip/finn_vivado_stitch_proj.gen/sources_1/bd/finn_design/ipshared/8713/hdl/axis_infrastructure_v1_1_vl_rfs.v:991]
INFO: [Synth 8-6155] done synthesizing module 'axis_infrastructure_v1_1_0_util_aclken_converter_wrapper' (0#1) [/home/andreea/proiect_finn/output_ip_hardware/stitched_ip/finn_vivado_stitch_proj.gen/sources_1/bd/finn_design/ipshared/8713/hdl/axis_infrastructure_v1_1_vl_rfs.v:599]
INFO: [Synth 8-6157] synthesizing module 'xpm_fifo_axis' [/tools/Xilinx/Vivado/2022.2/data/ip/xpm/xpm_fifo/hdl/xpm_fifo.sv:2349]
INFO: [Synth 8-6157] synthesizing module 'xpm_cdc_sync_rst' [/tools/Xilinx/Vivado/2022.2/data/ip/xpm/xpm_cdc/hdl/xpm_cdc.sv:1058]
INFO: [Synth 8-6155] done synthesizing module 'xpm_cdc_sync_rst' (0#1) [/tools/Xilinx/Vivado/2022.2/data/ip/xpm/xpm_cdc/hdl/xpm_cdc.sv:1058]
INFO: [Synth 8-6157] synthesizing module 'xpm_fifo_base' [/tools/Xilinx/Vivado/2022.2/data/ip/xpm/xpm_fifo/hdl/xpm_fifo.sv:55]
INFO: [Synth 8-6157] synthesizing module 'xpm_memory_base' [/tools/Xilinx/Vivado/2022.2/data/ip/xpm/xpm_memory/hdl/xpm_memory.sv:56]
INFO: [Synth 8-6059] Synth Info: [XPM_MEMORY 20-1] MEMORY_PRIMITIVE (0) instructs Vivado Synthesis to choose the memory primitive type. Depending on their values, other XPM_MEMORY parameters may preclude the choice of certain memory primitive types. Review XPM_MEMORY documentation and parameter values to understand any limitations, or set MEMORY_PRIMITIVE to a different value.   [/tools/Xilinx/Vivado/2022.2/data/ip/xpm/xpm_memory/hdl/xpm_memory.sv:493]
INFO: [Synth 8-6155] done synthesizing module 'xpm_memory_base' (0#1) [/tools/Xilinx/Vivado/2022.2/data/ip/xpm/xpm_memory/hdl/xpm_memory.sv:56]
INFO: [Synth 8-226] default block is never used [/tools/Xilinx/Vivado/2022.2/data/ip/xpm/xpm_fifo/hdl/xpm_fifo.sv:1207]
INFO: [Synth 8-226] default block is never used [/tools/Xilinx/Vivado/2022.2/data/ip/xpm/xpm_fifo/hdl/xpm_fifo.sv:1274]
INFO: [Synth 8-226] default block is never used [/tools/Xilinx/Vivado/2022.2/data/ip/xpm/xpm_fifo/hdl/xpm_fifo.sv:1296]
INFO: [Synth 8-6157] synthesizing module 'xpm_fifo_reg_bit' [/tools/Xilinx/Vivado/2022.2/data/ip/xpm/xpm_fifo/hdl/xpm_fifo.sv:1907]
INFO: [Synth 8-6155] done synthesizing module 'xpm_fifo_reg_bit' (0#1) [/tools/Xilinx/Vivado/2022.2/data/ip/xpm/xpm_fifo/hdl/xpm_fifo.sv:1907]
INFO: [Synth 8-6157] synthesizing module 'xpm_counter_updn' [/tools/Xilinx/Vivado/2022.2/data/ip/xpm/xpm_fifo/hdl/xpm_fifo.sv:1859]
INFO: [Synth 8-6155] done synthesizing module 'xpm_counter_updn' (0#1) [/tools/Xilinx/Vivado/2022.2/data/ip/xpm/xpm_fifo/hdl/xpm_fifo.sv:1859]
INFO: [Synth 8-6157] synthesizing module 'xpm_fifo_rst' [/tools/Xilinx/Vivado/2022.2/data/ip/xpm/xpm_fifo/hdl/xpm_fifo.sv:1619]
INFO: [Synth 8-6155] done synthesizing module 'xpm_fifo_rst' (0#1) [/tools/Xilinx/Vivado/2022.2/data/ip/xpm/xpm_fifo/hdl/xpm_fifo.sv:1619]
INFO: [Synth 8-6157] synthesizing module 'xpm_counter_updn__parameterized0' [/tools/Xilinx/Vivado/2022.2/data/ip/xpm/xpm_fifo/hdl/xpm_fifo.sv:1859]
INFO: [Synth 8-6155] done synthesizing module 'xpm_counter_updn__parameterized0' (0#1) [/tools/Xilinx/Vivado/2022.2/data/ip/xpm/xpm_fifo/hdl/xpm_fifo.sv:1859]
INFO: [Synth 8-6157] synthesizing module 'xpm_counter_updn__parameterized1' [/tools/Xilinx/Vivado/2022.2/data/ip/xpm/xpm_fifo/hdl/xpm_fifo.sv:1859]
INFO: [Synth 8-6155] done synthesizing module 'xpm_counter_updn__parameterized1' (0#1) [/tools/Xilinx/Vivado/2022.2/data/ip/xpm/xpm_fifo/hdl/xpm_fifo.sv:1859]
INFO: [Synth 8-6157] synthesizing module 'xpm_counter_updn__parameterized2' [/tools/Xilinx/Vivado/2022.2/data/ip/xpm/xpm_fifo/hdl/xpm_fifo.sv:1859]
INFO: [Synth 8-6155] done synthesizing module 'xpm_counter_updn__parameterized2' (0#1) [/tools/Xilinx/Vivado/2022.2/data/ip/xpm/xpm_fifo/hdl/xpm_fifo.sv:1859]
INFO: [Synth 8-6155] done synthesizing module 'xpm_fifo_base' (0#1) [/tools/Xilinx/Vivado/2022.2/data/ip/xpm/xpm_fifo/hdl/xpm_fifo.sv:55]
INFO: [Synth 8-6155] done synthesizing module 'xpm_fifo_axis' (0#1) [/tools/Xilinx/Vivado/2022.2/data/ip/xpm/xpm_fifo/hdl/xpm_fifo.sv:2349]
INFO: [Synth 8-6155] done synthesizing module 'axis_data_fifo_v2_0_9_top' (0#1) [/home/andreea/proiect_finn/output_ip_hardware/stitched_ip/finn_vivado_stitch_proj.gen/sources_1/bd/finn_design/ipshared/dbd8/hdl/axis_data_fifo_v2_0_vl_rfs.v:54]
INFO: [Synth 8-6155] done synthesizing module 'finn_design_fifo_1' (0#1) [/home/andreea/proiect_finn/output_ip_hardware/stitched_ip/finn_vivado_stitch_proj.gen/sources_1/bd/finn_design/ip/finn_design_fifo_1/synth/finn_design_fifo_1.v:53]
WARNING: [Synth 8-6014] Unused sequential element gen_rd_b.gen_doutb_pipe.enb_pipe_reg[0] was removed.  [/tools/Xilinx/Vivado/2022.2/data/ip/xpm/xpm_memory/hdl/xpm_memory.sv:3017]
WARNING: [Synth 8-6014] Unused sequential element gdvld.data_valid_std_reg was removed.  [/tools/Xilinx/Vivado/2022.2/data/ip/xpm/xpm_fifo/hdl/xpm_fifo.sv:537]
WARNING: [Synth 8-6014] Unused sequential element gen_fwft.empty_fwft_fb_reg was removed.  [/tools/Xilinx/Vivado/2022.2/data/ip/xpm/xpm_fifo/hdl/xpm_fifo.sv:1391]
WARNING: [Synth 8-7129] Port ACLK in module axis_infrastructure_v1_1_0_util_aclken_converter_wrapper is either unconnected or has no load
WARNING: [Synth 8-7129] Port ARESETN in module axis_infrastructure_v1_1_0_util_aclken_converter_wrapper is either unconnected or has no load
WARNING: [Synth 8-7129] Port S_ACLKEN in module axis_infrastructure_v1_1_0_util_aclken_converter_wrapper is either unconnected or has no load
WARNING: [Synth 8-7129] Port M_ACLKEN in module axis_infrastructure_v1_1_0_util_aclken_converter_wrapper is either unconnected or has no load
WARNING: [Synth 8-7129] Port rd_clk in module xpm_fifo_rst is either unconnected or has no load
WARNING: [Synth 8-7129] Port sleep in module xpm_memory_base is either unconnected or has no load
WARNING: [Synth 8-7129] Port rsta in module xpm_memory_base is either unconnected or has no load
WARNING: [Synth 8-7129] Port regcea in module xpm_memory_base is either unconnected or has no load
WARNING: [Synth 8-7129] Port injectsbiterra in module xpm_memory_base is either unconnected or has no load
WARNING: [Synth 8-7129] Port injectdbiterra in module xpm_memory_base is either unconnected or has no load
WARNING: [Synth 8-7129] Port clkb in module xpm_memory_base is either unconnected or has no load
WARNING: [Synth 8-7129] Port dinb[13] in module xpm_memory_base is either unconnected or has no load
WARNING: [Synth 8-7129] Port dinb[12] in module xpm_memory_base is either unconnected or has no load
WARNING: [Synth 8-7129] Port dinb[11] in module xpm_memory_base is either unconnected or has no load
WARNING: [Synth 8-7129] Port dinb[10] in module xpm_memory_base is either unconnected or has no load
WARNING: [Synth 8-7129] Port dinb[9] in module xpm_memory_base is either unconnected or has no load
WARNING: [Synth 8-7129] Port dinb[8] in module xpm_memory_base is either unconnected or has no load
WARNING: [Synth 8-7129] Port dinb[7] in module xpm_memory_base is either unconnected or has no load
WARNING: [Synth 8-7129] Port dinb[6] in module xpm_memory_base is either unconnected or has no load
WARNING: [Synth 8-7129] Port dinb[5] in module xpm_memory_base is either unconnected or has no load
WARNING: [Synth 8-7129] Port dinb[4] in module xpm_memory_base is either unconnected or has no load
WARNING: [Synth 8-7129] Port dinb[3] in module xpm_memory_base is either unconnected or has no load
WARNING: [Synth 8-7129] Port dinb[2] in module xpm_memory_base is either unconnected or has no load
WARNING: [Synth 8-7129] Port dinb[1] in module xpm_memory_base is either unconnected or has no load
WARNING: [Synth 8-7129] Port dinb[0] in module xpm_memory_base is either unconnected or has no load
WARNING: [Synth 8-7129] Port injectsbiterrb in module xpm_memory_base is either unconnected or has no load
WARNING: [Synth 8-7129] Port injectdbiterrb in module xpm_memory_base is either unconnected or has no load
WARNING: [Synth 8-7129] Port m_aclk in module xpm_fifo_axis is either unconnected or has no load
WARNING: [Synth 8-7129] Port m_axis_aclk in module axis_data_fifo_v2_0_9_top is either unconnected or has no load
---------------------------------------------------------------------------------
Finished RTL Elaboration : Time (s): cpu = 00:00:06 ; elapsed = 00:00:07 . Memory (MB): peak = 2084.379 ; gain = 455.676 ; free physical = 763 ; free virtual = 3407
Synthesis current peak Physical Memory [PSS] (MB): peak = 1233.699; parent = 1099.341; children = 134.358
Synthesis current peak Virtual Memory [VSS] (MB): peak = 3049.684; parent = 2084.379; children = 965.305
---------------------------------------------------------------------------------
---------------------------------------------------------------------------------
Start Handling Custom Attributes
---------------------------------------------------------------------------------
---------------------------------------------------------------------------------
Finished Handling Custom Attributes : Time (s): cpu = 00:00:06 ; elapsed = 00:00:07 . Memory (MB): peak = 2102.191 ; gain = 473.488 ; free physical = 747 ; free virtual = 3391
Synthesis current peak Physical Memory [PSS] (MB): peak = 1233.699; parent = 1099.341; children = 134.358
Synthesis current peak Virtual Memory [VSS] (MB): peak = 3067.496; parent = 2102.191; children = 965.305
---------------------------------------------------------------------------------
---------------------------------------------------------------------------------
Finished RTL Optimization Phase 1 : Time (s): cpu = 00:00:06 ; elapsed = 00:00:07 . Memory (MB): peak = 2102.191 ; gain = 473.488 ; free physical = 744 ; free virtual = 3389
Synthesis current peak Physical Memory [PSS] (MB): peak = 1233.699; parent = 1099.341; children = 134.358
Synthesis current peak Virtual Memory [VSS] (MB): peak = 3067.496; parent = 2102.191; children = 965.305
---------------------------------------------------------------------------------
Netlist sorting complete. Time (s): cpu = 00:00:00 ; elapsed = 00:00:00 . Memory (MB): peak = 2102.191 ; gain = 0.000 ; free physical = 732 ; free virtual = 3377
INFO: [Project 1-570] Preparing netlist for logic optimization

Processing XDC Constraints
Initializing timing engine
Parsing XDC File [/home/andreea/proiect_finn/output_ip_hardware/stitched_ip/finn_vivado_stitch_proj.gen/sources_1/bd/finn_design/ip/finn_design_fifo_1/finn_design_fifo_1_ooc.xdc] for cell 'inst'
Finished Parsing XDC File [/home/andreea/proiect_finn/output_ip_hardware/stitched_ip/finn_vivado_stitch_proj.gen/sources_1/bd/finn_design/ip/finn_design_fifo_1/finn_design_fifo_1_ooc.xdc] for cell 'inst'
Parsing XDC File [/home/andreea/proiect_finn/output_ip_hardware/stitched_ip/finn_vivado_stitch_proj.runs/finn_design_fifo_1_synth_1/dont_touch.xdc]
Finished Parsing XDC File [/home/andreea/proiect_finn/output_ip_hardware/stitched_ip/finn_vivado_stitch_proj.runs/finn_design_fifo_1_synth_1/dont_touch.xdc]
INFO: [Project 1-236] Implementation specific constraints were found while reading constraint file [/tools/Xilinx/Vivado/2022.2/data/ip/xpm/xpm_fifo/tcl/xpm_fifo_rst_axis.tcl]. These constraints will be ignored for synthesis but will be used in implementation. Impacted constraints are listed in the file [.Xil/finn_design_fifo_1_propImpl.xdc].
Resolution: To avoid this warning, move constraints listed in [.Xil/finn_design_fifo_1_propImpl.xdc] to another XDC file and exclude this new file from synthesis with the used_in_synthesis property (File Properties dialog in GUI) and re-run elaboration/synthesis.
INFO: [Project 1-1714] 2 XPM XDC files have been applied to the design.
Completed Processing XDC Constraints

Netlist sorting complete. Time (s): cpu = 00:00:00 ; elapsed = 00:00:00 . Memory (MB): peak = 2257.973 ; gain = 0.000 ; free physical = 616 ; free virtual = 3279
INFO: [Project 1-111] Unisim Transformation Summary:
No Unisim elements were transformed.

Constraint Validation Runtime : Time (s): cpu = 00:00:00.01 ; elapsed = 00:00:00.02 . Memory (MB): peak = 2257.973 ; gain = 0.000 ; free physical = 611 ; free virtual = 3275
INFO: [Designutils 20-5008] Incremental synthesis strategy off
INFO: [Synth 8-11241] undeclared symbol 'REGCCE', assumed default net type 'wire' [/tools/Xilinx/Vivado/2022.2/data/verilog/src/unimacro/BRAM_SINGLE_MACRO.v:2170]
---------------------------------------------------------------------------------
Finished Constraint Validation : Time (s): cpu = 00:00:11 ; elapsed = 00:00:12 . Memory (MB): peak = 2257.973 ; gain = 629.270 ; free physical = 632 ; free virtual = 3303
Synthesis current peak Physical Memory [PSS] (MB): peak = 1233.699; parent = 1099.341; children = 134.358
Synthesis current peak Virtual Memory [VSS] (MB): peak = 3191.262; parent = 2225.957; children = 965.305
---------------------------------------------------------------------------------
---------------------------------------------------------------------------------
Start Loading Part and Timing Information
---------------------------------------------------------------------------------
Loading part: xc7z020clg400-1
---------------------------------------------------------------------------------
Finished Loading Part and Timing Information : Time (s): cpu = 00:00:11 ; elapsed = 00:00:12 . Memory (MB): peak = 2257.973 ; gain = 629.270 ; free physical = 632 ; free virtual = 3305
Synthesis current peak Physical Memory [PSS] (MB): peak = 1233.699; parent = 1099.341; children = 134.358
Synthesis current peak Virtual Memory [VSS] (MB): peak = 3191.262; parent = 2225.957; children = 965.305
---------------------------------------------------------------------------------
---------------------------------------------------------------------------------
Start Applying 'set_property' XDC Constraints
---------------------------------------------------------------------------------
Applied set_property KEEP_HIERARCHY = SOFT for inst. (constraint file  /home/andreea/proiect_finn/output_ip_hardware/stitched_ip/finn_vivado_stitch_proj.runs/finn_design_fifo_1_synth_1/dont_touch.xdc, line 9).
Applied set_property KEEP_HIERARCHY = SOFT for inst/\gen_fifo.xpm_fifo_axis_inst /\gaxis_rst_sync.xpm_cdc_sync_rst_inst . (constraint file  auto generated constraint).
Applied set_property KEEP_HIERARCHY = SOFT for inst/\gen_fifo.xpm_fifo_axis_inst . (constraint file  auto generated constraint).
---------------------------------------------------------------------------------
Finished applying 'set_property' XDC Constraints : Time (s): cpu = 00:00:11 ; elapsed = 00:00:12 . Memory (MB): peak = 2257.973 ; gain = 629.270 ; free physical = 630 ; free virtual = 3303
Synthesis current peak Physical Memory [PSS] (MB): peak = 1233.699; parent = 1099.341; children = 134.358
Synthesis current peak Virtual Memory [VSS] (MB): peak = 3191.262; parent = 2225.957; children = 965.305
---------------------------------------------------------------------------------
INFO: [Synth 8-802] inferred FSM for state register 'gen_fwft.curr_fwft_state_reg' in module 'xpm_fifo_base'
---------------------------------------------------------------------------------------------------
                   State |                     New Encoding |                Previous Encoding 
---------------------------------------------------------------------------------------------------
                 invalid |                               00 |                               00
            stage1_valid |                               01 |                               10
       both_stages_valid |                               10 |                               11
            stage2_valid |                               11 |                               01
---------------------------------------------------------------------------------------------------
INFO: [Synth 8-3354] encoded FSM with state register 'gen_fwft.curr_fwft_state_reg' using encoding 'sequential' in module 'xpm_fifo_base'
---------------------------------------------------------------------------------
Finished RTL Optimization Phase 2 : Time (s): cpu = 00:00:11 ; elapsed = 00:00:13 . Memory (MB): peak = 2257.973 ; gain = 629.270 ; free physical = 607 ; free virtual = 3289
Synthesis current peak Physical Memory [PSS] (MB): peak = 1233.699; parent = 1099.341; children = 134.358
Synthesis current peak Virtual Memory [VSS] (MB): peak = 3191.262; parent = 2225.957; children = 965.305
---------------------------------------------------------------------------------
---------------------------------------------------------------------------------
Start RTL Component Statistics 
---------------------------------------------------------------------------------
Detailed RTL Component Info : 
+---Adders : 
	   4 Input   14 Bit       Adders := 2     
	   4 Input   13 Bit       Adders := 3     
	   4 Input    2 Bit       Adders := 1     
+---Registers : 
	               14 Bit    Registers := 4     
	               13 Bit    Registers := 3     
	                4 Bit    Registers := 1     
	                3 Bit    Registers := 1     
	                2 Bit    Registers := 2     
	                1 Bit    Registers := 10    
+---RAMs : 
	             112K Bit	(8192 X 14 bit)          RAMs := 1     
+---Muxes : 
	   2 Input    2 Bit        Muxes := 31    
	   4 Input    2 Bit        Muxes := 7     
	   4 Input    1 Bit        Muxes := 2     
	   2 Input    1 Bit        Muxes := 4     
---------------------------------------------------------------------------------
Finished RTL Component Statistics 
---------------------------------------------------------------------------------
---------------------------------------------------------------------------------
Start Part Resource Summary
---------------------------------------------------------------------------------
Part Resources:
DSPs: 220 (col length:60)
BRAMs: 280 (col length: RAMB18 60 RAMB36 30)
---------------------------------------------------------------------------------
Finished Part Resource Summary
---------------------------------------------------------------------------------
---------------------------------------------------------------------------------
Start Cross Boundary and Area Optimization
---------------------------------------------------------------------------------
WARNING: [Synth 8-7080] Parallel synthesis criteria is not met
WARNING: [Synth 8-7129] Port rsta in module xpm_memory_base is either unconnected or has no load
WARNING: [Synth 8-7129] Port regcea in module xpm_memory_base is either unconnected or has no load
WARNING: [Synth 8-7129] Port injectsbiterra in module xpm_memory_base is either unconnected or has no load
WARNING: [Synth 8-7129] Port injectdbiterra in module xpm_memory_base is either unconnected or has no load
WARNING: [Synth 8-7129] Port clkb in module xpm_memory_base is either unconnected or has no load
WARNING: [Synth 8-7129] Port dinb[13] in module xpm_memory_base is either unconnected or has no load
WARNING: [Synth 8-7129] Port dinb[12] in module xpm_memory_base is either unconnected or has no load
WARNING: [Synth 8-7129] Port dinb[11] in module xpm_memory_base is either unconnected or has no load
WARNING: [Synth 8-7129] Port dinb[10] in module xpm_memory_base is either unconnected or has no load
WARNING: [Synth 8-7129] Port dinb[9] in module xpm_memory_base is either unconnected or has no load
WARNING: [Synth 8-7129] Port dinb[8] in module xpm_memory_base is either unconnected or has no load
WARNING: [Synth 8-7129] Port dinb[7] in module xpm_memory_base is either unconnected or has no load
WARNING: [Synth 8-7129] Port dinb[6] in module xpm_memory_base is either unconnected or has no load
WARNING: [Synth 8-7129] Port dinb[5] in module xpm_memory_base is either unconnected or has no load
WARNING: [Synth 8-7129] Port dinb[4] in module xpm_memory_base is either unconnected or has no load
WARNING: [Synth 8-7129] Port dinb[3] in module xpm_memory_base is either unconnected or has no load
WARNING: [Synth 8-7129] Port dinb[2] in module xpm_memory_base is either unconnected or has no load
WARNING: [Synth 8-7129] Port dinb[1] in module xpm_memory_base is either unconnected or has no load
WARNING: [Synth 8-7129] Port dinb[0] in module xpm_memory_base is either unconnected or has no load
WARNING: [Synth 8-7129] Port injectsbiterrb in module xpm_memory_base is either unconnected or has no load
WARNING: [Synth 8-7129] Port injectdbiterrb in module xpm_memory_base is either unconnected or has no load
WARNING: [Synth 8-7129] Port m_aclk in module xpm_fifo_axis is either unconnected or has no load
WARNING: [Synth 8-7129] Port s_axis_aclken in module axis_data_fifo_v2_0_9_top is either unconnected or has no load
WARNING: [Synth 8-7129] Port s_axis_tstrb[0] in module axis_data_fifo_v2_0_9_top is either unconnected or has no load
WARNING: [Synth 8-7129] Port s_axis_tkeep[0] in module axis_data_fifo_v2_0_9_top is either unconnected or has no load
WARNING: [Synth 8-7129] Port s_axis_tlast in module axis_data_fifo_v2_0_9_top is either unconnected or has no load
WARNING: [Synth 8-7129] Port s_axis_tid[0] in module axis_data_fifo_v2_0_9_top is either unconnected or has no load
WARNING: [Synth 8-7129] Port s_axis_tdest[0] in module axis_data_fifo_v2_0_9_top is either unconnected or has no load
WARNING: [Synth 8-7129] Port s_axis_tuser[0] in module axis_data_fifo_v2_0_9_top is either unconnected or has no load
WARNING: [Synth 8-7129] Port m_axis_aclk in module axis_data_fifo_v2_0_9_top is either unconnected or has no load
WARNING: [Synth 8-7129] Port m_axis_aclken in module axis_data_fifo_v2_0_9_top is either unconnected or has no load
INFO: [Synth 8-5784] Optimized 6 bits of RAM "gen_wr_a.gen_word_narrow.mem_reg" due to constant propagation. Old ram width 14 bits, new ram width 8 bits.
---------------------------------------------------------------------------------
Finished Cross Boundary and Area Optimization : Time (s): cpu = 00:00:12 ; elapsed = 00:00:14 . Memory (MB): peak = 2257.973 ; gain = 629.270 ; free physical = 530 ; free virtual = 3226
Synthesis current peak Physical Memory [PSS] (MB): peak = 1233.699; parent = 1099.341; children = 134.358
Synthesis current peak Virtual Memory [VSS] (MB): peak = 3191.262; parent = 2225.957; children = 965.305
---------------------------------------------------------------------------------
---------------------------------------------------------------------------------
Start ROM, RAM, DSP, Shift Register and Retiming Reporting
---------------------------------------------------------------------------------

Block RAM: Preliminary Mapping Report (see note below)
+----------------------------------------------------------------------------------------+----------------------------------+------------------------+---+---+------------------------+---+---+------------------+--------+--------+
|Module Name                                                                             | RTL Object                       | PORT A (Depth x Width) | W | R | PORT B (Depth x Width) | W | R | Ports driving FF | RAMB18 | RAMB36 | 
+----------------------------------------------------------------------------------------+----------------------------------+------------------------+---+---+------------------------+---+---+------------------+--------+--------+
|inst/\gen_fifo.xpm_fifo_axis_inst /xpm_fifo_base_inst/\gen_sdpram.xpm_memory_base_inst  | gen_wr_a.gen_word_narrow.mem_reg | 8 K x 14(READ_FIRST)   | W |   | 8 K x 14(WRITE_FIRST)  |   | R | Port A and B     | 0      | 2      | 
+----------------------------------------------------------------------------------------+----------------------------------+------------------------+---+---+------------------------+---+---+------------------+--------+--------+

Note: The table above is a preliminary report that shows the Block RAMs at the current stage of the synthesis flow. Some Block RAMs may be reimplemented as non Block RAM primitives later in the synthesis flow. Multiple instantiated Block RAMs are reported only once. 
---------------------------------------------------------------------------------
Finished ROM, RAM, DSP, Shift Register and Retiming Reporting
---------------------------------------------------------------------------------
---------------------------------------------------------------------------------
Start Applying XDC Timing Constraints
---------------------------------------------------------------------------------
---------------------------------------------------------------------------------
Finished Applying XDC Timing Constraints : Time (s): cpu = 00:00:16 ; elapsed = 00:00:18 . Memory (MB): peak = 2257.973 ; gain = 629.270 ; free physical = 87 ; free virtual = 2784
Synthesis current peak Physical Memory [PSS] (MB): peak = 1318.461; parent = 1184.382; children = 134.358
Synthesis current peak Virtual Memory [VSS] (MB): peak = 3191.262; parent = 2225.957; children = 965.305
---------------------------------------------------------------------------------
---------------------------------------------------------------------------------
Start Timing Optimization
---------------------------------------------------------------------------------
---------------------------------------------------------------------------------
Finished Timing Optimization : Time (s): cpu = 00:00:16 ; elapsed = 00:00:18 . Memory (MB): peak = 2257.973 ; gain = 629.270 ; free physical = 79 ; free virtual = 2776
Synthesis current peak Physical Memory [PSS] (MB): peak = 1318.533; parent = 1184.454; children = 134.358
Synthesis current peak Virtual Memory [VSS] (MB): peak = 3191.262; parent = 2225.957; children = 965.305
---------------------------------------------------------------------------------
---------------------------------------------------------------------------------
Start ROM, RAM, DSP, Shift Register and Retiming Reporting
---------------------------------------------------------------------------------

Block RAM: Final Mapping Report
+----------------------------------------------------------------------------------------+----------------------------------+------------------------+---+---+------------------------+---+---+------------------+--------+--------+
|Module Name                                                                             | RTL Object                       | PORT A (Depth x Width) | W | R | PORT B (Depth x Width) | W | R | Ports driving FF | RAMB18 | RAMB36 | 
+----------------------------------------------------------------------------------------+----------------------------------+------------------------+---+---+------------------------+---+---+------------------+--------+--------+
|inst/\gen_fifo.xpm_fifo_axis_inst /xpm_fifo_base_inst/\gen_sdpram.xpm_memory_base_inst  | gen_wr_a.gen_word_narrow.mem_reg | 8 K x 14(READ_FIRST)   | W |   | 8 K x 14(WRITE_FIRST)  |   | R | Port A and B     | 0      | 2      | 
+----------------------------------------------------------------------------------------+----------------------------------+------------------------+---+---+------------------------+---+---+------------------+--------+--------+

---------------------------------------------------------------------------------
Finished ROM, RAM, DSP, Shift Register and Retiming Reporting
---------------------------------------------------------------------------------
---------------------------------------------------------------------------------
Start Technology Mapping
---------------------------------------------------------------------------------
---------------------------------------------------------------------------------
Finished Technology Mapping : Time (s): cpu = 00:00:16 ; elapsed = 00:00:18 . Memory (MB): peak = 2257.973 ; gain = 629.270 ; free physical = 108 ; free virtual = 2770
Synthesis current peak Physical Memory [PSS] (MB): peak = 1319.297; parent = 1185.323; children = 134.358
Synthesis current peak Virtual Memory [VSS] (MB): peak = 3191.262; parent = 2225.957; children = 965.305
---------------------------------------------------------------------------------
---------------------------------------------------------------------------------
Start IO Insertion
---------------------------------------------------------------------------------
---------------------------------------------------------------------------------
Start Flattening Before IO Insertion
---------------------------------------------------------------------------------
---------------------------------------------------------------------------------
Finished Flattening Before IO Insertion
---------------------------------------------------------------------------------
---------------------------------------------------------------------------------
Start Final Netlist Cleanup
---------------------------------------------------------------------------------
---------------------------------------------------------------------------------
Finished Final Netlist Cleanup
---------------------------------------------------------------------------------
---------------------------------------------------------------------------------
Finished IO Insertion : Time (s): cpu = 00:00:19 ; elapsed = 00:00:21 . Memory (MB): peak = 2257.973 ; gain = 629.270 ; free physical = 223 ; free virtual = 2910
Synthesis current peak Physical Memory [PSS] (MB): peak = 1324.599; parent = 1188.021; children = 136.577
Synthesis current peak Virtual Memory [VSS] (MB): peak = 3191.262; parent = 2225.957; children = 965.305
---------------------------------------------------------------------------------
---------------------------------------------------------------------------------
Start Renaming Generated Instances
---------------------------------------------------------------------------------
---------------------------------------------------------------------------------
Finished Renaming Generated Instances : Time (s): cpu = 00:00:19 ; elapsed = 00:00:21 . Memory (MB): peak = 2257.973 ; gain = 629.270 ; free physical = 219 ; free virtual = 2906
Synthesis current peak Physical Memory [PSS] (MB): peak = 1324.599; parent = 1188.021; children = 136.577
Synthesis current peak Virtual Memory [VSS] (MB): peak = 3191.262; parent = 2225.957; children = 965.305
---------------------------------------------------------------------------------
---------------------------------------------------------------------------------
Start Rebuilding User Hierarchy
---------------------------------------------------------------------------------
---------------------------------------------------------------------------------
Finished Rebuilding User Hierarchy : Time (s): cpu = 00:00:19 ; elapsed = 00:00:21 . Memory (MB): peak = 2257.973 ; gain = 629.270 ; free physical = 234 ; free virtual = 2920
Synthesis current peak Physical Memory [PSS] (MB): peak = 1324.607; parent = 1188.030; children = 136.577
Synthesis current peak Virtual Memory [VSS] (MB): peak = 3191.262; parent = 2225.957; children = 965.305
---------------------------------------------------------------------------------
---------------------------------------------------------------------------------
Start Renaming Generated Ports
---------------------------------------------------------------------------------
---------------------------------------------------------------------------------
Finished Renaming Generated Ports : Time (s): cpu = 00:00:19 ; elapsed = 00:00:21 . Memory (MB): peak = 2257.973 ; gain = 629.270 ; free physical = 225 ; free virtual = 2912
Synthesis current peak Physical Memory [PSS] (MB): peak = 1324.607; parent = 1188.030; children = 136.577
Synthesis current peak Virtual Memory [VSS] (MB): peak = 3191.262; parent = 2225.957; children = 965.305
---------------------------------------------------------------------------------
---------------------------------------------------------------------------------
Start Handling Custom Attributes
---------------------------------------------------------------------------------
---------------------------------------------------------------------------------
Finished Handling Custom Attributes : Time (s): cpu = 00:00:19 ; elapsed = 00:00:21 . Memory (MB): peak = 2257.973 ; gain = 629.270 ; free physical = 218 ; free virtual = 2906
Synthesis current peak Physical Memory [PSS] (MB): peak = 1324.607; parent = 1188.030; children = 136.577
Synthesis current peak Virtual Memory [VSS] (MB): peak = 3191.262; parent = 2225.957; children = 965.305
---------------------------------------------------------------------------------
---------------------------------------------------------------------------------
Start Renaming Generated Nets
---------------------------------------------------------------------------------
---------------------------------------------------------------------------------
Finished Renaming Generated Nets : Time (s): cpu = 00:00:19 ; elapsed = 00:00:21 . Memory (MB): peak = 2257.973 ; gain = 629.270 ; free physical = 240 ; free virtual = 2928
Synthesis current peak Physical Memory [PSS] (MB): peak = 1327.145; parent = 1188.030; children = 139.412
Synthesis current peak Virtual Memory [VSS] (MB): peak = 3191.262; parent = 2225.957; children = 965.305
---------------------------------------------------------------------------------
---------------------------------------------------------------------------------
Start Writing Synthesis Report
---------------------------------------------------------------------------------

Report BlackBoxes: 
+-+--------------+----------+
| |BlackBox name |Instances |
+-+--------------+----------+
+-+--------------+----------+

Report Cell Usage: 
+------+---------+------+
|      |Cell     |Count |
+------+---------+------+
|1     |CARRY4   |    22|
|2     |LUT1     |     1|
|3     |LUT2     |     5|
|4     |LUT3     |     2|
|5     |LUT4     |     6|
|6     |LUT5     |     5|
|7     |LUT6     |    14|
|8     |RAMB36E1 |     2|
|9     |FDRE     |    61|
|10    |FDSE     |     8|
+------+---------+------+
---------------------------------------------------------------------------------
Finished Writing Synthesis Report : Time (s): cpu = 00:00:19 ; elapsed = 00:00:21 . Memory (MB): peak = 2257.973 ; gain = 629.270 ; free physical = 397 ; free virtual = 3085
Synthesis current peak Physical Memory [PSS] (MB): peak = 1331.273; parent = 1191.364; children = 139.909
Synthesis current peak Virtual Memory [VSS] (MB): peak = 3191.262; parent = 2225.957; children = 965.305
---------------------------------------------------------------------------------
Synthesis finished with 0 errors, 0 critical warnings and 32 warnings.
Synthesis Optimization Runtime : Time (s): cpu = 00:00:18 ; elapsed = 00:00:19 . Memory (MB): peak = 2257.973 ; gain = 473.488 ; free physical = 620 ; free virtual = 3310
Synthesis Optimization Complete : Time (s): cpu = 00:00:19 ; elapsed = 00:00:21 . Memory (MB): peak = 2257.973 ; gain = 629.270 ; free physical = 603 ; free virtual = 3294
INFO: [Project 1-571] Translating synthesized netlist
Netlist sorting complete. Time (s): cpu = 00:00:00 ; elapsed = 00:00:00 . Memory (MB): peak = 2257.973 ; gain = 0.000 ; free physical = 594 ; free virtual = 3285
INFO: [Netlist 29-17] Analyzing 24 Unisim elements for replacement
INFO: [Netlist 29-28] Unisim Transformation completed in 0 CPU seconds
INFO: [Project 1-570] Preparing netlist for logic optimization
INFO: [Opt 31-138] Pushed 0 inverter(s) to 0 load pin(s).
Netlist sorting complete. Time (s): cpu = 00:00:00 ; elapsed = 00:00:00 . Memory (MB): peak = 2257.973 ; gain = 0.000 ; free physical = 896 ; free virtual = 3585
INFO: [Project 1-111] Unisim Transformation Summary:
No Unisim elements were transformed.

Synth Design complete, checksum: 447c741b
INFO: [Common 17-83] Releasing license: Synthesis
77 Infos, 64 Warnings, 0 Critical Warnings and 0 Errors encountered.
synth_design completed successfully
synth_design: Time (s): cpu = 00:00:26 ; elapsed = 00:00:25 . Memory (MB): peak = 2257.973 ; gain = 939.926 ; free physical = 1281 ; free virtual = 3972
INFO: [Common 17-1381] The checkpoint '/home/andreea/proiect_finn/output_ip_hardware/stitched_ip/finn_vivado_stitch_proj.runs/finn_design_fifo_1_synth_1/finn_design_fifo_1.dcp' has been generated.
INFO: [Coretcl 2-1648] Added synthesis output to IP cache for IP finn_design_fifo_1, cache-ID = 11e84c72364e0b0b
INFO: [Coretcl 2-1174] Renamed 11 cell refs.
INFO: [Common 17-1381] The checkpoint '/home/andreea/proiect_finn/output_ip_hardware/stitched_ip/finn_vivado_stitch_proj.runs/finn_design_fifo_1_synth_1/finn_design_fifo_1.dcp' has been generated.
INFO: [runtcl-4] Executing : report_utilization -file finn_design_fifo_1_utilization_synth.rpt -pb finn_design_fifo_1_utilization_synth.pb
INFO: [Common 17-206] Exiting Vivado at Wed Apr 15 23:55:27 2026...
