#-----------------------------------------------------------
# Vivado v2022.2 (64-bit)
# SW Build 3671981 on Fri Oct 14 04:59:54 MDT 2022
# IP Build 3669848 on Fri Oct 14 08:30:02 MDT 2022
# Start of session at: Wed Apr 15 23:54:52 2026
# Process ID: 129595
# Current directory: /home/andreea/proiect_finn/output_ip_hardware/stitched_ip/finn_vivado_stitch_proj.runs/finn_design_fifo_1_synth_1
# Command line: vivado -log finn_design_fifo_1.vds -product Vivado -mode batch -messageDb vivado.pb -notrace -source finn_design_fifo_1.tcl
# Log file: /home/andreea/proiect_finn/output_ip_hardware/stitched_ip/finn_vivado_stitch_proj.runs/finn_design_fifo_1_synth_1/finn_design_fifo_1.vds
# Journal file: /home/andreea/proiect_finn/output_ip_hardware/stitched_ip/finn_vivado_stitch_proj.runs/finn_design_fifo_1_synth_1/vivado.jou
# Running On: DESKTOP-N2392HC, OS: Linux, CPU Frequency: 2188.800 MHz, CPU Physical cores: 8, Host memory: 8126 MB
#-----------------------------------------------------------
source finn_design_fifo_1.tcl -notrace
