
*** Running vivado
    with args -log finn_design_StreamingDataWidthConverter_rtl_2_0.vds -m64 -product Vivado -mode batch -messageDb vivado.pb -notrace -source finn_design_StreamingDataWidthConverter_rtl_2_0.tcl


****** Vivado v2022.2 (64-bit)
  **** SW Build 3671981 on Fri Oct 14 04:59:54 MDT 2022
  **** IP Build 3669848 on Fri Oct 14 08:30:02 MDT 2022
    ** Copyright 1986-2022 Xilinx, Inc. All Rights Reserved.

source finn_design_StreamingDataWidthConverter_rtl_2_0.tcl -notrace
create_project: Time (s): cpu = 00:00:09 ; elapsed = 00:00:09 . Memory (MB): peak = 1317.047 ; gain = 0.027 ; free physical = 3182 ; free virtual = 5841
INFO: [IP_Flow 19-234] Refreshing IP repositories
INFO: [IP_Flow 19-1700] Loaded user IP repository '/home/andreea/finn/finn-rtllib/memstream'.
INFO: [IP_Flow 19-1700] Loaded user IP repository '/tmp/finn_dev_andreea/code_gen_ipgen_StreamingFIFO_rtl_0_ba18_35j'.
INFO: [IP_Flow 19-1700] Loaded user IP repository '/tmp/finn_dev_andreea/code_gen_ipgen_FMPadding_rtl_0_y0emcnwp'.
INFO: [IP_Flow 19-1700] Loaded user IP repository '/tmp/finn_dev_andreea/code_gen_ipgen_StreamingFIFO_rtl_1_hufrydzu'.
INFO: [IP_Flow 19-1700] Loaded user IP repository '/tmp/finn_dev_andreea/code_gen_ipgen_ConvolutionInputGenerator_rtl_0_p8wvajtb'.
INFO: [IP_Flow 19-1700] Loaded user IP repository '/tmp/finn_dev_andreea/code_gen_ipgen_StreamingFIFO_rtl_2_1079yvcg'.
INFO: [IP_Flow 19-1700] Loaded user IP repository '/tmp/finn_dev_andreea/code_gen_ipgen_StreamingDataWidthConverter_rtl_0_ylwxevm4'.
INFO: [IP_Flow 19-1700] Loaded user IP repository '/tmp/finn_dev_andreea/code_gen_ipgen_StreamingFIFO_rtl_3_oq4_hgum'.
INFO: [IP_Flow 19-1700] Loaded user IP repository '/tmp/finn_dev_andreea/code_gen_ipgen_MVAU_hls_0_162klhtr/project_MVAU_hls_0/sol1/impl/ip'.
INFO: [IP_Flow 19-1700] Loaded user IP repository '/tmp/finn_dev_andreea/code_gen_ipgen_StreamingFIFO_rtl_4_r0c39d43'.
INFO: [IP_Flow 19-1700] Loaded user IP repository '/tmp/finn_dev_andreea/code_gen_ipgen_StreamingDataWidthConverter_rtl_1_t6ksgcvj'.
INFO: [IP_Flow 19-1700] Loaded user IP repository '/tmp/finn_dev_andreea/code_gen_ipgen_StreamingFIFO_rtl_5_rypyiejn'.
INFO: [IP_Flow 19-1700] Loaded user IP repository '/tmp/finn_dev_andreea/code_gen_ipgen_StreamingMaxPool_hls_0_f38gb_sw/project_StreamingMaxPool_hls_0/sol1/impl/ip'.
INFO: [IP_Flow 19-1700] Loaded user IP repository '/tmp/finn_dev_andreea/code_gen_ipgen_StreamingFIFO_rtl_6_amabx6h_'.
INFO: [IP_Flow 19-1700] Loaded user IP repository '/tmp/finn_dev_andreea/code_gen_ipgen_StreamingDataWidthConverter_rtl_2_598a5s36'.
INFO: [IP_Flow 19-1700] Loaded user IP repository '/tmp/finn_dev_andreea/code_gen_ipgen_StreamingFIFO_rtl_7_ln61hkns'.
INFO: [IP_Flow 19-1700] Loaded user IP repository '/tmp/finn_dev_andreea/code_gen_ipgen_MVAU_hls_1_3j5wqvxh/project_MVAU_hls_1/sol1/impl/ip'.
INFO: [IP_Flow 19-1700] Loaded user IP repository '/tmp/finn_dev_andreea/code_gen_ipgen_StreamingFIFO_rtl_8_iv3q_gwl'.
INFO: [IP_Flow 19-1700] Loaded user IP repository '/tmp/finn_dev_andreea/code_gen_ipgen_MVAU_rtl_0_5cofkz0f'.
INFO: [IP_Flow 19-1700] Loaded user IP repository '/tmp/finn_dev_andreea/code_gen_ipgen_StreamingFIFO_rtl_9_s54x7wfo'.
INFO: [IP_Flow 19-2313] Loaded Vivado IP repository '/tools/Xilinx/Vivado/2022.2/data/ip'.
INFO: [IP_Flow 19-6924] IPCACHE: Running cache check for IP inst: finn_design_StreamingDataWidthConverter_rtl_2_0
Command: synth_design -top finn_design_StreamingDataWidthConverter_rtl_2_0 -part xc7z020clg400-1 -incremental_mode off -mode out_of_context
Starting synth_design
Attempting to get a license for feature 'Synthesis' and/or device 'xc7z020'
INFO: [Common 17-349] Got license for feature 'Synthesis' and/or device 'xc7z020'
INFO: [Device 21-403] Loading part xc7z020clg400-1
INFO: [Synth 8-7079] Multithreading enabled for synth_design using a maximum of 4 processes.
INFO: [Synth 8-7078] Launching helper process for spawning children vivado processes
INFO: [Synth 8-7075] Helper process launched with PID 505482
INFO: [Synth 8-11241] undeclared symbol 'REGCCE', assumed default net type 'wire' [/tools/Xilinx/Vivado/2022.2/data/verilog/src/unimacro/BRAM_SINGLE_MACRO.v:2170]
WARNING: [Synth 8-9661] initial value of parameter 'IBITS' is omitted [/tmp/finn_dev_andreea/code_gen_ipgen_StreamingDataWidthConverter_rtl_2_598a5s36/dwc.sv:35]
WARNING: [Synth 8-9661] initial value of parameter 'OBITS' is omitted [/tmp/finn_dev_andreea/code_gen_ipgen_StreamingDataWidthConverter_rtl_2_598a5s36/dwc.sv:36]
WARNING: [Synth 8-9661] initial value of parameter 'IBITS' is omitted [/tmp/finn_dev_andreea/code_gen_ipgen_StreamingDataWidthConverter_rtl_2_598a5s36/dwc_axi.sv:35]
WARNING: [Synth 8-9661] initial value of parameter 'OBITS' is omitted [/tmp/finn_dev_andreea/code_gen_ipgen_StreamingDataWidthConverter_rtl_2_598a5s36/dwc_axi.sv:36]
---------------------------------------------------------------------------------
Starting RTL Elaboration : Time (s): cpu = 00:00:07 ; elapsed = 00:00:08 . Memory (MB): peak = 2002.441 ; gain = 371.770 ; free physical = 2109 ; free virtual = 4773
Synthesis current peak Physical Memory [PSS] (MB): peak = 1303.556; parent = 1144.696; children = 158.859
Synthesis current peak Virtual Memory [VSS] (MB): peak = 2973.715; parent = 2006.410; children = 967.305
---------------------------------------------------------------------------------
INFO: [Synth 8-6157] synthesizing module 'finn_design_StreamingDataWidthConverter_rtl_2_0' [/home/andreea/proiect_finn/output_ip_hardware_cu_argmax/stitched_ip/finn_vivado_stitch_proj.gen/sources_1/bd/finn_design/ip/finn_design_StreamingDataWidthConverter_rtl_2_0/synth/finn_design_StreamingDataWidthConverter_rtl_2_0.v:53]
INFO: [Synth 8-6157] synthesizing module 'StreamingDataWidthConverter_rtl_2' [/tmp/finn_dev_andreea/code_gen_ipgen_StreamingDataWidthConverter_rtl_2_598a5s36/StreamingDataWidthConverter_rtl_2.v:32]
INFO: [Synth 8-6157] synthesizing module 'dwc_axi' [/tmp/finn_dev_andreea/code_gen_ipgen_StreamingDataWidthConverter_rtl_2_598a5s36/dwc_axi.sv:34]
INFO: [Synth 8-6157] synthesizing module 'dwc' [/tmp/finn_dev_andreea/code_gen_ipgen_StreamingDataWidthConverter_rtl_2_598a5s36/dwc.sv:34]
INFO: [Synth 8-6155] done synthesizing module 'dwc' (0#1) [/tmp/finn_dev_andreea/code_gen_ipgen_StreamingDataWidthConverter_rtl_2_598a5s36/dwc.sv:34]
INFO: [Synth 8-6155] done synthesizing module 'dwc_axi' (0#1) [/tmp/finn_dev_andreea/code_gen_ipgen_StreamingDataWidthConverter_rtl_2_598a5s36/dwc_axi.sv:34]
INFO: [Synth 8-6155] done synthesizing module 'StreamingDataWidthConverter_rtl_2' (0#1) [/tmp/finn_dev_andreea/code_gen_ipgen_StreamingDataWidthConverter_rtl_2_598a5s36/StreamingDataWidthConverter_rtl_2.v:32]
INFO: [Synth 8-6155] done synthesizing module 'finn_design_StreamingDataWidthConverter_rtl_2_0' (0#1) [/home/andreea/proiect_finn/output_ip_hardware_cu_argmax/stitched_ip/finn_vivado_stitch_proj.gen/sources_1/bd/finn_design/ip/finn_design_StreamingDataWidthConverter_rtl_2_0/synth/finn_design_StreamingDataWidthConverter_rtl_2_0.v:53]
---------------------------------------------------------------------------------
Finished RTL Elaboration : Time (s): cpu = 00:00:10 ; elapsed = 00:00:11 . Memory (MB): peak = 2073.379 ; gain = 442.707 ; free physical = 1993 ; free virtual = 4659
Synthesis current peak Physical Memory [PSS] (MB): peak = 1390.396; parent = 1232.522; children = 158.859
Synthesis current peak Virtual Memory [VSS] (MB): peak = 3040.684; parent = 2073.379; children = 967.305
---------------------------------------------------------------------------------
---------------------------------------------------------------------------------
Start Handling Custom Attributes
---------------------------------------------------------------------------------
---------------------------------------------------------------------------------
Finished Handling Custom Attributes : Time (s): cpu = 00:00:10 ; elapsed = 00:00:11 . Memory (MB): peak = 2088.223 ; gain = 457.551 ; free physical = 1958 ; free virtual = 4624
Synthesis current peak Physical Memory [PSS] (MB): peak = 1390.396; parent = 1232.522; children = 158.859
Synthesis current peak Virtual Memory [VSS] (MB): peak = 3055.527; parent = 2088.223; children = 967.305
---------------------------------------------------------------------------------
---------------------------------------------------------------------------------
Finished RTL Optimization Phase 1 : Time (s): cpu = 00:00:10 ; elapsed = 00:00:11 . Memory (MB): peak = 2088.223 ; gain = 457.551 ; free physical = 1991 ; free virtual = 4657
Synthesis current peak Physical Memory [PSS] (MB): peak = 1390.396; parent = 1232.522; children = 158.859
Synthesis current peak Virtual Memory [VSS] (MB): peak = 3055.527; parent = 2088.223; children = 967.305
---------------------------------------------------------------------------------
Netlist sorting complete. Time (s): cpu = 00:00:00.01 ; elapsed = 00:00:00 . Memory (MB): peak = 2088.223 ; gain = 0.000 ; free physical = 1998 ; free virtual = 4664
INFO: [Project 1-570] Preparing netlist for logic optimization

Processing XDC Constraints
Initializing timing engine
Completed Processing XDC Constraints

Netlist sorting complete. Time (s): cpu = 00:00:00 ; elapsed = 00:00:00 . Memory (MB): peak = 2241.973 ; gain = 0.000 ; free physical = 1789 ; free virtual = 4456
INFO: [Project 1-111] Unisim Transformation Summary:
No Unisim elements were transformed.

Constraint Validation Runtime : Time (s): cpu = 00:00:00.03 ; elapsed = 00:00:00.03 . Memory (MB): peak = 2241.973 ; gain = 0.000 ; free physical = 1791 ; free virtual = 4457
INFO: [Designutils 20-5008] Incremental synthesis strategy off
INFO: [Synth 8-11241] undeclared symbol 'REGCCE', assumed default net type 'wire' [/tools/Xilinx/Vivado/2022.2/data/verilog/src/unimacro/BRAM_SINGLE_MACRO.v:2170]
---------------------------------------------------------------------------------
Finished Constraint Validation : Time (s): cpu = 00:00:20 ; elapsed = 00:00:22 . Memory (MB): peak = 2241.973 ; gain = 611.301 ; free physical = 1028 ; free virtual = 3694
Synthesis current peak Physical Memory [PSS] (MB): peak = 1390.396; parent = 1232.522; children = 158.859
Synthesis current peak Virtual Memory [VSS] (MB): peak = 3177.262; parent = 2209.957; children = 967.305
---------------------------------------------------------------------------------
---------------------------------------------------------------------------------
Start Loading Part and Timing Information
---------------------------------------------------------------------------------
Loading part: xc7z020clg400-1
---------------------------------------------------------------------------------
Finished Loading Part and Timing Information : Time (s): cpu = 00:00:20 ; elapsed = 00:00:22 . Memory (MB): peak = 2241.973 ; gain = 611.301 ; free physical = 994 ; free virtual = 3660
Synthesis current peak Physical Memory [PSS] (MB): peak = 1390.396; parent = 1232.522; children = 158.859
Synthesis current peak Virtual Memory [VSS] (MB): peak = 3177.262; parent = 2209.957; children = 967.305
---------------------------------------------------------------------------------
---------------------------------------------------------------------------------
Start Applying 'set_property' XDC Constraints
---------------------------------------------------------------------------------
---------------------------------------------------------------------------------
Finished applying 'set_property' XDC Constraints : Time (s): cpu = 00:00:20 ; elapsed = 00:00:22 . Memory (MB): peak = 2241.973 ; gain = 611.301 ; free physical = 966 ; free virtual = 3633
Synthesis current peak Physical Memory [PSS] (MB): peak = 1390.396; parent = 1232.522; children = 158.859
Synthesis current peak Virtual Memory [VSS] (MB): peak = 3177.262; parent = 2209.957; children = 967.305
---------------------------------------------------------------------------------
---------------------------------------------------------------------------------
Finished RTL Optimization Phase 2 : Time (s): cpu = 00:00:20 ; elapsed = 00:00:22 . Memory (MB): peak = 2241.973 ; gain = 611.301 ; free physical = 964 ; free virtual = 3631
Synthesis current peak Physical Memory [PSS] (MB): peak = 1390.396; parent = 1232.522; children = 158.859
Synthesis current peak Virtual Memory [VSS] (MB): peak = 3177.262; parent = 2209.957; children = 967.305
---------------------------------------------------------------------------------
---------------------------------------------------------------------------------
Start RTL Component Statistics 
---------------------------------------------------------------------------------
Detailed RTL Component Info : 
+---Adders : 
	   2 Input    2 Bit       Adders := 1     
+---Registers : 
	               64 Bit    Registers := 4     
	                2 Bit    Registers := 1     
	                1 Bit    Registers := 2     
+---Muxes : 
	   2 Input   64 Bit        Muxes := 3     
	   2 Input    2 Bit        Muxes := 1     
	   2 Input    1 Bit        Muxes := 1     
---------------------------------------------------------------------------------
Finished RTL Component Statistics 
---------------------------------------------------------------------------------
---------------------------------------------------------------------------------
Start Part Resource Summary
---------------------------------------------------------------------------------
Part Resources:
DSPs: 220 (col length:60)
BRAMs: 280 (col length: RAMB18 60 RAMB36 30)
---------------------------------------------------------------------------------
Finished Part Resource Summary
---------------------------------------------------------------------------------
---------------------------------------------------------------------------------
Start Cross Boundary and Area Optimization
---------------------------------------------------------------------------------
WARNING: [Synth 8-7080] Parallel synthesis criteria is not met
---------------------------------------------------------------------------------
Finished Cross Boundary and Area Optimization : Time (s): cpu = 00:00:22 ; elapsed = 00:00:24 . Memory (MB): peak = 2241.973 ; gain = 611.301 ; free physical = 900 ; free virtual = 3572
Synthesis current peak Physical Memory [PSS] (MB): peak = 1390.396; parent = 1232.522; children = 158.859
Synthesis current peak Virtual Memory [VSS] (MB): peak = 3177.262; parent = 2209.957; children = 967.305
---------------------------------------------------------------------------------
---------------------------------------------------------------------------------
Start Applying XDC Timing Constraints
---------------------------------------------------------------------------------
---------------------------------------------------------------------------------
Finished Applying XDC Timing Constraints : Time (s): cpu = 00:00:30 ; elapsed = 00:00:32 . Memory (MB): peak = 2241.973 ; gain = 611.301 ; free physical = 242 ; free virtual = 2922
Synthesis current peak Physical Memory [PSS] (MB): peak = 1390.396; parent = 1232.522; children = 158.859
Synthesis current peak Virtual Memory [VSS] (MB): peak = 3177.262; parent = 2209.957; children = 967.305
---------------------------------------------------------------------------------
---------------------------------------------------------------------------------
Start Timing Optimization
---------------------------------------------------------------------------------
---------------------------------------------------------------------------------
Finished Timing Optimization : Time (s): cpu = 00:00:30 ; elapsed = 00:00:32 . Memory (MB): peak = 2241.973 ; gain = 611.301 ; free physical = 247 ; free virtual = 2926
Synthesis current peak Physical Memory [PSS] (MB): peak = 1390.396; parent = 1232.522; children = 158.859
Synthesis current peak Virtual Memory [VSS] (MB): peak = 3177.262; parent = 2209.957; children = 967.305
---------------------------------------------------------------------------------
---------------------------------------------------------------------------------
Start Technology Mapping
---------------------------------------------------------------------------------
---------------------------------------------------------------------------------
Finished Technology Mapping : Time (s): cpu = 00:00:30 ; elapsed = 00:00:32 . Memory (MB): peak = 2241.973 ; gain = 611.301 ; free physical = 197 ; free virtual = 2877
Synthesis current peak Physical Memory [PSS] (MB): peak = 1390.396; parent = 1232.522; children = 158.859
Synthesis current peak Virtual Memory [VSS] (MB): peak = 3177.262; parent = 2209.957; children = 967.305
---------------------------------------------------------------------------------
---------------------------------------------------------------------------------
Start IO Insertion
---------------------------------------------------------------------------------
---------------------------------------------------------------------------------
Start Flattening Before IO Insertion
---------------------------------------------------------------------------------
---------------------------------------------------------------------------------
Finished Flattening Before IO Insertion
---------------------------------------------------------------------------------
---------------------------------------------------------------------------------
Start Final Netlist Cleanup
---------------------------------------------------------------------------------
---------------------------------------------------------------------------------
Finished Final Netlist Cleanup
---------------------------------------------------------------------------------
---------------------------------------------------------------------------------
Finished IO Insertion : Time (s): cpu = 00:00:35 ; elapsed = 00:00:38 . Memory (MB): peak = 2241.973 ; gain = 611.301 ; free physical = 254 ; free virtual = 2538
Synthesis current peak Physical Memory [PSS] (MB): peak = 1390.396; parent = 1232.522; children = 158.859
Synthesis current peak Virtual Memory [VSS] (MB): peak = 3177.262; parent = 2209.957; children = 967.305
---------------------------------------------------------------------------------
---------------------------------------------------------------------------------
Start Renaming Generated Instances
---------------------------------------------------------------------------------
---------------------------------------------------------------------------------
Finished Renaming Generated Instances : Time (s): cpu = 00:00:35 ; elapsed = 00:00:38 . Memory (MB): peak = 2241.973 ; gain = 611.301 ; free physical = 246 ; free virtual = 2529
Synthesis current peak Physical Memory [PSS] (MB): peak = 1390.396; parent = 1232.522; children = 158.859
Synthesis current peak Virtual Memory [VSS] (MB): peak = 3177.262; parent = 2209.957; children = 967.305
---------------------------------------------------------------------------------
---------------------------------------------------------------------------------
Start Rebuilding User Hierarchy
---------------------------------------------------------------------------------
---------------------------------------------------------------------------------
Finished Rebuilding User Hierarchy : Time (s): cpu = 00:00:35 ; elapsed = 00:00:38 . Memory (MB): peak = 2241.973 ; gain = 611.301 ; free physical = 229 ; free virtual = 2512
Synthesis current peak Physical Memory [PSS] (MB): peak = 1390.396; parent = 1232.522; children = 158.859
Synthesis current peak Virtual Memory [VSS] (MB): peak = 3177.262; parent = 2209.957; children = 967.305
---------------------------------------------------------------------------------
---------------------------------------------------------------------------------
Start Renaming Generated Ports
---------------------------------------------------------------------------------
---------------------------------------------------------------------------------
Finished Renaming Generated Ports : Time (s): cpu = 00:00:35 ; elapsed = 00:00:38 . Memory (MB): peak = 2241.973 ; gain = 611.301 ; free physical = 208 ; free virtual = 2491
Synthesis current peak Physical Memory [PSS] (MB): peak = 1390.396; parent = 1232.522; children = 158.859
Synthesis current peak Virtual Memory [VSS] (MB): peak = 3177.262; parent = 2209.957; children = 967.305
---------------------------------------------------------------------------------
---------------------------------------------------------------------------------
Start Handling Custom Attributes
---------------------------------------------------------------------------------
---------------------------------------------------------------------------------
Finished Handling Custom Attributes : Time (s): cpu = 00:00:36 ; elapsed = 00:00:38 . Memory (MB): peak = 2241.973 ; gain = 611.301 ; free physical = 186 ; free virtual = 2469
Synthesis current peak Physical Memory [PSS] (MB): peak = 1390.396; parent = 1232.522; children = 158.859
Synthesis current peak Virtual Memory [VSS] (MB): peak = 3177.262; parent = 2209.957; children = 967.305
---------------------------------------------------------------------------------
---------------------------------------------------------------------------------
Start Renaming Generated Nets
---------------------------------------------------------------------------------
---------------------------------------------------------------------------------
Finished Renaming Generated Nets : Time (s): cpu = 00:00:36 ; elapsed = 00:00:38 . Memory (MB): peak = 2241.973 ; gain = 611.301 ; free physical = 177 ; free virtual = 2460
Synthesis current peak Physical Memory [PSS] (MB): peak = 1390.396; parent = 1232.522; children = 158.859
Synthesis current peak Virtual Memory [VSS] (MB): peak = 3177.262; parent = 2209.957; children = 967.305
---------------------------------------------------------------------------------
---------------------------------------------------------------------------------
Start Writing Synthesis Report
---------------------------------------------------------------------------------

Report BlackBoxes: 
+-+--------------+----------+
| |BlackBox name |Instances |
+-+--------------+----------+
+-+--------------+----------+

Report Cell Usage: 
+------+-----+------+
|      |Cell |Count |
+------+-----+------+
|1     |LUT1 |     1|
|2     |LUT2 |     2|
|3     |LUT3 |   129|
|4     |LUT4 |     1|
|5     |LUT5 |     2|
|6     |FDRE |   258|
|7     |FDSE |     2|
+------+-----+------+
---------------------------------------------------------------------------------
Finished Writing Synthesis Report : Time (s): cpu = 00:00:36 ; elapsed = 00:00:39 . Memory (MB): peak = 2241.973 ; gain = 611.301 ; free physical = 166 ; free virtual = 2450
Synthesis current peak Physical Memory [PSS] (MB): peak = 1390.396; parent = 1232.522; children = 158.859
Synthesis current peak Virtual Memory [VSS] (MB): peak = 3177.262; parent = 2209.957; children = 967.305
---------------------------------------------------------------------------------
Synthesis finished with 0 errors, 0 critical warnings and 1 warnings.
Synthesis Optimization Runtime : Time (s): cpu = 00:00:33 ; elapsed = 00:00:36 . Memory (MB): peak = 2241.973 ; gain = 457.551 ; free physical = 182 ; free virtual = 2466
Synthesis Optimization Complete : Time (s): cpu = 00:00:36 ; elapsed = 00:00:39 . Memory (MB): peak = 2241.973 ; gain = 611.301 ; free physical = 170 ; free virtual = 2454
INFO: [Project 1-571] Translating synthesized netlist
Netlist sorting complete. Time (s): cpu = 00:00:00.01 ; elapsed = 00:00:00 . Memory (MB): peak = 2241.973 ; gain = 0.000 ; free physical = 130 ; free virtual = 2414
INFO: [Project 1-570] Preparing netlist for logic optimization
INFO: [Opt 31-138] Pushed 0 inverter(s) to 0 load pin(s).
Netlist sorting complete. Time (s): cpu = 00:00:00 ; elapsed = 00:00:00 . Memory (MB): peak = 2241.973 ; gain = 0.000 ; free physical = 297 ; free virtual = 2582
INFO: [Project 1-111] Unisim Transformation Summary:
No Unisim elements were transformed.

Synth Design complete, checksum: d427cf7
INFO: [Common 17-83] Releasing license: Synthesis
46 Infos, 5 Warnings, 0 Critical Warnings and 0 Errors encountered.
synth_design completed successfully
synth_design: Time (s): cpu = 00:00:46 ; elapsed = 00:00:46 . Memory (MB): peak = 2241.973 ; gain = 924.926 ; free physical = 483 ; free virtual = 2768
INFO: [Common 17-1381] The checkpoint '/home/andreea/proiect_finn/output_ip_hardware_cu_argmax/stitched_ip/finn_vivado_stitch_proj.runs/finn_design_StreamingDataWidthConverter_rtl_2_0_synth_1/finn_design_StreamingDataWidthConverter_rtl_2_0.dcp' has been generated.
INFO: [Coretcl 2-1648] Added synthesis output to IP cache for IP finn_design_StreamingDataWidthConverter_rtl_2_0, cache-ID = a5ecd3731b59f0e6
INFO: [Coretcl 2-1174] Renamed 3 cell refs.
INFO: [Common 17-1381] The checkpoint '/home/andreea/proiect_finn/output_ip_hardware_cu_argmax/stitched_ip/finn_vivado_stitch_proj.runs/finn_design_StreamingDataWidthConverter_rtl_2_0_synth_1/finn_design_StreamingDataWidthConverter_rtl_2_0.dcp' has been generated.
INFO: [runtcl-4] Executing : report_utilization -file finn_design_StreamingDataWidthConverter_rtl_2_0_utilization_synth.rpt -pb finn_design_StreamingDataWidthConverter_rtl_2_0_utilization_synth.pb
INFO: [Common 17-206] Exiting Vivado at Thu Apr 16 23:06:59 2026...
