
*** Running vivado
    with args -log finn_design_inst_0_FMPadding_rtl_0_0.vds -m64 -product Vivado -mode batch -messageDb vivado.pb -notrace -source finn_design_inst_0_FMPadding_rtl_0_0.tcl


****** Vivado v2022.2 (64-bit)
  **** SW Build 3671981 on Fri Oct 14 04:59:54 MDT 2022
  **** IP Build 3669848 on Fri Oct 14 08:30:02 MDT 2022
    ** Copyright 1986-2022 Xilinx, Inc. All Rights Reserved.

source finn_design_inst_0_FMPadding_rtl_0_0.tcl -notrace
create_project: Time (s): cpu = 00:00:05 ; elapsed = 00:00:06 . Memory (MB): peak = 1260.500 ; gain = 5.027 ; free physical = 1833 ; free virtual = 4299
INFO: [IP_Flow 19-234] Refreshing IP repositories
INFO: [IP_Flow 19-1700] Loaded user IP repository '/home/andreea/finn/finn-rtllib/memstream'.
INFO: [IP_Flow 19-1700] Loaded user IP repository '/tmp/finn_dev_andreea/code_gen_ipgen_StreamingFIFO_rtl_0_iemavooy'.
INFO: [IP_Flow 19-1700] Loaded user IP repository '/tmp/finn_dev_andreea/code_gen_ipgen_FMPadding_rtl_0_niewojjq'.
INFO: [IP_Flow 19-1700] Loaded user IP repository '/tmp/finn_dev_andreea/code_gen_ipgen_StreamingFIFO_rtl_1_q1hnvlgl'.
INFO: [IP_Flow 19-1700] Loaded user IP repository '/tmp/finn_dev_andreea/code_gen_ipgen_ConvolutionInputGenerator_rtl_0_h6a0h_ka'.
INFO: [IP_Flow 19-1700] Loaded user IP repository '/tmp/finn_dev_andreea/code_gen_ipgen_StreamingFIFO_rtl_2_sm1awxs6'.
INFO: [IP_Flow 19-1700] Loaded user IP repository '/tmp/finn_dev_andreea/code_gen_ipgen_StreamingDataWidthConverter_rtl_0_ij2l_izx'.
INFO: [IP_Flow 19-1700] Loaded user IP repository '/tmp/finn_dev_andreea/code_gen_ipgen_StreamingFIFO_rtl_3_pq1kvdfs'.
INFO: [IP_Flow 19-1700] Loaded user IP repository '/tmp/finn_dev_andreea/code_gen_ipgen_MVAU_hls_0_qjxm8vie/project_MVAU_hls_0/sol1/impl/ip'.
INFO: [IP_Flow 19-1700] Loaded user IP repository '/tmp/finn_dev_andreea/code_gen_ipgen_StreamingFIFO_rtl_4_olfwghyo'.
INFO: [IP_Flow 19-1700] Loaded user IP repository '/tmp/finn_dev_andreea/code_gen_ipgen_StreamingDataWidthConverter_rtl_1_5ontli_g'.
INFO: [IP_Flow 19-1700] Loaded user IP repository '/tmp/finn_dev_andreea/code_gen_ipgen_StreamingFIFO_rtl_5_1ywnmozb'.
INFO: [IP_Flow 19-1700] Loaded user IP repository '/tmp/finn_dev_andreea/code_gen_ipgen_StreamingMaxPool_hls_0_2w9930ha/project_StreamingMaxPool_hls_0/sol1/impl/ip'.
INFO: [IP_Flow 19-1700] Loaded user IP repository '/tmp/finn_dev_andreea/code_gen_ipgen_StreamingFIFO_rtl_6_lx3g0gm1'.
INFO: [IP_Flow 19-1700] Loaded user IP repository '/tmp/finn_dev_andreea/code_gen_ipgen_StreamingDataWidthConverter_rtl_2_3tifrhmh'.
INFO: [IP_Flow 19-1700] Loaded user IP repository '/tmp/finn_dev_andreea/code_gen_ipgen_StreamingFIFO_rtl_7_mh_mf3y9'.
INFO: [IP_Flow 19-1700] Loaded user IP repository '/tmp/finn_dev_andreea/code_gen_ipgen_MVAU_hls_1_d8atf5o9/project_MVAU_hls_1/sol1/impl/ip'.
INFO: [IP_Flow 19-1700] Loaded user IP repository '/tmp/finn_dev_andreea/code_gen_ipgen_StreamingFIFO_rtl_8_sbjreyx9'.
INFO: [IP_Flow 19-1700] Loaded user IP repository '/tmp/finn_dev_andreea/code_gen_ipgen_MVAU_rtl_0_cyd2g4ui'.
INFO: [IP_Flow 19-1700] Loaded user IP repository '/tmp/finn_dev_andreea/code_gen_ipgen_StreamingFIFO_rtl_9_h3n7iwd2'.
INFO: [IP_Flow 19-2313] Loaded Vivado IP repository '/tools/Xilinx/Vivado/2022.2/data/ip'.
INFO: [IP_Flow 19-6924] IPCACHE: Running cache check for IP inst: finn_design_inst_0_FMPadding_rtl_0_0
Command: synth_design -top finn_design_inst_0_FMPadding_rtl_0_0 -part xc7z020clg400-1 -incremental_mode off -mode out_of_context
Starting synth_design
Attempting to get a license for feature 'Synthesis' and/or device 'xc7z020'
INFO: [Common 17-349] Got license for feature 'Synthesis' and/or device 'xc7z020'
INFO: [Device 21-403] Loading part xc7z020clg400-1
INFO: [Synth 8-7079] Multithreading enabled for synth_design using a maximum of 4 processes.
INFO: [Synth 8-7078] Launching helper process for spawning children vivado processes
INFO: [Synth 8-7075] Helper process launched with PID 922809
INFO: [Synth 8-11241] undeclared symbol 'REGCCE', assumed default net type 'wire' [/tools/Xilinx/Vivado/2022.2/data/verilog/src/unimacro/BRAM_SINGLE_MACRO.v:2170]
WARNING: [Synth 8-9661] initial value of parameter 'ADDR_BITS' is omitted [/tmp/finn_dev_andreea/code_gen_ipgen_FMPadding_rtl_0_niewojjq/axi2we.sv:36]
WARNING: [Synth 8-9661] initial value of parameter 'XCOUNTER_BITS' is omitted [/tmp/finn_dev_andreea/code_gen_ipgen_FMPadding_rtl_0_niewojjq/fmpadding.sv:36]
WARNING: [Synth 8-9661] initial value of parameter 'YCOUNTER_BITS' is omitted [/tmp/finn_dev_andreea/code_gen_ipgen_FMPadding_rtl_0_niewojjq/fmpadding.sv:37]
WARNING: [Synth 8-9661] initial value of parameter 'NUM_CHANNELS' is omitted [/tmp/finn_dev_andreea/code_gen_ipgen_FMPadding_rtl_0_niewojjq/fmpadding.sv:38]
WARNING: [Synth 8-9661] initial value of parameter 'SIMD' is omitted [/tmp/finn_dev_andreea/code_gen_ipgen_FMPadding_rtl_0_niewojjq/fmpadding.sv:39]
WARNING: [Synth 8-9661] initial value of parameter 'ELEM_BITS' is omitted [/tmp/finn_dev_andreea/code_gen_ipgen_FMPadding_rtl_0_niewojjq/fmpadding.sv:40]
WARNING: [Synth 8-9661] initial value of parameter 'INIT_XON' is omitted [/tmp/finn_dev_andreea/code_gen_ipgen_FMPadding_rtl_0_niewojjq/fmpadding.sv:41]
WARNING: [Synth 8-9661] initial value of parameter 'INIT_XOFF' is omitted [/tmp/finn_dev_andreea/code_gen_ipgen_FMPadding_rtl_0_niewojjq/fmpadding.sv:42]
WARNING: [Synth 8-9661] initial value of parameter 'INIT_XEND' is omitted [/tmp/finn_dev_andreea/code_gen_ipgen_FMPadding_rtl_0_niewojjq/fmpadding.sv:43]
WARNING: [Synth 8-9661] initial value of parameter 'INIT_YON' is omitted [/tmp/finn_dev_andreea/code_gen_ipgen_FMPadding_rtl_0_niewojjq/fmpadding.sv:44]
WARNING: [Synth 8-9661] initial value of parameter 'INIT_YOFF' is omitted [/tmp/finn_dev_andreea/code_gen_ipgen_FMPadding_rtl_0_niewojjq/fmpadding.sv:45]
WARNING: [Synth 8-9661] initial value of parameter 'INIT_YEND' is omitted [/tmp/finn_dev_andreea/code_gen_ipgen_FMPadding_rtl_0_niewojjq/fmpadding.sv:46]
WARNING: [Synth 8-9661] initial value of parameter 'XCOUNTER_BITS' is omitted [/tmp/finn_dev_andreea/code_gen_ipgen_FMPadding_rtl_0_niewojjq/fmpadding_axi.sv:36]
WARNING: [Synth 8-9661] initial value of parameter 'YCOUNTER_BITS' is omitted [/tmp/finn_dev_andreea/code_gen_ipgen_FMPadding_rtl_0_niewojjq/fmpadding_axi.sv:37]
WARNING: [Synth 8-9661] initial value of parameter 'NUM_CHANNELS' is omitted [/tmp/finn_dev_andreea/code_gen_ipgen_FMPadding_rtl_0_niewojjq/fmpadding_axi.sv:38]
WARNING: [Synth 8-9661] initial value of parameter 'SIMD' is omitted [/tmp/finn_dev_andreea/code_gen_ipgen_FMPadding_rtl_0_niewojjq/fmpadding_axi.sv:39]
WARNING: [Synth 8-9661] initial value of parameter 'ELEM_BITS' is omitted [/tmp/finn_dev_andreea/code_gen_ipgen_FMPadding_rtl_0_niewojjq/fmpadding_axi.sv:40]
WARNING: [Synth 8-9661] initial value of parameter 'INIT_XON' is omitted [/tmp/finn_dev_andreea/code_gen_ipgen_FMPadding_rtl_0_niewojjq/fmpadding_axi.sv:41]
WARNING: [Synth 8-9661] initial value of parameter 'INIT_XOFF' is omitted [/tmp/finn_dev_andreea/code_gen_ipgen_FMPadding_rtl_0_niewojjq/fmpadding_axi.sv:42]
WARNING: [Synth 8-9661] initial value of parameter 'INIT_XEND' is omitted [/tmp/finn_dev_andreea/code_gen_ipgen_FMPadding_rtl_0_niewojjq/fmpadding_axi.sv:43]
WARNING: [Synth 8-9661] initial value of parameter 'INIT_YON' is omitted [/tmp/finn_dev_andreea/code_gen_ipgen_FMPadding_rtl_0_niewojjq/fmpadding_axi.sv:44]
WARNING: [Synth 8-9661] initial value of parameter 'INIT_YOFF' is omitted [/tmp/finn_dev_andreea/code_gen_ipgen_FMPadding_rtl_0_niewojjq/fmpadding_axi.sv:45]
WARNING: [Synth 8-9661] initial value of parameter 'INIT_YEND' is omitted [/tmp/finn_dev_andreea/code_gen_ipgen_FMPadding_rtl_0_niewojjq/fmpadding_axi.sv:46]
---------------------------------------------------------------------------------
Starting RTL Elaboration : Time (s): cpu = 00:00:03 ; elapsed = 00:00:04 . Memory (MB): peak = 2002.520 ; gain = 371.738 ; free physical = 301 ; free virtual = 2813
Synthesis current peak Physical Memory [PSS] (MB): peak = 1318.808; parent = 1162.922; children = 155.886
Synthesis current peak Virtual Memory [VSS] (MB): peak = 2971.793; parent = 2006.488; children = 965.305
---------------------------------------------------------------------------------
INFO: [Synth 8-6157] synthesizing module 'finn_design_inst_0_FMPadding_rtl_0_0' [/home/andreea/proiect_finn/output_ip_hardware_cu_maimulteepoici/stitched_ip/finn_vivado_stitch_proj.gen/sources_1/bd/design_1/bd/finn_design_inst_0/ip/finn_design_inst_0_FMPadding_rtl_0_0/synth/finn_design_inst_0_FMPadding_rtl_0_0.v:53]
INFO: [Synth 8-6157] synthesizing module 'FMPadding_rtl_0' [/tmp/finn_dev_andreea/code_gen_ipgen_FMPadding_rtl_0_niewojjq/FMPadding_rtl_0.v:32]
INFO: [Synth 8-6157] synthesizing module 'fmpadding_axi' [/tmp/finn_dev_andreea/code_gen_ipgen_FMPadding_rtl_0_niewojjq/fmpadding_axi.sv:35]
INFO: [Synth 8-6157] synthesizing module 'axi2we' [/tmp/finn_dev_andreea/code_gen_ipgen_FMPadding_rtl_0_niewojjq/axi2we.sv:35]
INFO: [Synth 8-6155] done synthesizing module 'axi2we' (0#1) [/tmp/finn_dev_andreea/code_gen_ipgen_FMPadding_rtl_0_niewojjq/axi2we.sv:35]
INFO: [Synth 8-6157] synthesizing module 'fmpadding' [/tmp/finn_dev_andreea/code_gen_ipgen_FMPadding_rtl_0_niewojjq/fmpadding.sv:35]
INFO: [Synth 8-294] found qualifier unique on case statement: implementing as parallel_case [/tmp/finn_dev_andreea/code_gen_ipgen_FMPadding_rtl_0_niewojjq/fmpadding.sv:127]
INFO: [Synth 8-6155] done synthesizing module 'fmpadding' (0#1) [/tmp/finn_dev_andreea/code_gen_ipgen_FMPadding_rtl_0_niewojjq/fmpadding.sv:35]
INFO: [Synth 8-6155] done synthesizing module 'fmpadding_axi' (0#1) [/tmp/finn_dev_andreea/code_gen_ipgen_FMPadding_rtl_0_niewojjq/fmpadding_axi.sv:35]
INFO: [Synth 8-6155] done synthesizing module 'FMPadding_rtl_0' (0#1) [/tmp/finn_dev_andreea/code_gen_ipgen_FMPadding_rtl_0_niewojjq/FMPadding_rtl_0.v:32]
INFO: [Synth 8-6155] done synthesizing module 'finn_design_inst_0_FMPadding_rtl_0_0' (0#1) [/home/andreea/proiect_finn/output_ip_hardware_cu_maimulteepoici/stitched_ip/finn_vivado_stitch_proj.gen/sources_1/bd/design_1/bd/finn_design_inst_0/ip/finn_design_inst_0_FMPadding_rtl_0_0/synth/finn_design_inst_0_FMPadding_rtl_0_0.v:53]
WARNING: [Synth 8-7129] Port wd[31] in module fmpadding is either unconnected or has no load
WARNING: [Synth 8-7129] Port wd[30] in module fmpadding is either unconnected or has no load
WARNING: [Synth 8-7129] Port wd[29] in module fmpadding is either unconnected or has no load
WARNING: [Synth 8-7129] Port wd[28] in module fmpadding is either unconnected or has no load
WARNING: [Synth 8-7129] Port wd[27] in module fmpadding is either unconnected or has no load
WARNING: [Synth 8-7129] Port wd[26] in module fmpadding is either unconnected or has no load
WARNING: [Synth 8-7129] Port wd[25] in module fmpadding is either unconnected or has no load
WARNING: [Synth 8-7129] Port wd[24] in module fmpadding is either unconnected or has no load
WARNING: [Synth 8-7129] Port wd[23] in module fmpadding is either unconnected or has no load
WARNING: [Synth 8-7129] Port wd[22] in module fmpadding is either unconnected or has no load
WARNING: [Synth 8-7129] Port wd[21] in module fmpadding is either unconnected or has no load
WARNING: [Synth 8-7129] Port wd[20] in module fmpadding is either unconnected or has no load
WARNING: [Synth 8-7129] Port wd[19] in module fmpadding is either unconnected or has no load
WARNING: [Synth 8-7129] Port wd[18] in module fmpadding is either unconnected or has no load
WARNING: [Synth 8-7129] Port wd[17] in module fmpadding is either unconnected or has no load
WARNING: [Synth 8-7129] Port wd[16] in module fmpadding is either unconnected or has no load
WARNING: [Synth 8-7129] Port wd[15] in module fmpadding is either unconnected or has no load
WARNING: [Synth 8-7129] Port wd[14] in module fmpadding is either unconnected or has no load
WARNING: [Synth 8-7129] Port wd[13] in module fmpadding is either unconnected or has no load
WARNING: [Synth 8-7129] Port wd[12] in module fmpadding is either unconnected or has no load
WARNING: [Synth 8-7129] Port wd[11] in module fmpadding is either unconnected or has no load
WARNING: [Synth 8-7129] Port wd[10] in module fmpadding is either unconnected or has no load
WARNING: [Synth 8-7129] Port wd[9] in module fmpadding is either unconnected or has no load
WARNING: [Synth 8-7129] Port wd[8] in module fmpadding is either unconnected or has no load
WARNING: [Synth 8-7129] Port wd[7] in module fmpadding is either unconnected or has no load
WARNING: [Synth 8-7129] Port wd[6] in module fmpadding is either unconnected or has no load
WARNING: [Synth 8-7129] Port wd[5] in module fmpadding is either unconnected or has no load
WARNING: [Synth 8-7129] Port s_axilite_WSTRB[3] in module axi2we is either unconnected or has no load
WARNING: [Synth 8-7129] Port s_axilite_WSTRB[2] in module axi2we is either unconnected or has no load
WARNING: [Synth 8-7129] Port s_axilite_WSTRB[1] in module axi2we is either unconnected or has no load
WARNING: [Synth 8-7129] Port s_axilite_WSTRB[0] in module axi2we is either unconnected or has no load
WARNING: [Synth 8-7129] Port s_axilite_ARADDR[4] in module axi2we is either unconnected or has no load
WARNING: [Synth 8-7129] Port s_axilite_ARADDR[3] in module axi2we is either unconnected or has no load
WARNING: [Synth 8-7129] Port s_axilite_ARADDR[2] in module axi2we is either unconnected or has no load
WARNING: [Synth 8-7129] Port s_axilite_ARADDR[1] in module axi2we is either unconnected or has no load
WARNING: [Synth 8-7129] Port s_axilite_ARADDR[0] in module axi2we is either unconnected or has no load
---------------------------------------------------------------------------------
Finished RTL Elaboration : Time (s): cpu = 00:00:04 ; elapsed = 00:00:05 . Memory (MB): peak = 2074.457 ; gain = 443.676 ; free physical = 371 ; free virtual = 2884
Synthesis current peak Physical Memory [PSS] (MB): peak = 1318.808; parent = 1162.922; children = 155.886
Synthesis current peak Virtual Memory [VSS] (MB): peak = 3039.762; parent = 2074.457; children = 965.305
---------------------------------------------------------------------------------
---------------------------------------------------------------------------------
Start Handling Custom Attributes
---------------------------------------------------------------------------------
---------------------------------------------------------------------------------
Finished Handling Custom Attributes : Time (s): cpu = 00:00:04 ; elapsed = 00:00:05 . Memory (MB): peak = 2092.270 ; gain = 461.488 ; free physical = 360 ; free virtual = 2873
Synthesis current peak Physical Memory [PSS] (MB): peak = 1318.808; parent = 1162.922; children = 155.886
Synthesis current peak Virtual Memory [VSS] (MB): peak = 3057.574; parent = 2092.270; children = 965.305
---------------------------------------------------------------------------------
---------------------------------------------------------------------------------
Finished RTL Optimization Phase 1 : Time (s): cpu = 00:00:04 ; elapsed = 00:00:05 . Memory (MB): peak = 2092.270 ; gain = 461.488 ; free physical = 357 ; free virtual = 2870
Synthesis current peak Physical Memory [PSS] (MB): peak = 1318.808; parent = 1162.922; children = 155.886
Synthesis current peak Virtual Memory [VSS] (MB): peak = 3057.574; parent = 2092.270; children = 965.305
---------------------------------------------------------------------------------
Netlist sorting complete. Time (s): cpu = 00:00:00 ; elapsed = 00:00:00 . Memory (MB): peak = 2092.270 ; gain = 0.000 ; free physical = 339 ; free virtual = 2853
INFO: [Project 1-570] Preparing netlist for logic optimization

Processing XDC Constraints
Initializing timing engine
Completed Processing XDC Constraints

Netlist sorting complete. Time (s): cpu = 00:00:00 ; elapsed = 00:00:00 . Memory (MB): peak = 2250.020 ; gain = 0.000 ; free physical = 169 ; free virtual = 2682
INFO: [Project 1-111] Unisim Transformation Summary:
No Unisim elements were transformed.

Constraint Validation Runtime : Time (s): cpu = 00:00:00 ; elapsed = 00:00:00.01 . Memory (MB): peak = 2250.020 ; gain = 0.000 ; free physical = 176 ; free virtual = 2689
INFO: [Designutils 20-5008] Incremental synthesis strategy off
INFO: [Synth 8-11241] undeclared symbol 'REGCCE', assumed default net type 'wire' [/tools/Xilinx/Vivado/2022.2/data/verilog/src/unimacro/BRAM_SINGLE_MACRO.v:2170]
---------------------------------------------------------------------------------
Finished Constraint Validation : Time (s): cpu = 00:00:09 ; elapsed = 00:00:10 . Memory (MB): peak = 2250.020 ; gain = 619.238 ; free physical = 1242 ; free virtual = 3758
Synthesis current peak Physical Memory [PSS] (MB): peak = 1318.808; parent = 1162.922; children = 156.890
Synthesis current peak Virtual Memory [VSS] (MB): peak = 3183.309; parent = 2218.004; children = 965.305
---------------------------------------------------------------------------------
---------------------------------------------------------------------------------
Start Loading Part and Timing Information
---------------------------------------------------------------------------------
Loading part: xc7z020clg400-1
---------------------------------------------------------------------------------
Finished Loading Part and Timing Information : Time (s): cpu = 00:00:09 ; elapsed = 00:00:10 . Memory (MB): peak = 2250.020 ; gain = 619.238 ; free physical = 1236 ; free virtual = 3752
Synthesis current peak Physical Memory [PSS] (MB): peak = 1318.808; parent = 1162.922; children = 156.890
Synthesis current peak Virtual Memory [VSS] (MB): peak = 3183.309; parent = 2218.004; children = 965.305
---------------------------------------------------------------------------------
---------------------------------------------------------------------------------
Start Applying 'set_property' XDC Constraints
---------------------------------------------------------------------------------
---------------------------------------------------------------------------------
Finished applying 'set_property' XDC Constraints : Time (s): cpu = 00:00:09 ; elapsed = 00:00:11 . Memory (MB): peak = 2250.020 ; gain = 619.238 ; free physical = 1232 ; free virtual = 3748
Synthesis current peak Physical Memory [PSS] (MB): peak = 1318.808; parent = 1162.922; children = 156.890
Synthesis current peak Virtual Memory [VSS] (MB): peak = 3183.309; parent = 2218.004; children = 965.305
---------------------------------------------------------------------------------
---------------------------------------------------------------------------------
Finished RTL Optimization Phase 2 : Time (s): cpu = 00:00:10 ; elapsed = 00:00:11 . Memory (MB): peak = 2250.020 ; gain = 619.238 ; free physical = 1308 ; free virtual = 3825
Synthesis current peak Physical Memory [PSS] (MB): peak = 1318.808; parent = 1162.922; children = 156.890
Synthesis current peak Virtual Memory [VSS] (MB): peak = 3183.309; parent = 2218.004; children = 965.305
---------------------------------------------------------------------------------
---------------------------------------------------------------------------------
Start RTL Component Statistics 
---------------------------------------------------------------------------------
Detailed RTL Component Info : 
+---Adders : 
	   2 Input    5 Bit       Adders := 2     
	   2 Input    1 Bit       Adders := 1     
+---Registers : 
	               32 Bit    Registers := 1     
	                8 Bit    Registers := 2     
	                5 Bit    Registers := 9     
	                1 Bit    Registers := 6     
+---Muxes : 
	   2 Input    8 Bit        Muxes := 1     
	   7 Input    1 Bit        Muxes := 6     
---------------------------------------------------------------------------------
Finished RTL Component Statistics 
---------------------------------------------------------------------------------
---------------------------------------------------------------------------------
Start Part Resource Summary
---------------------------------------------------------------------------------
Part Resources:
DSPs: 220 (col length:60)
BRAMs: 280 (col length: RAMB18 60 RAMB36 30)
---------------------------------------------------------------------------------
Finished Part Resource Summary
---------------------------------------------------------------------------------
---------------------------------------------------------------------------------
Start Cross Boundary and Area Optimization
---------------------------------------------------------------------------------
WARNING: [Synth 8-7080] Parallel synthesis criteria is not met
INFO: [Synth 8-3936] Found unconnected internal register 'inst/impl/axilight_adapter/Data_reg' and it is trimmed from '32' to '5' bits. [/tmp/finn_dev_andreea/code_gen_ipgen_FMPadding_rtl_0_niewojjq/axi2we.sv:84]
INFO: [Synth 8-3917] design finn_design_inst_0_FMPadding_rtl_0_0 has port s_axilite_BRESP[1] driven by constant 0
INFO: [Synth 8-3917] design finn_design_inst_0_FMPadding_rtl_0_0 has port s_axilite_BRESP[0] driven by constant 0
INFO: [Synth 8-3917] design finn_design_inst_0_FMPadding_rtl_0_0 has port s_axilite_RDATA[31] driven by constant 1
INFO: [Synth 8-3917] design finn_design_inst_0_FMPadding_rtl_0_0 has port s_axilite_RDATA[30] driven by constant 1
INFO: [Synth 8-3917] design finn_design_inst_0_FMPadding_rtl_0_0 has port s_axilite_RDATA[29] driven by constant 1
INFO: [Synth 8-3917] design finn_design_inst_0_FMPadding_rtl_0_0 has port s_axilite_RDATA[28] driven by constant 1
INFO: [Synth 8-3917] design finn_design_inst_0_FMPadding_rtl_0_0 has port s_axilite_RDATA[27] driven by constant 1
INFO: [Synth 8-3917] design finn_design_inst_0_FMPadding_rtl_0_0 has port s_axilite_RDATA[26] driven by constant 1
INFO: [Synth 8-3917] design finn_design_inst_0_FMPadding_rtl_0_0 has port s_axilite_RDATA[25] driven by constant 1
INFO: [Synth 8-3917] design finn_design_inst_0_FMPadding_rtl_0_0 has port s_axilite_RDATA[24] driven by constant 1
INFO: [Synth 8-3917] design finn_design_inst_0_FMPadding_rtl_0_0 has port s_axilite_RDATA[23] driven by constant 1
INFO: [Synth 8-3917] design finn_design_inst_0_FMPadding_rtl_0_0 has port s_axilite_RDATA[22] driven by constant 1
INFO: [Synth 8-3917] design finn_design_inst_0_FMPadding_rtl_0_0 has port s_axilite_RDATA[21] driven by constant 1
INFO: [Synth 8-3917] design finn_design_inst_0_FMPadding_rtl_0_0 has port s_axilite_RDATA[20] driven by constant 1
INFO: [Synth 8-3917] design finn_design_inst_0_FMPadding_rtl_0_0 has port s_axilite_RDATA[19] driven by constant 1
INFO: [Synth 8-3917] design finn_design_inst_0_FMPadding_rtl_0_0 has port s_axilite_RDATA[18] driven by constant 1
INFO: [Synth 8-3917] design finn_design_inst_0_FMPadding_rtl_0_0 has port s_axilite_RDATA[17] driven by constant 1
INFO: [Synth 8-3917] design finn_design_inst_0_FMPadding_rtl_0_0 has port s_axilite_RDATA[16] driven by constant 1
INFO: [Synth 8-3917] design finn_design_inst_0_FMPadding_rtl_0_0 has port s_axilite_RDATA[15] driven by constant 1
INFO: [Synth 8-3917] design finn_design_inst_0_FMPadding_rtl_0_0 has port s_axilite_RDATA[14] driven by constant 1
INFO: [Synth 8-3917] design finn_design_inst_0_FMPadding_rtl_0_0 has port s_axilite_RDATA[13] driven by constant 1
INFO: [Synth 8-3917] design finn_design_inst_0_FMPadding_rtl_0_0 has port s_axilite_RDATA[12] driven by constant 1
INFO: [Synth 8-3917] design finn_design_inst_0_FMPadding_rtl_0_0 has port s_axilite_RDATA[11] driven by constant 1
INFO: [Synth 8-3917] design finn_design_inst_0_FMPadding_rtl_0_0 has port s_axilite_RDATA[10] driven by constant 1
INFO: [Synth 8-3917] design finn_design_inst_0_FMPadding_rtl_0_0 has port s_axilite_RDATA[9] driven by constant 1
INFO: [Synth 8-3917] design finn_design_inst_0_FMPadding_rtl_0_0 has port s_axilite_RDATA[8] driven by constant 1
INFO: [Synth 8-3917] design finn_design_inst_0_FMPadding_rtl_0_0 has port s_axilite_RDATA[7] driven by constant 1
INFO: [Synth 8-3917] design finn_design_inst_0_FMPadding_rtl_0_0 has port s_axilite_RDATA[6] driven by constant 1
INFO: [Synth 8-3917] design finn_design_inst_0_FMPadding_rtl_0_0 has port s_axilite_RDATA[5] driven by constant 1
INFO: [Synth 8-3917] design finn_design_inst_0_FMPadding_rtl_0_0 has port s_axilite_RDATA[4] driven by constant 1
INFO: [Synth 8-3917] design finn_design_inst_0_FMPadding_rtl_0_0 has port s_axilite_RDATA[3] driven by constant 1
INFO: [Synth 8-3917] design finn_design_inst_0_FMPadding_rtl_0_0 has port s_axilite_RDATA[2] driven by constant 1
INFO: [Synth 8-3917] design finn_design_inst_0_FMPadding_rtl_0_0 has port s_axilite_RDATA[1] driven by constant 1
INFO: [Synth 8-3917] design finn_design_inst_0_FMPadding_rtl_0_0 has port s_axilite_RDATA[0] driven by constant 1
INFO: [Synth 8-3917] design finn_design_inst_0_FMPadding_rtl_0_0 has port s_axilite_RRESP[1] driven by constant 0
INFO: [Synth 8-3917] design finn_design_inst_0_FMPadding_rtl_0_0 has port s_axilite_RRESP[0] driven by constant 0
WARNING: [Synth 8-7129] Port s_axilite_WDATA[31] in module finn_design_inst_0_FMPadding_rtl_0_0 is either unconnected or has no load
WARNING: [Synth 8-7129] Port s_axilite_WDATA[30] in module finn_design_inst_0_FMPadding_rtl_0_0 is either unconnected or has no load
WARNING: [Synth 8-7129] Port s_axilite_WDATA[29] in module finn_design_inst_0_FMPadding_rtl_0_0 is either unconnected or has no load
WARNING: [Synth 8-7129] Port s_axilite_WDATA[28] in module finn_design_inst_0_FMPadding_rtl_0_0 is either unconnected or has no load
WARNING: [Synth 8-7129] Port s_axilite_WDATA[27] in module finn_design_inst_0_FMPadding_rtl_0_0 is either unconnected or has no load
WARNING: [Synth 8-7129] Port s_axilite_WDATA[26] in module finn_design_inst_0_FMPadding_rtl_0_0 is either unconnected or has no load
WARNING: [Synth 8-7129] Port s_axilite_WDATA[25] in module finn_design_inst_0_FMPadding_rtl_0_0 is either unconnected or has no load
WARNING: [Synth 8-7129] Port s_axilite_WDATA[24] in module finn_design_inst_0_FMPadding_rtl_0_0 is either unconnected or has no load
WARNING: [Synth 8-7129] Port s_axilite_WDATA[23] in module finn_design_inst_0_FMPadding_rtl_0_0 is either unconnected or has no load
WARNING: [Synth 8-7129] Port s_axilite_WDATA[22] in module finn_design_inst_0_FMPadding_rtl_0_0 is either unconnected or has no load
WARNING: [Synth 8-7129] Port s_axilite_WDATA[21] in module finn_design_inst_0_FMPadding_rtl_0_0 is either unconnected or has no load
WARNING: [Synth 8-7129] Port s_axilite_WDATA[20] in module finn_design_inst_0_FMPadding_rtl_0_0 is either unconnected or has no load
WARNING: [Synth 8-7129] Port s_axilite_WDATA[19] in module finn_design_inst_0_FMPadding_rtl_0_0 is either unconnected or has no load
WARNING: [Synth 8-7129] Port s_axilite_WDATA[18] in module finn_design_inst_0_FMPadding_rtl_0_0 is either unconnected or has no load
WARNING: [Synth 8-7129] Port s_axilite_WDATA[17] in module finn_design_inst_0_FMPadding_rtl_0_0 is either unconnected or has no load
WARNING: [Synth 8-7129] Port s_axilite_WDATA[16] in module finn_design_inst_0_FMPadding_rtl_0_0 is either unconnected or has no load
WARNING: [Synth 8-7129] Port s_axilite_WDATA[15] in module finn_design_inst_0_FMPadding_rtl_0_0 is either unconnected or has no load
WARNING: [Synth 8-7129] Port s_axilite_WDATA[14] in module finn_design_inst_0_FMPadding_rtl_0_0 is either unconnected or has no load
WARNING: [Synth 8-7129] Port s_axilite_WDATA[13] in module finn_design_inst_0_FMPadding_rtl_0_0 is either unconnected or has no load
WARNING: [Synth 8-7129] Port s_axilite_WDATA[12] in module finn_design_inst_0_FMPadding_rtl_0_0 is either unconnected or has no load
WARNING: [Synth 8-7129] Port s_axilite_WDATA[11] in module finn_design_inst_0_FMPadding_rtl_0_0 is either unconnected or has no load
WARNING: [Synth 8-7129] Port s_axilite_WDATA[10] in module finn_design_inst_0_FMPadding_rtl_0_0 is either unconnected or has no load
WARNING: [Synth 8-7129] Port s_axilite_WDATA[9] in module finn_design_inst_0_FMPadding_rtl_0_0 is either unconnected or has no load
WARNING: [Synth 8-7129] Port s_axilite_WDATA[8] in module finn_design_inst_0_FMPadding_rtl_0_0 is either unconnected or has no load
WARNING: [Synth 8-7129] Port s_axilite_WDATA[7] in module finn_design_inst_0_FMPadding_rtl_0_0 is either unconnected or has no load
WARNING: [Synth 8-7129] Port s_axilite_WDATA[6] in module finn_design_inst_0_FMPadding_rtl_0_0 is either unconnected or has no load
WARNING: [Synth 8-7129] Port s_axilite_WDATA[5] in module finn_design_inst_0_FMPadding_rtl_0_0 is either unconnected or has no load
WARNING: [Synth 8-7129] Port s_axilite_WSTRB[3] in module finn_design_inst_0_FMPadding_rtl_0_0 is either unconnected or has no load
WARNING: [Synth 8-7129] Port s_axilite_WSTRB[2] in module finn_design_inst_0_FMPadding_rtl_0_0 is either unconnected or has no load
WARNING: [Synth 8-7129] Port s_axilite_WSTRB[1] in module finn_design_inst_0_FMPadding_rtl_0_0 is either unconnected or has no load
WARNING: [Synth 8-7129] Port s_axilite_WSTRB[0] in module finn_design_inst_0_FMPadding_rtl_0_0 is either unconnected or has no load
WARNING: [Synth 8-7129] Port s_axilite_ARADDR[4] in module finn_design_inst_0_FMPadding_rtl_0_0 is either unconnected or has no load
WARNING: [Synth 8-7129] Port s_axilite_ARADDR[3] in module finn_design_inst_0_FMPadding_rtl_0_0 is either unconnected or has no load
WARNING: [Synth 8-7129] Port s_axilite_ARADDR[2] in module finn_design_inst_0_FMPadding_rtl_0_0 is either unconnected or has no load
WARNING: [Synth 8-7129] Port s_axilite_ARADDR[1] in module finn_design_inst_0_FMPadding_rtl_0_0 is either unconnected or has no load
WARNING: [Synth 8-7129] Port s_axilite_ARADDR[0] in module finn_design_inst_0_FMPadding_rtl_0_0 is either unconnected or has no load
---------------------------------------------------------------------------------
Finished Cross Boundary and Area Optimization : Time (s): cpu = 00:00:11 ; elapsed = 00:00:12 . Memory (MB): peak = 2250.020 ; gain = 619.238 ; free physical = 1209 ; free virtual = 3730
Synthesis current peak Physical Memory [PSS] (MB): peak = 1318.808; parent = 1162.922; children = 156.890
Synthesis current peak Virtual Memory [VSS] (MB): peak = 3183.309; parent = 2218.004; children = 965.305
---------------------------------------------------------------------------------
---------------------------------------------------------------------------------
Start Applying XDC Timing Constraints
---------------------------------------------------------------------------------
---------------------------------------------------------------------------------
Finished Applying XDC Timing Constraints : Time (s): cpu = 00:00:15 ; elapsed = 00:00:16 . Memory (MB): peak = 2250.020 ; gain = 619.238 ; free physical = 917 ; free virtual = 3446
Synthesis current peak Physical Memory [PSS] (MB): peak = 1380.887; parent = 1228.085; children = 156.890
Synthesis current peak Virtual Memory [VSS] (MB): peak = 3183.309; parent = 2218.004; children = 965.305
---------------------------------------------------------------------------------
---------------------------------------------------------------------------------
Start Timing Optimization
---------------------------------------------------------------------------------
---------------------------------------------------------------------------------
Finished Timing Optimization : Time (s): cpu = 00:00:15 ; elapsed = 00:00:17 . Memory (MB): peak = 2250.020 ; gain = 619.238 ; free physical = 918 ; free virtual = 3447
Synthesis current peak Physical Memory [PSS] (MB): peak = 1380.989; parent = 1228.188; children = 156.890
Synthesis current peak Virtual Memory [VSS] (MB): peak = 3183.309; parent = 2218.004; children = 965.305
---------------------------------------------------------------------------------
---------------------------------------------------------------------------------
Start Technology Mapping
---------------------------------------------------------------------------------
---------------------------------------------------------------------------------
Finished Technology Mapping : Time (s): cpu = 00:00:15 ; elapsed = 00:00:17 . Memory (MB): peak = 2250.020 ; gain = 619.238 ; free physical = 918 ; free virtual = 3447
Synthesis current peak Physical Memory [PSS] (MB): peak = 1381.498; parent = 1228.696; children = 156.890
Synthesis current peak Virtual Memory [VSS] (MB): peak = 3183.309; parent = 2218.004; children = 965.305
---------------------------------------------------------------------------------
---------------------------------------------------------------------------------
Start IO Insertion
---------------------------------------------------------------------------------
---------------------------------------------------------------------------------
Start Flattening Before IO Insertion
---------------------------------------------------------------------------------
---------------------------------------------------------------------------------
Finished Flattening Before IO Insertion
---------------------------------------------------------------------------------
---------------------------------------------------------------------------------
Start Final Netlist Cleanup
---------------------------------------------------------------------------------
---------------------------------------------------------------------------------
Finished Final Netlist Cleanup
---------------------------------------------------------------------------------
---------------------------------------------------------------------------------
Finished IO Insertion : Time (s): cpu = 00:00:18 ; elapsed = 00:00:19 . Memory (MB): peak = 2250.020 ; gain = 619.238 ; free physical = 724 ; free virtual = 3253
Synthesis current peak Physical Memory [PSS] (MB): peak = 1381.498; parent = 1228.696; children = 156.890
Synthesis current peak Virtual Memory [VSS] (MB): peak = 3183.309; parent = 2218.004; children = 965.305
---------------------------------------------------------------------------------
---------------------------------------------------------------------------------
Start Renaming Generated Instances
---------------------------------------------------------------------------------
---------------------------------------------------------------------------------
Finished Renaming Generated Instances : Time (s): cpu = 00:00:18 ; elapsed = 00:00:19 . Memory (MB): peak = 2250.020 ; gain = 619.238 ; free physical = 712 ; free virtual = 3241
Synthesis current peak Physical Memory [PSS] (MB): peak = 1381.498; parent = 1228.696; children = 156.890
Synthesis current peak Virtual Memory [VSS] (MB): peak = 3183.309; parent = 2218.004; children = 965.305
---------------------------------------------------------------------------------
---------------------------------------------------------------------------------
Start Rebuilding User Hierarchy
---------------------------------------------------------------------------------
---------------------------------------------------------------------------------
Finished Rebuilding User Hierarchy : Time (s): cpu = 00:00:18 ; elapsed = 00:00:19 . Memory (MB): peak = 2250.020 ; gain = 619.238 ; free physical = 704 ; free virtual = 3233
Synthesis current peak Physical Memory [PSS] (MB): peak = 1381.498; parent = 1228.696; children = 156.890
Synthesis current peak Virtual Memory [VSS] (MB): peak = 3183.309; parent = 2218.004; children = 965.305
---------------------------------------------------------------------------------
---------------------------------------------------------------------------------
Start Renaming Generated Ports
---------------------------------------------------------------------------------
---------------------------------------------------------------------------------
Finished Renaming Generated Ports : Time (s): cpu = 00:00:18 ; elapsed = 00:00:19 . Memory (MB): peak = 2250.020 ; gain = 619.238 ; free physical = 700 ; free virtual = 3229
Synthesis current peak Physical Memory [PSS] (MB): peak = 1381.498; parent = 1228.696; children = 156.890
Synthesis current peak Virtual Memory [VSS] (MB): peak = 3183.309; parent = 2218.004; children = 965.305
---------------------------------------------------------------------------------
---------------------------------------------------------------------------------
Start Handling Custom Attributes
---------------------------------------------------------------------------------
---------------------------------------------------------------------------------
Finished Handling Custom Attributes : Time (s): cpu = 00:00:18 ; elapsed = 00:00:19 . Memory (MB): peak = 2250.020 ; gain = 619.238 ; free physical = 689 ; free virtual = 3217
Synthesis current peak Physical Memory [PSS] (MB): peak = 1381.498; parent = 1228.696; children = 156.890
Synthesis current peak Virtual Memory [VSS] (MB): peak = 3183.309; parent = 2218.004; children = 965.305
---------------------------------------------------------------------------------
---------------------------------------------------------------------------------
Start Renaming Generated Nets
---------------------------------------------------------------------------------
---------------------------------------------------------------------------------
Finished Renaming Generated Nets : Time (s): cpu = 00:00:18 ; elapsed = 00:00:19 . Memory (MB): peak = 2250.020 ; gain = 619.238 ; free physical = 690 ; free virtual = 3219
Synthesis current peak Physical Memory [PSS] (MB): peak = 1381.498; parent = 1228.696; children = 156.890
Synthesis current peak Virtual Memory [VSS] (MB): peak = 3183.309; parent = 2218.004; children = 965.305
---------------------------------------------------------------------------------
---------------------------------------------------------------------------------
Start Writing Synthesis Report
---------------------------------------------------------------------------------

Report BlackBoxes: 
+-+--------------+----------+
| |BlackBox name |Instances |
+-+--------------+----------+
+-+--------------+----------+

Report Cell Usage: 
+------+-----+------+
|      |Cell |Count |
+------+-----+------+
|1     |LUT1 |     3|
|2     |LUT2 |     6|
|3     |LUT3 |    11|
|4     |LUT4 |     5|
|5     |LUT5 |    10|
|6     |LUT6 |    20|
|7     |FDRE |    72|
+------+-----+------+
---------------------------------------------------------------------------------
Finished Writing Synthesis Report : Time (s): cpu = 00:00:18 ; elapsed = 00:00:19 . Memory (MB): peak = 2250.020 ; gain = 619.238 ; free physical = 679 ; free virtual = 3208
Synthesis current peak Physical Memory [PSS] (MB): peak = 1381.498; parent = 1228.696; children = 156.890
Synthesis current peak Virtual Memory [VSS] (MB): peak = 3183.309; parent = 2218.004; children = 965.305
---------------------------------------------------------------------------------
Synthesis finished with 0 errors, 0 critical warnings and 37 warnings.
Synthesis Optimization Runtime : Time (s): cpu = 00:00:17 ; elapsed = 00:00:18 . Memory (MB): peak = 2250.020 ; gain = 461.488 ; free physical = 725 ; free virtual = 3254
Synthesis Optimization Complete : Time (s): cpu = 00:00:18 ; elapsed = 00:00:20 . Memory (MB): peak = 2250.020 ; gain = 619.238 ; free physical = 717 ; free virtual = 3246
INFO: [Project 1-571] Translating synthesized netlist
Netlist sorting complete. Time (s): cpu = 00:00:00 ; elapsed = 00:00:00 . Memory (MB): peak = 2250.020 ; gain = 0.000 ; free physical = 699 ; free virtual = 3228
INFO: [Project 1-570] Preparing netlist for logic optimization
INFO: [Opt 31-138] Pushed 0 inverter(s) to 0 load pin(s).
Netlist sorting complete. Time (s): cpu = 00:00:00 ; elapsed = 00:00:00 . Memory (MB): peak = 2250.020 ; gain = 0.000 ; free physical = 740 ; free virtual = 3269
INFO: [Project 1-111] Unisim Transformation Summary:
No Unisim elements were transformed.

Synth Design complete, checksum: fdd49053
INFO: [Common 17-83] Releasing license: Synthesis
86 Infos, 96 Warnings, 0 Critical Warnings and 0 Errors encountered.
synth_design completed successfully
synth_design: Time (s): cpu = 00:00:24 ; elapsed = 00:00:24 . Memory (MB): peak = 2250.020 ; gain = 950.863 ; free physical = 941 ; free virtual = 3470
INFO: [Common 17-1381] The checkpoint '/home/andreea/proiect_finn/output_ip_hardware_cu_maimulteepoici/stitched_ip/finn_vivado_stitch_proj.runs/finn_design_inst_0_FMPadding_rtl_0_0_synth_1/finn_design_inst_0_FMPadding_rtl_0_0.dcp' has been generated.
INFO: [Coretcl 2-1648] Added synthesis output to IP cache for IP finn_design_inst_0_FMPadding_rtl_0_0, cache-ID = 8f9d8680c2b8e763
INFO: [Coretcl 2-1174] Renamed 4 cell refs.
INFO: [Common 17-1381] The checkpoint '/home/andreea/proiect_finn/output_ip_hardware_cu_maimulteepoici/stitched_ip/finn_vivado_stitch_proj.runs/finn_design_inst_0_FMPadding_rtl_0_0_synth_1/finn_design_inst_0_FMPadding_rtl_0_0.dcp' has been generated.
INFO: [runtcl-4] Executing : report_utilization -file finn_design_inst_0_FMPadding_rtl_0_0_utilization_synth.rpt -pb finn_design_inst_0_FMPadding_rtl_0_0_utilization_synth.pb
INFO: [Common 17-206] Exiting Vivado at Sun Apr 19 14:03:58 2026...
