
*** Running vivado
    with args -log finn_design_inst_0_StreamingFIFO_rtl_7_0.vds -m64 -product Vivado -mode batch -messageDb vivado.pb -notrace -source finn_design_inst_0_StreamingFIFO_rtl_7_0.tcl


****** Vivado v2022.2 (64-bit)
  **** SW Build 3671981 on Fri Oct 14 04:59:54 MDT 2022
  **** IP Build 3669848 on Fri Oct 14 08:30:02 MDT 2022
    ** Copyright 1986-2022 Xilinx, Inc. All Rights Reserved.

source finn_design_inst_0_StreamingFIFO_rtl_7_0.tcl -notrace
INFO: [IP_Flow 19-234] Refreshing IP repositories
INFO: [IP_Flow 19-1700] Loaded user IP repository '/home/andreea/finn/finn-rtllib/memstream'.
INFO: [IP_Flow 19-1700] Loaded user IP repository '/tmp/finn_dev_andreea/code_gen_ipgen_StreamingFIFO_rtl_0_iemavooy'.
INFO: [IP_Flow 19-1700] Loaded user IP repository '/tmp/finn_dev_andreea/code_gen_ipgen_FMPadding_rtl_0_niewojjq'.
INFO: [IP_Flow 19-1700] Loaded user IP repository '/tmp/finn_dev_andreea/code_gen_ipgen_StreamingFIFO_rtl_1_q1hnvlgl'.
INFO: [IP_Flow 19-1700] Loaded user IP repository '/tmp/finn_dev_andreea/code_gen_ipgen_ConvolutionInputGenerator_rtl_0_h6a0h_ka'.
INFO: [IP_Flow 19-1700] Loaded user IP repository '/tmp/finn_dev_andreea/code_gen_ipgen_StreamingFIFO_rtl_2_sm1awxs6'.
INFO: [IP_Flow 19-1700] Loaded user IP repository '/tmp/finn_dev_andreea/code_gen_ipgen_StreamingDataWidthConverter_rtl_0_ij2l_izx'.
INFO: [IP_Flow 19-1700] Loaded user IP repository '/tmp/finn_dev_andreea/code_gen_ipgen_StreamingFIFO_rtl_3_pq1kvdfs'.
INFO: [IP_Flow 19-1700] Loaded user IP repository '/tmp/finn_dev_andreea/code_gen_ipgen_MVAU_hls_0_qjxm8vie/project_MVAU_hls_0/sol1/impl/ip'.
INFO: [IP_Flow 19-1700] Loaded user IP repository '/tmp/finn_dev_andreea/code_gen_ipgen_StreamingFIFO_rtl_4_olfwghyo'.
INFO: [IP_Flow 19-1700] Loaded user IP repository '/tmp/finn_dev_andreea/code_gen_ipgen_StreamingDataWidthConverter_rtl_1_5ontli_g'.
INFO: [IP_Flow 19-1700] Loaded user IP repository '/tmp/finn_dev_andreea/code_gen_ipgen_StreamingFIFO_rtl_5_1ywnmozb'.
INFO: [IP_Flow 19-1700] Loaded user IP repository '/tmp/finn_dev_andreea/code_gen_ipgen_StreamingMaxPool_hls_0_2w9930ha/project_StreamingMaxPool_hls_0/sol1/impl/ip'.
INFO: [IP_Flow 19-1700] Loaded user IP repository '/tmp/finn_dev_andreea/code_gen_ipgen_StreamingFIFO_rtl_6_lx3g0gm1'.
INFO: [IP_Flow 19-1700] Loaded user IP repository '/tmp/finn_dev_andreea/code_gen_ipgen_StreamingDataWidthConverter_rtl_2_3tifrhmh'.
INFO: [IP_Flow 19-1700] Loaded user IP repository '/tmp/finn_dev_andreea/code_gen_ipgen_StreamingFIFO_rtl_7_mh_mf3y9'.
INFO: [IP_Flow 19-1700] Loaded user IP repository '/tmp/finn_dev_andreea/code_gen_ipgen_MVAU_hls_1_d8atf5o9/project_MVAU_hls_1/sol1/impl/ip'.
INFO: [IP_Flow 19-1700] Loaded user IP repository '/tmp/finn_dev_andreea/code_gen_ipgen_StreamingFIFO_rtl_8_sbjreyx9'.
INFO: [IP_Flow 19-1700] Loaded user IP repository '/tmp/finn_dev_andreea/code_gen_ipgen_MVAU_rtl_0_cyd2g4ui'.
INFO: [IP_Flow 19-1700] Loaded user IP repository '/tmp/finn_dev_andreea/code_gen_ipgen_StreamingFIFO_rtl_9_h3n7iwd2'.
INFO: [IP_Flow 19-2313] Loaded Vivado IP repository '/tools/Xilinx/Vivado/2022.2/data/ip'.
INFO: [IP_Flow 19-6924] IPCACHE: Running cache check for IP inst: finn_design_inst_0_StreamingFIFO_rtl_7_0
Command: synth_design -top finn_design_inst_0_StreamingFIFO_rtl_7_0 -part xc7z020clg400-1 -incremental_mode off -mode out_of_context
Starting synth_design
Attempting to get a license for feature 'Synthesis' and/or device 'xc7z020'
INFO: [Common 17-349] Got license for feature 'Synthesis' and/or device 'xc7z020'
INFO: [Device 21-403] Loading part xc7z020clg400-1
INFO: [Synth 8-7079] Multithreading enabled for synth_design using a maximum of 4 processes.
INFO: [Synth 8-7078] Launching helper process for spawning children vivado processes
INFO: [Synth 8-7075] Helper process launched with PID 928186
INFO: [Synth 8-11241] undeclared symbol 'REGCCE', assumed default net type 'wire' [/tools/Xilinx/Vivado/2022.2/data/verilog/src/unimacro/BRAM_SINGLE_MACRO.v:2170]
---------------------------------------------------------------------------------
Starting RTL Elaboration : Time (s): cpu = 00:00:04 ; elapsed = 00:00:05 . Memory (MB): peak = 2002.445 ; gain = 372.770 ; free physical = 370 ; free virtual = 2864
Synthesis current peak Physical Memory [PSS] (MB): peak = 1277.735; parent = 1128.843; children = 148.893
Synthesis current peak Virtual Memory [VSS] (MB): peak = 2973.547; parent = 2006.414; children = 967.133
---------------------------------------------------------------------------------
INFO: [Synth 8-6157] synthesizing module 'finn_design_inst_0_StreamingFIFO_rtl_7_0' [/home/andreea/proiect_finn/output_ip_hardware_cu_maimulteepoici/stitched_ip/finn_vivado_stitch_proj.gen/sources_1/bd/design_1/bd/finn_design_inst_0/ip/finn_design_inst_0_StreamingFIFO_rtl_7_0/synth/finn_design_inst_0_StreamingFIFO_rtl_7_0.v:53]
INFO: [Synth 8-6157] synthesizing module 'StreamingFIFO_rtl_7' [/tmp/finn_dev_andreea/code_gen_ipgen_StreamingFIFO_rtl_7_mh_mf3y9/StreamingFIFO_rtl_7.v:32]
INFO: [Synth 8-6157] synthesizing module 'Q_srl' [/tmp/finn_dev_andreea/code_gen_ipgen_StreamingFIFO_rtl_0_iemavooy/Q_srl.v:72]
INFO: [Synth 8-6155] done synthesizing module 'Q_srl' (0#1) [/tmp/finn_dev_andreea/code_gen_ipgen_StreamingFIFO_rtl_0_iemavooy/Q_srl.v:72]
INFO: [Synth 8-6155] done synthesizing module 'StreamingFIFO_rtl_7' (0#1) [/tmp/finn_dev_andreea/code_gen_ipgen_StreamingFIFO_rtl_7_mh_mf3y9/StreamingFIFO_rtl_7.v:32]
INFO: [Synth 8-6155] done synthesizing module 'finn_design_inst_0_StreamingFIFO_rtl_7_0' (0#1) [/home/andreea/proiect_finn/output_ip_hardware_cu_maimulteepoici/stitched_ip/finn_vivado_stitch_proj.gen/sources_1/bd/design_1/bd/finn_design_inst_0/ip/finn_design_inst_0_StreamingFIFO_rtl_7_0/synth/finn_design_inst_0_StreamingFIFO_rtl_7_0.v:53]
---------------------------------------------------------------------------------
Finished RTL Elaboration : Time (s): cpu = 00:00:05 ; elapsed = 00:00:06 . Memory (MB): peak = 2080.383 ; gain = 450.707 ; free physical = 858 ; free virtual = 3351
Synthesis current peak Physical Memory [PSS] (MB): peak = 1277.735; parent = 1128.843; children = 161.365
Synthesis current peak Virtual Memory [VSS] (MB): peak = 3047.516; parent = 2080.383; children = 967.133
---------------------------------------------------------------------------------
---------------------------------------------------------------------------------
Start Handling Custom Attributes
---------------------------------------------------------------------------------
---------------------------------------------------------------------------------
Finished Handling Custom Attributes : Time (s): cpu = 00:00:05 ; elapsed = 00:00:06 . Memory (MB): peak = 2098.195 ; gain = 468.520 ; free physical = 1007 ; free virtual = 3499
Synthesis current peak Physical Memory [PSS] (MB): peak = 1277.735; parent = 1128.843; children = 161.365
Synthesis current peak Virtual Memory [VSS] (MB): peak = 3065.328; parent = 2098.195; children = 967.133
---------------------------------------------------------------------------------
---------------------------------------------------------------------------------
Finished RTL Optimization Phase 1 : Time (s): cpu = 00:00:05 ; elapsed = 00:00:06 . Memory (MB): peak = 2098.195 ; gain = 468.520 ; free physical = 1041 ; free virtual = 3533
Synthesis current peak Physical Memory [PSS] (MB): peak = 1277.735; parent = 1128.843; children = 161.365
Synthesis current peak Virtual Memory [VSS] (MB): peak = 3065.328; parent = 2098.195; children = 967.133
---------------------------------------------------------------------------------
Netlist sorting complete. Time (s): cpu = 00:00:00.03 ; elapsed = 00:00:00.03 . Memory (MB): peak = 2098.195 ; gain = 0.000 ; free physical = 1032 ; free virtual = 3520
INFO: [Project 1-570] Preparing netlist for logic optimization

Processing XDC Constraints
Initializing timing engine
Completed Processing XDC Constraints

Netlist sorting complete. Time (s): cpu = 00:00:00 ; elapsed = 00:00:00 . Memory (MB): peak = 2255.945 ; gain = 0.000 ; free physical = 956 ; free virtual = 3439
INFO: [Project 1-111] Unisim Transformation Summary:
No Unisim elements were transformed.

Constraint Validation Runtime : Time (s): cpu = 00:00:00.13 ; elapsed = 00:00:00.04 . Memory (MB): peak = 2255.945 ; gain = 0.000 ; free physical = 953 ; free virtual = 3436
INFO: [Designutils 20-5008] Incremental synthesis strategy off
INFO: [Synth 8-11241] undeclared symbol 'REGCCE', assumed default net type 'wire' [/tools/Xilinx/Vivado/2022.2/data/verilog/src/unimacro/BRAM_SINGLE_MACRO.v:2170]
---------------------------------------------------------------------------------
Finished Constraint Validation : Time (s): cpu = 00:00:10 ; elapsed = 00:00:11 . Memory (MB): peak = 2255.945 ; gain = 626.270 ; free physical = 1024 ; free virtual = 3507
Synthesis current peak Physical Memory [PSS] (MB): peak = 1306.508; parent = 1145.131; children = 161.377
Synthesis current peak Virtual Memory [VSS] (MB): peak = 3191.062; parent = 2223.930; children = 967.133
---------------------------------------------------------------------------------
---------------------------------------------------------------------------------
Start Loading Part and Timing Information
---------------------------------------------------------------------------------
Loading part: xc7z020clg400-1
---------------------------------------------------------------------------------
Finished Loading Part and Timing Information : Time (s): cpu = 00:00:10 ; elapsed = 00:00:11 . Memory (MB): peak = 2255.945 ; gain = 626.270 ; free physical = 1024 ; free virtual = 3507
Synthesis current peak Physical Memory [PSS] (MB): peak = 1306.508; parent = 1145.131; children = 161.377
Synthesis current peak Virtual Memory [VSS] (MB): peak = 3191.062; parent = 2223.930; children = 967.133
---------------------------------------------------------------------------------
---------------------------------------------------------------------------------
Start Applying 'set_property' XDC Constraints
---------------------------------------------------------------------------------
---------------------------------------------------------------------------------
Finished applying 'set_property' XDC Constraints : Time (s): cpu = 00:00:10 ; elapsed = 00:00:11 . Memory (MB): peak = 2255.945 ; gain = 626.270 ; free physical = 1027 ; free virtual = 3510
Synthesis current peak Physical Memory [PSS] (MB): peak = 1306.508; parent = 1145.131; children = 161.377
Synthesis current peak Virtual Memory [VSS] (MB): peak = 3191.062; parent = 2223.930; children = 967.133
---------------------------------------------------------------------------------
INFO: [Synth 8-802] inferred FSM for state register 'state_reg' in module 'Q_srl'
---------------------------------------------------------------------------------------------------
                   State |                     New Encoding |                Previous Encoding 
---------------------------------------------------------------------------------------------------
             state_empty |                               00 |                               00
               state_one |                               01 |                               01
              state_more |                               10 |                               10
---------------------------------------------------------------------------------------------------
INFO: [Synth 8-3354] encoded FSM with state register 'state_reg' using encoding 'sequential' in module 'Q_srl'
---------------------------------------------------------------------------------
Finished RTL Optimization Phase 2 : Time (s): cpu = 00:00:10 ; elapsed = 00:00:11 . Memory (MB): peak = 2255.945 ; gain = 626.270 ; free physical = 1018 ; free virtual = 3503
Synthesis current peak Physical Memory [PSS] (MB): peak = 1306.508; parent = 1145.131; children = 161.377
Synthesis current peak Virtual Memory [VSS] (MB): peak = 3191.062; parent = 2223.930; children = 967.133
---------------------------------------------------------------------------------
---------------------------------------------------------------------------------
Start RTL Component Statistics 
---------------------------------------------------------------------------------
Detailed RTL Component Info : 
+---Adders : 
	   2 Input    7 Bit       Adders := 3     
+---Registers : 
	               64 Bit    Registers := 1     
	                7 Bit    Registers := 2     
	                1 Bit    Registers := 3     
+---Muxes : 
	   3 Input   64 Bit        Muxes := 1     
	   2 Input    7 Bit        Muxes := 2     
	   3 Input    7 Bit        Muxes := 1     
	   2 Input    2 Bit        Muxes := 3     
	   7 Input    2 Bit        Muxes := 2     
	   3 Input    2 Bit        Muxes := 2     
	  15 Input    2 Bit        Muxes := 1     
	   2 Input    1 Bit        Muxes := 8     
	   3 Input    1 Bit        Muxes := 2     
---------------------------------------------------------------------------------
Finished RTL Component Statistics 
---------------------------------------------------------------------------------
---------------------------------------------------------------------------------
Start Part Resource Summary
---------------------------------------------------------------------------------
Part Resources:
DSPs: 220 (col length:60)
BRAMs: 280 (col length: RAMB18 60 RAMB36 30)
---------------------------------------------------------------------------------
Finished Part Resource Summary
---------------------------------------------------------------------------------
---------------------------------------------------------------------------------
Start Cross Boundary and Area Optimization
---------------------------------------------------------------------------------
WARNING: [Synth 8-7080] Parallel synthesis criteria is not met
---------------------------------------------------------------------------------
Finished Cross Boundary and Area Optimization : Time (s): cpu = 00:00:11 ; elapsed = 00:00:12 . Memory (MB): peak = 2255.945 ; gain = 626.270 ; free physical = 1002 ; free virtual = 3490
Synthesis current peak Physical Memory [PSS] (MB): peak = 1306.508; parent = 1145.131; children = 161.377
Synthesis current peak Virtual Memory [VSS] (MB): peak = 3191.062; parent = 2223.930; children = 967.133
---------------------------------------------------------------------------------
---------------------------------------------------------------------------------
Start Applying XDC Timing Constraints
---------------------------------------------------------------------------------
---------------------------------------------------------------------------------
Finished Applying XDC Timing Constraints : Time (s): cpu = 00:00:14 ; elapsed = 00:00:15 . Memory (MB): peak = 2255.945 ; gain = 626.270 ; free physical = 881 ; free virtual = 3370
Synthesis current peak Physical Memory [PSS] (MB): peak = 1388.581; parent = 1227.207; children = 161.377
Synthesis current peak Virtual Memory [VSS] (MB): peak = 3191.062; parent = 2223.930; children = 967.133
---------------------------------------------------------------------------------
---------------------------------------------------------------------------------
Start Timing Optimization
---------------------------------------------------------------------------------
---------------------------------------------------------------------------------
Finished Timing Optimization : Time (s): cpu = 00:00:14 ; elapsed = 00:00:15 . Memory (MB): peak = 2255.945 ; gain = 626.270 ; free physical = 881 ; free virtual = 3369
Synthesis current peak Physical Memory [PSS] (MB): peak = 1388.679; parent = 1227.305; children = 161.377
Synthesis current peak Virtual Memory [VSS] (MB): peak = 3191.062; parent = 2223.930; children = 967.133
---------------------------------------------------------------------------------
---------------------------------------------------------------------------------
Start Technology Mapping
---------------------------------------------------------------------------------
---------------------------------------------------------------------------------
Finished Technology Mapping : Time (s): cpu = 00:00:14 ; elapsed = 00:00:15 . Memory (MB): peak = 2255.945 ; gain = 626.270 ; free physical = 879 ; free virtual = 3367
Synthesis current peak Physical Memory [PSS] (MB): peak = 1390.077; parent = 1228.703; children = 161.377
Synthesis current peak Virtual Memory [VSS] (MB): peak = 3191.062; parent = 2223.930; children = 967.133
---------------------------------------------------------------------------------
---------------------------------------------------------------------------------
Start IO Insertion
---------------------------------------------------------------------------------
---------------------------------------------------------------------------------
Start Flattening Before IO Insertion
---------------------------------------------------------------------------------
---------------------------------------------------------------------------------
Finished Flattening Before IO Insertion
---------------------------------------------------------------------------------
---------------------------------------------------------------------------------
Start Final Netlist Cleanup
---------------------------------------------------------------------------------
---------------------------------------------------------------------------------
Finished Final Netlist Cleanup
---------------------------------------------------------------------------------
---------------------------------------------------------------------------------
Finished IO Insertion : Time (s): cpu = 00:00:16 ; elapsed = 00:00:17 . Memory (MB): peak = 2255.945 ; gain = 626.270 ; free physical = 3591 ; free virtual = 6082
Synthesis current peak Physical Memory [PSS] (MB): peak = 1581.674; parent = 1380.613; children = 201.061
Synthesis current peak Virtual Memory [VSS] (MB): peak = 3191.062; parent = 2223.930; children = 967.133
---------------------------------------------------------------------------------
---------------------------------------------------------------------------------
Start Renaming Generated Instances
---------------------------------------------------------------------------------
---------------------------------------------------------------------------------
Finished Renaming Generated Instances : Time (s): cpu = 00:00:16 ; elapsed = 00:00:17 . Memory (MB): peak = 2255.945 ; gain = 626.270 ; free physical = 3622 ; free virtual = 6113
Synthesis current peak Physical Memory [PSS] (MB): peak = 1581.674; parent = 1380.613; children = 201.061
Synthesis current peak Virtual Memory [VSS] (MB): peak = 3191.062; parent = 2223.930; children = 967.133
---------------------------------------------------------------------------------
---------------------------------------------------------------------------------
Start Rebuilding User Hierarchy
---------------------------------------------------------------------------------
---------------------------------------------------------------------------------
Finished Rebuilding User Hierarchy : Time (s): cpu = 00:00:16 ; elapsed = 00:00:18 . Memory (MB): peak = 2255.945 ; gain = 626.270 ; free physical = 3625 ; free virtual = 6116
Synthesis current peak Physical Memory [PSS] (MB): peak = 1581.674; parent = 1380.613; children = 201.061
Synthesis current peak Virtual Memory [VSS] (MB): peak = 3191.062; parent = 2223.930; children = 967.133
---------------------------------------------------------------------------------
---------------------------------------------------------------------------------
Start Renaming Generated Ports
---------------------------------------------------------------------------------
---------------------------------------------------------------------------------
Finished Renaming Generated Ports : Time (s): cpu = 00:00:16 ; elapsed = 00:00:18 . Memory (MB): peak = 2255.945 ; gain = 626.270 ; free physical = 3622 ; free virtual = 6113
Synthesis current peak Physical Memory [PSS] (MB): peak = 1581.674; parent = 1380.613; children = 201.061
Synthesis current peak Virtual Memory [VSS] (MB): peak = 3191.062; parent = 2223.930; children = 967.133
---------------------------------------------------------------------------------
---------------------------------------------------------------------------------
Start Handling Custom Attributes
---------------------------------------------------------------------------------
---------------------------------------------------------------------------------
Finished Handling Custom Attributes : Time (s): cpu = 00:00:16 ; elapsed = 00:00:18 . Memory (MB): peak = 2255.945 ; gain = 626.270 ; free physical = 3596 ; free virtual = 6087
Synthesis current peak Physical Memory [PSS] (MB): peak = 1581.674; parent = 1380.613; children = 201.061
Synthesis current peak Virtual Memory [VSS] (MB): peak = 3191.062; parent = 2223.930; children = 967.133
---------------------------------------------------------------------------------
---------------------------------------------------------------------------------
Start Renaming Generated Nets
---------------------------------------------------------------------------------
---------------------------------------------------------------------------------
Finished Renaming Generated Nets : Time (s): cpu = 00:00:16 ; elapsed = 00:00:18 . Memory (MB): peak = 2255.945 ; gain = 626.270 ; free physical = 3595 ; free virtual = 6086
Synthesis current peak Physical Memory [PSS] (MB): peak = 1581.674; parent = 1380.613; children = 201.061
Synthesis current peak Virtual Memory [VSS] (MB): peak = 3191.062; parent = 2223.930; children = 967.133
---------------------------------------------------------------------------------
---------------------------------------------------------------------------------
Start ROM, RAM, DSP, Shift Register and Retiming Reporting
---------------------------------------------------------------------------------

Dynamic Shift Register Report:
+------------+--------------+--------+------------+--------+---------+--------+--------+--------+
|Module Name | RTL Name     | Length | Data Width | SRL16E | SRLC32E | Mux F7 | Mux F8 | Mux F9 | 
+------------+--------------+--------+------------+--------+---------+--------+--------+--------+
|dsrl        | srl_reg[108] | 64     | 64         | 0      | 256     | 128    | 64     | 0      | 
+------------+--------------+--------+------------+--------+---------+--------+--------+--------+

---------------------------------------------------------------------------------
Finished ROM, RAM, DSP, Shift Register and Retiming Reporting
---------------------------------------------------------------------------------
---------------------------------------------------------------------------------
Start Writing Synthesis Report
---------------------------------------------------------------------------------

Report BlackBoxes: 
+-+--------------+----------+
| |BlackBox name |Instances |
+-+--------------+----------+
+-+--------------+----------+

Report Cell Usage: 
+------+--------+------+
|      |Cell    |Count |
+------+--------+------+
|1     |CARRY4  |     1|
|2     |LUT1    |     2|
|3     |LUT2    |     4|
|4     |LUT3    |     5|
|5     |LUT4    |    71|
|6     |LUT5    |     5|
|7     |LUT6    |    39|
|8     |MUXF7   |   128|
|9     |MUXF8   |    64|
|10    |SRLC32E |   256|
|11    |FDRE    |    90|
+------+--------+------+
---------------------------------------------------------------------------------
Finished Writing Synthesis Report : Time (s): cpu = 00:00:16 ; elapsed = 00:00:18 . Memory (MB): peak = 2255.945 ; gain = 626.270 ; free physical = 3593 ; free virtual = 6085
Synthesis current peak Physical Memory [PSS] (MB): peak = 1581.674; parent = 1380.613; children = 201.061
Synthesis current peak Virtual Memory [VSS] (MB): peak = 3191.062; parent = 2223.930; children = 967.133
---------------------------------------------------------------------------------
Synthesis finished with 0 errors, 0 critical warnings and 1 warnings.
Synthesis Optimization Runtime : Time (s): cpu = 00:00:15 ; elapsed = 00:00:16 . Memory (MB): peak = 2255.945 ; gain = 468.520 ; free physical = 3637 ; free virtual = 6129
Synthesis Optimization Complete : Time (s): cpu = 00:00:16 ; elapsed = 00:00:18 . Memory (MB): peak = 2255.945 ; gain = 626.270 ; free physical = 3632 ; free virtual = 6124
INFO: [Project 1-571] Translating synthesized netlist
Netlist sorting complete. Time (s): cpu = 00:00:00 ; elapsed = 00:00:00.01 . Memory (MB): peak = 2255.945 ; gain = 0.000 ; free physical = 3627 ; free virtual = 6118
INFO: [Netlist 29-17] Analyzing 193 Unisim elements for replacement
INFO: [Netlist 29-28] Unisim Transformation completed in 0 CPU seconds
INFO: [Project 1-570] Preparing netlist for logic optimization
INFO: [Opt 31-138] Pushed 0 inverter(s) to 0 load pin(s).
Netlist sorting complete. Time (s): cpu = 00:00:00 ; elapsed = 00:00:00 . Memory (MB): peak = 2255.945 ; gain = 0.000 ; free physical = 3633 ; free virtual = 6124
INFO: [Project 1-111] Unisim Transformation Summary:
No Unisim elements were transformed.

Synth Design complete, checksum: 9aee56be
INFO: [Common 17-83] Releasing license: Synthesis
48 Infos, 1 Warnings, 0 Critical Warnings and 0 Errors encountered.
synth_design completed successfully
synth_design: Time (s): cpu = 00:00:23 ; elapsed = 00:00:22 . Memory (MB): peak = 2255.945 ; gain = 935.957 ; free physical = 3841 ; free virtual = 6332
INFO: [Common 17-1381] The checkpoint '/home/andreea/proiect_finn/output_ip_hardware_cu_maimulteepoici/stitched_ip/finn_vivado_stitch_proj.runs/finn_design_inst_0_StreamingFIFO_rtl_7_0_synth_1/finn_design_inst_0_StreamingFIFO_rtl_7_0.dcp' has been generated.
INFO: [Coretcl 2-1648] Added synthesis output to IP cache for IP finn_design_inst_0_StreamingFIFO_rtl_7_0, cache-ID = 3ea1fc9d2edd4ae6
INFO: [Coretcl 2-1174] Renamed 2 cell refs.
INFO: [Common 17-1381] The checkpoint '/home/andreea/proiect_finn/output_ip_hardware_cu_maimulteepoici/stitched_ip/finn_vivado_stitch_proj.runs/finn_design_inst_0_StreamingFIFO_rtl_7_0_synth_1/finn_design_inst_0_StreamingFIFO_rtl_7_0.dcp' has been generated.
INFO: [runtcl-4] Executing : report_utilization -file finn_design_inst_0_StreamingFIFO_rtl_7_0_utilization_synth.rpt -pb finn_design_inst_0_StreamingFIFO_rtl_7_0_utilization_synth.pb
INFO: [Common 17-206] Exiting Vivado at Sun Apr 19 14:07:05 2026...
