#-----------------------------------------------------------
# Vivado v2024.1 (64-bit)
# SW Build 5076996 on Wed May 22 18:37:14 MDT 2024
# IP Build 5075265 on Wed May 22 21:45:21 MDT 2024
# SharedData Build 5076995 on Wed May 22 18:29:18 MDT 2024
# Start of session at: Mon Oct  7 14:39:41 2024
# Process ID: 16224
# Current directory: F:/Facultate/An III/SSC/lab/lab2/lab2.runs/fp_subtractor_synth_1
# Command line: vivado.exe -log fp_subtractor.vds -product Vivado -mode batch -messageDb vivado.pb -notrace -source fp_subtractor.tcl
# Log file: F:/Facultate/An III/SSC/lab/lab2/lab2.runs/fp_subtractor_synth_1/fp_subtractor.vds
# Journal file: F:/Facultate/An III/SSC/lab/lab2/lab2.runs/fp_subtractor_synth_1\vivado.jou
# Running On        :DESKTOP-ME0JH9S
# Platform          :Windows Server 2016 or Windows 10
# Operating System  :19045
# Processor Detail  :AMD Ryzen 5 5500U with Radeon Graphics         
# CPU Frequency     :2096 MHz
# CPU Physical cores:6
# CPU Logical cores :12
# Host memory       :16486 MB
# Swap memory       :11251 MB
# Total Virtual     :27737 MB
# Available Virtual :12797 MB
#-----------------------------------------------------------
source fp_subtractor.tcl -notrace
