
*** Running vivado
    with args -log finn_design_FMPadding_rtl_0_0.vds -m64 -product Vivado -mode batch -messageDb vivado.pb -notrace -source finn_design_FMPadding_rtl_0_0.tcl


****** Vivado v2022.2 (64-bit)
  **** SW Build 3671981 on Fri Oct 14 04:59:54 MDT 2022
  **** IP Build 3669848 on Fri Oct 14 08:30:02 MDT 2022
    ** Copyright 1986-2022 Xilinx, Inc. All Rights Reserved.

source finn_design_FMPadding_rtl_0_0.tcl -notrace
create_project: Time (s): cpu = 00:00:07 ; elapsed = 00:00:07 . Memory (MB): peak = 1311.078 ; gain = 0.027 ; free physical = 3425 ; free virtual = 6387
INFO: [IP_Flow 19-234] Refreshing IP repositories
INFO: [IP_Flow 19-1700] Loaded user IP repository '/home/andreea/finn/finn-rtllib/memstream'.
INFO: [IP_Flow 19-1700] Loaded user IP repository '/tmp/finn_dev_andreea/code_gen_ipgen_StreamingFIFO_rtl_0_ydn40a1v'.
INFO: [IP_Flow 19-1700] Loaded user IP repository '/tmp/finn_dev_andreea/code_gen_ipgen_FMPadding_rtl_0_zyuj32m2'.
INFO: [IP_Flow 19-1700] Loaded user IP repository '/tmp/finn_dev_andreea/code_gen_ipgen_StreamingFIFO_rtl_1_w6d3yn59'.
INFO: [IP_Flow 19-1700] Loaded user IP repository '/tmp/finn_dev_andreea/code_gen_ipgen_ConvolutionInputGenerator_rtl_0_odh4qvan'.
INFO: [IP_Flow 19-1700] Loaded user IP repository '/tmp/finn_dev_andreea/code_gen_ipgen_StreamingFIFO_rtl_2_kc_2n9b3'.
INFO: [IP_Flow 19-1700] Loaded user IP repository '/tmp/finn_dev_andreea/code_gen_ipgen_MVAU_hls_0__5svskkv/project_MVAU_hls_0/sol1/impl/ip'.
INFO: [IP_Flow 19-1700] Loaded user IP repository '/tmp/finn_dev_andreea/code_gen_ipgen_StreamingFIFO_rtl_3_0rs67dmk'.
INFO: [IP_Flow 19-1700] Loaded user IP repository '/tmp/finn_dev_andreea/code_gen_ipgen_StreamingDataWidthConverter_rtl_0_doquwkd1'.
INFO: [IP_Flow 19-1700] Loaded user IP repository '/tmp/finn_dev_andreea/code_gen_ipgen_StreamingFIFO_rtl_4_h8xhgbxy'.
INFO: [IP_Flow 19-1700] Loaded user IP repository '/tmp/finn_dev_andreea/code_gen_ipgen_StreamingMaxPool_hls_0_0r5oxrr5/project_StreamingMaxPool_hls_0/sol1/impl/ip'.
INFO: [IP_Flow 19-1700] Loaded user IP repository '/tmp/finn_dev_andreea/code_gen_ipgen_StreamingFIFO_rtl_5_lid_1kvr'.
INFO: [IP_Flow 19-1700] Loaded user IP repository '/tmp/finn_dev_andreea/code_gen_ipgen_StreamingDataWidthConverter_rtl_1_f4cj5x1a'.
INFO: [IP_Flow 19-1700] Loaded user IP repository '/tmp/finn_dev_andreea/code_gen_ipgen_StreamingFIFO_rtl_6_tfkpmsz1'.
INFO: [IP_Flow 19-1700] Loaded user IP repository '/tmp/finn_dev_andreea/code_gen_ipgen_MVAU_hls_1_tffy9gsm/project_MVAU_hls_1/sol1/impl/ip'.
INFO: [IP_Flow 19-1700] Loaded user IP repository '/tmp/finn_dev_andreea/code_gen_ipgen_StreamingFIFO_rtl_7__esnd9yq'.
INFO: [IP_Flow 19-1700] Loaded user IP repository '/tmp/finn_dev_andreea/code_gen_ipgen_MVAU_rtl_0_oa_hx13n'.
INFO: [IP_Flow 19-1700] Loaded user IP repository '/tmp/finn_dev_andreea/code_gen_ipgen_StreamingFIFO_rtl_8_difgt9_g'.
INFO: [IP_Flow 19-2313] Loaded Vivado IP repository '/tools/Xilinx/Vivado/2022.2/data/ip'.
INFO: [IP_Flow 19-6924] IPCACHE: Running cache check for IP inst: finn_design_FMPadding_rtl_0_0
Command: synth_design -top finn_design_FMPadding_rtl_0_0 -part xc7z020clg400-1 -incremental_mode off -mode out_of_context
Starting synth_design
Attempting to get a license for feature 'Synthesis' and/or device 'xc7z020'
INFO: [Common 17-349] Got license for feature 'Synthesis' and/or device 'xc7z020'
INFO: [Device 21-403] Loading part xc7z020clg400-1
INFO: [Synth 8-7079] Multithreading enabled for synth_design using a maximum of 4 processes.
INFO: [Synth 8-7078] Launching helper process for spawning children vivado processes
INFO: [Synth 8-7075] Helper process launched with PID 131330
INFO: [Synth 8-11241] undeclared symbol 'REGCCE', assumed default net type 'wire' [/tools/Xilinx/Vivado/2022.2/data/verilog/src/unimacro/BRAM_SINGLE_MACRO.v:2170]
WARNING: [Synth 8-9661] initial value of parameter 'ADDR_BITS' is omitted [/tmp/finn_dev_andreea/code_gen_ipgen_FMPadding_rtl_0_zyuj32m2/axi2we.sv:36]
WARNING: [Synth 8-9661] initial value of parameter 'XCOUNTER_BITS' is omitted [/tmp/finn_dev_andreea/code_gen_ipgen_FMPadding_rtl_0_zyuj32m2/fmpadding.sv:36]
WARNING: [Synth 8-9661] initial value of parameter 'YCOUNTER_BITS' is omitted [/tmp/finn_dev_andreea/code_gen_ipgen_FMPadding_rtl_0_zyuj32m2/fmpadding.sv:37]
WARNING: [Synth 8-9661] initial value of parameter 'NUM_CHANNELS' is omitted [/tmp/finn_dev_andreea/code_gen_ipgen_FMPadding_rtl_0_zyuj32m2/fmpadding.sv:38]
WARNING: [Synth 8-9661] initial value of parameter 'SIMD' is omitted [/tmp/finn_dev_andreea/code_gen_ipgen_FMPadding_rtl_0_zyuj32m2/fmpadding.sv:39]
WARNING: [Synth 8-9661] initial value of parameter 'ELEM_BITS' is omitted [/tmp/finn_dev_andreea/code_gen_ipgen_FMPadding_rtl_0_zyuj32m2/fmpadding.sv:40]
WARNING: [Synth 8-9661] initial value of parameter 'INIT_XON' is omitted [/tmp/finn_dev_andreea/code_gen_ipgen_FMPadding_rtl_0_zyuj32m2/fmpadding.sv:41]
WARNING: [Synth 8-9661] initial value of parameter 'INIT_XOFF' is omitted [/tmp/finn_dev_andreea/code_gen_ipgen_FMPadding_rtl_0_zyuj32m2/fmpadding.sv:42]
WARNING: [Synth 8-9661] initial value of parameter 'INIT_XEND' is omitted [/tmp/finn_dev_andreea/code_gen_ipgen_FMPadding_rtl_0_zyuj32m2/fmpadding.sv:43]
WARNING: [Synth 8-9661] initial value of parameter 'INIT_YON' is omitted [/tmp/finn_dev_andreea/code_gen_ipgen_FMPadding_rtl_0_zyuj32m2/fmpadding.sv:44]
WARNING: [Synth 8-9661] initial value of parameter 'INIT_YOFF' is omitted [/tmp/finn_dev_andreea/code_gen_ipgen_FMPadding_rtl_0_zyuj32m2/fmpadding.sv:45]
WARNING: [Synth 8-9661] initial value of parameter 'INIT_YEND' is omitted [/tmp/finn_dev_andreea/code_gen_ipgen_FMPadding_rtl_0_zyuj32m2/fmpadding.sv:46]
WARNING: [Synth 8-9661] initial value of parameter 'XCOUNTER_BITS' is omitted [/tmp/finn_dev_andreea/code_gen_ipgen_FMPadding_rtl_0_zyuj32m2/fmpadding_axi.sv:36]
WARNING: [Synth 8-9661] initial value of parameter 'YCOUNTER_BITS' is omitted [/tmp/finn_dev_andreea/code_gen_ipgen_FMPadding_rtl_0_zyuj32m2/fmpadding_axi.sv:37]
WARNING: [Synth 8-9661] initial value of parameter 'NUM_CHANNELS' is omitted [/tmp/finn_dev_andreea/code_gen_ipgen_FMPadding_rtl_0_zyuj32m2/fmpadding_axi.sv:38]
WARNING: [Synth 8-9661] initial value of parameter 'SIMD' is omitted [/tmp/finn_dev_andreea/code_gen_ipgen_FMPadding_rtl_0_zyuj32m2/fmpadding_axi.sv:39]
WARNING: [Synth 8-9661] initial value of parameter 'ELEM_BITS' is omitted [/tmp/finn_dev_andreea/code_gen_ipgen_FMPadding_rtl_0_zyuj32m2/fmpadding_axi.sv:40]
WARNING: [Synth 8-9661] initial value of parameter 'INIT_XON' is omitted [/tmp/finn_dev_andreea/code_gen_ipgen_FMPadding_rtl_0_zyuj32m2/fmpadding_axi.sv:41]
WARNING: [Synth 8-9661] initial value of parameter 'INIT_XOFF' is omitted [/tmp/finn_dev_andreea/code_gen_ipgen_FMPadding_rtl_0_zyuj32m2/fmpadding_axi.sv:42]
WARNING: [Synth 8-9661] initial value of parameter 'INIT_XEND' is omitted [/tmp/finn_dev_andreea/code_gen_ipgen_FMPadding_rtl_0_zyuj32m2/fmpadding_axi.sv:43]
WARNING: [Synth 8-9661] initial value of parameter 'INIT_YON' is omitted [/tmp/finn_dev_andreea/code_gen_ipgen_FMPadding_rtl_0_zyuj32m2/fmpadding_axi.sv:44]
WARNING: [Synth 8-9661] initial value of parameter 'INIT_YOFF' is omitted [/tmp/finn_dev_andreea/code_gen_ipgen_FMPadding_rtl_0_zyuj32m2/fmpadding_axi.sv:45]
WARNING: [Synth 8-9661] initial value of parameter 'INIT_YEND' is omitted [/tmp/finn_dev_andreea/code_gen_ipgen_FMPadding_rtl_0_zyuj32m2/fmpadding_axi.sv:46]
---------------------------------------------------------------------------------
Starting RTL Elaboration : Time (s): cpu = 00:00:04 ; elapsed = 00:00:05 . Memory (MB): peak = 2000.441 ; gain = 369.770 ; free physical = 73 ; free virtual = 3065
Synthesis current peak Physical Memory [PSS] (MB): peak = 1267.463; parent = 1122.027; children = 145.436
Synthesis current peak Virtual Memory [VSS] (MB): peak = 2958.871; parent = 2006.379; children = 952.492
---------------------------------------------------------------------------------
INFO: [Synth 8-6157] synthesizing module 'finn_design_FMPadding_rtl_0_0' [/home/andreea/proiect_finn/output_ip_hardware/stitched_ip/finn_vivado_stitch_proj.gen/sources_1/bd/finn_design/ip/finn_design_FMPadding_rtl_0_0/synth/finn_design_FMPadding_rtl_0_0.v:53]
INFO: [Synth 8-6157] synthesizing module 'FMPadding_rtl_0' [/tmp/finn_dev_andreea/code_gen_ipgen_FMPadding_rtl_0_zyuj32m2/FMPadding_rtl_0.v:32]
INFO: [Synth 8-6157] synthesizing module 'fmpadding_axi' [/tmp/finn_dev_andreea/code_gen_ipgen_FMPadding_rtl_0_zyuj32m2/fmpadding_axi.sv:35]
INFO: [Synth 8-6157] synthesizing module 'axi2we' [/tmp/finn_dev_andreea/code_gen_ipgen_FMPadding_rtl_0_zyuj32m2/axi2we.sv:35]
INFO: [Synth 8-6155] done synthesizing module 'axi2we' (0#1) [/tmp/finn_dev_andreea/code_gen_ipgen_FMPadding_rtl_0_zyuj32m2/axi2we.sv:35]
INFO: [Synth 8-6157] synthesizing module 'fmpadding' [/tmp/finn_dev_andreea/code_gen_ipgen_FMPadding_rtl_0_zyuj32m2/fmpadding.sv:35]
INFO: [Synth 8-294] found qualifier unique on case statement: implementing as parallel_case [/tmp/finn_dev_andreea/code_gen_ipgen_FMPadding_rtl_0_zyuj32m2/fmpadding.sv:127]
INFO: [Synth 8-6155] done synthesizing module 'fmpadding' (0#1) [/tmp/finn_dev_andreea/code_gen_ipgen_FMPadding_rtl_0_zyuj32m2/fmpadding.sv:35]
INFO: [Synth 8-6155] done synthesizing module 'fmpadding_axi' (0#1) [/tmp/finn_dev_andreea/code_gen_ipgen_FMPadding_rtl_0_zyuj32m2/fmpadding_axi.sv:35]
INFO: [Synth 8-6155] done synthesizing module 'FMPadding_rtl_0' (0#1) [/tmp/finn_dev_andreea/code_gen_ipgen_FMPadding_rtl_0_zyuj32m2/FMPadding_rtl_0.v:32]
INFO: [Synth 8-6155] done synthesizing module 'finn_design_FMPadding_rtl_0_0' (0#1) [/home/andreea/proiect_finn/output_ip_hardware/stitched_ip/finn_vivado_stitch_proj.gen/sources_1/bd/finn_design/ip/finn_design_FMPadding_rtl_0_0/synth/finn_design_FMPadding_rtl_0_0.v:53]
WARNING: [Synth 8-7129] Port wd[31] in module fmpadding is either unconnected or has no load
WARNING: [Synth 8-7129] Port wd[30] in module fmpadding is either unconnected or has no load
WARNING: [Synth 8-7129] Port wd[29] in module fmpadding is either unconnected or has no load
WARNING: [Synth 8-7129] Port wd[28] in module fmpadding is either unconnected or has no load
WARNING: [Synth 8-7129] Port wd[27] in module fmpadding is either unconnected or has no load
WARNING: [Synth 8-7129] Port wd[26] in module fmpadding is either unconnected or has no load
WARNING: [Synth 8-7129] Port wd[25] in module fmpadding is either unconnected or has no load
WARNING: [Synth 8-7129] Port wd[24] in module fmpadding is either unconnected or has no load
WARNING: [Synth 8-7129] Port wd[23] in module fmpadding is either unconnected or has no load
WARNING: [Synth 8-7129] Port wd[22] in module fmpadding is either unconnected or has no load
WARNING: [Synth 8-7129] Port wd[21] in module fmpadding is either unconnected or has no load
WARNING: [Synth 8-7129] Port wd[20] in module fmpadding is either unconnected or has no load
WARNING: [Synth 8-7129] Port wd[19] in module fmpadding is either unconnected or has no load
WARNING: [Synth 8-7129] Port wd[18] in module fmpadding is either unconnected or has no load
WARNING: [Synth 8-7129] Port wd[17] in module fmpadding is either unconnected or has no load
WARNING: [Synth 8-7129] Port wd[16] in module fmpadding is either unconnected or has no load
WARNING: [Synth 8-7129] Port wd[15] in module fmpadding is either unconnected or has no load
WARNING: [Synth 8-7129] Port wd[14] in module fmpadding is either unconnected or has no load
WARNING: [Synth 8-7129] Port wd[13] in module fmpadding is either unconnected or has no load
WARNING: [Synth 8-7129] Port wd[12] in module fmpadding is either unconnected or has no load
WARNING: [Synth 8-7129] Port wd[11] in module fmpadding is either unconnected or has no load
WARNING: [Synth 8-7129] Port wd[10] in module fmpadding is either unconnected or has no load
WARNING: [Synth 8-7129] Port wd[9] in module fmpadding is either unconnected or has no load
WARNING: [Synth 8-7129] Port wd[8] in module fmpadding is either unconnected or has no load
WARNING: [Synth 8-7129] Port wd[7] in module fmpadding is either unconnected or has no load
WARNING: [Synth 8-7129] Port wd[6] in module fmpadding is either unconnected or has no load
WARNING: [Synth 8-7129] Port wd[5] in module fmpadding is either unconnected or has no load
WARNING: [Synth 8-7129] Port s_axilite_WSTRB[3] in module axi2we is either unconnected or has no load
WARNING: [Synth 8-7129] Port s_axilite_WSTRB[2] in module axi2we is either unconnected or has no load
WARNING: [Synth 8-7129] Port s_axilite_WSTRB[1] in module axi2we is either unconnected or has no load
WARNING: [Synth 8-7129] Port s_axilite_WSTRB[0] in module axi2we is either unconnected or has no load
WARNING: [Synth 8-7129] Port s_axilite_ARADDR[4] in module axi2we is either unconnected or has no load
WARNING: [Synth 8-7129] Port s_axilite_ARADDR[3] in module axi2we is either unconnected or has no load
WARNING: [Synth 8-7129] Port s_axilite_ARADDR[2] in module axi2we is either unconnected or has no load
WARNING: [Synth 8-7129] Port s_axilite_ARADDR[1] in module axi2we is either unconnected or has no load
WARNING: [Synth 8-7129] Port s_axilite_ARADDR[0] in module axi2we is either unconnected or has no load
---------------------------------------------------------------------------------
Finished RTL Elaboration : Time (s): cpu = 00:00:06 ; elapsed = 00:00:07 . Memory (MB): peak = 2074.348 ; gain = 443.676 ; free physical = 590 ; free virtual = 3204
Synthesis current peak Physical Memory [PSS] (MB): peak = 1267.463; parent = 1122.027; children = 145.436
Synthesis current peak Virtual Memory [VSS] (MB): peak = 3026.840; parent = 2074.348; children = 952.492
---------------------------------------------------------------------------------
---------------------------------------------------------------------------------
Start Handling Custom Attributes
---------------------------------------------------------------------------------
---------------------------------------------------------------------------------
Finished Handling Custom Attributes : Time (s): cpu = 00:00:06 ; elapsed = 00:00:07 . Memory (MB): peak = 2089.191 ; gain = 458.520 ; free physical = 616 ; free virtual = 3230
Synthesis current peak Physical Memory [PSS] (MB): peak = 1267.463; parent = 1122.027; children = 145.436
Synthesis current peak Virtual Memory [VSS] (MB): peak = 3041.684; parent = 2089.191; children = 952.492
---------------------------------------------------------------------------------
---------------------------------------------------------------------------------
Finished RTL Optimization Phase 1 : Time (s): cpu = 00:00:06 ; elapsed = 00:00:07 . Memory (MB): peak = 2089.191 ; gain = 458.520 ; free physical = 615 ; free virtual = 3228
Synthesis current peak Physical Memory [PSS] (MB): peak = 1267.463; parent = 1122.027; children = 145.436
Synthesis current peak Virtual Memory [VSS] (MB): peak = 3041.684; parent = 2089.191; children = 952.492
---------------------------------------------------------------------------------
Netlist sorting complete. Time (s): cpu = 00:00:00 ; elapsed = 00:00:00 . Memory (MB): peak = 2089.191 ; gain = 0.000 ; free physical = 603 ; free virtual = 3216
INFO: [Project 1-570] Preparing netlist for logic optimization

Processing XDC Constraints
Initializing timing engine
Completed Processing XDC Constraints

Netlist sorting complete. Time (s): cpu = 00:00:00 ; elapsed = 00:00:00 . Memory (MB): peak = 2250.941 ; gain = 0.000 ; free physical = 527 ; free virtual = 3142
INFO: [Project 1-111] Unisim Transformation Summary:
No Unisim elements were transformed.

Constraint Validation Runtime : Time (s): cpu = 00:00:00.02 ; elapsed = 00:00:00.01 . Memory (MB): peak = 2250.941 ; gain = 0.000 ; free physical = 525 ; free virtual = 3139
INFO: [Designutils 20-5008] Incremental synthesis strategy off
INFO: [Synth 8-11241] undeclared symbol 'REGCCE', assumed default net type 'wire' [/tools/Xilinx/Vivado/2022.2/data/verilog/src/unimacro/BRAM_SINGLE_MACRO.v:2170]
---------------------------------------------------------------------------------
Finished Constraint Validation : Time (s): cpu = 00:00:11 ; elapsed = 00:00:12 . Memory (MB): peak = 2250.941 ; gain = 620.270 ; free physical = 628 ; free virtual = 3248
Synthesis current peak Physical Memory [PSS] (MB): peak = 1267.463; parent = 1122.027; children = 145.436
Synthesis current peak Virtual Memory [VSS] (MB): peak = 3171.418; parent = 2218.926; children = 952.492
---------------------------------------------------------------------------------
---------------------------------------------------------------------------------
Start Loading Part and Timing Information
---------------------------------------------------------------------------------
Loading part: xc7z020clg400-1
---------------------------------------------------------------------------------
Finished Loading Part and Timing Information : Time (s): cpu = 00:00:11 ; elapsed = 00:00:12 . Memory (MB): peak = 2250.941 ; gain = 620.270 ; free physical = 630 ; free virtual = 3248
Synthesis current peak Physical Memory [PSS] (MB): peak = 1267.463; parent = 1122.027; children = 145.436
Synthesis current peak Virtual Memory [VSS] (MB): peak = 3171.418; parent = 2218.926; children = 952.492
---------------------------------------------------------------------------------
---------------------------------------------------------------------------------
Start Applying 'set_property' XDC Constraints
---------------------------------------------------------------------------------
---------------------------------------------------------------------------------
Finished applying 'set_property' XDC Constraints : Time (s): cpu = 00:00:11 ; elapsed = 00:00:12 . Memory (MB): peak = 2250.941 ; gain = 620.270 ; free physical = 631 ; free virtual = 3249
Synthesis current peak Physical Memory [PSS] (MB): peak = 1267.463; parent = 1122.027; children = 145.436
Synthesis current peak Virtual Memory [VSS] (MB): peak = 3171.418; parent = 2218.926; children = 952.492
---------------------------------------------------------------------------------
---------------------------------------------------------------------------------
Finished RTL Optimization Phase 2 : Time (s): cpu = 00:00:11 ; elapsed = 00:00:13 . Memory (MB): peak = 2250.941 ; gain = 620.270 ; free physical = 664 ; free virtual = 3285
Synthesis current peak Physical Memory [PSS] (MB): peak = 1267.463; parent = 1122.027; children = 145.436
Synthesis current peak Virtual Memory [VSS] (MB): peak = 3171.418; parent = 2218.926; children = 952.492
---------------------------------------------------------------------------------
---------------------------------------------------------------------------------
Start RTL Component Statistics 
---------------------------------------------------------------------------------
Detailed RTL Component Info : 
+---Adders : 
	   2 Input    5 Bit       Adders := 2     
	   2 Input    1 Bit       Adders := 1     
+---Registers : 
	               32 Bit    Registers := 1     
	                8 Bit    Registers := 2     
	                5 Bit    Registers := 9     
	                1 Bit    Registers := 6     
+---Muxes : 
	   2 Input    8 Bit        Muxes := 1     
	   7 Input    1 Bit        Muxes := 6     
---------------------------------------------------------------------------------
Finished RTL Component Statistics 
---------------------------------------------------------------------------------
---------------------------------------------------------------------------------
Start Part Resource Summary
---------------------------------------------------------------------------------
Part Resources:
DSPs: 220 (col length:60)
BRAMs: 280 (col length: RAMB18 60 RAMB36 30)
---------------------------------------------------------------------------------
Finished Part Resource Summary
---------------------------------------------------------------------------------
---------------------------------------------------------------------------------
Start Cross Boundary and Area Optimization
---------------------------------------------------------------------------------
WARNING: [Synth 8-7080] Parallel synthesis criteria is not met
INFO: [Synth 8-3936] Found unconnected internal register 'inst/impl/axilight_adapter/Data_reg' and it is trimmed from '32' to '5' bits. [/tmp/finn_dev_andreea/code_gen_ipgen_FMPadding_rtl_0_zyuj32m2/axi2we.sv:84]
INFO: [Synth 8-3917] design finn_design_FMPadding_rtl_0_0 has port s_axilite_BRESP[1] driven by constant 0
INFO: [Synth 8-3917] design finn_design_FMPadding_rtl_0_0 has port s_axilite_BRESP[0] driven by constant 0
INFO: [Synth 8-3917] design finn_design_FMPadding_rtl_0_0 has port s_axilite_RDATA[31] driven by constant 1
INFO: [Synth 8-3917] design finn_design_FMPadding_rtl_0_0 has port s_axilite_RDATA[30] driven by constant 1
INFO: [Synth 8-3917] design finn_design_FMPadding_rtl_0_0 has port s_axilite_RDATA[29] driven by constant 1
INFO: [Synth 8-3917] design finn_design_FMPadding_rtl_0_0 has port s_axilite_RDATA[28] driven by constant 1
INFO: [Synth 8-3917] design finn_design_FMPadding_rtl_0_0 has port s_axilite_RDATA[27] driven by constant 1
INFO: [Synth 8-3917] design finn_design_FMPadding_rtl_0_0 has port s_axilite_RDATA[26] driven by constant 1
INFO: [Synth 8-3917] design finn_design_FMPadding_rtl_0_0 has port s_axilite_RDATA[25] driven by constant 1
INFO: [Synth 8-3917] design finn_design_FMPadding_rtl_0_0 has port s_axilite_RDATA[24] driven by constant 1
INFO: [Synth 8-3917] design finn_design_FMPadding_rtl_0_0 has port s_axilite_RDATA[23] driven by constant 1
INFO: [Synth 8-3917] design finn_design_FMPadding_rtl_0_0 has port s_axilite_RDATA[22] driven by constant 1
INFO: [Synth 8-3917] design finn_design_FMPadding_rtl_0_0 has port s_axilite_RDATA[21] driven by constant 1
INFO: [Synth 8-3917] design finn_design_FMPadding_rtl_0_0 has port s_axilite_RDATA[20] driven by constant 1
INFO: [Synth 8-3917] design finn_design_FMPadding_rtl_0_0 has port s_axilite_RDATA[19] driven by constant 1
INFO: [Synth 8-3917] design finn_design_FMPadding_rtl_0_0 has port s_axilite_RDATA[18] driven by constant 1
INFO: [Synth 8-3917] design finn_design_FMPadding_rtl_0_0 has port s_axilite_RDATA[17] driven by constant 1
INFO: [Synth 8-3917] design finn_design_FMPadding_rtl_0_0 has port s_axilite_RDATA[16] driven by constant 1
INFO: [Synth 8-3917] design finn_design_FMPadding_rtl_0_0 has port s_axilite_RDATA[15] driven by constant 1
INFO: [Synth 8-3917] design finn_design_FMPadding_rtl_0_0 has port s_axilite_RDATA[14] driven by constant 1
INFO: [Synth 8-3917] design finn_design_FMPadding_rtl_0_0 has port s_axilite_RDATA[13] driven by constant 1
INFO: [Synth 8-3917] design finn_design_FMPadding_rtl_0_0 has port s_axilite_RDATA[12] driven by constant 1
INFO: [Synth 8-3917] design finn_design_FMPadding_rtl_0_0 has port s_axilite_RDATA[11] driven by constant 1
INFO: [Synth 8-3917] design finn_design_FMPadding_rtl_0_0 has port s_axilite_RDATA[10] driven by constant 1
INFO: [Synth 8-3917] design finn_design_FMPadding_rtl_0_0 has port s_axilite_RDATA[9] driven by constant 1
INFO: [Synth 8-3917] design finn_design_FMPadding_rtl_0_0 has port s_axilite_RDATA[8] driven by constant 1
INFO: [Synth 8-3917] design finn_design_FMPadding_rtl_0_0 has port s_axilite_RDATA[7] driven by constant 1
INFO: [Synth 8-3917] design finn_design_FMPadding_rtl_0_0 has port s_axilite_RDATA[6] driven by constant 1
INFO: [Synth 8-3917] design finn_design_FMPadding_rtl_0_0 has port s_axilite_RDATA[5] driven by constant 1
INFO: [Synth 8-3917] design finn_design_FMPadding_rtl_0_0 has port s_axilite_RDATA[4] driven by constant 1
INFO: [Synth 8-3917] design finn_design_FMPadding_rtl_0_0 has port s_axilite_RDATA[3] driven by constant 1
INFO: [Synth 8-3917] design finn_design_FMPadding_rtl_0_0 has port s_axilite_RDATA[2] driven by constant 1
INFO: [Synth 8-3917] design finn_design_FMPadding_rtl_0_0 has port s_axilite_RDATA[1] driven by constant 1
INFO: [Synth 8-3917] design finn_design_FMPadding_rtl_0_0 has port s_axilite_RDATA[0] driven by constant 1
INFO: [Synth 8-3917] design finn_design_FMPadding_rtl_0_0 has port s_axilite_RRESP[1] driven by constant 0
INFO: [Synth 8-3917] design finn_design_FMPadding_rtl_0_0 has port s_axilite_RRESP[0] driven by constant 0
WARNING: [Synth 8-7129] Port s_axilite_WDATA[31] in module finn_design_FMPadding_rtl_0_0 is either unconnected or has no load
WARNING: [Synth 8-7129] Port s_axilite_WDATA[30] in module finn_design_FMPadding_rtl_0_0 is either unconnected or has no load
WARNING: [Synth 8-7129] Port s_axilite_WDATA[29] in module finn_design_FMPadding_rtl_0_0 is either unconnected or has no load
WARNING: [Synth 8-7129] Port s_axilite_WDATA[28] in module finn_design_FMPadding_rtl_0_0 is either unconnected or has no load
WARNING: [Synth 8-7129] Port s_axilite_WDATA[27] in module finn_design_FMPadding_rtl_0_0 is either unconnected or has no load
WARNING: [Synth 8-7129] Port s_axilite_WDATA[26] in module finn_design_FMPadding_rtl_0_0 is either unconnected or has no load
WARNING: [Synth 8-7129] Port s_axilite_WDATA[25] in module finn_design_FMPadding_rtl_0_0 is either unconnected or has no load
WARNING: [Synth 8-7129] Port s_axilite_WDATA[24] in module finn_design_FMPadding_rtl_0_0 is either unconnected or has no load
WARNING: [Synth 8-7129] Port s_axilite_WDATA[23] in module finn_design_FMPadding_rtl_0_0 is either unconnected or has no load
WARNING: [Synth 8-7129] Port s_axilite_WDATA[22] in module finn_design_FMPadding_rtl_0_0 is either unconnected or has no load
WARNING: [Synth 8-7129] Port s_axilite_WDATA[21] in module finn_design_FMPadding_rtl_0_0 is either unconnected or has no load
WARNING: [Synth 8-7129] Port s_axilite_WDATA[20] in module finn_design_FMPadding_rtl_0_0 is either unconnected or has no load
WARNING: [Synth 8-7129] Port s_axilite_WDATA[19] in module finn_design_FMPadding_rtl_0_0 is either unconnected or has no load
WARNING: [Synth 8-7129] Port s_axilite_WDATA[18] in module finn_design_FMPadding_rtl_0_0 is either unconnected or has no load
WARNING: [Synth 8-7129] Port s_axilite_WDATA[17] in module finn_design_FMPadding_rtl_0_0 is either unconnected or has no load
WARNING: [Synth 8-7129] Port s_axilite_WDATA[16] in module finn_design_FMPadding_rtl_0_0 is either unconnected or has no load
WARNING: [Synth 8-7129] Port s_axilite_WDATA[15] in module finn_design_FMPadding_rtl_0_0 is either unconnected or has no load
WARNING: [Synth 8-7129] Port s_axilite_WDATA[14] in module finn_design_FMPadding_rtl_0_0 is either unconnected or has no load
WARNING: [Synth 8-7129] Port s_axilite_WDATA[13] in module finn_design_FMPadding_rtl_0_0 is either unconnected or has no load
WARNING: [Synth 8-7129] Port s_axilite_WDATA[12] in module finn_design_FMPadding_rtl_0_0 is either unconnected or has no load
WARNING: [Synth 8-7129] Port s_axilite_WDATA[11] in module finn_design_FMPadding_rtl_0_0 is either unconnected or has no load
WARNING: [Synth 8-7129] Port s_axilite_WDATA[10] in module finn_design_FMPadding_rtl_0_0 is either unconnected or has no load
WARNING: [Synth 8-7129] Port s_axilite_WDATA[9] in module finn_design_FMPadding_rtl_0_0 is either unconnected or has no load
WARNING: [Synth 8-7129] Port s_axilite_WDATA[8] in module finn_design_FMPadding_rtl_0_0 is either unconnected or has no load
WARNING: [Synth 8-7129] Port s_axilite_WDATA[7] in module finn_design_FMPadding_rtl_0_0 is either unconnected or has no load
WARNING: [Synth 8-7129] Port s_axilite_WDATA[6] in module finn_design_FMPadding_rtl_0_0 is either unconnected or has no load
WARNING: [Synth 8-7129] Port s_axilite_WDATA[5] in module finn_design_FMPadding_rtl_0_0 is either unconnected or has no load
WARNING: [Synth 8-7129] Port s_axilite_WSTRB[3] in module finn_design_FMPadding_rtl_0_0 is either unconnected or has no load
WARNING: [Synth 8-7129] Port s_axilite_WSTRB[2] in module finn_design_FMPadding_rtl_0_0 is either unconnected or has no load
WARNING: [Synth 8-7129] Port s_axilite_WSTRB[1] in module finn_design_FMPadding_rtl_0_0 is either unconnected or has no load
WARNING: [Synth 8-7129] Port s_axilite_WSTRB[0] in module finn_design_FMPadding_rtl_0_0 is either unconnected or has no load
WARNING: [Synth 8-7129] Port s_axilite_ARADDR[4] in module finn_design_FMPadding_rtl_0_0 is either unconnected or has no load
WARNING: [Synth 8-7129] Port s_axilite_ARADDR[3] in module finn_design_FMPadding_rtl_0_0 is either unconnected or has no load
WARNING: [Synth 8-7129] Port s_axilite_ARADDR[2] in module finn_design_FMPadding_rtl_0_0 is either unconnected or has no load
WARNING: [Synth 8-7129] Port s_axilite_ARADDR[1] in module finn_design_FMPadding_rtl_0_0 is either unconnected or has no load
WARNING: [Synth 8-7129] Port s_axilite_ARADDR[0] in module finn_design_FMPadding_rtl_0_0 is either unconnected or has no load
---------------------------------------------------------------------------------
Finished Cross Boundary and Area Optimization : Time (s): cpu = 00:00:12 ; elapsed = 00:00:14 . Memory (MB): peak = 2250.941 ; gain = 620.270 ; free physical = 591 ; free virtual = 3223
Synthesis current peak Physical Memory [PSS] (MB): peak = 1267.463; parent = 1122.027; children = 145.436
Synthesis current peak Virtual Memory [VSS] (MB): peak = 3171.418; parent = 2218.926; children = 952.492
---------------------------------------------------------------------------------
---------------------------------------------------------------------------------
Start Applying XDC Timing Constraints
---------------------------------------------------------------------------------
---------------------------------------------------------------------------------
Finished Applying XDC Timing Constraints : Time (s): cpu = 00:00:16 ; elapsed = 00:00:18 . Memory (MB): peak = 2250.941 ; gain = 620.270 ; free physical = 225 ; free virtual = 2869
Synthesis current peak Physical Memory [PSS] (MB): peak = 1348.444; parent = 1203.032; children = 145.436
Synthesis current peak Virtual Memory [VSS] (MB): peak = 3171.418; parent = 2218.926; children = 952.492
---------------------------------------------------------------------------------
---------------------------------------------------------------------------------
Start Timing Optimization
---------------------------------------------------------------------------------
---------------------------------------------------------------------------------
Finished Timing Optimization : Time (s): cpu = 00:00:16 ; elapsed = 00:00:18 . Memory (MB): peak = 2250.941 ; gain = 620.270 ; free physical = 225 ; free virtual = 2869
Synthesis current peak Physical Memory [PSS] (MB): peak = 1348.510; parent = 1203.098; children = 145.436
Synthesis current peak Virtual Memory [VSS] (MB): peak = 3171.418; parent = 2218.926; children = 952.492
---------------------------------------------------------------------------------
---------------------------------------------------------------------------------
Start Technology Mapping
---------------------------------------------------------------------------------
---------------------------------------------------------------------------------
Finished Technology Mapping : Time (s): cpu = 00:00:16 ; elapsed = 00:00:18 . Memory (MB): peak = 2250.941 ; gain = 620.270 ; free physical = 224 ; free virtual = 2868
Synthesis current peak Physical Memory [PSS] (MB): peak = 1348.968; parent = 1203.556; children = 145.436
Synthesis current peak Virtual Memory [VSS] (MB): peak = 3171.418; parent = 2218.926; children = 952.492
---------------------------------------------------------------------------------
---------------------------------------------------------------------------------
Start IO Insertion
---------------------------------------------------------------------------------
---------------------------------------------------------------------------------
Start Flattening Before IO Insertion
---------------------------------------------------------------------------------
---------------------------------------------------------------------------------
Finished Flattening Before IO Insertion
---------------------------------------------------------------------------------
---------------------------------------------------------------------------------
Start Final Netlist Cleanup
---------------------------------------------------------------------------------
---------------------------------------------------------------------------------
Finished Final Netlist Cleanup
---------------------------------------------------------------------------------
---------------------------------------------------------------------------------
Finished IO Insertion : Time (s): cpu = 00:00:19 ; elapsed = 00:00:20 . Memory (MB): peak = 2250.941 ; gain = 620.270 ; free physical = 513 ; free virtual = 3160
Synthesis current peak Physical Memory [PSS] (MB): peak = 1368.482; parent = 1213.286; children = 155.196
Synthesis current peak Virtual Memory [VSS] (MB): peak = 3171.418; parent = 2218.926; children = 952.492
---------------------------------------------------------------------------------
---------------------------------------------------------------------------------
Start Renaming Generated Instances
---------------------------------------------------------------------------------
---------------------------------------------------------------------------------
Finished Renaming Generated Instances : Time (s): cpu = 00:00:19 ; elapsed = 00:00:20 . Memory (MB): peak = 2250.941 ; gain = 620.270 ; free physical = 501 ; free virtual = 3148
Synthesis current peak Physical Memory [PSS] (MB): peak = 1368.482; parent = 1213.286; children = 155.196
Synthesis current peak Virtual Memory [VSS] (MB): peak = 3171.418; parent = 2218.926; children = 952.492
---------------------------------------------------------------------------------
---------------------------------------------------------------------------------
Start Rebuilding User Hierarchy
---------------------------------------------------------------------------------
---------------------------------------------------------------------------------
Finished Rebuilding User Hierarchy : Time (s): cpu = 00:00:19 ; elapsed = 00:00:20 . Memory (MB): peak = 2250.941 ; gain = 620.270 ; free physical = 491 ; free virtual = 3138
Synthesis current peak Physical Memory [PSS] (MB): peak = 1368.514; parent = 1213.317; children = 155.196
Synthesis current peak Virtual Memory [VSS] (MB): peak = 3171.418; parent = 2218.926; children = 952.492
---------------------------------------------------------------------------------
---------------------------------------------------------------------------------
Start Renaming Generated Ports
---------------------------------------------------------------------------------
---------------------------------------------------------------------------------
Finished Renaming Generated Ports : Time (s): cpu = 00:00:19 ; elapsed = 00:00:21 . Memory (MB): peak = 2250.941 ; gain = 620.270 ; free physical = 481 ; free virtual = 3128
Synthesis current peak Physical Memory [PSS] (MB): peak = 1368.565; parent = 1213.369; children = 155.196
Synthesis current peak Virtual Memory [VSS] (MB): peak = 3171.418; parent = 2218.926; children = 952.492
---------------------------------------------------------------------------------
---------------------------------------------------------------------------------
Start Handling Custom Attributes
---------------------------------------------------------------------------------
---------------------------------------------------------------------------------
Finished Handling Custom Attributes : Time (s): cpu = 00:00:19 ; elapsed = 00:00:21 . Memory (MB): peak = 2250.941 ; gain = 620.270 ; free physical = 469 ; free virtual = 3117
Synthesis current peak Physical Memory [PSS] (MB): peak = 1368.565; parent = 1213.369; children = 155.196
Synthesis current peak Virtual Memory [VSS] (MB): peak = 3171.418; parent = 2218.926; children = 952.492
---------------------------------------------------------------------------------
---------------------------------------------------------------------------------
Start Renaming Generated Nets
---------------------------------------------------------------------------------
---------------------------------------------------------------------------------
Finished Renaming Generated Nets : Time (s): cpu = 00:00:19 ; elapsed = 00:00:21 . Memory (MB): peak = 2250.941 ; gain = 620.270 ; free physical = 465 ; free virtual = 3112
Synthesis current peak Physical Memory [PSS] (MB): peak = 1368.565; parent = 1213.369; children = 155.196
Synthesis current peak Virtual Memory [VSS] (MB): peak = 3171.418; parent = 2218.926; children = 952.492
---------------------------------------------------------------------------------
---------------------------------------------------------------------------------
Start Writing Synthesis Report
---------------------------------------------------------------------------------

Report BlackBoxes: 
+-+--------------+----------+
| |BlackBox name |Instances |
+-+--------------+----------+
+-+--------------+----------+

Report Cell Usage: 
+------+-----+------+
|      |Cell |Count |
+------+-----+------+
|1     |LUT1 |     3|
|2     |LUT2 |     6|
|3     |LUT3 |    11|
|4     |LUT4 |     5|
|5     |LUT5 |    10|
|6     |LUT6 |    20|
|7     |FDRE |    72|
+------+-----+------+
---------------------------------------------------------------------------------
Finished Writing Synthesis Report : Time (s): cpu = 00:00:19 ; elapsed = 00:00:21 . Memory (MB): peak = 2250.941 ; gain = 620.270 ; free physical = 459 ; free virtual = 3106
Synthesis current peak Physical Memory [PSS] (MB): peak = 1368.597; parent = 1213.400; children = 155.196
Synthesis current peak Virtual Memory [VSS] (MB): peak = 3171.418; parent = 2218.926; children = 952.492
---------------------------------------------------------------------------------
Synthesis finished with 0 errors, 0 critical warnings and 37 warnings.
Synthesis Optimization Runtime : Time (s): cpu = 00:00:17 ; elapsed = 00:00:19 . Memory (MB): peak = 2250.941 ; gain = 458.520 ; free physical = 487 ; free virtual = 3134
Synthesis Optimization Complete : Time (s): cpu = 00:00:19 ; elapsed = 00:00:21 . Memory (MB): peak = 2250.941 ; gain = 620.270 ; free physical = 488 ; free virtual = 3136
INFO: [Project 1-571] Translating synthesized netlist
Netlist sorting complete. Time (s): cpu = 00:00:00 ; elapsed = 00:00:00.01 . Memory (MB): peak = 2250.941 ; gain = 0.000 ; free physical = 613 ; free virtual = 3260
INFO: [Project 1-570] Preparing netlist for logic optimization
INFO: [Opt 31-138] Pushed 0 inverter(s) to 0 load pin(s).
Netlist sorting complete. Time (s): cpu = 00:00:00 ; elapsed = 00:00:00 . Memory (MB): peak = 2250.941 ; gain = 0.000 ; free physical = 929 ; free virtual = 3577
INFO: [Project 1-111] Unisim Transformation Summary:
No Unisim elements were transformed.

Synth Design complete, checksum: e18cc1b0
INFO: [Common 17-83] Releasing license: Synthesis
84 Infos, 96 Warnings, 0 Critical Warnings and 0 Errors encountered.
synth_design completed successfully
synth_design: Time (s): cpu = 00:00:26 ; elapsed = 00:00:26 . Memory (MB): peak = 2250.941 ; gain = 939.863 ; free physical = 1138 ; free virtual = 3785
INFO: [Common 17-1381] The checkpoint '/home/andreea/proiect_finn/output_ip_hardware/stitched_ip/finn_vivado_stitch_proj.runs/finn_design_FMPadding_rtl_0_0_synth_1/finn_design_FMPadding_rtl_0_0.dcp' has been generated.
INFO: [Coretcl 2-1648] Added synthesis output to IP cache for IP finn_design_FMPadding_rtl_0_0, cache-ID = 8f9d8680c2b8e763
INFO: [Coretcl 2-1174] Renamed 4 cell refs.
INFO: [Common 17-1381] The checkpoint '/home/andreea/proiect_finn/output_ip_hardware/stitched_ip/finn_vivado_stitch_proj.runs/finn_design_FMPadding_rtl_0_0_synth_1/finn_design_FMPadding_rtl_0_0.dcp' has been generated.
INFO: [runtcl-4] Executing : report_utilization -file finn_design_FMPadding_rtl_0_0_utilization_synth.rpt -pb finn_design_FMPadding_rtl_0_0_utilization_synth.pb
INFO: [Common 17-206] Exiting Vivado at Wed Apr 15 23:56:21 2026...
