
*** Running vivado
    with args -log design_1_axis_subset_converter_0_0.vds -m64 -product Vivado -mode batch -messageDb vivado.pb -notrace -source design_1_axis_subset_converter_0_0.tcl


****** Vivado v2022.2 (64-bit)
  **** SW Build 3671981 on Fri Oct 14 04:59:54 MDT 2022
  **** IP Build 3669848 on Fri Oct 14 08:30:02 MDT 2022
    ** Copyright 1986-2022 Xilinx, Inc. All Rights Reserved.

source design_1_axis_subset_converter_0_0.tcl -notrace
create_project: Time (s): cpu = 00:00:05 ; elapsed = 00:00:05 . Memory (MB): peak = 1319.988 ; gain = 0.027 ; free physical = 1022 ; free virtual = 3463
INFO: [IP_Flow 19-234] Refreshing IP repositories
INFO: [IP_Flow 19-1700] Loaded user IP repository '/home/andreea/finn/finn-rtllib/memstream'.
INFO: [IP_Flow 19-1700] Loaded user IP repository '/tmp/finn_dev_andreea/code_gen_ipgen_StreamingFIFO_rtl_0_iemavooy'.
INFO: [IP_Flow 19-1700] Loaded user IP repository '/tmp/finn_dev_andreea/code_gen_ipgen_FMPadding_rtl_0_niewojjq'.
INFO: [IP_Flow 19-1700] Loaded user IP repository '/tmp/finn_dev_andreea/code_gen_ipgen_StreamingFIFO_rtl_1_q1hnvlgl'.
INFO: [IP_Flow 19-1700] Loaded user IP repository '/tmp/finn_dev_andreea/code_gen_ipgen_ConvolutionInputGenerator_rtl_0_h6a0h_ka'.
INFO: [IP_Flow 19-1700] Loaded user IP repository '/tmp/finn_dev_andreea/code_gen_ipgen_StreamingFIFO_rtl_2_sm1awxs6'.
INFO: [IP_Flow 19-1700] Loaded user IP repository '/tmp/finn_dev_andreea/code_gen_ipgen_StreamingDataWidthConverter_rtl_0_ij2l_izx'.
INFO: [IP_Flow 19-1700] Loaded user IP repository '/tmp/finn_dev_andreea/code_gen_ipgen_StreamingFIFO_rtl_3_pq1kvdfs'.
INFO: [IP_Flow 19-1700] Loaded user IP repository '/tmp/finn_dev_andreea/code_gen_ipgen_MVAU_hls_0_qjxm8vie/project_MVAU_hls_0/sol1/impl/ip'.
INFO: [IP_Flow 19-1700] Loaded user IP repository '/tmp/finn_dev_andreea/code_gen_ipgen_StreamingFIFO_rtl_4_olfwghyo'.
INFO: [IP_Flow 19-1700] Loaded user IP repository '/tmp/finn_dev_andreea/code_gen_ipgen_StreamingDataWidthConverter_rtl_1_5ontli_g'.
INFO: [IP_Flow 19-1700] Loaded user IP repository '/tmp/finn_dev_andreea/code_gen_ipgen_StreamingFIFO_rtl_5_1ywnmozb'.
INFO: [IP_Flow 19-1700] Loaded user IP repository '/tmp/finn_dev_andreea/code_gen_ipgen_StreamingMaxPool_hls_0_2w9930ha/project_StreamingMaxPool_hls_0/sol1/impl/ip'.
INFO: [IP_Flow 19-1700] Loaded user IP repository '/tmp/finn_dev_andreea/code_gen_ipgen_StreamingFIFO_rtl_6_lx3g0gm1'.
INFO: [IP_Flow 19-1700] Loaded user IP repository '/tmp/finn_dev_andreea/code_gen_ipgen_StreamingDataWidthConverter_rtl_2_3tifrhmh'.
INFO: [IP_Flow 19-1700] Loaded user IP repository '/tmp/finn_dev_andreea/code_gen_ipgen_StreamingFIFO_rtl_7_mh_mf3y9'.
INFO: [IP_Flow 19-1700] Loaded user IP repository '/tmp/finn_dev_andreea/code_gen_ipgen_MVAU_hls_1_d8atf5o9/project_MVAU_hls_1/sol1/impl/ip'.
INFO: [IP_Flow 19-1700] Loaded user IP repository '/tmp/finn_dev_andreea/code_gen_ipgen_StreamingFIFO_rtl_8_sbjreyx9'.
INFO: [IP_Flow 19-1700] Loaded user IP repository '/tmp/finn_dev_andreea/code_gen_ipgen_MVAU_rtl_0_cyd2g4ui'.
INFO: [IP_Flow 19-1700] Loaded user IP repository '/tmp/finn_dev_andreea/code_gen_ipgen_StreamingFIFO_rtl_9_h3n7iwd2'.
INFO: [IP_Flow 19-2313] Loaded Vivado IP repository '/tools/Xilinx/Vivado/2022.2/data/ip'.
INFO: [IP_Flow 19-6924] IPCACHE: Running cache check for IP inst: design_1_axis_subset_converter_0_0
Command: synth_design -top design_1_axis_subset_converter_0_0 -part xc7z020clg400-1 -incremental_mode off -mode out_of_context
Starting synth_design
Attempting to get a license for feature 'Synthesis' and/or device 'xc7z020'
INFO: [Common 17-349] Got license for feature 'Synthesis' and/or device 'xc7z020'
INFO: [Device 21-403] Loading part xc7z020clg400-1
INFO: [Synth 8-7079] Multithreading enabled for synth_design using a maximum of 4 processes.
INFO: [Synth 8-7078] Launching helper process for spawning children vivado processes
INFO: [Synth 8-7075] Helper process launched with PID 930667
INFO: [Synth 8-11241] undeclared symbol 'REGCCE', assumed default net type 'wire' [/tools/Xilinx/Vivado/2022.2/data/verilog/src/unimacro/BRAM_SINGLE_MACRO.v:2170]
---------------------------------------------------------------------------------
Starting RTL Elaboration : Time (s): cpu = 00:00:03 ; elapsed = 00:00:04 . Memory (MB): peak = 2000.445 ; gain = 370.801 ; free physical = 85 ; free virtual = 2488
Synthesis current peak Physical Memory [PSS] (MB): peak = 1271.933; parent = 1126.932; children = 145.001
Synthesis current peak Virtual Memory [VSS] (MB): peak = 2959.875; parent = 2007.383; children = 952.492
---------------------------------------------------------------------------------
INFO: [Synth 8-6157] synthesizing module 'design_1_axis_subset_converter_0_0' [/home/andreea/proiect_finn/output_ip_hardware_cu_maimulteepoici/stitched_ip/finn_vivado_stitch_proj.gen/sources_1/bd/design_1/ip/design_1_axis_subset_converter_0_0/synth/design_1_axis_subset_converter_0_0.v:53]
INFO: [Synth 8-6157] synthesizing module 'top_design_1_axis_subset_converter_0_0' [/home/andreea/proiect_finn/output_ip_hardware_cu_maimulteepoici/stitched_ip/finn_vivado_stitch_proj.gen/sources_1/bd/design_1/ip/design_1_axis_subset_converter_0_0/hdl/top_design_1_axis_subset_converter_0_0.v:60]
INFO: [Synth 8-6157] synthesizing module 'axis_subset_converter_v1_1_27_core' [/home/andreea/proiect_finn/output_ip_hardware_cu_maimulteepoici/stitched_ip/finn_vivado_stitch_proj.gen/sources_1/bd/design_1/ipshared/40cb/hdl/axis_subset_converter_v1_1_vl_rfs.v:62]
INFO: [Synth 8-6155] done synthesizing module 'axis_subset_converter_v1_1_27_core' (0#1) [/home/andreea/proiect_finn/output_ip_hardware_cu_maimulteepoici/stitched_ip/finn_vivado_stitch_proj.gen/sources_1/bd/design_1/ipshared/40cb/hdl/axis_subset_converter_v1_1_vl_rfs.v:62]
INFO: [Synth 8-6157] synthesizing module 'tdata_design_1_axis_subset_converter_0_0' [/home/andreea/proiect_finn/output_ip_hardware_cu_maimulteepoici/stitched_ip/finn_vivado_stitch_proj.gen/sources_1/bd/design_1/ip/design_1_axis_subset_converter_0_0/hdl/tdata_design_1_axis_subset_converter_0_0.v:48]
INFO: [Synth 8-6155] done synthesizing module 'tdata_design_1_axis_subset_converter_0_0' (0#1) [/home/andreea/proiect_finn/output_ip_hardware_cu_maimulteepoici/stitched_ip/finn_vivado_stitch_proj.gen/sources_1/bd/design_1/ip/design_1_axis_subset_converter_0_0/hdl/tdata_design_1_axis_subset_converter_0_0.v:48]
INFO: [Synth 8-6157] synthesizing module 'tuser_design_1_axis_subset_converter_0_0' [/home/andreea/proiect_finn/output_ip_hardware_cu_maimulteepoici/stitched_ip/finn_vivado_stitch_proj.gen/sources_1/bd/design_1/ip/design_1_axis_subset_converter_0_0/hdl/tuser_design_1_axis_subset_converter_0_0.v:48]
INFO: [Synth 8-6155] done synthesizing module 'tuser_design_1_axis_subset_converter_0_0' (0#1) [/home/andreea/proiect_finn/output_ip_hardware_cu_maimulteepoici/stitched_ip/finn_vivado_stitch_proj.gen/sources_1/bd/design_1/ip/design_1_axis_subset_converter_0_0/hdl/tuser_design_1_axis_subset_converter_0_0.v:48]
INFO: [Synth 8-6157] synthesizing module 'tid_design_1_axis_subset_converter_0_0' [/home/andreea/proiect_finn/output_ip_hardware_cu_maimulteepoici/stitched_ip/finn_vivado_stitch_proj.gen/sources_1/bd/design_1/ip/design_1_axis_subset_converter_0_0/hdl/tid_design_1_axis_subset_converter_0_0.v:48]
INFO: [Synth 8-6155] done synthesizing module 'tid_design_1_axis_subset_converter_0_0' (0#1) [/home/andreea/proiect_finn/output_ip_hardware_cu_maimulteepoici/stitched_ip/finn_vivado_stitch_proj.gen/sources_1/bd/design_1/ip/design_1_axis_subset_converter_0_0/hdl/tid_design_1_axis_subset_converter_0_0.v:48]
INFO: [Synth 8-6157] synthesizing module 'tdest_design_1_axis_subset_converter_0_0' [/home/andreea/proiect_finn/output_ip_hardware_cu_maimulteepoici/stitched_ip/finn_vivado_stitch_proj.gen/sources_1/bd/design_1/ip/design_1_axis_subset_converter_0_0/hdl/tdest_design_1_axis_subset_converter_0_0.v:48]
INFO: [Synth 8-6155] done synthesizing module 'tdest_design_1_axis_subset_converter_0_0' (0#1) [/home/andreea/proiect_finn/output_ip_hardware_cu_maimulteepoici/stitched_ip/finn_vivado_stitch_proj.gen/sources_1/bd/design_1/ip/design_1_axis_subset_converter_0_0/hdl/tdest_design_1_axis_subset_converter_0_0.v:48]
INFO: [Synth 8-6157] synthesizing module 'tstrb_design_1_axis_subset_converter_0_0' [/home/andreea/proiect_finn/output_ip_hardware_cu_maimulteepoici/stitched_ip/finn_vivado_stitch_proj.gen/sources_1/bd/design_1/ip/design_1_axis_subset_converter_0_0/hdl/tstrb_design_1_axis_subset_converter_0_0.v:48]
INFO: [Synth 8-6155] done synthesizing module 'tstrb_design_1_axis_subset_converter_0_0' (0#1) [/home/andreea/proiect_finn/output_ip_hardware_cu_maimulteepoici/stitched_ip/finn_vivado_stitch_proj.gen/sources_1/bd/design_1/ip/design_1_axis_subset_converter_0_0/hdl/tstrb_design_1_axis_subset_converter_0_0.v:48]
INFO: [Synth 8-6157] synthesizing module 'tkeep_design_1_axis_subset_converter_0_0' [/home/andreea/proiect_finn/output_ip_hardware_cu_maimulteepoici/stitched_ip/finn_vivado_stitch_proj.gen/sources_1/bd/design_1/ip/design_1_axis_subset_converter_0_0/hdl/tkeep_design_1_axis_subset_converter_0_0.v:48]
INFO: [Synth 8-6155] done synthesizing module 'tkeep_design_1_axis_subset_converter_0_0' (0#1) [/home/andreea/proiect_finn/output_ip_hardware_cu_maimulteepoici/stitched_ip/finn_vivado_stitch_proj.gen/sources_1/bd/design_1/ip/design_1_axis_subset_converter_0_0/hdl/tkeep_design_1_axis_subset_converter_0_0.v:48]
INFO: [Synth 8-6157] synthesizing module 'tlast_design_1_axis_subset_converter_0_0' [/home/andreea/proiect_finn/output_ip_hardware_cu_maimulteepoici/stitched_ip/finn_vivado_stitch_proj.gen/sources_1/bd/design_1/ip/design_1_axis_subset_converter_0_0/hdl/tlast_design_1_axis_subset_converter_0_0.v:48]
INFO: [Synth 8-6155] done synthesizing module 'tlast_design_1_axis_subset_converter_0_0' (0#1) [/home/andreea/proiect_finn/output_ip_hardware_cu_maimulteepoici/stitched_ip/finn_vivado_stitch_proj.gen/sources_1/bd/design_1/ip/design_1_axis_subset_converter_0_0/hdl/tlast_design_1_axis_subset_converter_0_0.v:48]
INFO: [Synth 8-6155] done synthesizing module 'top_design_1_axis_subset_converter_0_0' (0#1) [/home/andreea/proiect_finn/output_ip_hardware_cu_maimulteepoici/stitched_ip/finn_vivado_stitch_proj.gen/sources_1/bd/design_1/ip/design_1_axis_subset_converter_0_0/hdl/top_design_1_axis_subset_converter_0_0.v:60]
INFO: [Synth 8-6155] done synthesizing module 'design_1_axis_subset_converter_0_0' (0#1) [/home/andreea/proiect_finn/output_ip_hardware_cu_maimulteepoici/stitched_ip/finn_vivado_stitch_proj.gen/sources_1/bd/design_1/ip/design_1_axis_subset_converter_0_0/synth/design_1_axis_subset_converter_0_0.v:53]
WARNING: [Synth 8-7129] Port tid[0] in module tlast_design_1_axis_subset_converter_0_0 is either unconnected or has no load
WARNING: [Synth 8-7129] Port tdata[23] in module tlast_design_1_axis_subset_converter_0_0 is either unconnected or has no load
WARNING: [Synth 8-7129] Port tdata[22] in module tlast_design_1_axis_subset_converter_0_0 is either unconnected or has no load
WARNING: [Synth 8-7129] Port tdata[21] in module tlast_design_1_axis_subset_converter_0_0 is either unconnected or has no load
WARNING: [Synth 8-7129] Port tdata[20] in module tlast_design_1_axis_subset_converter_0_0 is either unconnected or has no load
WARNING: [Synth 8-7129] Port tdata[19] in module tlast_design_1_axis_subset_converter_0_0 is either unconnected or has no load
WARNING: [Synth 8-7129] Port tdata[18] in module tlast_design_1_axis_subset_converter_0_0 is either unconnected or has no load
WARNING: [Synth 8-7129] Port tdata[17] in module tlast_design_1_axis_subset_converter_0_0 is either unconnected or has no load
WARNING: [Synth 8-7129] Port tdata[16] in module tlast_design_1_axis_subset_converter_0_0 is either unconnected or has no load
WARNING: [Synth 8-7129] Port tdata[15] in module tlast_design_1_axis_subset_converter_0_0 is either unconnected or has no load
WARNING: [Synth 8-7129] Port tdata[14] in module tlast_design_1_axis_subset_converter_0_0 is either unconnected or has no load
WARNING: [Synth 8-7129] Port tdata[13] in module tlast_design_1_axis_subset_converter_0_0 is either unconnected or has no load
WARNING: [Synth 8-7129] Port tdata[12] in module tlast_design_1_axis_subset_converter_0_0 is either unconnected or has no load
WARNING: [Synth 8-7129] Port tdata[11] in module tlast_design_1_axis_subset_converter_0_0 is either unconnected or has no load
WARNING: [Synth 8-7129] Port tdata[10] in module tlast_design_1_axis_subset_converter_0_0 is either unconnected or has no load
WARNING: [Synth 8-7129] Port tdata[9] in module tlast_design_1_axis_subset_converter_0_0 is either unconnected or has no load
WARNING: [Synth 8-7129] Port tdata[8] in module tlast_design_1_axis_subset_converter_0_0 is either unconnected or has no load
WARNING: [Synth 8-7129] Port tdata[7] in module tlast_design_1_axis_subset_converter_0_0 is either unconnected or has no load
WARNING: [Synth 8-7129] Port tdata[6] in module tlast_design_1_axis_subset_converter_0_0 is either unconnected or has no load
WARNING: [Synth 8-7129] Port tdata[5] in module tlast_design_1_axis_subset_converter_0_0 is either unconnected or has no load
WARNING: [Synth 8-7129] Port tdata[4] in module tlast_design_1_axis_subset_converter_0_0 is either unconnected or has no load
WARNING: [Synth 8-7129] Port tdata[3] in module tlast_design_1_axis_subset_converter_0_0 is either unconnected or has no load
WARNING: [Synth 8-7129] Port tdata[2] in module tlast_design_1_axis_subset_converter_0_0 is either unconnected or has no load
WARNING: [Synth 8-7129] Port tdata[1] in module tlast_design_1_axis_subset_converter_0_0 is either unconnected or has no load
WARNING: [Synth 8-7129] Port tdata[0] in module tlast_design_1_axis_subset_converter_0_0 is either unconnected or has no load
WARNING: [Synth 8-7129] Port tuser[0] in module tlast_design_1_axis_subset_converter_0_0 is either unconnected or has no load
WARNING: [Synth 8-7129] Port tdest[0] in module tlast_design_1_axis_subset_converter_0_0 is either unconnected or has no load
WARNING: [Synth 8-7129] Port tkeep[2] in module tlast_design_1_axis_subset_converter_0_0 is either unconnected or has no load
WARNING: [Synth 8-7129] Port tkeep[1] in module tlast_design_1_axis_subset_converter_0_0 is either unconnected or has no load
WARNING: [Synth 8-7129] Port tkeep[0] in module tlast_design_1_axis_subset_converter_0_0 is either unconnected or has no load
WARNING: [Synth 8-7129] Port tstrb[2] in module tlast_design_1_axis_subset_converter_0_0 is either unconnected or has no load
WARNING: [Synth 8-7129] Port tstrb[1] in module tlast_design_1_axis_subset_converter_0_0 is either unconnected or has no load
WARNING: [Synth 8-7129] Port tstrb[0] in module tlast_design_1_axis_subset_converter_0_0 is either unconnected or has no load
WARNING: [Synth 8-7129] Port tdata[23] in module tkeep_design_1_axis_subset_converter_0_0 is either unconnected or has no load
WARNING: [Synth 8-7129] Port tdata[22] in module tkeep_design_1_axis_subset_converter_0_0 is either unconnected or has no load
WARNING: [Synth 8-7129] Port tdata[21] in module tkeep_design_1_axis_subset_converter_0_0 is either unconnected or has no load
WARNING: [Synth 8-7129] Port tdata[20] in module tkeep_design_1_axis_subset_converter_0_0 is either unconnected or has no load
WARNING: [Synth 8-7129] Port tdata[19] in module tkeep_design_1_axis_subset_converter_0_0 is either unconnected or has no load
WARNING: [Synth 8-7129] Port tdata[18] in module tkeep_design_1_axis_subset_converter_0_0 is either unconnected or has no load
WARNING: [Synth 8-7129] Port tdata[17] in module tkeep_design_1_axis_subset_converter_0_0 is either unconnected or has no load
WARNING: [Synth 8-7129] Port tdata[16] in module tkeep_design_1_axis_subset_converter_0_0 is either unconnected or has no load
WARNING: [Synth 8-7129] Port tdata[15] in module tkeep_design_1_axis_subset_converter_0_0 is either unconnected or has no load
WARNING: [Synth 8-7129] Port tdata[14] in module tkeep_design_1_axis_subset_converter_0_0 is either unconnected or has no load
WARNING: [Synth 8-7129] Port tdata[13] in module tkeep_design_1_axis_subset_converter_0_0 is either unconnected or has no load
WARNING: [Synth 8-7129] Port tdata[12] in module tkeep_design_1_axis_subset_converter_0_0 is either unconnected or has no load
WARNING: [Synth 8-7129] Port tdata[11] in module tkeep_design_1_axis_subset_converter_0_0 is either unconnected or has no load
WARNING: [Synth 8-7129] Port tdata[10] in module tkeep_design_1_axis_subset_converter_0_0 is either unconnected or has no load
WARNING: [Synth 8-7129] Port tdata[9] in module tkeep_design_1_axis_subset_converter_0_0 is either unconnected or has no load
WARNING: [Synth 8-7129] Port tdata[8] in module tkeep_design_1_axis_subset_converter_0_0 is either unconnected or has no load
WARNING: [Synth 8-7129] Port tdata[7] in module tkeep_design_1_axis_subset_converter_0_0 is either unconnected or has no load
WARNING: [Synth 8-7129] Port tdata[6] in module tkeep_design_1_axis_subset_converter_0_0 is either unconnected or has no load
WARNING: [Synth 8-7129] Port tdata[5] in module tkeep_design_1_axis_subset_converter_0_0 is either unconnected or has no load
WARNING: [Synth 8-7129] Port tdata[4] in module tkeep_design_1_axis_subset_converter_0_0 is either unconnected or has no load
WARNING: [Synth 8-7129] Port tdata[3] in module tkeep_design_1_axis_subset_converter_0_0 is either unconnected or has no load
WARNING: [Synth 8-7129] Port tdata[2] in module tkeep_design_1_axis_subset_converter_0_0 is either unconnected or has no load
WARNING: [Synth 8-7129] Port tdata[1] in module tkeep_design_1_axis_subset_converter_0_0 is either unconnected or has no load
WARNING: [Synth 8-7129] Port tdata[0] in module tkeep_design_1_axis_subset_converter_0_0 is either unconnected or has no load
WARNING: [Synth 8-7129] Port tuser[0] in module tkeep_design_1_axis_subset_converter_0_0 is either unconnected or has no load
WARNING: [Synth 8-7129] Port tid[0] in module tkeep_design_1_axis_subset_converter_0_0 is either unconnected or has no load
WARNING: [Synth 8-7129] Port tdest[0] in module tkeep_design_1_axis_subset_converter_0_0 is either unconnected or has no load
WARNING: [Synth 8-7129] Port tkeep[2] in module tkeep_design_1_axis_subset_converter_0_0 is either unconnected or has no load
WARNING: [Synth 8-7129] Port tkeep[1] in module tkeep_design_1_axis_subset_converter_0_0 is either unconnected or has no load
WARNING: [Synth 8-7129] Port tkeep[0] in module tkeep_design_1_axis_subset_converter_0_0 is either unconnected or has no load
WARNING: [Synth 8-7129] Port tstrb[2] in module tkeep_design_1_axis_subset_converter_0_0 is either unconnected or has no load
WARNING: [Synth 8-7129] Port tstrb[1] in module tkeep_design_1_axis_subset_converter_0_0 is either unconnected or has no load
WARNING: [Synth 8-7129] Port tstrb[0] in module tkeep_design_1_axis_subset_converter_0_0 is either unconnected or has no load
WARNING: [Synth 8-7129] Port tlast in module tkeep_design_1_axis_subset_converter_0_0 is either unconnected or has no load
WARNING: [Synth 8-7129] Port tdata[23] in module tstrb_design_1_axis_subset_converter_0_0 is either unconnected or has no load
WARNING: [Synth 8-7129] Port tdata[22] in module tstrb_design_1_axis_subset_converter_0_0 is either unconnected or has no load
WARNING: [Synth 8-7129] Port tdata[21] in module tstrb_design_1_axis_subset_converter_0_0 is either unconnected or has no load
WARNING: [Synth 8-7129] Port tdata[20] in module tstrb_design_1_axis_subset_converter_0_0 is either unconnected or has no load
WARNING: [Synth 8-7129] Port tdata[19] in module tstrb_design_1_axis_subset_converter_0_0 is either unconnected or has no load
WARNING: [Synth 8-7129] Port tdata[18] in module tstrb_design_1_axis_subset_converter_0_0 is either unconnected or has no load
WARNING: [Synth 8-7129] Port tdata[17] in module tstrb_design_1_axis_subset_converter_0_0 is either unconnected or has no load
WARNING: [Synth 8-7129] Port tdata[16] in module tstrb_design_1_axis_subset_converter_0_0 is either unconnected or has no load
WARNING: [Synth 8-7129] Port tdata[15] in module tstrb_design_1_axis_subset_converter_0_0 is either unconnected or has no load
WARNING: [Synth 8-7129] Port tdata[14] in module tstrb_design_1_axis_subset_converter_0_0 is either unconnected or has no load
WARNING: [Synth 8-7129] Port tdata[13] in module tstrb_design_1_axis_subset_converter_0_0 is either unconnected or has no load
WARNING: [Synth 8-7129] Port tdata[12] in module tstrb_design_1_axis_subset_converter_0_0 is either unconnected or has no load
WARNING: [Synth 8-7129] Port tdata[11] in module tstrb_design_1_axis_subset_converter_0_0 is either unconnected or has no load
WARNING: [Synth 8-7129] Port tdata[10] in module tstrb_design_1_axis_subset_converter_0_0 is either unconnected or has no load
WARNING: [Synth 8-7129] Port tdata[9] in module tstrb_design_1_axis_subset_converter_0_0 is either unconnected or has no load
WARNING: [Synth 8-7129] Port tdata[8] in module tstrb_design_1_axis_subset_converter_0_0 is either unconnected or has no load
WARNING: [Synth 8-7129] Port tdata[7] in module tstrb_design_1_axis_subset_converter_0_0 is either unconnected or has no load
WARNING: [Synth 8-7129] Port tdata[6] in module tstrb_design_1_axis_subset_converter_0_0 is either unconnected or has no load
WARNING: [Synth 8-7129] Port tdata[5] in module tstrb_design_1_axis_subset_converter_0_0 is either unconnected or has no load
WARNING: [Synth 8-7129] Port tdata[4] in module tstrb_design_1_axis_subset_converter_0_0 is either unconnected or has no load
WARNING: [Synth 8-7129] Port tdata[3] in module tstrb_design_1_axis_subset_converter_0_0 is either unconnected or has no load
WARNING: [Synth 8-7129] Port tdata[2] in module tstrb_design_1_axis_subset_converter_0_0 is either unconnected or has no load
WARNING: [Synth 8-7129] Port tdata[1] in module tstrb_design_1_axis_subset_converter_0_0 is either unconnected or has no load
WARNING: [Synth 8-7129] Port tdata[0] in module tstrb_design_1_axis_subset_converter_0_0 is either unconnected or has no load
WARNING: [Synth 8-7129] Port tuser[0] in module tstrb_design_1_axis_subset_converter_0_0 is either unconnected or has no load
WARNING: [Synth 8-7129] Port tid[0] in module tstrb_design_1_axis_subset_converter_0_0 is either unconnected or has no load
WARNING: [Synth 8-7129] Port tdest[0] in module tstrb_design_1_axis_subset_converter_0_0 is either unconnected or has no load
WARNING: [Synth 8-7129] Port tkeep[2] in module tstrb_design_1_axis_subset_converter_0_0 is either unconnected or has no load
WARNING: [Synth 8-7129] Port tkeep[1] in module tstrb_design_1_axis_subset_converter_0_0 is either unconnected or has no load
WARNING: [Synth 8-7129] Port tkeep[0] in module tstrb_design_1_axis_subset_converter_0_0 is either unconnected or has no load
WARNING: [Synth 8-7129] Port tstrb[2] in module tstrb_design_1_axis_subset_converter_0_0 is either unconnected or has no load
WARNING: [Synth 8-7129] Port tstrb[1] in module tstrb_design_1_axis_subset_converter_0_0 is either unconnected or has no load
WARNING: [Synth 8-7129] Port tstrb[0] in module tstrb_design_1_axis_subset_converter_0_0 is either unconnected or has no load
INFO: [Common 17-14] Message 'Synth 8-7129' appears 100 times and further instances of the messages will be disabled. Use the Tcl command set_msg_config to change the current settings.
---------------------------------------------------------------------------------
Finished RTL Elaboration : Time (s): cpu = 00:00:05 ; elapsed = 00:00:05 . Memory (MB): peak = 2075.352 ; gain = 445.707 ; free physical = 236 ; free virtual = 2505
Synthesis current peak Physical Memory [PSS] (MB): peak = 1271.933; parent = 1126.932; children = 145.001
Synthesis current peak Virtual Memory [VSS] (MB): peak = 3027.844; parent = 2075.352; children = 952.492
---------------------------------------------------------------------------------
---------------------------------------------------------------------------------
Start Handling Custom Attributes
---------------------------------------------------------------------------------
---------------------------------------------------------------------------------
Finished Handling Custom Attributes : Time (s): cpu = 00:00:05 ; elapsed = 00:00:05 . Memory (MB): peak = 2090.195 ; gain = 460.551 ; free physical = 228 ; free virtual = 2498
Synthesis current peak Physical Memory [PSS] (MB): peak = 1271.933; parent = 1126.932; children = 145.001
Synthesis current peak Virtual Memory [VSS] (MB): peak = 3042.688; parent = 2090.195; children = 952.492
---------------------------------------------------------------------------------
---------------------------------------------------------------------------------
Finished RTL Optimization Phase 1 : Time (s): cpu = 00:00:05 ; elapsed = 00:00:05 . Memory (MB): peak = 2090.195 ; gain = 460.551 ; free physical = 225 ; free virtual = 2495
Synthesis current peak Physical Memory [PSS] (MB): peak = 1271.933; parent = 1126.932; children = 145.001
Synthesis current peak Virtual Memory [VSS] (MB): peak = 3042.688; parent = 2090.195; children = 952.492
---------------------------------------------------------------------------------
Netlist sorting complete. Time (s): cpu = 00:00:00 ; elapsed = 00:00:00 . Memory (MB): peak = 2090.195 ; gain = 0.000 ; free physical = 217 ; free virtual = 2486
INFO: [Project 1-570] Preparing netlist for logic optimization

Processing XDC Constraints
Initializing timing engine
Parsing XDC File [/home/andreea/proiect_finn/output_ip_hardware_cu_maimulteepoici/stitched_ip/finn_vivado_stitch_proj.gen/sources_1/bd/design_1/ip/design_1_axis_subset_converter_0_0/design_1_axis_subset_converter_0_0_ooc.xdc] for cell 'inst'
Finished Parsing XDC File [/home/andreea/proiect_finn/output_ip_hardware_cu_maimulteepoici/stitched_ip/finn_vivado_stitch_proj.gen/sources_1/bd/design_1/ip/design_1_axis_subset_converter_0_0/design_1_axis_subset_converter_0_0_ooc.xdc] for cell 'inst'
Parsing XDC File [/home/andreea/proiect_finn/output_ip_hardware_cu_maimulteepoici/stitched_ip/finn_vivado_stitch_proj.runs/design_1_axis_subset_converter_0_0_synth_1/dont_touch.xdc]
Finished Parsing XDC File [/home/andreea/proiect_finn/output_ip_hardware_cu_maimulteepoici/stitched_ip/finn_vivado_stitch_proj.runs/design_1_axis_subset_converter_0_0_synth_1/dont_touch.xdc]
Completed Processing XDC Constraints

Netlist sorting complete. Time (s): cpu = 00:00:00 ; elapsed = 00:00:00 . Memory (MB): peak = 2209.945 ; gain = 0.000 ; free physical = 83 ; free virtual = 2342
INFO: [Project 1-111] Unisim Transformation Summary:
No Unisim elements were transformed.

Constraint Validation Runtime : Time (s): cpu = 00:00:00.02 ; elapsed = 00:00:00.02 . Memory (MB): peak = 2209.945 ; gain = 0.000 ; free physical = 84 ; free virtual = 2343
INFO: [Designutils 20-5008] Incremental synthesis strategy off
INFO: [Synth 8-11241] undeclared symbol 'REGCCE', assumed default net type 'wire' [/tools/Xilinx/Vivado/2022.2/data/verilog/src/unimacro/BRAM_SINGLE_MACRO.v:2170]
---------------------------------------------------------------------------------
Finished Constraint Validation : Time (s): cpu = 00:00:10 ; elapsed = 00:00:11 . Memory (MB): peak = 2209.945 ; gain = 580.301 ; free physical = 728 ; free virtual = 2983
Synthesis current peak Physical Memory [PSS] (MB): peak = 1275.169; parent = 1126.932; children = 154.461
Synthesis current peak Virtual Memory [VSS] (MB): peak = 3130.422; parent = 2177.930; children = 952.492
---------------------------------------------------------------------------------
---------------------------------------------------------------------------------
Start Loading Part and Timing Information
---------------------------------------------------------------------------------
Loading part: xc7z020clg400-1
---------------------------------------------------------------------------------
Finished Loading Part and Timing Information : Time (s): cpu = 00:00:10 ; elapsed = 00:00:11 . Memory (MB): peak = 2209.945 ; gain = 580.301 ; free physical = 733 ; free virtual = 2987
Synthesis current peak Physical Memory [PSS] (MB): peak = 1275.169; parent = 1126.932; children = 154.461
Synthesis current peak Virtual Memory [VSS] (MB): peak = 3130.422; parent = 2177.930; children = 952.492
---------------------------------------------------------------------------------
---------------------------------------------------------------------------------
Start Applying 'set_property' XDC Constraints
---------------------------------------------------------------------------------
Applied set_property KEEP_HIERARCHY = SOFT for inst. (constraint file  /home/andreea/proiect_finn/output_ip_hardware_cu_maimulteepoici/stitched_ip/finn_vivado_stitch_proj.runs/design_1_axis_subset_converter_0_0_synth_1/dont_touch.xdc, line 9).
---------------------------------------------------------------------------------
Finished applying 'set_property' XDC Constraints : Time (s): cpu = 00:00:10 ; elapsed = 00:00:11 . Memory (MB): peak = 2209.945 ; gain = 580.301 ; free physical = 735 ; free virtual = 2990
Synthesis current peak Physical Memory [PSS] (MB): peak = 1275.169; parent = 1126.932; children = 154.461
Synthesis current peak Virtual Memory [VSS] (MB): peak = 3130.422; parent = 2177.930; children = 952.492
---------------------------------------------------------------------------------
---------------------------------------------------------------------------------
Finished RTL Optimization Phase 2 : Time (s): cpu = 00:00:10 ; elapsed = 00:00:11 . Memory (MB): peak = 2209.945 ; gain = 580.301 ; free physical = 717 ; free virtual = 2973
Synthesis current peak Physical Memory [PSS] (MB): peak = 1275.169; parent = 1126.932; children = 154.461
Synthesis current peak Virtual Memory [VSS] (MB): peak = 3130.422; parent = 2177.930; children = 952.492
---------------------------------------------------------------------------------
---------------------------------------------------------------------------------
Start RTL Component Statistics 
---------------------------------------------------------------------------------
Detailed RTL Component Info : 
+---Adders : 
	   2 Input    4 Bit       Adders := 1     
+---Registers : 
	                4 Bit    Registers := 1     
+---Muxes : 
	   2 Input    4 Bit        Muxes := 1     
	   2 Input    1 Bit        Muxes := 1     
---------------------------------------------------------------------------------
Finished RTL Component Statistics 
---------------------------------------------------------------------------------
---------------------------------------------------------------------------------
Start Part Resource Summary
---------------------------------------------------------------------------------
Part Resources:
DSPs: 220 (col length:60)
BRAMs: 280 (col length: RAMB18 60 RAMB36 30)
---------------------------------------------------------------------------------
Finished Part Resource Summary
---------------------------------------------------------------------------------
---------------------------------------------------------------------------------
Start Cross Boundary and Area Optimization
---------------------------------------------------------------------------------
WARNING: [Synth 8-7080] Parallel synthesis criteria is not met
---------------------------------------------------------------------------------
Finished Cross Boundary and Area Optimization : Time (s): cpu = 00:00:11 ; elapsed = 00:00:12 . Memory (MB): peak = 2209.945 ; gain = 580.301 ; free physical = 735 ; free virtual = 2990
Synthesis current peak Physical Memory [PSS] (MB): peak = 1275.169; parent = 1126.932; children = 154.461
Synthesis current peak Virtual Memory [VSS] (MB): peak = 3130.422; parent = 2177.930; children = 952.492
---------------------------------------------------------------------------------
---------------------------------------------------------------------------------
Start Applying XDC Timing Constraints
---------------------------------------------------------------------------------
---------------------------------------------------------------------------------
Finished Applying XDC Timing Constraints : Time (s): cpu = 00:00:13 ; elapsed = 00:00:15 . Memory (MB): peak = 2209.945 ; gain = 580.301 ; free physical = 583 ; free virtual = 2837
Synthesis current peak Physical Memory [PSS] (MB): peak = 1367.609; parent = 1213.150; children = 154.461
Synthesis current peak Virtual Memory [VSS] (MB): peak = 3130.422; parent = 2177.930; children = 952.492
---------------------------------------------------------------------------------
---------------------------------------------------------------------------------
Start Timing Optimization
---------------------------------------------------------------------------------
---------------------------------------------------------------------------------
Finished Timing Optimization : Time (s): cpu = 00:00:13 ; elapsed = 00:00:15 . Memory (MB): peak = 2209.945 ; gain = 580.301 ; free physical = 582 ; free virtual = 2836
Synthesis current peak Physical Memory [PSS] (MB): peak = 1367.680; parent = 1213.221; children = 154.461
Synthesis current peak Virtual Memory [VSS] (MB): peak = 3130.422; parent = 2177.930; children = 952.492
---------------------------------------------------------------------------------
---------------------------------------------------------------------------------
Start Technology Mapping
---------------------------------------------------------------------------------
---------------------------------------------------------------------------------
Finished Technology Mapping : Time (s): cpu = 00:00:13 ; elapsed = 00:00:15 . Memory (MB): peak = 2209.945 ; gain = 580.301 ; free physical = 592 ; free virtual = 2847
Synthesis current peak Physical Memory [PSS] (MB): peak = 1367.848; parent = 1213.389; children = 154.461
Synthesis current peak Virtual Memory [VSS] (MB): peak = 3130.422; parent = 2177.930; children = 952.492
---------------------------------------------------------------------------------
---------------------------------------------------------------------------------
Start IO Insertion
---------------------------------------------------------------------------------
---------------------------------------------------------------------------------
Start Flattening Before IO Insertion
---------------------------------------------------------------------------------
---------------------------------------------------------------------------------
Finished Flattening Before IO Insertion
---------------------------------------------------------------------------------
---------------------------------------------------------------------------------
Start Final Netlist Cleanup
---------------------------------------------------------------------------------
---------------------------------------------------------------------------------
Finished Final Netlist Cleanup
---------------------------------------------------------------------------------
---------------------------------------------------------------------------------
Finished IO Insertion : Time (s): cpu = 00:00:15 ; elapsed = 00:00:17 . Memory (MB): peak = 2209.945 ; gain = 580.301 ; free physical = 589 ; free virtual = 2844
Synthesis current peak Physical Memory [PSS] (MB): peak = 1367.936; parent = 1213.477; children = 154.461
Synthesis current peak Virtual Memory [VSS] (MB): peak = 3130.422; parent = 2177.930; children = 952.492
---------------------------------------------------------------------------------
---------------------------------------------------------------------------------
Start Renaming Generated Instances
---------------------------------------------------------------------------------
---------------------------------------------------------------------------------
Finished Renaming Generated Instances : Time (s): cpu = 00:00:15 ; elapsed = 00:00:17 . Memory (MB): peak = 2209.945 ; gain = 580.301 ; free physical = 589 ; free virtual = 2844
Synthesis current peak Physical Memory [PSS] (MB): peak = 1367.936; parent = 1213.477; children = 154.461
Synthesis current peak Virtual Memory [VSS] (MB): peak = 3130.422; parent = 2177.930; children = 952.492
---------------------------------------------------------------------------------
---------------------------------------------------------------------------------
Start Rebuilding User Hierarchy
---------------------------------------------------------------------------------
---------------------------------------------------------------------------------
Finished Rebuilding User Hierarchy : Time (s): cpu = 00:00:15 ; elapsed = 00:00:17 . Memory (MB): peak = 2209.945 ; gain = 580.301 ; free physical = 589 ; free virtual = 2844
Synthesis current peak Physical Memory [PSS] (MB): peak = 1367.951; parent = 1213.492; children = 154.461
Synthesis current peak Virtual Memory [VSS] (MB): peak = 3130.422; parent = 2177.930; children = 952.492
---------------------------------------------------------------------------------
---------------------------------------------------------------------------------
Start Renaming Generated Ports
---------------------------------------------------------------------------------
---------------------------------------------------------------------------------
Finished Renaming Generated Ports : Time (s): cpu = 00:00:15 ; elapsed = 00:00:17 . Memory (MB): peak = 2209.945 ; gain = 580.301 ; free physical = 589 ; free virtual = 2844
Synthesis current peak Physical Memory [PSS] (MB): peak = 1367.987; parent = 1213.528; children = 154.461
Synthesis current peak Virtual Memory [VSS] (MB): peak = 3130.422; parent = 2177.930; children = 952.492
---------------------------------------------------------------------------------
---------------------------------------------------------------------------------
Start Handling Custom Attributes
---------------------------------------------------------------------------------
---------------------------------------------------------------------------------
Finished Handling Custom Attributes : Time (s): cpu = 00:00:15 ; elapsed = 00:00:17 . Memory (MB): peak = 2209.945 ; gain = 580.301 ; free physical = 586 ; free virtual = 2840
Synthesis current peak Physical Memory [PSS] (MB): peak = 1367.987; parent = 1213.528; children = 154.461
Synthesis current peak Virtual Memory [VSS] (MB): peak = 3130.422; parent = 2177.930; children = 952.492
---------------------------------------------------------------------------------
---------------------------------------------------------------------------------
Start Renaming Generated Nets
---------------------------------------------------------------------------------
---------------------------------------------------------------------------------
Finished Renaming Generated Nets : Time (s): cpu = 00:00:15 ; elapsed = 00:00:17 . Memory (MB): peak = 2209.945 ; gain = 580.301 ; free physical = 578 ; free virtual = 2832
Synthesis current peak Physical Memory [PSS] (MB): peak = 1368.019; parent = 1213.560; children = 154.461
Synthesis current peak Virtual Memory [VSS] (MB): peak = 3130.422; parent = 2177.930; children = 952.492
---------------------------------------------------------------------------------
---------------------------------------------------------------------------------
Start Writing Synthesis Report
---------------------------------------------------------------------------------

Report BlackBoxes: 
+-+--------------+----------+
| |BlackBox name |Instances |
+-+--------------+----------+
+-+--------------+----------+

Report Cell Usage: 
+------+-----+------+
|      |Cell |Count |
+------+-----+------+
|1     |LUT1 |     2|
|2     |LUT2 |     1|
|3     |LUT3 |     1|
|4     |LUT4 |     3|
|5     |FDRE |     4|
+------+-----+------+
---------------------------------------------------------------------------------
Finished Writing Synthesis Report : Time (s): cpu = 00:00:15 ; elapsed = 00:00:17 . Memory (MB): peak = 2209.945 ; gain = 580.301 ; free physical = 578 ; free virtual = 2833
Synthesis current peak Physical Memory [PSS] (MB): peak = 1368.034; parent = 1213.575; children = 154.461
Synthesis current peak Virtual Memory [VSS] (MB): peak = 3130.422; parent = 2177.930; children = 952.492
---------------------------------------------------------------------------------
Synthesis finished with 0 errors, 0 critical warnings and 11 warnings.
Synthesis Optimization Runtime : Time (s): cpu = 00:00:14 ; elapsed = 00:00:16 . Memory (MB): peak = 2209.945 ; gain = 460.551 ; free physical = 643 ; free virtual = 2898
Synthesis Optimization Complete : Time (s): cpu = 00:00:15 ; elapsed = 00:00:17 . Memory (MB): peak = 2209.945 ; gain = 580.301 ; free physical = 643 ; free virtual = 2898
INFO: [Project 1-571] Translating synthesized netlist
Netlist sorting complete. Time (s): cpu = 00:00:00 ; elapsed = 00:00:00 . Memory (MB): peak = 2209.945 ; gain = 0.000 ; free physical = 638 ; free virtual = 2893
INFO: [Project 1-570] Preparing netlist for logic optimization
INFO: [Opt 31-138] Pushed 0 inverter(s) to 0 load pin(s).
Netlist sorting complete. Time (s): cpu = 00:00:00 ; elapsed = 00:00:00 . Memory (MB): peak = 2209.945 ; gain = 0.000 ; free physical = 686 ; free virtual = 2941
INFO: [Project 1-111] Unisim Transformation Summary:
No Unisim elements were transformed.

Synth Design complete, checksum: 1a654545
INFO: [Common 17-83] Releasing license: Synthesis
59 Infos, 101 Warnings, 0 Critical Warnings and 0 Errors encountered.
synth_design completed successfully
synth_design: Time (s): cpu = 00:00:22 ; elapsed = 00:00:21 . Memory (MB): peak = 2209.945 ; gain = 889.957 ; free physical = 893 ; free virtual = 3148
INFO: [Common 17-1381] The checkpoint '/home/andreea/proiect_finn/output_ip_hardware_cu_maimulteepoici/stitched_ip/finn_vivado_stitch_proj.runs/design_1_axis_subset_converter_0_0_synth_1/design_1_axis_subset_converter_0_0.dcp' has been generated.
INFO: [Coretcl 2-1648] Added synthesis output to IP cache for IP design_1_axis_subset_converter_0_0, cache-ID = 037ecc013da4667b
INFO: [Coretcl 2-1174] Renamed 2 cell refs.
INFO: [Common 17-1381] The checkpoint '/home/andreea/proiect_finn/output_ip_hardware_cu_maimulteepoici/stitched_ip/finn_vivado_stitch_proj.runs/design_1_axis_subset_converter_0_0_synth_1/design_1_axis_subset_converter_0_0.dcp' has been generated.
INFO: [runtcl-4] Executing : report_utilization -file design_1_axis_subset_converter_0_0_utilization_synth.rpt -pb design_1_axis_subset_converter_0_0_utilization_synth.pb
INFO: [Common 17-206] Exiting Vivado at Sun Apr 19 14:08:31 2026...
