#-----------------------------------------------------------
# Vivado v2023.2 (64-bit)
# SW Build 4029153 on Fri Oct 13 20:13:54 MDT 2023
# IP Build 4028589 on Sat Oct 14 00:45:43 MDT 2023
# SharedData Build 4025554 on Tue Oct 10 17:18:54 MDT 2023
# Start of session at: Fri Oct 10 16:01:58 2025
# Process ID: 9431
# Current directory: /home/analog/Microcontrollers-and-FPGA/FPGA_Projects/VERILOG/VGA_Project
# Command line: vivado
# Log file: /home/analog/Microcontrollers-and-FPGA/FPGA_Projects/VERILOG/VGA_Project/vivado.log
# Journal file: /home/analog/Microcontrollers-and-FPGA/FPGA_Projects/VERILOG/VGA_Project/vivado.jou
# Running On: DESKTOP-S2GG9RF, OS: Linux, CPU Frequency: 2496.008 MHz, CPU Physical cores: 6, Host memory: 4011 MB
#-----------------------------------------------------------
start_gui
open_project /home/analog/Microcontrollers-and-FPGA/FPGA_Projects/VERILOG/VGA_Project/VGA_Project.xpr
update_compile_order -fileset sources_1
file mkdir /home/analog/Microcontrollers-and-FPGA/FPGA_Projects/VERILOG/VGA_Project/VGA_Project.srcs/constrs_1
file mkdir /home/analog/Microcontrollers-and-FPGA/FPGA_Projects/VERILOG/VGA_Project/VGA_Project.srcs/constrs_1/new
close [ open /home/analog/Microcontrollers-and-FPGA/FPGA_Projects/VERILOG/VGA_Project/VGA_Project.srcs/constrs_1/new/vgapmod.xdc w ]
add_files -fileset constrs_1 /home/analog/Microcontrollers-and-FPGA/FPGA_Projects/VERILOG/VGA_Project/VGA_Project.srcs/constrs_1/new/vgapmod.xdc
