
*** Running vivado
    with args -log finn_design_inst_1_StreamingFIFO_rtl_3_0.vds -m64 -product Vivado -mode batch -messageDb vivado.pb -notrace -source finn_design_inst_1_StreamingFIFO_rtl_3_0.tcl


****** Vivado v2022.2 (64-bit)
  **** SW Build 3671981 on Fri Oct 14 04:59:54 MDT 2022
  **** IP Build 3669848 on Fri Oct 14 08:30:02 MDT 2022
    ** Copyright 1986-2022 Xilinx, Inc. All Rights Reserved.

source finn_design_inst_1_StreamingFIFO_rtl_3_0.tcl -notrace
create_project: Time (s): cpu = 00:00:05 ; elapsed = 00:00:05 . Memory (MB): peak = 1318.047 ; gain = 0.027 ; free physical = 2833 ; free virtual = 5264
INFO: [IP_Flow 19-234] Refreshing IP repositories
INFO: [IP_Flow 19-1700] Loaded user IP repository '/home/andreea/finn/finn-rtllib/memstream'.
INFO: [IP_Flow 19-1700] Loaded user IP repository '/tmp/finn_dev_andreea/code_gen_ipgen_StreamingFIFO_rtl_0_0gu48umn'.
INFO: [IP_Flow 19-1700] Loaded user IP repository '/tmp/finn_dev_andreea/code_gen_ipgen_StreamingMaxPool_hls_0_f483_7v7/project_StreamingMaxPool_hls_0/sol1/impl/ip'.
INFO: [IP_Flow 19-1700] Loaded user IP repository '/tmp/finn_dev_andreea/code_gen_ipgen_StreamingFIFO_rtl_1_vra9ly6u'.
INFO: [IP_Flow 19-1700] Loaded user IP repository '/tmp/finn_dev_andreea/code_gen_ipgen_StreamingDataWidthConverter_rtl_0_68_ah9pv'.
INFO: [IP_Flow 19-1700] Loaded user IP repository '/tmp/finn_dev_andreea/code_gen_ipgen_StreamingFIFO_rtl_2_ci6rrynx'.
INFO: [IP_Flow 19-1700] Loaded user IP repository '/tmp/finn_dev_andreea/code_gen_ipgen_MVAU_hls_0_wm2359pm/project_MVAU_hls_0/sol1/impl/ip'.
INFO: [IP_Flow 19-1700] Loaded user IP repository '/tmp/finn_dev_andreea/code_gen_ipgen_StreamingFIFO_rtl_3__fc5fzv9'.
INFO: [IP_Flow 19-1700] Loaded user IP repository '/tmp/finn_dev_andreea/code_gen_ipgen_MVAU_rtl_0_sk01edbv'.
INFO: [IP_Flow 19-1700] Loaded user IP repository '/tmp/finn_dev_andreea/code_gen_ipgen_StreamingFIFO_rtl_4_zs21v45w'.
INFO: [IP_Flow 19-2313] Loaded Vivado IP repository '/tools/Xilinx/Vivado/2022.2/data/ip'.
INFO: [IP_Flow 19-6924] IPCACHE: Running cache check for IP inst: finn_design_inst_1_StreamingFIFO_rtl_3_0
Command: synth_design -top finn_design_inst_1_StreamingFIFO_rtl_3_0 -part xc7z020clg400-1 -incremental_mode off -mode out_of_context
Starting synth_design
Attempting to get a license for feature 'Synthesis' and/or device 'xc7z020'
INFO: [Common 17-349] Got license for feature 'Synthesis' and/or device 'xc7z020'
INFO: [Device 21-403] Loading part xc7z020clg400-1
INFO: [Synth 8-7079] Multithreading enabled for synth_design using a maximum of 4 processes.
INFO: [Synth 8-7078] Launching helper process for spawning children vivado processes
INFO: [Synth 8-7075] Helper process launched with PID 49374
INFO: [Synth 8-11241] undeclared symbol 'REGCCE', assumed default net type 'wire' [/tools/Xilinx/Vivado/2022.2/data/verilog/src/unimacro/BRAM_SINGLE_MACRO.v:2170]
---------------------------------------------------------------------------------
Starting RTL Elaboration : Time (s): cpu = 00:00:04 ; elapsed = 00:00:04 . Memory (MB): peak = 2001.473 ; gain = 371.738 ; free physical = 905 ; free virtual = 3354
Synthesis current peak Physical Memory [PSS] (MB): peak = 1280.828; parent = 1127.989; children = 152.839
Synthesis current peak Virtual Memory [VSS] (MB): peak = 2969.746; parent = 2004.441; children = 965.305
---------------------------------------------------------------------------------
INFO: [Synth 8-6157] synthesizing module 'finn_design_inst_1_StreamingFIFO_rtl_3_0' [/home/andreea/proiect_finn/output_ip_hardware/stitched_ip/finn_vivado_stitch_proj.gen/sources_1/bd/design_1/bd/finn_design_inst_1/ip/finn_design_inst_1_StreamingFIFO_rtl_3_0/synth/finn_design_inst_1_StreamingFIFO_rtl_3_0.v:53]
INFO: [Synth 8-6157] synthesizing module 'StreamingFIFO_rtl_3' [/tmp/finn_dev_andreea/code_gen_ipgen_StreamingFIFO_rtl_3__fc5fzv9/StreamingFIFO_rtl_3.v:32]
INFO: [Synth 8-6157] synthesizing module 'Q_srl' [/tmp/finn_dev_andreea/code_gen_ipgen_StreamingFIFO_rtl_0_0gu48umn/Q_srl.v:72]
INFO: [Synth 8-6155] done synthesizing module 'Q_srl' (0#1) [/tmp/finn_dev_andreea/code_gen_ipgen_StreamingFIFO_rtl_0_0gu48umn/Q_srl.v:72]
INFO: [Synth 8-6155] done synthesizing module 'StreamingFIFO_rtl_3' (0#1) [/tmp/finn_dev_andreea/code_gen_ipgen_StreamingFIFO_rtl_3__fc5fzv9/StreamingFIFO_rtl_3.v:32]
INFO: [Synth 8-6155] done synthesizing module 'finn_design_inst_1_StreamingFIFO_rtl_3_0' (0#1) [/home/andreea/proiect_finn/output_ip_hardware/stitched_ip/finn_vivado_stitch_proj.gen/sources_1/bd/design_1/bd/finn_design_inst_1/ip/finn_design_inst_1_StreamingFIFO_rtl_3_0/synth/finn_design_inst_1_StreamingFIFO_rtl_3_0.v:53]
WARNING: [Synth 8-6014] Unused sequential element addr_full_reg was removed.  [/tmp/finn_dev_andreea/code_gen_ipgen_StreamingFIFO_rtl_0_0gu48umn/Q_srl.v:144]
---------------------------------------------------------------------------------
Finished RTL Elaboration : Time (s): cpu = 00:00:05 ; elapsed = 00:00:06 . Memory (MB): peak = 2072.410 ; gain = 442.676 ; free physical = 847 ; free virtual = 3288
Synthesis current peak Physical Memory [PSS] (MB): peak = 1280.828; parent = 1127.989; children = 152.839
Synthesis current peak Virtual Memory [VSS] (MB): peak = 3037.715; parent = 2072.410; children = 965.305
---------------------------------------------------------------------------------
---------------------------------------------------------------------------------
Start Handling Custom Attributes
---------------------------------------------------------------------------------
---------------------------------------------------------------------------------
Finished Handling Custom Attributes : Time (s): cpu = 00:00:05 ; elapsed = 00:00:06 . Memory (MB): peak = 2090.223 ; gain = 460.488 ; free physical = 887 ; free virtual = 3327
Synthesis current peak Physical Memory [PSS] (MB): peak = 1280.828; parent = 1127.989; children = 152.839
Synthesis current peak Virtual Memory [VSS] (MB): peak = 3055.527; parent = 2090.223; children = 965.305
---------------------------------------------------------------------------------
---------------------------------------------------------------------------------
Finished RTL Optimization Phase 1 : Time (s): cpu = 00:00:05 ; elapsed = 00:00:06 . Memory (MB): peak = 2090.223 ; gain = 460.488 ; free physical = 855 ; free virtual = 3295
Synthesis current peak Physical Memory [PSS] (MB): peak = 1280.828; parent = 1127.989; children = 152.839
Synthesis current peak Virtual Memory [VSS] (MB): peak = 3055.527; parent = 2090.223; children = 965.305
---------------------------------------------------------------------------------
Netlist sorting complete. Time (s): cpu = 00:00:00 ; elapsed = 00:00:00 . Memory (MB): peak = 2090.223 ; gain = 0.000 ; free physical = 790 ; free virtual = 3230
INFO: [Project 1-570] Preparing netlist for logic optimization

Processing XDC Constraints
Initializing timing engine
Completed Processing XDC Constraints

Netlist sorting complete. Time (s): cpu = 00:00:00 ; elapsed = 00:00:00 . Memory (MB): peak = 2239.973 ; gain = 0.000 ; free physical = 609 ; free virtual = 3049
INFO: [Project 1-111] Unisim Transformation Summary:
No Unisim elements were transformed.

Constraint Validation Runtime : Time (s): cpu = 00:00:00.01 ; elapsed = 00:00:00.01 . Memory (MB): peak = 2239.973 ; gain = 0.000 ; free physical = 605 ; free virtual = 3045
INFO: [Designutils 20-5008] Incremental synthesis strategy off
INFO: [Synth 8-11241] undeclared symbol 'REGCCE', assumed default net type 'wire' [/tools/Xilinx/Vivado/2022.2/data/verilog/src/unimacro/BRAM_SINGLE_MACRO.v:2170]
---------------------------------------------------------------------------------
Finished Constraint Validation : Time (s): cpu = 00:00:10 ; elapsed = 00:00:11 . Memory (MB): peak = 2239.973 ; gain = 610.238 ; free physical = 720 ; free virtual = 3163
Synthesis current peak Physical Memory [PSS] (MB): peak = 1280.828; parent = 1127.989; children = 152.839
Synthesis current peak Virtual Memory [VSS] (MB): peak = 3173.262; parent = 2207.957; children = 965.305
---------------------------------------------------------------------------------
---------------------------------------------------------------------------------
Start Loading Part and Timing Information
---------------------------------------------------------------------------------
Loading part: xc7z020clg400-1
---------------------------------------------------------------------------------
Finished Loading Part and Timing Information : Time (s): cpu = 00:00:10 ; elapsed = 00:00:11 . Memory (MB): peak = 2239.973 ; gain = 610.238 ; free physical = 720 ; free virtual = 3163
Synthesis current peak Physical Memory [PSS] (MB): peak = 1280.828; parent = 1127.989; children = 152.839
Synthesis current peak Virtual Memory [VSS] (MB): peak = 3173.262; parent = 2207.957; children = 965.305
---------------------------------------------------------------------------------
---------------------------------------------------------------------------------
Start Applying 'set_property' XDC Constraints
---------------------------------------------------------------------------------
---------------------------------------------------------------------------------
Finished applying 'set_property' XDC Constraints : Time (s): cpu = 00:00:10 ; elapsed = 00:00:11 . Memory (MB): peak = 2239.973 ; gain = 610.238 ; free physical = 719 ; free virtual = 3163
Synthesis current peak Physical Memory [PSS] (MB): peak = 1280.828; parent = 1127.989; children = 152.839
Synthesis current peak Virtual Memory [VSS] (MB): peak = 3173.262; parent = 2207.957; children = 965.305
---------------------------------------------------------------------------------
INFO: [Synth 8-802] inferred FSM for state register 'state_reg' in module 'Q_srl'
---------------------------------------------------------------------------------------------------
                   State |                     New Encoding |                Previous Encoding 
---------------------------------------------------------------------------------------------------
             state_empty |                               00 |                               00
               state_one |                               01 |                               01
              state_more |                               10 |                               10
---------------------------------------------------------------------------------------------------
INFO: [Synth 8-3354] encoded FSM with state register 'state_reg' using encoding 'sequential' in module 'Q_srl'
---------------------------------------------------------------------------------
Finished RTL Optimization Phase 2 : Time (s): cpu = 00:00:10 ; elapsed = 00:00:11 . Memory (MB): peak = 2239.973 ; gain = 610.238 ; free physical = 698 ; free virtual = 3142
Synthesis current peak Physical Memory [PSS] (MB): peak = 1280.828; parent = 1127.989; children = 152.839
Synthesis current peak Virtual Memory [VSS] (MB): peak = 3173.262; parent = 2207.957; children = 965.305
---------------------------------------------------------------------------------
---------------------------------------------------------------------------------
Start RTL Component Statistics 
---------------------------------------------------------------------------------
Detailed RTL Component Info : 
+---Adders : 
	   2 Input    1 Bit       Adders := 1     
+---Registers : 
	                8 Bit    Registers := 2     
	                2 Bit    Registers := 1     
	                1 Bit    Registers := 3     
+---Muxes : 
	   3 Input    8 Bit        Muxes := 1     
	   2 Input    2 Bit        Muxes := 8     
	   3 Input    2 Bit        Muxes := 6     
	   2 Input    1 Bit        Muxes := 6     
	   3 Input    1 Bit        Muxes := 3     
---------------------------------------------------------------------------------
Finished RTL Component Statistics 
---------------------------------------------------------------------------------
---------------------------------------------------------------------------------
Start Part Resource Summary
---------------------------------------------------------------------------------
Part Resources:
DSPs: 220 (col length:60)
BRAMs: 280 (col length: RAMB18 60 RAMB36 30)
---------------------------------------------------------------------------------
Finished Part Resource Summary
---------------------------------------------------------------------------------
---------------------------------------------------------------------------------
Start Cross Boundary and Area Optimization
---------------------------------------------------------------------------------
WARNING: [Synth 8-7080] Parallel synthesis criteria is not met
---------------------------------------------------------------------------------
Finished Cross Boundary and Area Optimization : Time (s): cpu = 00:00:11 ; elapsed = 00:00:12 . Memory (MB): peak = 2239.973 ; gain = 610.238 ; free physical = 657 ; free virtual = 3109
Synthesis current peak Physical Memory [PSS] (MB): peak = 1280.828; parent = 1127.989; children = 152.839
Synthesis current peak Virtual Memory [VSS] (MB): peak = 3173.262; parent = 2207.957; children = 965.305
---------------------------------------------------------------------------------
---------------------------------------------------------------------------------
Start Applying XDC Timing Constraints
---------------------------------------------------------------------------------
---------------------------------------------------------------------------------
Finished Applying XDC Timing Constraints : Time (s): cpu = 00:00:14 ; elapsed = 00:00:15 . Memory (MB): peak = 2239.973 ; gain = 610.238 ; free physical = 1127 ; free virtual = 3579
Synthesis current peak Physical Memory [PSS] (MB): peak = 1377.824; parent = 1222.048; children = 155.776
Synthesis current peak Virtual Memory [VSS] (MB): peak = 3173.262; parent = 2207.957; children = 965.305
---------------------------------------------------------------------------------
---------------------------------------------------------------------------------
Start Timing Optimization
---------------------------------------------------------------------------------
---------------------------------------------------------------------------------
Finished Timing Optimization : Time (s): cpu = 00:00:14 ; elapsed = 00:00:15 . Memory (MB): peak = 2239.973 ; gain = 610.238 ; free physical = 1122 ; free virtual = 3574
Synthesis current peak Physical Memory [PSS] (MB): peak = 1377.824; parent = 1222.063; children = 155.776
Synthesis current peak Virtual Memory [VSS] (MB): peak = 3173.262; parent = 2207.957; children = 965.305
---------------------------------------------------------------------------------
---------------------------------------------------------------------------------
Start Technology Mapping
---------------------------------------------------------------------------------
---------------------------------------------------------------------------------
Finished Technology Mapping : Time (s): cpu = 00:00:14 ; elapsed = 00:00:15 . Memory (MB): peak = 2239.973 ; gain = 610.238 ; free physical = 1110 ; free virtual = 3562
Synthesis current peak Physical Memory [PSS] (MB): peak = 1378.146; parent = 1222.446; children = 155.776
Synthesis current peak Virtual Memory [VSS] (MB): peak = 3173.262; parent = 2207.957; children = 965.305
---------------------------------------------------------------------------------
---------------------------------------------------------------------------------
Start IO Insertion
---------------------------------------------------------------------------------
---------------------------------------------------------------------------------
Start Flattening Before IO Insertion
---------------------------------------------------------------------------------
---------------------------------------------------------------------------------
Finished Flattening Before IO Insertion
---------------------------------------------------------------------------------
---------------------------------------------------------------------------------
Start Final Netlist Cleanup
---------------------------------------------------------------------------------
---------------------------------------------------------------------------------
Finished Final Netlist Cleanup
---------------------------------------------------------------------------------
---------------------------------------------------------------------------------
Finished IO Insertion : Time (s): cpu = 00:00:17 ; elapsed = 00:00:18 . Memory (MB): peak = 2239.973 ; gain = 610.238 ; free physical = 1335 ; free virtual = 3789
Synthesis current peak Physical Memory [PSS] (MB): peak = 1378.146; parent = 1222.446; children = 155.776
Synthesis current peak Virtual Memory [VSS] (MB): peak = 3173.262; parent = 2207.957; children = 965.305
---------------------------------------------------------------------------------
---------------------------------------------------------------------------------
Start Renaming Generated Instances
---------------------------------------------------------------------------------
---------------------------------------------------------------------------------
Finished Renaming Generated Instances : Time (s): cpu = 00:00:17 ; elapsed = 00:00:18 . Memory (MB): peak = 2239.973 ; gain = 610.238 ; free physical = 1335 ; free virtual = 3789
Synthesis current peak Physical Memory [PSS] (MB): peak = 1378.146; parent = 1222.446; children = 155.776
Synthesis current peak Virtual Memory [VSS] (MB): peak = 3173.262; parent = 2207.957; children = 965.305
---------------------------------------------------------------------------------
---------------------------------------------------------------------------------
Start Rebuilding User Hierarchy
---------------------------------------------------------------------------------
---------------------------------------------------------------------------------
Finished Rebuilding User Hierarchy : Time (s): cpu = 00:00:17 ; elapsed = 00:00:18 . Memory (MB): peak = 2239.973 ; gain = 610.238 ; free physical = 1335 ; free virtual = 3789
Synthesis current peak Physical Memory [PSS] (MB): peak = 1378.146; parent = 1222.446; children = 155.776
Synthesis current peak Virtual Memory [VSS] (MB): peak = 3173.262; parent = 2207.957; children = 965.305
---------------------------------------------------------------------------------
---------------------------------------------------------------------------------
Start Renaming Generated Ports
---------------------------------------------------------------------------------
---------------------------------------------------------------------------------
Finished Renaming Generated Ports : Time (s): cpu = 00:00:17 ; elapsed = 00:00:18 . Memory (MB): peak = 2239.973 ; gain = 610.238 ; free physical = 1335 ; free virtual = 3789
Synthesis current peak Physical Memory [PSS] (MB): peak = 1378.146; parent = 1222.446; children = 155.776
Synthesis current peak Virtual Memory [VSS] (MB): peak = 3173.262; parent = 2207.957; children = 965.305
---------------------------------------------------------------------------------
---------------------------------------------------------------------------------
Start Handling Custom Attributes
---------------------------------------------------------------------------------
---------------------------------------------------------------------------------
Finished Handling Custom Attributes : Time (s): cpu = 00:00:17 ; elapsed = 00:00:18 . Memory (MB): peak = 2239.973 ; gain = 610.238 ; free physical = 1335 ; free virtual = 3789
Synthesis current peak Physical Memory [PSS] (MB): peak = 1378.146; parent = 1222.446; children = 155.776
Synthesis current peak Virtual Memory [VSS] (MB): peak = 3173.262; parent = 2207.957; children = 965.305
---------------------------------------------------------------------------------
---------------------------------------------------------------------------------
Start Renaming Generated Nets
---------------------------------------------------------------------------------
---------------------------------------------------------------------------------
Finished Renaming Generated Nets : Time (s): cpu = 00:00:17 ; elapsed = 00:00:18 . Memory (MB): peak = 2239.973 ; gain = 610.238 ; free physical = 1335 ; free virtual = 3789
Synthesis current peak Physical Memory [PSS] (MB): peak = 1378.146; parent = 1222.446; children = 155.776
Synthesis current peak Virtual Memory [VSS] (MB): peak = 3173.262; parent = 2207.957; children = 965.305
---------------------------------------------------------------------------------
---------------------------------------------------------------------------------
Start Writing Synthesis Report
---------------------------------------------------------------------------------

Report BlackBoxes: 
+-+--------------+----------+
| |BlackBox name |Instances |
+-+--------------+----------+
+-+--------------+----------+

Report Cell Usage: 
+------+-----+------+
|      |Cell |Count |
+------+-----+------+
|1     |LUT1 |     1|
|2     |LUT2 |     3|
|3     |LUT3 |     1|
|4     |LUT4 |    14|
|5     |FDRE |    21|
|6     |FDSE |     1|
+------+-----+------+
---------------------------------------------------------------------------------
Finished Writing Synthesis Report : Time (s): cpu = 00:00:17 ; elapsed = 00:00:19 . Memory (MB): peak = 2239.973 ; gain = 610.238 ; free physical = 1335 ; free virtual = 3789
Synthesis current peak Physical Memory [PSS] (MB): peak = 1378.146; parent = 1222.446; children = 155.776
Synthesis current peak Virtual Memory [VSS] (MB): peak = 3173.262; parent = 2207.957; children = 965.305
---------------------------------------------------------------------------------
Synthesis finished with 0 errors, 0 critical warnings and 1 warnings.
Synthesis Optimization Runtime : Time (s): cpu = 00:00:16 ; elapsed = 00:00:17 . Memory (MB): peak = 2239.973 ; gain = 460.488 ; free physical = 1385 ; free virtual = 3843
Synthesis Optimization Complete : Time (s): cpu = 00:00:17 ; elapsed = 00:00:19 . Memory (MB): peak = 2239.973 ; gain = 610.238 ; free physical = 1385 ; free virtual = 3843
INFO: [Project 1-571] Translating synthesized netlist
Netlist sorting complete. Time (s): cpu = 00:00:00 ; elapsed = 00:00:00 . Memory (MB): peak = 2239.973 ; gain = 0.000 ; free physical = 1379 ; free virtual = 3837
INFO: [Project 1-570] Preparing netlist for logic optimization
INFO: [Opt 31-138] Pushed 0 inverter(s) to 0 load pin(s).
Netlist sorting complete. Time (s): cpu = 00:00:00 ; elapsed = 00:00:00 . Memory (MB): peak = 2239.973 ; gain = 0.000 ; free physical = 1519 ; free virtual = 3977
INFO: [Project 1-111] Unisim Transformation Summary:
No Unisim elements were transformed.

Synth Design complete, checksum: 6098f263
INFO: [Common 17-83] Releasing license: Synthesis
36 Infos, 2 Warnings, 0 Critical Warnings and 0 Errors encountered.
synth_design completed successfully
synth_design: Time (s): cpu = 00:00:24 ; elapsed = 00:00:23 . Memory (MB): peak = 2239.973 ; gain = 921.926 ; free physical = 1652 ; free virtual = 4111
INFO: [Common 17-1381] The checkpoint '/home/andreea/proiect_finn/output_ip_hardware/stitched_ip/finn_vivado_stitch_proj.runs/finn_design_inst_1_StreamingFIFO_rtl_3_0_synth_1/finn_design_inst_1_StreamingFIFO_rtl_3_0.dcp' has been generated.
INFO: [Coretcl 2-1648] Added synthesis output to IP cache for IP finn_design_inst_1_StreamingFIFO_rtl_3_0, cache-ID = 713e0a76a32d4467
INFO: [Coretcl 2-1174] Renamed 2 cell refs.
INFO: [Common 17-1381] The checkpoint '/home/andreea/proiect_finn/output_ip_hardware/stitched_ip/finn_vivado_stitch_proj.runs/finn_design_inst_1_StreamingFIFO_rtl_3_0_synth_1/finn_design_inst_1_StreamingFIFO_rtl_3_0.dcp' has been generated.
INFO: [runtcl-4] Executing : report_utilization -file finn_design_inst_1_StreamingFIFO_rtl_3_0_utilization_synth.rpt -pb finn_design_inst_1_StreamingFIFO_rtl_3_0_utilization_synth.pb
INFO: [Common 17-206] Exiting Vivado at Wed Apr 15 19:56:42 2026...
