
*** Running vivado
    with args -log finn_design_inst_0_StreamingFIFO_rtl_9_0.vds -m64 -product Vivado -mode batch -messageDb vivado.pb -notrace -source finn_design_inst_0_StreamingFIFO_rtl_9_0.tcl


****** Vivado v2022.2 (64-bit)
  **** SW Build 3671981 on Fri Oct 14 04:59:54 MDT 2022
  **** IP Build 3669848 on Fri Oct 14 08:30:02 MDT 2022
    ** Copyright 1986-2022 Xilinx, Inc. All Rights Reserved.

source finn_design_inst_0_StreamingFIFO_rtl_9_0.tcl -notrace
create_project: Time (s): cpu = 00:00:07 ; elapsed = 00:00:08 . Memory (MB): peak = 1319.984 ; gain = 0.027 ; free physical = 2033 ; free virtual = 4633
INFO: [IP_Flow 19-234] Refreshing IP repositories
INFO: [IP_Flow 19-1700] Loaded user IP repository '/home/andreea/finn/finn-rtllib/memstream'.
INFO: [IP_Flow 19-1700] Loaded user IP repository '/tmp/finn_dev_andreea/code_gen_ipgen_StreamingFIFO_rtl_0_iemavooy'.
INFO: [IP_Flow 19-1700] Loaded user IP repository '/tmp/finn_dev_andreea/code_gen_ipgen_FMPadding_rtl_0_niewojjq'.
INFO: [IP_Flow 19-1700] Loaded user IP repository '/tmp/finn_dev_andreea/code_gen_ipgen_StreamingFIFO_rtl_1_q1hnvlgl'.
INFO: [IP_Flow 19-1700] Loaded user IP repository '/tmp/finn_dev_andreea/code_gen_ipgen_ConvolutionInputGenerator_rtl_0_h6a0h_ka'.
INFO: [IP_Flow 19-1700] Loaded user IP repository '/tmp/finn_dev_andreea/code_gen_ipgen_StreamingFIFO_rtl_2_sm1awxs6'.
INFO: [IP_Flow 19-1700] Loaded user IP repository '/tmp/finn_dev_andreea/code_gen_ipgen_StreamingDataWidthConverter_rtl_0_ij2l_izx'.
INFO: [IP_Flow 19-1700] Loaded user IP repository '/tmp/finn_dev_andreea/code_gen_ipgen_StreamingFIFO_rtl_3_pq1kvdfs'.
INFO: [IP_Flow 19-1700] Loaded user IP repository '/tmp/finn_dev_andreea/code_gen_ipgen_MVAU_hls_0_qjxm8vie/project_MVAU_hls_0/sol1/impl/ip'.
INFO: [IP_Flow 19-1700] Loaded user IP repository '/tmp/finn_dev_andreea/code_gen_ipgen_StreamingFIFO_rtl_4_olfwghyo'.
INFO: [IP_Flow 19-1700] Loaded user IP repository '/tmp/finn_dev_andreea/code_gen_ipgen_StreamingDataWidthConverter_rtl_1_5ontli_g'.
INFO: [IP_Flow 19-1700] Loaded user IP repository '/tmp/finn_dev_andreea/code_gen_ipgen_StreamingFIFO_rtl_5_1ywnmozb'.
INFO: [IP_Flow 19-1700] Loaded user IP repository '/tmp/finn_dev_andreea/code_gen_ipgen_StreamingMaxPool_hls_0_2w9930ha/project_StreamingMaxPool_hls_0/sol1/impl/ip'.
INFO: [IP_Flow 19-1700] Loaded user IP repository '/tmp/finn_dev_andreea/code_gen_ipgen_StreamingFIFO_rtl_6_lx3g0gm1'.
INFO: [IP_Flow 19-1700] Loaded user IP repository '/tmp/finn_dev_andreea/code_gen_ipgen_StreamingDataWidthConverter_rtl_2_3tifrhmh'.
INFO: [IP_Flow 19-1700] Loaded user IP repository '/tmp/finn_dev_andreea/code_gen_ipgen_StreamingFIFO_rtl_7_mh_mf3y9'.
INFO: [IP_Flow 19-1700] Loaded user IP repository '/tmp/finn_dev_andreea/code_gen_ipgen_MVAU_hls_1_d8atf5o9/project_MVAU_hls_1/sol1/impl/ip'.
INFO: [IP_Flow 19-1700] Loaded user IP repository '/tmp/finn_dev_andreea/code_gen_ipgen_StreamingFIFO_rtl_8_sbjreyx9'.
INFO: [IP_Flow 19-1700] Loaded user IP repository '/tmp/finn_dev_andreea/code_gen_ipgen_MVAU_rtl_0_cyd2g4ui'.
INFO: [IP_Flow 19-1700] Loaded user IP repository '/tmp/finn_dev_andreea/code_gen_ipgen_StreamingFIFO_rtl_9_h3n7iwd2'.
INFO: [IP_Flow 19-2313] Loaded Vivado IP repository '/tools/Xilinx/Vivado/2022.2/data/ip'.
INFO: [IP_Flow 19-6924] IPCACHE: Running cache check for IP inst: finn_design_inst_0_StreamingFIFO_rtl_9_0
Command: synth_design -top finn_design_inst_0_StreamingFIFO_rtl_9_0 -part xc7z020clg400-1 -incremental_mode off -mode out_of_context
Starting synth_design
Attempting to get a license for feature 'Synthesis' and/or device 'xc7z020'
INFO: [Common 17-349] Got license for feature 'Synthesis' and/or device 'xc7z020'
INFO: [Device 21-403] Loading part xc7z020clg400-1
INFO: [Synth 8-7079] Multithreading enabled for synth_design using a maximum of 4 processes.
INFO: [Synth 8-7078] Launching helper process for spawning children vivado processes
INFO: [Synth 8-7075] Helper process launched with PID 925121
INFO: [Synth 8-11241] undeclared symbol 'REGCCE', assumed default net type 'wire' [/tools/Xilinx/Vivado/2022.2/data/verilog/src/unimacro/BRAM_SINGLE_MACRO.v:2170]
---------------------------------------------------------------------------------
Starting RTL Elaboration : Time (s): cpu = 00:00:03 ; elapsed = 00:00:03 . Memory (MB): peak = 2002.410 ; gain = 372.770 ; free physical = 1473 ; free virtual = 4068
Synthesis current peak Physical Memory [PSS] (MB): peak = 1304.394; parent = 1142.829; children = 161.564
Synthesis current peak Virtual Memory [VSS] (MB): peak = 2971.688; parent = 2006.379; children = 965.309
---------------------------------------------------------------------------------
INFO: [Synth 8-6157] synthesizing module 'finn_design_inst_0_StreamingFIFO_rtl_9_0' [/home/andreea/proiect_finn/output_ip_hardware_cu_maimulteepoici/stitched_ip/finn_vivado_stitch_proj.gen/sources_1/bd/design_1/bd/finn_design_inst_0/ip/finn_design_inst_0_StreamingFIFO_rtl_9_0/synth/finn_design_inst_0_StreamingFIFO_rtl_9_0.v:53]
INFO: [Synth 8-6157] synthesizing module 'StreamingFIFO_rtl_9' [/tmp/finn_dev_andreea/code_gen_ipgen_StreamingFIFO_rtl_9_h3n7iwd2/StreamingFIFO_rtl_9.v:32]
INFO: [Synth 8-6157] synthesizing module 'Q_srl' [/tmp/finn_dev_andreea/code_gen_ipgen_StreamingFIFO_rtl_0_iemavooy/Q_srl.v:72]
INFO: [Synth 8-6155] done synthesizing module 'Q_srl' (0#1) [/tmp/finn_dev_andreea/code_gen_ipgen_StreamingFIFO_rtl_0_iemavooy/Q_srl.v:72]
INFO: [Synth 8-6155] done synthesizing module 'StreamingFIFO_rtl_9' (0#1) [/tmp/finn_dev_andreea/code_gen_ipgen_StreamingFIFO_rtl_9_h3n7iwd2/StreamingFIFO_rtl_9.v:32]
INFO: [Synth 8-6155] done synthesizing module 'finn_design_inst_0_StreamingFIFO_rtl_9_0' (0#1) [/home/andreea/proiect_finn/output_ip_hardware_cu_maimulteepoici/stitched_ip/finn_vivado_stitch_proj.gen/sources_1/bd/design_1/bd/finn_design_inst_0/ip/finn_design_inst_0_StreamingFIFO_rtl_9_0/synth/finn_design_inst_0_StreamingFIFO_rtl_9_0.v:53]
WARNING: [Synth 8-6014] Unused sequential element addr_full_reg was removed.  [/tmp/finn_dev_andreea/code_gen_ipgen_StreamingFIFO_rtl_0_iemavooy/Q_srl.v:144]
---------------------------------------------------------------------------------
Finished RTL Elaboration : Time (s): cpu = 00:00:04 ; elapsed = 00:00:04 . Memory (MB): peak = 2073.348 ; gain = 443.707 ; free physical = 1468 ; free virtual = 4059
Synthesis current peak Physical Memory [PSS] (MB): peak = 1304.394; parent = 1142.829; children = 161.683
Synthesis current peak Virtual Memory [VSS] (MB): peak = 3038.656; parent = 2073.348; children = 965.309
---------------------------------------------------------------------------------
---------------------------------------------------------------------------------
Start Handling Custom Attributes
---------------------------------------------------------------------------------
---------------------------------------------------------------------------------
Finished Handling Custom Attributes : Time (s): cpu = 00:00:04 ; elapsed = 00:00:04 . Memory (MB): peak = 2088.191 ; gain = 458.551 ; free physical = 1465 ; free virtual = 4056
Synthesis current peak Physical Memory [PSS] (MB): peak = 1304.394; parent = 1142.829; children = 161.683
Synthesis current peak Virtual Memory [VSS] (MB): peak = 3053.500; parent = 2088.191; children = 965.309
---------------------------------------------------------------------------------
---------------------------------------------------------------------------------
Finished RTL Optimization Phase 1 : Time (s): cpu = 00:00:04 ; elapsed = 00:00:04 . Memory (MB): peak = 2088.191 ; gain = 458.551 ; free physical = 1464 ; free virtual = 4055
Synthesis current peak Physical Memory [PSS] (MB): peak = 1304.394; parent = 1142.829; children = 161.683
Synthesis current peak Virtual Memory [VSS] (MB): peak = 3053.500; parent = 2088.191; children = 965.309
---------------------------------------------------------------------------------
Netlist sorting complete. Time (s): cpu = 00:00:00 ; elapsed = 00:00:00 . Memory (MB): peak = 2088.191 ; gain = 0.000 ; free physical = 1454 ; free virtual = 4046
INFO: [Project 1-570] Preparing netlist for logic optimization

Processing XDC Constraints
Initializing timing engine
Completed Processing XDC Constraints

Netlist sorting complete. Time (s): cpu = 00:00:00 ; elapsed = 00:00:00 . Memory (MB): peak = 2241.941 ; gain = 0.000 ; free physical = 1320 ; free virtual = 3911
INFO: [Project 1-111] Unisim Transformation Summary:
No Unisim elements were transformed.

Constraint Validation Runtime : Time (s): cpu = 00:00:00.01 ; elapsed = 00:00:00.01 . Memory (MB): peak = 2241.941 ; gain = 0.000 ; free physical = 1318 ; free virtual = 3910
INFO: [Designutils 20-5008] Incremental synthesis strategy off
INFO: [Synth 8-11241] undeclared symbol 'REGCCE', assumed default net type 'wire' [/tools/Xilinx/Vivado/2022.2/data/verilog/src/unimacro/BRAM_SINGLE_MACRO.v:2170]
---------------------------------------------------------------------------------
Finished Constraint Validation : Time (s): cpu = 00:00:08 ; elapsed = 00:00:09 . Memory (MB): peak = 2241.941 ; gain = 612.301 ; free physical = 996 ; free virtual = 3587
Synthesis current peak Physical Memory [PSS] (MB): peak = 1304.394; parent = 1142.829; children = 161.683
Synthesis current peak Virtual Memory [VSS] (MB): peak = 3175.234; parent = 2209.926; children = 965.309
---------------------------------------------------------------------------------
---------------------------------------------------------------------------------
Start Loading Part and Timing Information
---------------------------------------------------------------------------------
Loading part: xc7z020clg400-1
---------------------------------------------------------------------------------
Finished Loading Part and Timing Information : Time (s): cpu = 00:00:08 ; elapsed = 00:00:09 . Memory (MB): peak = 2241.941 ; gain = 612.301 ; free physical = 1373 ; free virtual = 3964
Synthesis current peak Physical Memory [PSS] (MB): peak = 1304.394; parent = 1142.829; children = 161.683
Synthesis current peak Virtual Memory [VSS] (MB): peak = 3175.234; parent = 2209.926; children = 965.309
---------------------------------------------------------------------------------
---------------------------------------------------------------------------------
Start Applying 'set_property' XDC Constraints
---------------------------------------------------------------------------------
---------------------------------------------------------------------------------
Finished applying 'set_property' XDC Constraints : Time (s): cpu = 00:00:08 ; elapsed = 00:00:09 . Memory (MB): peak = 2241.941 ; gain = 612.301 ; free physical = 1695 ; free virtual = 4287
Synthesis current peak Physical Memory [PSS] (MB): peak = 1304.394; parent = 1142.829; children = 161.683
Synthesis current peak Virtual Memory [VSS] (MB): peak = 3175.234; parent = 2209.926; children = 965.309
---------------------------------------------------------------------------------
INFO: [Synth 8-802] inferred FSM for state register 'state_reg' in module 'Q_srl'
---------------------------------------------------------------------------------------------------
                   State |                     New Encoding |                Previous Encoding 
---------------------------------------------------------------------------------------------------
             state_empty |                               00 |                               00
               state_one |                               01 |                               01
              state_more |                               10 |                               10
---------------------------------------------------------------------------------------------------
INFO: [Synth 8-3354] encoded FSM with state register 'state_reg' using encoding 'sequential' in module 'Q_srl'
---------------------------------------------------------------------------------
Finished RTL Optimization Phase 2 : Time (s): cpu = 00:00:08 ; elapsed = 00:00:09 . Memory (MB): peak = 2241.941 ; gain = 612.301 ; free physical = 1645 ; free virtual = 4237
Synthesis current peak Physical Memory [PSS] (MB): peak = 1304.394; parent = 1142.829; children = 161.683
Synthesis current peak Virtual Memory [VSS] (MB): peak = 3175.234; parent = 2209.926; children = 965.309
---------------------------------------------------------------------------------
---------------------------------------------------------------------------------
Start RTL Component Statistics 
---------------------------------------------------------------------------------
Detailed RTL Component Info : 
+---Adders : 
	   2 Input    1 Bit       Adders := 1     
+---Registers : 
	               24 Bit    Registers := 2     
	                2 Bit    Registers := 1     
	                1 Bit    Registers := 3     
+---Muxes : 
	   3 Input   24 Bit        Muxes := 1     
	   2 Input    2 Bit        Muxes := 8     
	   3 Input    2 Bit        Muxes := 6     
	   2 Input    1 Bit        Muxes := 6     
	   3 Input    1 Bit        Muxes := 3     
---------------------------------------------------------------------------------
Finished RTL Component Statistics 
---------------------------------------------------------------------------------
---------------------------------------------------------------------------------
Start Part Resource Summary
---------------------------------------------------------------------------------
Part Resources:
DSPs: 220 (col length:60)
BRAMs: 280 (col length: RAMB18 60 RAMB36 30)
---------------------------------------------------------------------------------
Finished Part Resource Summary
---------------------------------------------------------------------------------
---------------------------------------------------------------------------------
Start Cross Boundary and Area Optimization
---------------------------------------------------------------------------------
WARNING: [Synth 8-7080] Parallel synthesis criteria is not met
---------------------------------------------------------------------------------
Finished Cross Boundary and Area Optimization : Time (s): cpu = 00:00:09 ; elapsed = 00:00:10 . Memory (MB): peak = 2241.941 ; gain = 612.301 ; free physical = 1508 ; free virtual = 4104
Synthesis current peak Physical Memory [PSS] (MB): peak = 1304.394; parent = 1142.829; children = 161.683
Synthesis current peak Virtual Memory [VSS] (MB): peak = 3175.234; parent = 2209.926; children = 965.309
---------------------------------------------------------------------------------
---------------------------------------------------------------------------------
Start Applying XDC Timing Constraints
---------------------------------------------------------------------------------
---------------------------------------------------------------------------------
Finished Applying XDC Timing Constraints : Time (s): cpu = 00:00:13 ; elapsed = 00:00:14 . Memory (MB): peak = 2241.941 ; gain = 612.301 ; free physical = 1289 ; free virtual = 3886
Synthesis current peak Physical Memory [PSS] (MB): peak = 1370.245; parent = 1215.813; children = 161.683
Synthesis current peak Virtual Memory [VSS] (MB): peak = 3175.234; parent = 2209.926; children = 965.309
---------------------------------------------------------------------------------
---------------------------------------------------------------------------------
Start Timing Optimization
---------------------------------------------------------------------------------
---------------------------------------------------------------------------------
Finished Timing Optimization : Time (s): cpu = 00:00:13 ; elapsed = 00:00:14 . Memory (MB): peak = 2241.941 ; gain = 612.301 ; free physical = 1321 ; free virtual = 3918
Synthesis current peak Physical Memory [PSS] (MB): peak = 1370.335; parent = 1215.903; children = 161.683
Synthesis current peak Virtual Memory [VSS] (MB): peak = 3175.234; parent = 2209.926; children = 965.309
---------------------------------------------------------------------------------
---------------------------------------------------------------------------------
Start Technology Mapping
---------------------------------------------------------------------------------
---------------------------------------------------------------------------------
Finished Technology Mapping : Time (s): cpu = 00:00:13 ; elapsed = 00:00:14 . Memory (MB): peak = 2241.941 ; gain = 612.301 ; free physical = 1414 ; free virtual = 4011
Synthesis current peak Physical Memory [PSS] (MB): peak = 1370.667; parent = 1216.235; children = 161.683
Synthesis current peak Virtual Memory [VSS] (MB): peak = 3175.234; parent = 2209.926; children = 965.309
---------------------------------------------------------------------------------
---------------------------------------------------------------------------------
Start IO Insertion
---------------------------------------------------------------------------------
---------------------------------------------------------------------------------
Start Flattening Before IO Insertion
---------------------------------------------------------------------------------
---------------------------------------------------------------------------------
Finished Flattening Before IO Insertion
---------------------------------------------------------------------------------
---------------------------------------------------------------------------------
Start Final Netlist Cleanup
---------------------------------------------------------------------------------
---------------------------------------------------------------------------------
Finished Final Netlist Cleanup
---------------------------------------------------------------------------------
---------------------------------------------------------------------------------
Finished IO Insertion : Time (s): cpu = 00:00:15 ; elapsed = 00:00:17 . Memory (MB): peak = 2241.941 ; gain = 612.301 ; free physical = 2132 ; free virtual = 4734
Synthesis current peak Physical Memory [PSS] (MB): peak = 1392.797; parent = 1234.964; children = 161.683
Synthesis current peak Virtual Memory [VSS] (MB): peak = 3175.234; parent = 2209.926; children = 965.309
---------------------------------------------------------------------------------
---------------------------------------------------------------------------------
Start Renaming Generated Instances
---------------------------------------------------------------------------------
---------------------------------------------------------------------------------
Finished Renaming Generated Instances : Time (s): cpu = 00:00:15 ; elapsed = 00:00:17 . Memory (MB): peak = 2241.941 ; gain = 612.301 ; free physical = 2132 ; free virtual = 4733
Synthesis current peak Physical Memory [PSS] (MB): peak = 1392.797; parent = 1234.964; children = 161.683
Synthesis current peak Virtual Memory [VSS] (MB): peak = 3175.234; parent = 2209.926; children = 965.309
---------------------------------------------------------------------------------
---------------------------------------------------------------------------------
Start Rebuilding User Hierarchy
---------------------------------------------------------------------------------
---------------------------------------------------------------------------------
Finished Rebuilding User Hierarchy : Time (s): cpu = 00:00:15 ; elapsed = 00:00:17 . Memory (MB): peak = 2241.941 ; gain = 612.301 ; free physical = 2130 ; free virtual = 4731
Synthesis current peak Physical Memory [PSS] (MB): peak = 1392.797; parent = 1234.979; children = 161.683
Synthesis current peak Virtual Memory [VSS] (MB): peak = 3175.234; parent = 2209.926; children = 965.309
---------------------------------------------------------------------------------
---------------------------------------------------------------------------------
Start Renaming Generated Ports
---------------------------------------------------------------------------------
---------------------------------------------------------------------------------
Finished Renaming Generated Ports : Time (s): cpu = 00:00:15 ; elapsed = 00:00:17 . Memory (MB): peak = 2241.941 ; gain = 612.301 ; free physical = 2123 ; free virtual = 4724
Synthesis current peak Physical Memory [PSS] (MB): peak = 1392.860; parent = 1235.051; children = 161.683
Synthesis current peak Virtual Memory [VSS] (MB): peak = 3175.234; parent = 2209.926; children = 965.309
---------------------------------------------------------------------------------
---------------------------------------------------------------------------------
Start Handling Custom Attributes
---------------------------------------------------------------------------------
---------------------------------------------------------------------------------
Finished Handling Custom Attributes : Time (s): cpu = 00:00:15 ; elapsed = 00:00:17 . Memory (MB): peak = 2241.941 ; gain = 612.301 ; free physical = 2122 ; free virtual = 4723
Synthesis current peak Physical Memory [PSS] (MB): peak = 1392.860; parent = 1235.051; children = 161.683
Synthesis current peak Virtual Memory [VSS] (MB): peak = 3175.234; parent = 2209.926; children = 965.309
---------------------------------------------------------------------------------
---------------------------------------------------------------------------------
Start Renaming Generated Nets
---------------------------------------------------------------------------------
---------------------------------------------------------------------------------
Finished Renaming Generated Nets : Time (s): cpu = 00:00:15 ; elapsed = 00:00:17 . Memory (MB): peak = 2241.941 ; gain = 612.301 ; free physical = 2121 ; free virtual = 4722
Synthesis current peak Physical Memory [PSS] (MB): peak = 1392.860; parent = 1235.051; children = 161.683
Synthesis current peak Virtual Memory [VSS] (MB): peak = 3175.234; parent = 2209.926; children = 965.309
---------------------------------------------------------------------------------
---------------------------------------------------------------------------------
Start Writing Synthesis Report
---------------------------------------------------------------------------------

Report BlackBoxes: 
+-+--------------+----------+
| |BlackBox name |Instances |
+-+--------------+----------+
+-+--------------+----------+

Report Cell Usage: 
+------+-----+------+
|      |Cell |Count |
+------+-----+------+
|1     |LUT1 |     1|
|2     |LUT2 |     3|
|3     |LUT3 |     1|
|4     |LUT4 |    30|
|5     |FDRE |    53|
|6     |FDSE |     1|
+------+-----+------+
---------------------------------------------------------------------------------
Finished Writing Synthesis Report : Time (s): cpu = 00:00:15 ; elapsed = 00:00:17 . Memory (MB): peak = 2241.941 ; gain = 612.301 ; free physical = 2117 ; free virtual = 4718
Synthesis current peak Physical Memory [PSS] (MB): peak = 1392.860; parent = 1235.051; children = 161.683
Synthesis current peak Virtual Memory [VSS] (MB): peak = 3175.234; parent = 2209.926; children = 965.309
---------------------------------------------------------------------------------
Synthesis finished with 0 errors, 0 critical warnings and 1 warnings.
Synthesis Optimization Runtime : Time (s): cpu = 00:00:14 ; elapsed = 00:00:16 . Memory (MB): peak = 2241.941 ; gain = 458.551 ; free physical = 2168 ; free virtual = 4769
Synthesis Optimization Complete : Time (s): cpu = 00:00:16 ; elapsed = 00:00:17 . Memory (MB): peak = 2241.941 ; gain = 612.301 ; free physical = 2168 ; free virtual = 4769
INFO: [Project 1-571] Translating synthesized netlist
Netlist sorting complete. Time (s): cpu = 00:00:00 ; elapsed = 00:00:00 . Memory (MB): peak = 2241.941 ; gain = 0.000 ; free physical = 2163 ; free virtual = 4765
INFO: [Project 1-570] Preparing netlist for logic optimization
INFO: [Opt 31-138] Pushed 0 inverter(s) to 0 load pin(s).
Netlist sorting complete. Time (s): cpu = 00:00:00 ; elapsed = 00:00:00 . Memory (MB): peak = 2241.941 ; gain = 0.000 ; free physical = 2175 ; free virtual = 4777
INFO: [Project 1-111] Unisim Transformation Summary:
No Unisim elements were transformed.

Synth Design complete, checksum: e200af8d
INFO: [Common 17-83] Releasing license: Synthesis
46 Infos, 2 Warnings, 0 Critical Warnings and 0 Errors encountered.
synth_design completed successfully
synth_design: Time (s): cpu = 00:00:23 ; elapsed = 00:00:23 . Memory (MB): peak = 2241.941 ; gain = 921.957 ; free physical = 2375 ; free virtual = 4976
INFO: [Common 17-1381] The checkpoint '/home/andreea/proiect_finn/output_ip_hardware_cu_maimulteepoici/stitched_ip/finn_vivado_stitch_proj.runs/finn_design_inst_0_StreamingFIFO_rtl_9_0_synth_1/finn_design_inst_0_StreamingFIFO_rtl_9_0.dcp' has been generated.
INFO: [Coretcl 2-1648] Added synthesis output to IP cache for IP finn_design_inst_0_StreamingFIFO_rtl_9_0, cache-ID = be98a7f582d6f992
INFO: [Coretcl 2-1174] Renamed 2 cell refs.
INFO: [Common 17-1381] The checkpoint '/home/andreea/proiect_finn/output_ip_hardware_cu_maimulteepoici/stitched_ip/finn_vivado_stitch_proj.runs/finn_design_inst_0_StreamingFIFO_rtl_9_0_synth_1/finn_design_inst_0_StreamingFIFO_rtl_9_0.dcp' has been generated.
INFO: [runtcl-4] Executing : report_utilization -file finn_design_inst_0_StreamingFIFO_rtl_9_0_utilization_synth.rpt -pb finn_design_inst_0_StreamingFIFO_rtl_9_0_utilization_synth.pb
INFO: [Common 17-206] Exiting Vivado at Sun Apr 19 14:05:17 2026...
