#-----------------------------------------------------------
# Vivado v2024.1 (64-bit)
# SW Build 5076996 on Wed May 22 18:37:14 MDT 2024
# IP Build 5075265 on Wed May 22 21:45:21 MDT 2024
# SharedData Build 5076995 on Wed May 22 18:29:18 MDT 2024
# Start of session at: Tue Mar 31 14:24:52 2026
# Process ID: 15760
# Current directory: D:/licenta_16_layer_conv_copie
# Command line: vivado.exe -gui_launcher_event rodinguilauncherevent11268 D:\licenta_16_layer_conv_copie\licenta_16_layer_conv.xpr
# Log file: D:/licenta_16_layer_conv_copie/vivado.log
# Journal file: D:/licenta_16_layer_conv_copie\vivado.jou
# Running On        :DESKTOP-S2GG9RF
# Platform          :Windows Server 2016 or Windows 10
# Operating System  :26200
# Processor Detail  :12th Gen Intel(R) Core(TM) i5-1235U
# CPU Frequency     :2496 MHz
# CPU Physical cores:10
# CPU Logical cores :12
# Host memory       :8260 MB
# Swap memory       :12884 MB
# Total Virtual     :21145 MB
# Available Virtual :11342 MB
#-----------------------------------------------------------
start_gui
open_project D:/licenta_16_layer_conv_copie/licenta_16_layer_conv.xpr
WARNING: [Board 49-26] cannot add Board Part digilentinc.com:genesys2:part0:1.1 available at D:/Lab9/Hardware/boards/board_files/genesys2/H/board.xml as part xc7k325tffg900-2 specified in board_part file is either invalid or not available
WARNING: [Board 49-26] cannot add Board Part digilentinc.com:sword:part0:1.0 available at D:/Lab9/Hardware/boards/board_files/sword/C.0/board.xml as part xc7k325tffg900-2 specified in board_part file is either invalid or not available
WARNING: [Board 49-26] cannot add Board Part xilinx.com:kc705:part0:1.6 available at D:/Vivado/2024.1/data/xhub/boards/XilinxBoardStore/boards/Xilinx/kc705/1.6/board.xml as part xc7k325tffg900-2 specified in board_part file is either invalid or not available
WARNING: [Board 49-26] cannot add Board Part xilinx.com:kcu105:part0:1.6 available at D:/Vivado/2024.1/data/xhub/boards/XilinxBoardStore/boards/Xilinx/kcu105/1.6/board.xml as part xcku040-ffva1156-2-e specified in board_part file is either invalid or not available
WARNING: [Board 49-26] cannot add Board Part xilinx.com:kcu105:part0:1.7 available at D:/Vivado/2024.1/data/xhub/boards/XilinxBoardStore/boards/Xilinx/kcu105/1.7/board.xml as part xcku040-ffva1156-2-e specified in board_part file is either invalid or not available
WARNING: [Board 49-26] cannot add Board Part xilinx.com:kcu1500:part0:1.2 available at D:/Vivado/2024.1/data/xhub/boards/XilinxBoardStore/boards/Xilinx/kcu1500/1.2/board.xml as part xcku115-flvb2104-2-e specified in board_part file is either invalid or not available
WARNING: [Board 49-26] cannot add Board Part xilinx.com:vc707:part0:1.4 available at D:/Vivado/2024.1/data/xhub/boards/XilinxBoardStore/boards/Xilinx/vc707/1.4/board.xml as part xc7vx485tffg1761-2 specified in board_part file is either invalid or not available
WARNING: [Board 49-26] cannot add Board Part xilinx.com:vc709:part0:1.8 available at D:/Vivado/2024.1/data/xhub/boards/XilinxBoardStore/boards/Xilinx/vc709/1.8/board.xml as part xc7vx690tffg1761-2 specified in board_part file is either invalid or not available
WARNING: [Board 49-26] cannot add Board Part xilinx.com:vck190:part0:2.2 available at D:/Vivado/2024.1/data/xhub/boards/XilinxBoardStore/boards/Xilinx/vck190/production/2.2/board.xml as part xcvc1902-vsva2197-2mp-e-s specified in board_part file is either invalid or not available
WARNING: [Board 49-26] cannot add Board Part xilinx.com:vck190:part0:3.0 available at D:/Vivado/2024.1/data/xhub/boards/XilinxBoardStore/boards/Xilinx/vck190/production/3.0/board.xml as part xcvc1902-vsva2197-2mp-e-s specified in board_part file is either invalid or not available
WARNING: [Board 49-26] cannot add Board Part xilinx.com:vck190:part0:3.1 available at D:/Vivado/2024.1/data/xhub/boards/XilinxBoardStore/boards/Xilinx/vck190/production/3.1/board.xml as part xcvc1902-vsva2197-2mp-e-s specified in board_part file is either invalid or not available
WARNING: [Board 49-26] cannot add Board Part xilinx.com:vck190:part0:3.2 available at D:/Vivado/2024.1/data/xhub/boards/XilinxBoardStore/boards/Xilinx/vck190/production/3.2/board.xml as part xcvc1902-vsva2197-2mp-e-s specified in board_part file is either invalid or not available
WARNING: [Board 49-26] cannot add Board Part xilinx.com:vck190:part0:3.3 available at D:/Vivado/2024.1/data/xhub/boards/XilinxBoardStore/boards/Xilinx/vck190/production/3.3/board.xml as part xcvc1902-vsva2197-2mp-e-s specified in board_part file is either invalid or not available
WARNING: [Board 49-26] cannot add Board Part xilinx.com:vck190_newl:part0:1.0 available at D:/Vivado/2024.1/data/xhub/boards/XilinxBoardStore/boards/Xilinx/vck190_newl/production/1.0/board.xml as part xcvc1902-vsva2197-2mp-e-s specified in board_part file is either invalid or not available
WARNING: [Board 49-26] cannot add Board Part xilinx.com:vck190_newl:part0:1.1 available at D:/Vivado/2024.1/data/xhub/boards/XilinxBoardStore/boards/Xilinx/vck190_newl/production/1.1/board.xml as part xcvc1902-vsva2197-2mp-e-s specified in board_part file is either invalid or not available
WARNING: [Board 49-26] cannot add Board Part xilinx.com:vck190_newl:part0:1.2 available at D:/Vivado/2024.1/data/xhub/boards/XilinxBoardStore/boards/Xilinx/vck190_newl/production/1.2/board.xml as part xcvc1902-vsva2197-2mp-e-s specified in board_part file is either invalid or not available
WARNING: [Board 49-26] cannot add Board Part xilinx.com:vcu108:part0:1.6 available at D:/Vivado/2024.1/data/xhub/boards/XilinxBoardStore/boards/Xilinx/vcu108/1.6/board.xml as part xcvu095-ffva2104-2-e specified in board_part file is either invalid or not available
WARNING: [Board 49-26] cannot add Board Part xilinx.com:vcu108:part0:1.7 available at D:/Vivado/2024.1/data/xhub/boards/XilinxBoardStore/boards/Xilinx/vcu108/1.7/board.xml as part xcvu095-ffva2104-2-e specified in board_part file is either invalid or not available
WARNING: [Board 49-26] cannot add Board Part xilinx.com:vcu110:part0:1.4 available at D:/Vivado/2024.1/data/xhub/boards/XilinxBoardStore/boards/Xilinx/vcu110/1.4/board.xml as part xcvu190-flgc2104-2-e specified in board_part file is either invalid or not available
WARNING: [Board 49-26] cannot add Board Part xilinx.com:vcu118:part0:2.0 available at D:/Vivado/2024.1/data/xhub/boards/XilinxBoardStore/boards/Xilinx/vcu118/2.0/board.xml as part xcvu9p-flga2104-2l-e specified in board_part file is either invalid or not available
WARNING: [Board 49-26] cannot add Board Part xilinx.com:vcu118:part0:2.3 available at D:/Vivado/2024.1/data/xhub/boards/XilinxBoardStore/boards/Xilinx/vcu118/2.3/board.xml as part xcvu9p-flga2104-2l-e specified in board_part file is either invalid or not available
WARNING: [Board 49-26] cannot add Board Part xilinx.com:vcu118:part0:2.4 available at D:/Vivado/2024.1/data/xhub/boards/XilinxBoardStore/boards/Xilinx/vcu118/2.4/board.xml as part xcvu9p-flga2104-2l-e specified in board_part file is either invalid or not available
WARNING: [Board 49-26] cannot add Board Part xilinx.com:vcu129:part0:1.0 available at D:/Vivado/2024.1/data/xhub/boards/XilinxBoardStore/boards/Xilinx/vcu129/production/1.0/board.xml as part xcvu29p-fsga2577-2l-e specified in board_part file is either invalid or not available
WARNING: [Board 49-26] cannot add Board Part xilinx.com:vcu1525:part0:1.3 available at D:/Vivado/2024.1/data/xhub/boards/XilinxBoardStore/boards/Xilinx/vcu1525/1.3/board.xml as part xcvu9p-fsgd2104-2l-e specified in board_part file is either invalid or not available
WARNING: [Board 49-26] cannot add Board Part xilinx.com:vek280:part0:1.0 available at D:/Vivado/2024.1/data/xhub/boards/XilinxBoardStore/boards/Xilinx/vek280/production/1.0/board.xml as part xcve2802-vsvh1760-2mp-e-s specified in board_part file is either invalid or not available
WARNING: [Board 49-26] cannot add Board Part xilinx.com:vek280:part0:1.1 available at D:/Vivado/2024.1/data/xhub/boards/XilinxBoardStore/boards/Xilinx/vek280/production/1.1/board.xml as part xcve2802-vsvh1760-2mp-e-s specified in board_part file is either invalid or not available
WARNING: [Board 49-26] cannot add Board Part xilinx.com:vek280:part0:1.2 available at D:/Vivado/2024.1/data/xhub/boards/XilinxBoardStore/boards/Xilinx/vek280/production/1.2/board.xml as part xcve2802-vsvh1760-2mp-e-s specified in board_part file is either invalid or not available
WARNING: [Board 49-26] cannot add Board Part xilinx.com:vek280_es:part0:1.0 available at D:/Vivado/2024.1/data/xhub/boards/XilinxBoardStore/boards/Xilinx/vek280/es/rev_a/1.0/board.xml as part xcve2802-vsvh1760-2lp-e-s-es1 specified in board_part file is either invalid or not available
WARNING: [Board 49-26] cannot add Board Part xilinx.com:vek280_es:part0:1.1 available at D:/Vivado/2024.1/data/xhub/boards/XilinxBoardStore/boards/Xilinx/vek280/es/rev_a/1.1/board.xml as part xcve2802-vsvh1760-2lp-e-s-es1 specified in board_part file is either invalid or not available
WARNING: [Board 49-26] cannot add Board Part xilinx.com:vek280_es_revb:part0:1.0 available at D:/Vivado/2024.1/data/xhub/boards/XilinxBoardStore/boards/Xilinx/vek280/es/rev_b/1.0/board.xml as part xcve2802-vsvh1760-2mp-e-s-es1 specified in board_part file is either invalid or not available
WARNING: [Board 49-26] cannot add Board Part xilinx.com:vek280_es_revb:part0:1.1 available at D:/Vivado/2024.1/data/xhub/boards/XilinxBoardStore/boards/Xilinx/vek280/es/rev_b/1.1/board.xml as part xcve2802-vsvh1760-2mp-e-s-es1 specified in board_part file is either invalid or not available
WARNING: [Board 49-26] cannot add Board Part xilinx.com:vermeo_t1_mpsoc:part0:1.0 available at D:/Vivado/2024.1/data/xhub/boards/XilinxBoardStore/boards/Xilinx/vermeo_t1_mpsoc/1.0/board.xml as part xczu19eg-ffvd1760-2l-e specified in board_part file is either invalid or not available
WARNING: [Board 49-26] cannot add Board Part xilinx.com:vermeo_t1_rfsoc:part0:1.0 available at D:/Vivado/2024.1/data/xhub/boards/XilinxBoardStore/boards/Xilinx/vermeo_t1_rfsoc/1.0/board.xml as part xczu21dr-ffvd1156-2l-e specified in board_part file is either invalid or not available
WARNING: [Board 49-26] cannot add Board Part xilinx.com:vhk158:part0:1.0 available at D:/Vivado/2024.1/data/xhub/boards/XilinxBoardStore/boards/Xilinx/vhk158/production/1.0/board.xml as part xcvh1582-vsva3697-2mp-e-s specified in board_part file is either invalid or not available
WARNING: [Board 49-26] cannot add Board Part xilinx.com:vhk158:part0:1.1 available at D:/Vivado/2024.1/data/xhub/boards/XilinxBoardStore/boards/Xilinx/vhk158/production/1.1/board.xml as part xcvh1582-vsva3697-2mp-e-s specified in board_part file is either invalid or not available
WARNING: [Board 49-26] cannot add Board Part xilinx.com:vhk158_es:part0:1.0 available at D:/Vivado/2024.1/data/xhub/boards/XilinxBoardStore/boards/Xilinx/vhk158/es/1.0/board.xml as part xcvh1582-vsva3697-2mp-e-s-es1 specified in board_part file is either invalid or not available
WARNING: [Board 49-26] cannot add Board Part xilinx.com:vhk158_es:part0:1.1 available at D:/Vivado/2024.1/data/xhub/boards/XilinxBoardStore/boards/Xilinx/vhk158/es/1.1/board.xml as part xcvh1582-vsva3697-2mp-e-s-es1 specified in board_part file is either invalid or not available
WARNING: [Board 49-26] cannot add Board Part xilinx.com:vmk180:part0:2.2 available at D:/Vivado/2024.1/data/xhub/boards/XilinxBoardStore/boards/Xilinx/vmk180/production/2.2/board.xml as part xcvm1802-vsva2197-2mp-e-s specified in board_part file is either invalid or not available
WARNING: [Board 49-26] cannot add Board Part xilinx.com:vmk180:part0:3.0 available at D:/Vivado/2024.1/data/xhub/boards/XilinxBoardStore/boards/Xilinx/vmk180/production/3.0/board.xml as part xcvm1802-vsva2197-2mp-e-s specified in board_part file is either invalid or not available
WARNING: [Board 49-26] cannot add Board Part xilinx.com:vmk180:part0:3.1 available at D:/Vivado/2024.1/data/xhub/boards/XilinxBoardStore/boards/Xilinx/vmk180/production/3.1/board.xml as part xcvm1802-vsva2197-2mp-e-s specified in board_part file is either invalid or not available
WARNING: [Board 49-26] cannot add Board Part xilinx.com:vmk180:part0:3.2 available at D:/Vivado/2024.1/data/xhub/boards/XilinxBoardStore/boards/Xilinx/vmk180/production/3.2/board.xml as part xcvm1802-vsva2197-2mp-e-s specified in board_part file is either invalid or not available
WARNING: [Board 49-26] cannot add Board Part xilinx.com:vmk180_newl:part0:1.0 available at D:/Vivado/2024.1/data/xhub/boards/XilinxBoardStore/boards/Xilinx/vmk180_newl/production/1.0/board.xml as part xcvm1802-vsva2197-2mp-e-s specified in board_part file is either invalid or not available
WARNING: [Board 49-26] cannot add Board Part xilinx.com:vmk180_newl:part0:1.1 available at D:/Vivado/2024.1/data/xhub/boards/XilinxBoardStore/boards/Xilinx/vmk180_newl/production/1.1/board.xml as part xcvm1802-vsva2197-2mp-e-s specified in board_part file is either invalid or not available
WARNING: [Board 49-26] cannot add Board Part xilinx.com:vpk120:part0:1.0 available at D:/Vivado/2024.1/data/xhub/boards/XilinxBoardStore/boards/Xilinx/vpk120/production/1.0/board.xml as part xcvp1202-vsva2785-2mp-e-s specified in board_part file is either invalid or not available
WARNING: [Board 49-26] cannot add Board Part xilinx.com:vpk120:part0:1.1 available at D:/Vivado/2024.1/data/xhub/boards/XilinxBoardStore/boards/Xilinx/vpk120/production/1.1/board.xml as part xcvp1202-vsva2785-2mp-e-s specified in board_part file is either invalid or not available
WARNING: [Board 49-26] cannot add Board Part xilinx.com:vpk120:part0:1.2 available at D:/Vivado/2024.1/data/xhub/boards/XilinxBoardStore/boards/Xilinx/vpk120/production/1.2/board.xml as part xcvp1202-vsva2785-2mp-e-s specified in board_part file is either invalid or not available
WARNING: [Board 49-26] cannot add Board Part xilinx.com:vpk180:part0:1.0 available at D:/Vivado/2024.1/data/xhub/boards/XilinxBoardStore/boards/Xilinx/vpk180/production/1.0/board.xml as part xcvp1802-lsvc4072-2mp-e-s specified in board_part file is either invalid or not available
WARNING: [Board 49-26] cannot add Board Part xilinx.com:vpk180:part0:1.1 available at D:/Vivado/2024.1/data/xhub/boards/XilinxBoardStore/boards/Xilinx/vpk180/production/1.1/board.xml as part xcvp1802-lsvc4072-2mp-e-s specified in board_part file is either invalid or not available
WARNING: [Board 49-26] cannot add Board Part xilinx.com:vpk180:part0:1.2 available at D:/Vivado/2024.1/data/xhub/boards/XilinxBoardStore/boards/Xilinx/vpk180/production/1.2/board.xml as part xcvp1802-lsvc4072-2mp-e-s specified in board_part file is either invalid or not available
WARNING: [Board 49-26] cannot add Board Part xilinx.com:zc706:part0:1.4 available at D:/Vivado/2024.1/data/xhub/boards/XilinxBoardStore/boards/Xilinx/zc706/1.4/board.xml as part xc7z045ffg900-2 specified in board_part file is either invalid or not available
WARNING: [Board 49-26] cannot add Board Part xilinx.com:zcu102:part0:3.3 available at D:/Vivado/2024.1/data/xhub/boards/XilinxBoardStore/boards/Xilinx/zcu102/3.3/board.xml as part xczu9eg-ffvb1156-2-e specified in board_part file is either invalid or not available
WARNING: [Board 49-26] cannot add Board Part xilinx.com:zcu102:part0:3.4 available at D:/Vivado/2024.1/data/xhub/boards/XilinxBoardStore/boards/Xilinx/zcu102/3.4/board.xml as part xczu9eg-ffvb1156-2-e specified in board_part file is either invalid or not available
WARNING: [Board 49-26] cannot add Board Part xilinx.com:zcu111:part0:1.2 available at D:/Vivado/2024.1/data/xhub/boards/XilinxBoardStore/boards/Xilinx/zcu111/1.2/board.xml as part xczu28dr-ffvg1517-2-e specified in board_part file is either invalid or not available
WARNING: [Board 49-26] cannot add Board Part xilinx.com:zcu111:part0:1.3 available at D:/Vivado/2024.1/data/xhub/boards/XilinxBoardStore/boards/Xilinx/zcu111/1.3/board.xml as part xczu28dr-ffvg1517-2-e specified in board_part file is either invalid or not available
WARNING: [Board 49-26] cannot add Board Part xilinx.com:zcu111:part0:1.4 available at D:/Vivado/2024.1/data/xhub/boards/XilinxBoardStore/boards/Xilinx/zcu111/1.4/board.xml as part xczu28dr-ffvg1517-2-e specified in board_part file is either invalid or not available
WARNING: [Board 49-26] cannot add Board Part xilinx.com:zcu1275:part0:1.0 available at D:/Vivado/2024.1/data/xhub/boards/XilinxBoardStore/boards/Xilinx/zcu1275/1.0/board.xml as part xczu29dr-ffvf1760-2-e specified in board_part file is either invalid or not available
WARNING: [Board 49-26] cannot add Board Part xilinx.com:zcu1285:part0:1.0 available at D:/Vivado/2024.1/data/xhub/boards/XilinxBoardStore/boards/Xilinx/zcu1285/1.0/board.xml as part xczu39dr-ffvf1760-2-i specified in board_part file is either invalid or not available
WARNING: [Board 49-26] cannot add Board Part xilinx.com:zcu208:part0:2.0 available at D:/Vivado/2024.1/data/xhub/boards/XilinxBoardStore/boards/Xilinx/zcu208/production/2.0/board.xml as part xczu48dr-fsvg1517-2-e specified in board_part file is either invalid or not available
WARNING: [Board 49-26] cannot add Board Part xilinx.com:zcu208ld:part0:2.0 available at D:/Vivado/2024.1/data/xhub/boards/XilinxBoardStore/boards/Xilinx/zcu208ld/production/2.0/board.xml as part xczu58dr-fsvg1517-2-i specified in board_part file is either invalid or not available
WARNING: [Board 49-26] cannot add Board Part xilinx.com:zcu216:part0:2.0 available at D:/Vivado/2024.1/data/xhub/boards/XilinxBoardStore/boards/Xilinx/zcu216/production/2.0/board.xml as part xczu49dr-ffvf1760-2-e specified in board_part file is either invalid or not available
WARNING: [Board 49-26] cannot add Board Part xilinx.com:zcu216ld:part0:2.0 available at D:/Vivado/2024.1/data/xhub/boards/XilinxBoardStore/boards/Xilinx/zcu216ld/production/2.0/board.xml as part xczu59dr-ffvf1760-2-i specified in board_part file is either invalid or not available
WARNING: [Board 49-26] cannot add Board Part xilinx.com:zcu670:part0:2.0 available at D:/Vivado/2024.1/data/xhub/boards/XilinxBoardStore/boards/Xilinx/zcu670/2.0/board.xml as part xczu67dr-fsve1156-2-i specified in board_part file is either invalid or not available
WARNING: [Board 49-26] cannot add Board Part xilinx.com:zcu670ld:part0:1.0 available at D:/Vivado/2024.1/data/xhub/boards/XilinxBoardStore/boards/Xilinx/zcu670ld/1.0/board.xml as part xczu57dr-fsve1156-2-i specified in board_part file is either invalid or not available
INFO: [Project 1-313] Project file moved from 'D:/licenta_16_layer_conv' since last save.
Scanning sources...
Finished scanning sources
INFO: [IP_Flow 19-234] Refreshing IP repositories
INFO: [IP_Flow 19-1704] No user IP repositories specified
INFO: [IP_Flow 19-2313] Loaded Vivado IP repository 'D:/Vivado/2024.1/data/ip'.
WARNING: [IP_Flow 19-3664] IP 'bd_6f02_one_0' generated file not found 'd:/licenta_16_layer_conv_copie/licenta_zyboooo.srcs/sources_1/bd/design_1/ipshared/e2d2/hdl/xlconstant_v1_1_vl_rfs.v'. Please regenerate to continue.
WARNING: [IP_Flow 19-3664] IP 'bd_6f02_one_0' generated file not found 'd:/licenta_16_layer_conv_copie/licenta_zyboooo.srcs/sources_1/bd/design_1/ipshared/e2d2/hdl/xlconstant_v1_1_vl_rfs.v'. Please regenerate to continue.
WARNING: [IP_Flow 19-3664] IP 'bd_6f02_psr_aclk_0' generated file not found 'd:/licenta_16_layer_conv_copie/licenta_zyboooo.srcs/sources_1/bd/design_1/ipshared/2a4f/hdl/lib_cdc_v1_0_rfs.vhd'. Please regenerate to continue.
WARNING: [IP_Flow 19-3664] IP 'bd_6f02_psr_aclk_0' generated file not found 'd:/licenta_16_layer_conv_copie/licenta_zyboooo.srcs/sources_1/bd/design_1/ipshared/3a26/hdl/proc_sys_reset_v5_0_vh_rfs.vhd'. Please regenerate to continue.
WARNING: [IP_Flow 19-3664] IP 'bd_6f02_psr_aclk_0' generated file not found 'd:/licenta_16_layer_conv_copie/licenta_zyboooo.srcs/sources_1/bd/design_1/ipshared/2a4f/hdl/lib_cdc_v1_0_rfs.vhd'. Please regenerate to continue.
WARNING: [IP_Flow 19-3664] IP 'bd_6f02_psr_aclk_0' generated file not found 'd:/licenta_16_layer_conv_copie/licenta_zyboooo.srcs/sources_1/bd/design_1/ipshared/3a26/hdl/proc_sys_reset_v5_0_vh_rfs.vhd'. Please regenerate to continue.
WARNING: [IP_Flow 19-3664] IP 'bd_6f02_arsw_0' generated file not found 'd:/licenta_16_layer_conv_copie/licenta_zyboooo.srcs/sources_1/bd/design_1/ipshared/f0b6/hdl/verilog/sc_util_v1_0_4_constants.vh'. Please regenerate to continue.
WARNING: [IP_Flow 19-3664] IP 'bd_6f02_arsw_0' generated file not found 'd:/licenta_16_layer_conv_copie/licenta_zyboooo.srcs/sources_1/bd/design_1/ipshared/f0b6/hdl/verilog/sc_util_v1_0_4_constants_noc.vh'. Please regenerate to continue.
WARNING: [IP_Flow 19-3664] IP 'bd_6f02_arsw_0' generated file not found 'd:/licenta_16_layer_conv_copie/licenta_zyboooo.srcs/sources_1/bd/design_1/ipshared/f0b6/hdl/verilog/sc_util_v1_0_4_structs.svh'. Please regenerate to continue.
WARNING: [IP_Flow 19-3664] IP 'bd_6f02_arsw_0' generated file not found 'd:/licenta_16_layer_conv_copie/licenta_zyboooo.srcs/sources_1/bd/design_1/ipshared/f0b6/hdl/sc_util_v1_0_vl_rfs.sv'. Please regenerate to continue.
WARNING: [IP_Flow 19-3664] IP 'bd_6f02_arsw_0' generated file not found 'd:/licenta_16_layer_conv_copie/licenta_zyboooo.srcs/sources_1/bd/design_1/ipshared/3718/hdl/sc_switchboard_v1_0_vl_rfs.sv'. Please regenerate to continue.
WARNING: [IP_Flow 19-3664] IP 'bd_6f02_arsw_0' generated file not found 'd:/licenta_16_layer_conv_copie/licenta_zyboooo.srcs/sources_1/bd/design_1/ipshared/f0b6/hdl/verilog/sc_util_v1_0_4_constants.vh'. Please regenerate to continue.
WARNING: [IP_Flow 19-3664] IP 'bd_6f02_arsw_0' generated file not found 'd:/licenta_16_layer_conv_copie/licenta_zyboooo.srcs/sources_1/bd/design_1/ipshared/f0b6/hdl/verilog/sc_util_v1_0_4_constants_noc.vh'. Please regenerate to continue.
WARNING: [IP_Flow 19-3664] IP 'bd_6f02_arsw_0' generated file not found 'd:/licenta_16_layer_conv_copie/licenta_zyboooo.srcs/sources_1/bd/design_1/ipshared/f0b6/hdl/verilog/sc_util_v1_0_4_structs.svh'. Please regenerate to continue.
WARNING: [IP_Flow 19-3664] IP 'bd_6f02_arsw_0' generated file not found 'd:/licenta_16_layer_conv_copie/licenta_zyboooo.srcs/sources_1/bd/design_1/ipshared/f0b6/hdl/sc_util_v1_0_vl_rfs.sv'. Please regenerate to continue.
WARNING: [IP_Flow 19-3664] IP 'bd_6f02_arsw_0' generated file not found 'd:/licenta_16_layer_conv_copie/licenta_zyboooo.srcs/sources_1/bd/design_1/ipshared/3718/hdl/sc_switchboard_v1_0_vl_rfs.sv'. Please regenerate to continue.
WARNING: [IP_Flow 19-3664] IP 'bd_6f02_rsw_0' generated file not found 'd:/licenta_16_layer_conv_copie/licenta_zyboooo.srcs/sources_1/bd/design_1/ipshared/f0b6/hdl/verilog/sc_util_v1_0_4_constants.vh'. Please regenerate to continue.
WARNING: [IP_Flow 19-3664] IP 'bd_6f02_rsw_0' generated file not found 'd:/licenta_16_layer_conv_copie/licenta_zyboooo.srcs/sources_1/bd/design_1/ipshared/f0b6/hdl/verilog/sc_util_v1_0_4_constants_noc.vh'. Please regenerate to continue.
WARNING: [IP_Flow 19-3664] IP 'bd_6f02_rsw_0' generated file not found 'd:/licenta_16_layer_conv_copie/licenta_zyboooo.srcs/sources_1/bd/design_1/ipshared/f0b6/hdl/verilog/sc_util_v1_0_4_structs.svh'. Please regenerate to continue.
WARNING: [IP_Flow 19-3664] IP 'bd_6f02_rsw_0' generated file not found 'd:/licenta_16_layer_conv_copie/licenta_zyboooo.srcs/sources_1/bd/design_1/ipshared/f0b6/hdl/sc_util_v1_0_vl_rfs.sv'. Please regenerate to continue.
WARNING: [IP_Flow 19-3664] IP 'bd_6f02_rsw_0' generated file not found 'd:/licenta_16_layer_conv_copie/licenta_zyboooo.srcs/sources_1/bd/design_1/ipshared/3718/hdl/sc_switchboard_v1_0_vl_rfs.sv'. Please regenerate to continue.
WARNING: [IP_Flow 19-3664] IP 'bd_6f02_rsw_0' generated file not found 'd:/licenta_16_layer_conv_copie/licenta_zyboooo.srcs/sources_1/bd/design_1/ipshared/f0b6/hdl/verilog/sc_util_v1_0_4_constants.vh'. Please regenerate to continue.
WARNING: [IP_Flow 19-3664] IP 'bd_6f02_rsw_0' generated file not found 'd:/licenta_16_layer_conv_copie/licenta_zyboooo.srcs/sources_1/bd/design_1/ipshared/f0b6/hdl/verilog/sc_util_v1_0_4_constants_noc.vh'. Please regenerate to continue.
WARNING: [IP_Flow 19-3664] IP 'bd_6f02_rsw_0' generated file not found 'd:/licenta_16_layer_conv_copie/licenta_zyboooo.srcs/sources_1/bd/design_1/ipshared/f0b6/hdl/verilog/sc_util_v1_0_4_structs.svh'. Please regenerate to continue.
WARNING: [IP_Flow 19-3664] IP 'bd_6f02_rsw_0' generated file not found 'd:/licenta_16_layer_conv_copie/licenta_zyboooo.srcs/sources_1/bd/design_1/ipshared/f0b6/hdl/sc_util_v1_0_vl_rfs.sv'. Please regenerate to continue.
WARNING: [IP_Flow 19-3664] IP 'bd_6f02_rsw_0' generated file not found 'd:/licenta_16_layer_conv_copie/licenta_zyboooo.srcs/sources_1/bd/design_1/ipshared/3718/hdl/sc_switchboard_v1_0_vl_rfs.sv'. Please regenerate to continue.
WARNING: [IP_Flow 19-3664] IP 'bd_6f02_awsw_0' generated file not found 'd:/licenta_16_layer_conv_copie/licenta_zyboooo.srcs/sources_1/bd/design_1/ipshared/f0b6/hdl/verilog/sc_util_v1_0_4_constants.vh'. Please regenerate to continue.
WARNING: [IP_Flow 19-3664] IP 'bd_6f02_awsw_0' generated file not found 'd:/licenta_16_layer_conv_copie/licenta_zyboooo.srcs/sources_1/bd/design_1/ipshared/f0b6/hdl/verilog/sc_util_v1_0_4_constants_noc.vh'. Please regenerate to continue.
WARNING: [IP_Flow 19-3664] IP 'bd_6f02_awsw_0' generated file not found 'd:/licenta_16_layer_conv_copie/licenta_zyboooo.srcs/sources_1/bd/design_1/ipshared/f0b6/hdl/verilog/sc_util_v1_0_4_structs.svh'. Please regenerate to continue.
WARNING: [IP_Flow 19-3664] IP 'bd_6f02_awsw_0' generated file not found 'd:/licenta_16_layer_conv_copie/licenta_zyboooo.srcs/sources_1/bd/design_1/ipshared/f0b6/hdl/sc_util_v1_0_vl_rfs.sv'. Please regenerate to continue.
WARNING: [IP_Flow 19-3664] IP 'bd_6f02_awsw_0' generated file not found 'd:/licenta_16_layer_conv_copie/licenta_zyboooo.srcs/sources_1/bd/design_1/ipshared/3718/hdl/sc_switchboard_v1_0_vl_rfs.sv'. Please regenerate to continue.
WARNING: [IP_Flow 19-3664] IP 'bd_6f02_awsw_0' generated file not found 'd:/licenta_16_layer_conv_copie/licenta_zyboooo.srcs/sources_1/bd/design_1/ipshared/f0b6/hdl/verilog/sc_util_v1_0_4_constants.vh'. Please regenerate to continue.
WARNING: [IP_Flow 19-3664] IP 'bd_6f02_awsw_0' generated file not found 'd:/licenta_16_layer_conv_copie/licenta_zyboooo.srcs/sources_1/bd/design_1/ipshared/f0b6/hdl/verilog/sc_util_v1_0_4_constants_noc.vh'. Please regenerate to continue.
WARNING: [IP_Flow 19-3664] IP 'bd_6f02_awsw_0' generated file not found 'd:/licenta_16_layer_conv_copie/licenta_zyboooo.srcs/sources_1/bd/design_1/ipshared/f0b6/hdl/verilog/sc_util_v1_0_4_structs.svh'. Please regenerate to continue.
WARNING: [IP_Flow 19-3664] IP 'bd_6f02_awsw_0' generated file not found 'd:/licenta_16_layer_conv_copie/licenta_zyboooo.srcs/sources_1/bd/design_1/ipshared/f0b6/hdl/sc_util_v1_0_vl_rfs.sv'. Please regenerate to continue.
WARNING: [IP_Flow 19-3664] IP 'bd_6f02_awsw_0' generated file not found 'd:/licenta_16_layer_conv_copie/licenta_zyboooo.srcs/sources_1/bd/design_1/ipshared/3718/hdl/sc_switchboard_v1_0_vl_rfs.sv'. Please regenerate to continue.
WARNING: [IP_Flow 19-3664] IP 'bd_6f02_wsw_0' generated file not found 'd:/licenta_16_layer_conv_copie/licenta_zyboooo.srcs/sources_1/bd/design_1/ipshared/f0b6/hdl/verilog/sc_util_v1_0_4_constants.vh'. Please regenerate to continue.
WARNING: [IP_Flow 19-3664] IP 'bd_6f02_wsw_0' generated file not found 'd:/licenta_16_layer_conv_copie/licenta_zyboooo.srcs/sources_1/bd/design_1/ipshared/f0b6/hdl/verilog/sc_util_v1_0_4_constants_noc.vh'. Please regenerate to continue.
WARNING: [IP_Flow 19-3664] IP 'bd_6f02_wsw_0' generated file not found 'd:/licenta_16_layer_conv_copie/licenta_zyboooo.srcs/sources_1/bd/design_1/ipshared/f0b6/hdl/verilog/sc_util_v1_0_4_structs.svh'. Please regenerate to continue.
WARNING: [IP_Flow 19-3664] IP 'bd_6f02_wsw_0' generated file not found 'd:/licenta_16_layer_conv_copie/licenta_zyboooo.srcs/sources_1/bd/design_1/ipshared/f0b6/hdl/sc_util_v1_0_vl_rfs.sv'. Please regenerate to continue.
WARNING: [IP_Flow 19-3664] IP 'bd_6f02_wsw_0' generated file not found 'd:/licenta_16_layer_conv_copie/licenta_zyboooo.srcs/sources_1/bd/design_1/ipshared/3718/hdl/sc_switchboard_v1_0_vl_rfs.sv'. Please regenerate to continue.
WARNING: [IP_Flow 19-3664] IP 'bd_6f02_wsw_0' generated file not found 'd:/licenta_16_layer_conv_copie/licenta_zyboooo.srcs/sources_1/bd/design_1/ipshared/f0b6/hdl/verilog/sc_util_v1_0_4_constants.vh'. Please regenerate to continue.
WARNING: [IP_Flow 19-3664] IP 'bd_6f02_wsw_0' generated file not found 'd:/licenta_16_layer_conv_copie/licenta_zyboooo.srcs/sources_1/bd/design_1/ipshared/f0b6/hdl/verilog/sc_util_v1_0_4_constants_noc.vh'. Please regenerate to continue.
WARNING: [IP_Flow 19-3664] IP 'bd_6f02_wsw_0' generated file not found 'd:/licenta_16_layer_conv_copie/licenta_zyboooo.srcs/sources_1/bd/design_1/ipshared/f0b6/hdl/verilog/sc_util_v1_0_4_structs.svh'. Please regenerate to continue.
WARNING: [IP_Flow 19-3664] IP 'bd_6f02_wsw_0' generated file not found 'd:/licenta_16_layer_conv_copie/licenta_zyboooo.srcs/sources_1/bd/design_1/ipshared/f0b6/hdl/sc_util_v1_0_vl_rfs.sv'. Please regenerate to continue.
WARNING: [IP_Flow 19-3664] IP 'bd_6f02_wsw_0' generated file not found 'd:/licenta_16_layer_conv_copie/licenta_zyboooo.srcs/sources_1/bd/design_1/ipshared/3718/hdl/sc_switchboard_v1_0_vl_rfs.sv'. Please regenerate to continue.
WARNING: [IP_Flow 19-3664] IP 'bd_6f02_bsw_0' generated file not found 'd:/licenta_16_layer_conv_copie/licenta_zyboooo.srcs/sources_1/bd/design_1/ipshared/f0b6/hdl/verilog/sc_util_v1_0_4_constants.vh'. Please regenerate to continue.
WARNING: [IP_Flow 19-3664] IP 'bd_6f02_bsw_0' generated file not found 'd:/licenta_16_layer_conv_copie/licenta_zyboooo.srcs/sources_1/bd/design_1/ipshared/f0b6/hdl/verilog/sc_util_v1_0_4_constants_noc.vh'. Please regenerate to continue.
WARNING: [IP_Flow 19-3664] IP 'bd_6f02_bsw_0' generated file not found 'd:/licenta_16_layer_conv_copie/licenta_zyboooo.srcs/sources_1/bd/design_1/ipshared/f0b6/hdl/verilog/sc_util_v1_0_4_structs.svh'. Please regenerate to continue.
WARNING: [IP_Flow 19-3664] IP 'bd_6f02_bsw_0' generated file not found 'd:/licenta_16_layer_conv_copie/licenta_zyboooo.srcs/sources_1/bd/design_1/ipshared/f0b6/hdl/sc_util_v1_0_vl_rfs.sv'. Please regenerate to continue.
WARNING: [IP_Flow 19-3664] IP 'bd_6f02_bsw_0' generated file not found 'd:/licenta_16_layer_conv_copie/licenta_zyboooo.srcs/sources_1/bd/design_1/ipshared/3718/hdl/sc_switchboard_v1_0_vl_rfs.sv'. Please regenerate to continue.
WARNING: [IP_Flow 19-3664] IP 'bd_6f02_bsw_0' generated file not found 'd:/licenta_16_layer_conv_copie/licenta_zyboooo.srcs/sources_1/bd/design_1/ipshared/f0b6/hdl/verilog/sc_util_v1_0_4_constants.vh'. Please regenerate to continue.
WARNING: [IP_Flow 19-3664] IP 'bd_6f02_bsw_0' generated file not found 'd:/licenta_16_layer_conv_copie/licenta_zyboooo.srcs/sources_1/bd/design_1/ipshared/f0b6/hdl/verilog/sc_util_v1_0_4_constants_noc.vh'. Please regenerate to continue.
WARNING: [IP_Flow 19-3664] IP 'bd_6f02_bsw_0' generated file not found 'd:/licenta_16_layer_conv_copie/licenta_zyboooo.srcs/sources_1/bd/design_1/ipshared/f0b6/hdl/verilog/sc_util_v1_0_4_structs.svh'. Please regenerate to continue.
WARNING: [IP_Flow 19-3664] IP 'bd_6f02_bsw_0' generated file not found 'd:/licenta_16_layer_conv_copie/licenta_zyboooo.srcs/sources_1/bd/design_1/ipshared/f0b6/hdl/sc_util_v1_0_vl_rfs.sv'. Please regenerate to continue.
WARNING: [IP_Flow 19-3664] IP 'bd_6f02_bsw_0' generated file not found 'd:/licenta_16_layer_conv_copie/licenta_zyboooo.srcs/sources_1/bd/design_1/ipshared/3718/hdl/sc_switchboard_v1_0_vl_rfs.sv'. Please regenerate to continue.
WARNING: [IP_Flow 19-3664] IP 'bd_6f02_s00mmu_0' generated file not found 'd:/licenta_16_layer_conv_copie/licenta_zyboooo.srcs/sources_1/bd/design_1/ipshared/f0b6/hdl/verilog/sc_util_v1_0_4_constants.vh'. Please regenerate to continue.
WARNING: [IP_Flow 19-3664] IP 'bd_6f02_s00mmu_0' generated file not found 'd:/licenta_16_layer_conv_copie/licenta_zyboooo.srcs/sources_1/bd/design_1/ipshared/f0b6/hdl/verilog/sc_util_v1_0_4_constants_noc.vh'. Please regenerate to continue.
WARNING: [IP_Flow 19-3664] IP 'bd_6f02_s00mmu_0' generated file not found 'd:/licenta_16_layer_conv_copie/licenta_zyboooo.srcs/sources_1/bd/design_1/ipshared/f0b6/hdl/verilog/sc_util_v1_0_4_structs.svh'. Please regenerate to continue.
WARNING: [IP_Flow 19-3664] IP 'bd_6f02_s00mmu_0' generated file not found 'd:/licenta_16_layer_conv_copie/licenta_zyboooo.srcs/sources_1/bd/design_1/ipshared/f0b6/hdl/sc_util_v1_0_vl_rfs.sv'. Please regenerate to continue.
WARNING: [IP_Flow 19-3664] IP 'bd_6f02_s00mmu_0' generated file not found 'd:/licenta_16_layer_conv_copie/licenta_zyboooo.srcs/sources_1/bd/design_1/ipshared/98d8/hdl/sc_mmu_v1_0_vl_rfs.sv'. Please regenerate to continue.
WARNING: [IP_Flow 19-3664] IP 'bd_6f02_s00mmu_0' generated file not found 'd:/licenta_16_layer_conv_copie/licenta_zyboooo.srcs/sources_1/bd/design_1/ipshared/f0b6/hdl/verilog/sc_util_v1_0_4_constants.vh'. Please regenerate to continue.
WARNING: [IP_Flow 19-3664] IP 'bd_6f02_s00mmu_0' generated file not found 'd:/licenta_16_layer_conv_copie/licenta_zyboooo.srcs/sources_1/bd/design_1/ipshared/f0b6/hdl/verilog/sc_util_v1_0_4_constants_noc.vh'. Please regenerate to continue.
WARNING: [IP_Flow 19-3664] IP 'bd_6f02_s00mmu_0' generated file not found 'd:/licenta_16_layer_conv_copie/licenta_zyboooo.srcs/sources_1/bd/design_1/ipshared/f0b6/hdl/verilog/sc_util_v1_0_4_structs.svh'. Please regenerate to continue.
WARNING: [IP_Flow 19-3664] IP 'bd_6f02_s00mmu_0' generated file not found 'd:/licenta_16_layer_conv_copie/licenta_zyboooo.srcs/sources_1/bd/design_1/ipshared/f0b6/hdl/sc_util_v1_0_vl_rfs.sv'. Please regenerate to continue.
WARNING: [IP_Flow 19-3664] IP 'bd_6f02_s00mmu_0' generated file not found 'd:/licenta_16_layer_conv_copie/licenta_zyboooo.srcs/sources_1/bd/design_1/ipshared/98d8/hdl/sc_mmu_v1_0_vl_rfs.sv'. Please regenerate to continue.
WARNING: [IP_Flow 19-3664] IP 'bd_6f02_s00tr_0' generated file not found 'd:/licenta_16_layer_conv_copie/licenta_zyboooo.srcs/sources_1/bd/design_1/ipshared/f0b6/hdl/verilog/sc_util_v1_0_4_constants.vh'. Please regenerate to continue.
WARNING: [IP_Flow 19-3664] IP 'bd_6f02_s00tr_0' generated file not found 'd:/licenta_16_layer_conv_copie/licenta_zyboooo.srcs/sources_1/bd/design_1/ipshared/f0b6/hdl/verilog/sc_util_v1_0_4_constants_noc.vh'. Please regenerate to continue.
WARNING: [IP_Flow 19-3664] IP 'bd_6f02_s00tr_0' generated file not found 'd:/licenta_16_layer_conv_copie/licenta_zyboooo.srcs/sources_1/bd/design_1/ipshared/f0b6/hdl/verilog/sc_util_v1_0_4_structs.svh'. Please regenerate to continue.
WARNING: [IP_Flow 19-3664] IP 'bd_6f02_s00tr_0' generated file not found 'd:/licenta_16_layer_conv_copie/licenta_zyboooo.srcs/sources_1/bd/design_1/ipshared/f0b6/hdl/sc_util_v1_0_vl_rfs.sv'. Please regenerate to continue.
WARNING: [IP_Flow 19-3664] IP 'bd_6f02_s00tr_0' generated file not found 'd:/licenta_16_layer_conv_copie/licenta_zyboooo.srcs/sources_1/bd/design_1/ipshared/2da8/hdl/sc_transaction_regulator_v1_0_vl_rfs.sv'. Please regenerate to continue.
WARNING: [IP_Flow 19-3664] IP 'bd_6f02_s00tr_0' generated file not found 'd:/licenta_16_layer_conv_copie/licenta_zyboooo.srcs/sources_1/bd/design_1/ipshared/f0b6/hdl/verilog/sc_util_v1_0_4_constants.vh'. Please regenerate to continue.
WARNING: [IP_Flow 19-3664] IP 'bd_6f02_s00tr_0' generated file not found 'd:/licenta_16_layer_conv_copie/licenta_zyboooo.srcs/sources_1/bd/design_1/ipshared/f0b6/hdl/verilog/sc_util_v1_0_4_constants_noc.vh'. Please regenerate to continue.
WARNING: [IP_Flow 19-3664] IP 'bd_6f02_s00tr_0' generated file not found 'd:/licenta_16_layer_conv_copie/licenta_zyboooo.srcs/sources_1/bd/design_1/ipshared/f0b6/hdl/verilog/sc_util_v1_0_4_structs.svh'. Please regenerate to continue.
WARNING: [IP_Flow 19-3664] IP 'bd_6f02_s00tr_0' generated file not found 'd:/licenta_16_layer_conv_copie/licenta_zyboooo.srcs/sources_1/bd/design_1/ipshared/f0b6/hdl/sc_util_v1_0_vl_rfs.sv'. Please regenerate to continue.
WARNING: [IP_Flow 19-3664] IP 'bd_6f02_s00tr_0' generated file not found 'd:/licenta_16_layer_conv_copie/licenta_zyboooo.srcs/sources_1/bd/design_1/ipshared/2da8/hdl/sc_transaction_regulator_v1_0_vl_rfs.sv'. Please regenerate to continue.
WARNING: [IP_Flow 19-3664] IP 'bd_6f02_s00sic_0' generated file not found 'd:/licenta_16_layer_conv_copie/licenta_zyboooo.srcs/sources_1/bd/design_1/ipshared/f0b6/hdl/verilog/sc_util_v1_0_4_constants.vh'. Please regenerate to continue.
WARNING: [IP_Flow 19-3664] IP 'bd_6f02_s00sic_0' generated file not found 'd:/licenta_16_layer_conv_copie/licenta_zyboooo.srcs/sources_1/bd/design_1/ipshared/f0b6/hdl/verilog/sc_util_v1_0_4_constants_noc.vh'. Please regenerate to continue.
WARNING: [IP_Flow 19-3664] IP 'bd_6f02_s00sic_0' generated file not found 'd:/licenta_16_layer_conv_copie/licenta_zyboooo.srcs/sources_1/bd/design_1/ipshared/f0b6/hdl/verilog/sc_util_v1_0_4_structs.svh'. Please regenerate to continue.
WARNING: [IP_Flow 19-3664] IP 'bd_6f02_s00sic_0' generated file not found 'd:/licenta_16_layer_conv_copie/licenta_zyboooo.srcs/sources_1/bd/design_1/ipshared/f0b6/hdl/sc_util_v1_0_vl_rfs.sv'. Please regenerate to continue.
WARNING: [IP_Flow 19-3664] IP 'bd_6f02_s00sic_0' generated file not found 'd:/licenta_16_layer_conv_copie/licenta_zyboooo.srcs/sources_1/bd/design_1/ipshared/a950/hdl/sc_si_converter_v1_0_vl_rfs.sv'. Please regenerate to continue.
WARNING: [IP_Flow 19-3664] IP 'bd_6f02_s00sic_0' generated file not found 'd:/licenta_16_layer_conv_copie/licenta_zyboooo.srcs/sources_1/bd/design_1/ipshared/f0b6/hdl/verilog/sc_util_v1_0_4_constants.vh'. Please regenerate to continue.
WARNING: [IP_Flow 19-3664] IP 'bd_6f02_s00sic_0' generated file not found 'd:/licenta_16_layer_conv_copie/licenta_zyboooo.srcs/sources_1/bd/design_1/ipshared/f0b6/hdl/verilog/sc_util_v1_0_4_constants_noc.vh'. Please regenerate to continue.
WARNING: [IP_Flow 19-3664] IP 'bd_6f02_s00sic_0' generated file not found 'd:/licenta_16_layer_conv_copie/licenta_zyboooo.srcs/sources_1/bd/design_1/ipshared/f0b6/hdl/verilog/sc_util_v1_0_4_structs.svh'. Please regenerate to continue.
WARNING: [IP_Flow 19-3664] IP 'bd_6f02_s00sic_0' generated file not found 'd:/licenta_16_layer_conv_copie/licenta_zyboooo.srcs/sources_1/bd/design_1/ipshared/f0b6/hdl/sc_util_v1_0_vl_rfs.sv'. Please regenerate to continue.
WARNING: [IP_Flow 19-3664] IP 'bd_6f02_s00sic_0' generated file not found 'd:/licenta_16_layer_conv_copie/licenta_zyboooo.srcs/sources_1/bd/design_1/ipshared/a950/hdl/sc_si_converter_v1_0_vl_rfs.sv'. Please regenerate to continue.
WARNING: [IP_Flow 19-3664] IP 'bd_6f02_s00a2s_0' generated file not found 'd:/licenta_16_layer_conv_copie/licenta_zyboooo.srcs/sources_1/bd/design_1/ipshared/f0b6/hdl/verilog/sc_util_v1_0_4_constants.vh'. Please regenerate to continue.
WARNING: [IP_Flow 19-3664] IP 'bd_6f02_s00a2s_0' generated file not found 'd:/licenta_16_layer_conv_copie/licenta_zyboooo.srcs/sources_1/bd/design_1/ipshared/f0b6/hdl/verilog/sc_util_v1_0_4_constants_noc.vh'. Please regenerate to continue.
WARNING: [IP_Flow 19-3664] IP 'bd_6f02_s00a2s_0' generated file not found 'd:/licenta_16_layer_conv_copie/licenta_zyboooo.srcs/sources_1/bd/design_1/ipshared/f0b6/hdl/verilog/sc_util_v1_0_4_structs.svh'. Please regenerate to continue.
WARNING: [IP_Flow 19-3664] IP 'bd_6f02_s00a2s_0' generated file not found 'd:/licenta_16_layer_conv_copie/licenta_zyboooo.srcs/sources_1/bd/design_1/ipshared/f0b6/hdl/sc_util_v1_0_vl_rfs.sv'. Please regenerate to continue.
WARNING: [IP_Flow 19-3664] IP 'bd_6f02_s00a2s_0' generated file not found 'd:/licenta_16_layer_conv_copie/licenta_zyboooo.srcs/sources_1/bd/design_1/ipshared/cef3/hdl/sc_axi2sc_v1_0_vl_rfs.sv'. Please regenerate to continue.
WARNING: [IP_Flow 19-3664] IP 'bd_6f02_s00a2s_0' generated file not found 'd:/licenta_16_layer_conv_copie/licenta_zyboooo.srcs/sources_1/bd/design_1/ipshared/f0b6/hdl/verilog/sc_util_v1_0_4_constants.vh'. Please regenerate to continue.
WARNING: [IP_Flow 19-3664] IP 'bd_6f02_s00a2s_0' generated file not found 'd:/licenta_16_layer_conv_copie/licenta_zyboooo.srcs/sources_1/bd/design_1/ipshared/f0b6/hdl/verilog/sc_util_v1_0_4_constants_noc.vh'. Please regenerate to continue.
WARNING: [IP_Flow 19-3664] IP 'bd_6f02_s00a2s_0' generated file not found 'd:/licenta_16_layer_conv_copie/licenta_zyboooo.srcs/sources_1/bd/design_1/ipshared/f0b6/hdl/verilog/sc_util_v1_0_4_structs.svh'. Please regenerate to continue.
WARNING: [IP_Flow 19-3664] IP 'bd_6f02_s00a2s_0' generated file not found 'd:/licenta_16_layer_conv_copie/licenta_zyboooo.srcs/sources_1/bd/design_1/ipshared/f0b6/hdl/sc_util_v1_0_vl_rfs.sv'. Please regenerate to continue.
WARNING: [IP_Flow 19-3664] IP 'bd_6f02_s00a2s_0' generated file not found 'd:/licenta_16_layer_conv_copie/licenta_zyboooo.srcs/sources_1/bd/design_1/ipshared/cef3/hdl/sc_axi2sc_v1_0_vl_rfs.sv'. Please regenerate to continue.
WARNING: [IP_Flow 19-3664] IP 'bd_6f02_sarn_0' generated file not found 'd:/licenta_16_layer_conv_copie/licenta_zyboooo.srcs/sources_1/bd/design_1/ipshared/f0b6/hdl/verilog/sc_util_v1_0_4_constants.vh'. Please regenerate to continue.
WARNING: [IP_Flow 19-3664] IP 'bd_6f02_sarn_0' generated file not found 'd:/licenta_16_layer_conv_copie/licenta_zyboooo.srcs/sources_1/bd/design_1/ipshared/f0b6/hdl/verilog/sc_util_v1_0_4_constants_noc.vh'. Please regenerate to continue.
WARNING: [IP_Flow 19-3664] IP 'bd_6f02_sarn_0' generated file not found 'd:/licenta_16_layer_conv_copie/licenta_zyboooo.srcs/sources_1/bd/design_1/ipshared/f0b6/hdl/verilog/sc_util_v1_0_4_structs.svh'. Please regenerate to continue.
WARNING: [IP_Flow 19-3664] IP 'bd_6f02_sarn_0' generated file not found 'd:/licenta_16_layer_conv_copie/licenta_zyboooo.srcs/sources_1/bd/design_1/ipshared/f0b6/hdl/sc_util_v1_0_vl_rfs.sv'. Please regenerate to continue.
INFO: [Common 17-14] Message 'IP_Flow 19-3664' appears 100 times and further instances of the messages will be disabled. Use the Tcl command set_msg_config to change the current settings.
open_project: Time (s): cpu = 00:00:59 ; elapsed = 00:00:33 . Memory (MB): peak = 1653.094 ; gain = 558.621
update_compile_order -fileset sources_1
open_bd_design {D:/licenta_16_layer_conv_copie/licenta_16_layer_conv.srcs/sources_1/bd/design_1/design_1.bd}
Reading block design file <D:/licenta_16_layer_conv_copie/licenta_16_layer_conv.srcs/sources_1/bd/design_1/design_1.bd>...
Adding component instance block -- xilinx.com:ip:axi_bram_ctrl:4.1 - axi_bram_ctrl_0
Adding component instance block -- xilinx.com:ip:blk_mem_gen:8.4 - axi_bram_ctrl_0_bram
Adding component instance block -- xilinx.com:ip:smartconnect:1.0 - axi_smc
Adding component instance block -- xilinx.com:ip:proc_sys_reset:5.0 - rst_ps7_0_50M
Adding component instance block -- xilinx.com:ip:axi_gpio:2.0 - axi_gpio_0
Adding component instance block -- xilinx.com:ip:axi_gpio:2.0 - axi_gpio_1
Adding component instance block -- xilinx.com:ip:util_vector_logic:2.0 - util_vector_logic_0
Adding component instance block -- xilinx.com:module_ref:axi_cnn_ac:1.0 - axi_cnn_ac_0
Adding component instance block -- xilinx.com:ip:processing_system7:5.5 - processing_system7_0
Successfully read diagram <design_1> from block design file <D:/licenta_16_layer_conv_copie/licenta_16_layer_conv.srcs/sources_1/bd/design_1/design_1.bd>
open_bd_design: Time (s): cpu = 00:00:16 ; elapsed = 00:00:10 . Memory (MB): peak = 1819.879 ; gain = 130.559
set_property  ip_repo_paths  D:/Lab9/Hardware/ip_repo/zybo-z7-hdmi-master/zybo-z7-hdmi-master/hardware/zybo_z7_hdmi_repo [current_project]
update_ip_catalog
INFO: [IP_Flow 19-234] Refreshing IP repositories
INFO: [IP_Flow 19-1700] Loaded user IP repository 'd:/Lab9/Hardware/ip_repo/zybo-z7-hdmi-master/zybo-z7-hdmi-master/hardware/zybo_z7_hdmi_repo'.
startgroup
create_bd_cell -type ip -vlnv xilinx.com:ip:axi_gpio:2.0 axi_gpio_2
endgroup
set_property -dict [list \
  CONFIG.C_ALL_INPUTS {1} \
  CONFIG.C_ALL_INPUTS_2 {1} \
  CONFIG.C_GPIO2_WIDTH {4} \
  CONFIG.C_GPIO_WIDTH {4} \
  CONFIG.C_IS_DUAL {1} \
] [get_bd_cells axi_gpio_2]
startgroup
make_bd_intf_pins_external  [get_bd_intf_pins axi_gpio_2/GPIO]
endgroup
set_property name btns_4bits [get_bd_intf_ports gpio_rtl_2]
startgroup
make_bd_intf_pins_external  [get_bd_intf_pins axi_gpio_2/GPIO2]
endgroup
set_property name sws_4bits [get_bd_intf_nets axi_gpio_2_GPIO2]
sws_4bits
delete_bd_objs [get_bd_intf_nets sws_4bits]
startgroup
make_bd_intf_pins_external  [get_bd_intf_pins axi_gpio_2/GPIO2]
endgroup
apply_bd_automation -rule xilinx.com:bd_rule:axi4 -config { Clk_master {/processing_system7_0/FCLK_CLK0 (10 MHz)} Clk_slave {Auto} Clk_xbar {/processing_system7_0/FCLK_CLK0 (10 MHz)} Master {/processing_system7_0/M_AXI_GP0} Slave {/axi_gpio_2/S_AXI} ddr_seg {Auto} intc_ip {/axi_smc} master_apm {0}}  [get_bd_intf_pins axi_gpio_2/S_AXI]
Slave segment '/axi_gpio_2/S_AXI/Reg' is being assigned into address space '/processing_system7_0/Data' at <0x4122_0000 [ 64K ]>.
startgroup
create_bd_cell -type ip -vlnv xilinx.com:ip:axi_vdma:6.3 axi_vdma_0
endgroup
set_property -dict [list \
  CONFIG.c_include_s2mm {0} \
  CONFIG.c_num_fstores {2} \
] [get_bd_cells axi_vdma_0]
startgroup
create_bd_cell -type ip -vlnv xilinx.com:ip:v_tc:6.2 v_tc_0
endgroup
WARNING: [xilinx.com:ip:v_tc:6.2-1] design_1_v_tc_0_0: GEN_F0_VBLANK_HEND setting should not exceed GEN_HFRAME_SIZE=800.
WARNING: [xilinx.com:ip:v_tc:6.2-1] design_1_v_tc_0_0: GEN_F0_VBLANK_HSTART setting should not exceed GEN_HFRAME_SIZE=800.
WARNING: [xilinx.com:ip:v_tc:6.2-1] design_1_v_tc_0_0: GEN_F0_VSYNC_HEND setting should not exceed GEN_HFRAME_SIZE=800.
WARNING: [xilinx.com:ip:v_tc:6.2-1] design_1_v_tc_0_0: GEN_F0_VSYNC_HSTART setting should not exceed GEN_HFRAME_SIZE=800.
WARNING: [xilinx.com:ip:v_tc:6.2-1] design_1_v_tc_0_0: GEN_HSYNC_END setting should not exceed GEN_HFRAME_SIZE=800.
WARNING: [xilinx.com:ip:v_tc:6.2-1] design_1_v_tc_0_0: GEN_HSYNC_START setting should not exceed GEN_HFRAME_SIZE=800.
set_property -dict [list \
  CONFIG.GEN_F0_VFRAME_SIZE {525} \
  CONFIG.GEN_F0_VSYNC_VEND {492} \
  CONFIG.GEN_F0_VSYNC_VSTART {490} \
  CONFIG.GEN_HACTIVE_SIZE {640} \
  CONFIG.GEN_HFRAME_SIZE {800} \
  CONFIG.GEN_HSYNC_END {752} \
  CONFIG.GEN_HSYNC_START {656} \
  CONFIG.GEN_VACTIVE_SIZE {480} \
  CONFIG.HAS_AXI4_LITE {false} \
  CONFIG.VIDEO_MODE {Custom} \
  CONFIG.enable_detection {false} \
] [get_bd_cells v_tc_0]
exit
INFO: [Common 17-206] Exiting Vivado at Tue Mar 31 15:01:01 2026...
