
*** Running vivado
    with args -log finn_design_MVAU_hls_1_wstrm_0.vds -m64 -product Vivado -mode batch -messageDb vivado.pb -notrace -source finn_design_MVAU_hls_1_wstrm_0.tcl


****** Vivado v2022.2 (64-bit)
  **** SW Build 3671981 on Fri Oct 14 04:59:54 MDT 2022
  **** IP Build 3669848 on Fri Oct 14 08:30:02 MDT 2022
    ** Copyright 1986-2022 Xilinx, Inc. All Rights Reserved.

source finn_design_MVAU_hls_1_wstrm_0.tcl -notrace
create_project: Time (s): cpu = 00:00:09 ; elapsed = 00:00:09 . Memory (MB): peak = 1319.988 ; gain = 0.027 ; free physical = 1085 ; free virtual = 3756
INFO: [IP_Flow 19-234] Refreshing IP repositories
INFO: [IP_Flow 19-1700] Loaded user IP repository '/home/andreea/finn/finn-rtllib/memstream'.
INFO: [IP_Flow 19-1700] Loaded user IP repository '/tmp/finn_dev_andreea/code_gen_ipgen_StreamingFIFO_rtl_0_ba18_35j'.
INFO: [IP_Flow 19-1700] Loaded user IP repository '/tmp/finn_dev_andreea/code_gen_ipgen_FMPadding_rtl_0_y0emcnwp'.
INFO: [IP_Flow 19-1700] Loaded user IP repository '/tmp/finn_dev_andreea/code_gen_ipgen_StreamingFIFO_rtl_1_hufrydzu'.
INFO: [IP_Flow 19-1700] Loaded user IP repository '/tmp/finn_dev_andreea/code_gen_ipgen_ConvolutionInputGenerator_rtl_0_p8wvajtb'.
INFO: [IP_Flow 19-1700] Loaded user IP repository '/tmp/finn_dev_andreea/code_gen_ipgen_StreamingFIFO_rtl_2_1079yvcg'.
INFO: [IP_Flow 19-1700] Loaded user IP repository '/tmp/finn_dev_andreea/code_gen_ipgen_StreamingDataWidthConverter_rtl_0_ylwxevm4'.
INFO: [IP_Flow 19-1700] Loaded user IP repository '/tmp/finn_dev_andreea/code_gen_ipgen_StreamingFIFO_rtl_3_oq4_hgum'.
INFO: [IP_Flow 19-1700] Loaded user IP repository '/tmp/finn_dev_andreea/code_gen_ipgen_MVAU_hls_0_162klhtr/project_MVAU_hls_0/sol1/impl/ip'.
INFO: [IP_Flow 19-1700] Loaded user IP repository '/tmp/finn_dev_andreea/code_gen_ipgen_StreamingFIFO_rtl_4_r0c39d43'.
INFO: [IP_Flow 19-1700] Loaded user IP repository '/tmp/finn_dev_andreea/code_gen_ipgen_StreamingDataWidthConverter_rtl_1_t6ksgcvj'.
INFO: [IP_Flow 19-1700] Loaded user IP repository '/tmp/finn_dev_andreea/code_gen_ipgen_StreamingFIFO_rtl_5_rypyiejn'.
INFO: [IP_Flow 19-1700] Loaded user IP repository '/tmp/finn_dev_andreea/code_gen_ipgen_StreamingMaxPool_hls_0_f38gb_sw/project_StreamingMaxPool_hls_0/sol1/impl/ip'.
INFO: [IP_Flow 19-1700] Loaded user IP repository '/tmp/finn_dev_andreea/code_gen_ipgen_StreamingFIFO_rtl_6_amabx6h_'.
INFO: [IP_Flow 19-1700] Loaded user IP repository '/tmp/finn_dev_andreea/code_gen_ipgen_StreamingDataWidthConverter_rtl_2_598a5s36'.
INFO: [IP_Flow 19-1700] Loaded user IP repository '/tmp/finn_dev_andreea/code_gen_ipgen_StreamingFIFO_rtl_7_ln61hkns'.
INFO: [IP_Flow 19-1700] Loaded user IP repository '/tmp/finn_dev_andreea/code_gen_ipgen_MVAU_hls_1_3j5wqvxh/project_MVAU_hls_1/sol1/impl/ip'.
INFO: [IP_Flow 19-1700] Loaded user IP repository '/tmp/finn_dev_andreea/code_gen_ipgen_StreamingFIFO_rtl_8_iv3q_gwl'.
INFO: [IP_Flow 19-1700] Loaded user IP repository '/tmp/finn_dev_andreea/code_gen_ipgen_MVAU_rtl_0_5cofkz0f'.
INFO: [IP_Flow 19-1700] Loaded user IP repository '/tmp/finn_dev_andreea/code_gen_ipgen_StreamingFIFO_rtl_9_s54x7wfo'.
INFO: [IP_Flow 19-2313] Loaded Vivado IP repository '/tools/Xilinx/Vivado/2022.2/data/ip'.
INFO: [IP_Flow 19-6924] IPCACHE: Running cache check for IP inst: finn_design_MVAU_hls_1_wstrm_0
Command: synth_design -top finn_design_MVAU_hls_1_wstrm_0 -part xc7z020clg400-1 -incremental_mode off -mode out_of_context
Starting synth_design
Attempting to get a license for feature 'Synthesis' and/or device 'xc7z020'
INFO: [Common 17-349] Got license for feature 'Synthesis' and/or device 'xc7z020'
INFO: [Device 21-403] Loading part xc7z020clg400-1
INFO: [Synth 8-7079] Multithreading enabled for synth_design using a maximum of 4 processes.
INFO: [Synth 8-7078] Launching helper process for spawning children vivado processes
INFO: [Synth 8-7075] Helper process launched with PID 506114
INFO: [Synth 8-11241] undeclared symbol 'REGCCE', assumed default net type 'wire' [/tools/Xilinx/Vivado/2022.2/data/verilog/src/unimacro/BRAM_SINGLE_MACRO.v:2170]
WARNING: [Synth 8-9661] initial value of parameter 'DEPTH' is omitted [/home/andreea/proiect_finn/output_ip_hardware_cu_argmax/stitched_ip/finn_vivado_stitch_proj.gen/sources_1/bd/finn_design/ipshared/bcb1/hdl/memstream.sv:34]
WARNING: [Synth 8-9661] initial value of parameter 'WIDTH' is omitted [/home/andreea/proiect_finn/output_ip_hardware_cu_argmax/stitched_ip/finn_vivado_stitch_proj.gen/sources_1/bd/finn_design/ipshared/bcb1/hdl/memstream.sv:35]
WARNING: [Synth 8-10636] default field of an assignment pattern cannot contain another assignment pattern [/home/andreea/proiect_finn/output_ip_hardware_cu_argmax/stitched_ip/finn_vivado_stitch_proj.gen/sources_1/bd/finn_design/ipshared/bcb1/hdl/memstream.sv:73]
WARNING: [Synth 8-9661] initial value of parameter 'DEPTH' is omitted [/home/andreea/proiect_finn/output_ip_hardware_cu_argmax/stitched_ip/finn_vivado_stitch_proj.gen/sources_1/bd/finn_design/ipshared/bcb1/hdl/memstream_axi.sv:34]
WARNING: [Synth 8-9661] initial value of parameter 'WIDTH' is omitted [/home/andreea/proiect_finn/output_ip_hardware_cu_argmax/stitched_ip/finn_vivado_stitch_proj.gen/sources_1/bd/finn_design/ipshared/bcb1/hdl/memstream_axi.sv:35]
WARNING: [Synth 8-10592] closing label :memstream_axi_wrapper is only allowed in SystemVerilog mode [/home/andreea/proiect_finn/output_ip_hardware_cu_argmax/stitched_ip/finn_vivado_stitch_proj.gen/sources_1/bd/finn_design/ipshared/bcb1/hdl/memstream_axi_wrapper.v:123]
WARNING: [Synth 8-10592] closing label :memstream_axi_wrapper is only allowed in SystemVerilog mode [/home/andreea/proiect_finn/output_ip_hardware_cu_argmax/stitched_ip/finn_vivado_stitch_proj.gen/sources_1/bd/finn_design/ipshared/bcb1/hdl/memstream_axi_wrapper.v:123]
---------------------------------------------------------------------------------
Starting RTL Elaboration : Time (s): cpu = 00:00:07 ; elapsed = 00:00:08 . Memory (MB): peak = 2002.383 ; gain = 372.770 ; free physical = 315 ; free virtual = 2598
Synthesis current peak Physical Memory [PSS] (MB): peak = 1265.707; parent = 1120.635; children = 145.072
Synthesis current peak Virtual Memory [VSS] (MB): peak = 2957.848; parent = 2005.352; children = 952.496
---------------------------------------------------------------------------------
INFO: [Synth 8-6157] synthesizing module 'finn_design_MVAU_hls_1_wstrm_0' [/home/andreea/proiect_finn/output_ip_hardware_cu_argmax/stitched_ip/finn_vivado_stitch_proj.gen/sources_1/bd/finn_design/ip/finn_design_MVAU_hls_1_wstrm_0/synth/finn_design_MVAU_hls_1_wstrm_0.v:53]
INFO: [Synth 8-6157] synthesizing module 'memstream_axi_wrapper' [/home/andreea/proiect_finn/output_ip_hardware_cu_argmax/stitched_ip/finn_vivado_stitch_proj.gen/sources_1/bd/finn_design/ipshared/bcb1/hdl/memstream_axi_wrapper.v:33]
INFO: [Synth 8-6157] synthesizing module 'memstream_axi' [/home/andreea/proiect_finn/output_ip_hardware_cu_argmax/stitched_ip/finn_vivado_stitch_proj.gen/sources_1/bd/finn_design/ipshared/bcb1/hdl/memstream_axi.sv:33]
INFO: [Synth 8-6157] synthesizing module 'axi4lite_if' [/home/andreea/proiect_finn/output_ip_hardware_cu_argmax/stitched_ip/finn_vivado_stitch_proj.gen/sources_1/bd/finn_design/ipshared/bcb1/hdl/axilite_if.v:31]
INFO: [Synth 8-6155] done synthesizing module 'axi4lite_if' (0#1) [/home/andreea/proiect_finn/output_ip_hardware_cu_argmax/stitched_ip/finn_vivado_stitch_proj.gen/sources_1/bd/finn_design/ipshared/bcb1/hdl/axilite_if.v:31]
WARNING: [Synth 8-689] width (32) of port connection 'ip_addr' does not match port width (17) of module 'axi4lite_if' [/home/andreea/proiect_finn/output_ip_hardware_cu_argmax/stitched_ip/finn_vivado_stitch_proj.gen/sources_1/bd/finn_design/ipshared/bcb1/hdl/memstream_axi.sv:105]
INFO: [Synth 8-6157] synthesizing module 'memstream' [/home/andreea/proiect_finn/output_ip_hardware_cu_argmax/stitched_ip/finn_vivado_stitch_proj.gen/sources_1/bd/finn_design/ipshared/bcb1/hdl/memstream.sv:33]
INFO: [Synth 8-3876] $readmem data file '/tmp/finn_dev_andreea/code_gen_ipgen_MVAU_hls_1_3j5wqvxh/memblock.dat' is read successfully [/home/andreea/proiect_finn/output_ip_hardware_cu_argmax/stitched_ip/finn_vivado_stitch_proj.gen/sources_1/bd/finn_design/ipshared/bcb1/hdl/memstream.sv:138]
INFO: [Synth 8-6155] done synthesizing module 'memstream' (0#1) [/home/andreea/proiect_finn/output_ip_hardware_cu_argmax/stitched_ip/finn_vivado_stitch_proj.gen/sources_1/bd/finn_design/ipshared/bcb1/hdl/memstream.sv:33]
INFO: [Synth 8-6155] done synthesizing module 'memstream_axi' (0#1) [/home/andreea/proiect_finn/output_ip_hardware_cu_argmax/stitched_ip/finn_vivado_stitch_proj.gen/sources_1/bd/finn_design/ipshared/bcb1/hdl/memstream_axi.sv:33]
INFO: [Synth 8-6155] done synthesizing module 'memstream_axi_wrapper' (0#1) [/home/andreea/proiect_finn/output_ip_hardware_cu_argmax/stitched_ip/finn_vivado_stitch_proj.gen/sources_1/bd/finn_design/ipshared/bcb1/hdl/memstream_axi_wrapper.v:33]
INFO: [Synth 8-6155] done synthesizing module 'finn_design_MVAU_hls_1_wstrm_0' (0#1) [/home/andreea/proiect_finn/output_ip_hardware_cu_argmax/stitched_ip/finn_vivado_stitch_proj.gen/sources_1/bd/finn_design/ip/finn_design_MVAU_hls_1_wstrm_0/synth/finn_design_MVAU_hls_1_wstrm_0.v:53]
WARNING: [Synth 8-6014] Unused sequential element wready_reg was removed.  [/home/andreea/proiect_finn/output_ip_hardware_cu_argmax/stitched_ip/finn_vivado_stitch_proj.gen/sources_1/bd/finn_design/ipshared/bcb1/hdl/axilite_if.v:135]
WARNING: [Synth 8-6014] Unused sequential element internal_wack_reg was removed.  [/home/andreea/proiect_finn/output_ip_hardware_cu_argmax/stitched_ip/finn_vivado_stitch_proj.gen/sources_1/bd/finn_design/ipshared/bcb1/hdl/axilite_if.v:154]
WARNING: [Synth 8-7129] Port config_address[31] in module memstream is either unconnected or has no load
WARNING: [Synth 8-7129] Port config_address[30] in module memstream is either unconnected or has no load
WARNING: [Synth 8-7129] Port config_address[29] in module memstream is either unconnected or has no load
WARNING: [Synth 8-7129] Port config_address[28] in module memstream is either unconnected or has no load
WARNING: [Synth 8-7129] Port config_address[27] in module memstream is either unconnected or has no load
WARNING: [Synth 8-7129] Port config_address[26] in module memstream is either unconnected or has no load
WARNING: [Synth 8-7129] Port config_address[25] in module memstream is either unconnected or has no load
WARNING: [Synth 8-7129] Port config_address[24] in module memstream is either unconnected or has no load
WARNING: [Synth 8-7129] Port config_address[23] in module memstream is either unconnected or has no load
WARNING: [Synth 8-7129] Port config_address[22] in module memstream is either unconnected or has no load
WARNING: [Synth 8-7129] Port config_address[21] in module memstream is either unconnected or has no load
WARNING: [Synth 8-7129] Port config_address[20] in module memstream is either unconnected or has no load
WARNING: [Synth 8-7129] Port config_address[19] in module memstream is either unconnected or has no load
WARNING: [Synth 8-7129] Port config_address[18] in module memstream is either unconnected or has no load
WARNING: [Synth 8-7129] Port config_address[17] in module memstream is either unconnected or has no load
WARNING: [Synth 8-7129] Port config_address[16] in module memstream is either unconnected or has no load
WARNING: [Synth 8-7129] Port config_address[15] in module memstream is either unconnected or has no load
WARNING: [Synth 8-7129] Port config_address[14] in module memstream is either unconnected or has no load
WARNING: [Synth 8-7129] Port awprot[2] in module axi4lite_if is either unconnected or has no load
WARNING: [Synth 8-7129] Port awprot[1] in module axi4lite_if is either unconnected or has no load
WARNING: [Synth 8-7129] Port awprot[0] in module axi4lite_if is either unconnected or has no load
WARNING: [Synth 8-7129] Port wstrb[3] in module axi4lite_if is either unconnected or has no load
WARNING: [Synth 8-7129] Port wstrb[2] in module axi4lite_if is either unconnected or has no load
WARNING: [Synth 8-7129] Port wstrb[1] in module axi4lite_if is either unconnected or has no load
WARNING: [Synth 8-7129] Port wstrb[0] in module axi4lite_if is either unconnected or has no load
WARNING: [Synth 8-7129] Port arprot[2] in module axi4lite_if is either unconnected or has no load
WARNING: [Synth 8-7129] Port arprot[1] in module axi4lite_if is either unconnected or has no load
WARNING: [Synth 8-7129] Port arprot[0] in module axi4lite_if is either unconnected or has no load
---------------------------------------------------------------------------------
Finished RTL Elaboration : Time (s): cpu = 00:00:09 ; elapsed = 00:00:10 . Memory (MB): peak = 2091.508 ; gain = 461.895 ; free physical = 275 ; free virtual = 2560
Synthesis current peak Physical Memory [PSS] (MB): peak = 1265.707; parent = 1120.635; children = 149.415
Synthesis current peak Virtual Memory [VSS] (MB): peak = 3044.004; parent = 2091.508; children = 952.496
---------------------------------------------------------------------------------
---------------------------------------------------------------------------------
Start Handling Custom Attributes
---------------------------------------------------------------------------------
---------------------------------------------------------------------------------
Finished Handling Custom Attributes : Time (s): cpu = 00:00:09 ; elapsed = 00:00:10 . Memory (MB): peak = 2097.445 ; gain = 467.832 ; free physical = 327 ; free virtual = 2612
Synthesis current peak Physical Memory [PSS] (MB): peak = 1265.707; parent = 1120.635; children = 149.415
Synthesis current peak Virtual Memory [VSS] (MB): peak = 3049.941; parent = 2097.445; children = 952.496
---------------------------------------------------------------------------------
---------------------------------------------------------------------------------
Finished RTL Optimization Phase 1 : Time (s): cpu = 00:00:09 ; elapsed = 00:00:10 . Memory (MB): peak = 2097.445 ; gain = 467.832 ; free physical = 366 ; free virtual = 2652
Synthesis current peak Physical Memory [PSS] (MB): peak = 1265.707; parent = 1120.635; children = 149.415
Synthesis current peak Virtual Memory [VSS] (MB): peak = 3049.941; parent = 2097.445; children = 952.496
---------------------------------------------------------------------------------
Netlist sorting complete. Time (s): cpu = 00:00:00.01 ; elapsed = 00:00:00.01 . Memory (MB): peak = 2097.445 ; gain = 0.000 ; free physical = 483 ; free virtual = 2769
INFO: [Project 1-570] Preparing netlist for logic optimization

Processing XDC Constraints
Initializing timing engine
Completed Processing XDC Constraints

Netlist sorting complete. Time (s): cpu = 00:00:00 ; elapsed = 00:00:00 . Memory (MB): peak = 2258.227 ; gain = 0.000 ; free physical = 412 ; free virtual = 2693
INFO: [Project 1-111] Unisim Transformation Summary:
No Unisim elements were transformed.

Constraint Validation Runtime : Time (s): cpu = 00:00:00.03 ; elapsed = 00:00:00.04 . Memory (MB): peak = 2258.227 ; gain = 0.000 ; free physical = 408 ; free virtual = 2689
INFO: [Designutils 20-5008] Incremental synthesis strategy off
INFO: [Synth 8-11241] undeclared symbol 'REGCCE', assumed default net type 'wire' [/tools/Xilinx/Vivado/2022.2/data/verilog/src/unimacro/BRAM_SINGLE_MACRO.v:2170]
---------------------------------------------------------------------------------
Finished Constraint Validation : Time (s): cpu = 00:00:17 ; elapsed = 00:00:19 . Memory (MB): peak = 2258.227 ; gain = 628.613 ; free physical = 1004 ; free virtual = 3282
Synthesis current peak Physical Memory [PSS] (MB): peak = 1265.707; parent = 1120.635; children = 154.493
Synthesis current peak Virtual Memory [VSS] (MB): peak = 3178.707; parent = 2226.211; children = 952.496
---------------------------------------------------------------------------------
---------------------------------------------------------------------------------
Start Loading Part and Timing Information
---------------------------------------------------------------------------------
Loading part: xc7z020clg400-1
---------------------------------------------------------------------------------
Finished Loading Part and Timing Information : Time (s): cpu = 00:00:17 ; elapsed = 00:00:19 . Memory (MB): peak = 2258.227 ; gain = 628.613 ; free physical = 994 ; free virtual = 3272
Synthesis current peak Physical Memory [PSS] (MB): peak = 1265.707; parent = 1120.635; children = 154.493
Synthesis current peak Virtual Memory [VSS] (MB): peak = 3178.707; parent = 2226.211; children = 952.496
---------------------------------------------------------------------------------
---------------------------------------------------------------------------------
Start Applying 'set_property' XDC Constraints
---------------------------------------------------------------------------------
---------------------------------------------------------------------------------
Finished applying 'set_property' XDC Constraints : Time (s): cpu = 00:00:17 ; elapsed = 00:00:19 . Memory (MB): peak = 2258.227 ; gain = 628.613 ; free physical = 978 ; free virtual = 3256
Synthesis current peak Physical Memory [PSS] (MB): peak = 1265.707; parent = 1120.635; children = 154.493
Synthesis current peak Virtual Memory [VSS] (MB): peak = 3178.707; parent = 2226.211; children = 952.496
---------------------------------------------------------------------------------
INFO: [Synth 8-802] inferred FSM for state register 'state_reg' in module 'axi4lite_if'
---------------------------------------------------------------------------------------------------
                   State |                     New Encoding |                Previous Encoding 
---------------------------------------------------------------------------------------------------
              STATE_IDLE |                               00 |                               00
             STATE_WRITE |                               01 |                               10
              STATE_READ |                               10 |                               01
---------------------------------------------------------------------------------------------------
INFO: [Synth 8-3354] encoded FSM with state register 'state_reg' using encoding 'sequential' in module 'axi4lite_if'
---------------------------------------------------------------------------------
Finished RTL Optimization Phase 2 : Time (s): cpu = 00:00:18 ; elapsed = 00:00:20 . Memory (MB): peak = 2258.227 ; gain = 628.613 ; free physical = 1079 ; free virtual = 3358
Synthesis current peak Physical Memory [PSS] (MB): peak = 1265.707; parent = 1120.635; children = 154.732
Synthesis current peak Virtual Memory [VSS] (MB): peak = 3178.707; parent = 2226.211; children = 952.496
---------------------------------------------------------------------------------
---------------------------------------------------------------------------------
Start RTL Component Statistics 
---------------------------------------------------------------------------------
Detailed RTL Component Info : 
+---Registers : 
	               64 Bit    Registers := 1     
	               32 Bit    Registers := 3     
	               17 Bit    Registers := 1     
	               14 Bit    Registers := 1     
	                2 Bit    Registers := 2     
	                1 Bit    Registers := 14    
+---RAMs : 
	             784K Bit	(12544 X 64 bit)          RAMs := 1     
+---Muxes : 
	   2 Input   32 Bit        Muxes := 1     
	   2 Input   17 Bit        Muxes := 1     
	   2 Input   14 Bit        Muxes := 2     
	   3 Input   12 Bit        Muxes := 1     
	   3 Input    2 Bit        Muxes := 1     
	   2 Input    2 Bit        Muxes := 1     
	   2 Input    1 Bit        Muxes := 10    
	   3 Input    1 Bit        Muxes := 1     
---------------------------------------------------------------------------------
Finished RTL Component Statistics 
---------------------------------------------------------------------------------
---------------------------------------------------------------------------------
Start Part Resource Summary
---------------------------------------------------------------------------------
Part Resources:
DSPs: 220 (col length:60)
BRAMs: 280 (col length: RAMB18 60 RAMB36 30)
---------------------------------------------------------------------------------
Finished Part Resource Summary
---------------------------------------------------------------------------------
---------------------------------------------------------------------------------
Start Cross Boundary and Area Optimization
---------------------------------------------------------------------------------
WARNING: [Synth 8-7080] Parallel synthesis criteria is not met
INFO: [Synth 8-3936] Found unconnected internal register 'inst/core/config_if/ip_addr_reg' and it is trimmed from '17' to '14' bits. [/home/andreea/proiect_finn/output_ip_hardware_cu_argmax/stitched_ip/finn_vivado_stitch_proj.gen/sources_1/bd/finn_design/ipshared/bcb1/hdl/axilite_if.v:153]
WARNING: [Synth 8-7129] Port awprot[2] in module finn_design_MVAU_hls_1_wstrm_0 is either unconnected or has no load
WARNING: [Synth 8-7129] Port awprot[1] in module finn_design_MVAU_hls_1_wstrm_0 is either unconnected or has no load
WARNING: [Synth 8-7129] Port awprot[0] in module finn_design_MVAU_hls_1_wstrm_0 is either unconnected or has no load
WARNING: [Synth 8-7129] Port awaddr[1] in module finn_design_MVAU_hls_1_wstrm_0 is either unconnected or has no load
WARNING: [Synth 8-7129] Port awaddr[0] in module finn_design_MVAU_hls_1_wstrm_0 is either unconnected or has no load
WARNING: [Synth 8-7129] Port wstrb[3] in module finn_design_MVAU_hls_1_wstrm_0 is either unconnected or has no load
WARNING: [Synth 8-7129] Port wstrb[2] in module finn_design_MVAU_hls_1_wstrm_0 is either unconnected or has no load
WARNING: [Synth 8-7129] Port wstrb[1] in module finn_design_MVAU_hls_1_wstrm_0 is either unconnected or has no load
WARNING: [Synth 8-7129] Port wstrb[0] in module finn_design_MVAU_hls_1_wstrm_0 is either unconnected or has no load
WARNING: [Synth 8-7129] Port arprot[2] in module finn_design_MVAU_hls_1_wstrm_0 is either unconnected or has no load
WARNING: [Synth 8-7129] Port arprot[1] in module finn_design_MVAU_hls_1_wstrm_0 is either unconnected or has no load
WARNING: [Synth 8-7129] Port arprot[0] in module finn_design_MVAU_hls_1_wstrm_0 is either unconnected or has no load
WARNING: [Synth 8-7129] Port araddr[1] in module finn_design_MVAU_hls_1_wstrm_0 is either unconnected or has no load
WARNING: [Synth 8-7129] Port araddr[0] in module finn_design_MVAU_hls_1_wstrm_0 is either unconnected or has no load
---------------------------------------------------------------------------------
Finished Cross Boundary and Area Optimization : Time (s): cpu = 00:00:19 ; elapsed = 00:00:21 . Memory (MB): peak = 2258.227 ; gain = 628.613 ; free physical = 973 ; free virtual = 3282
Synthesis current peak Physical Memory [PSS] (MB): peak = 1265.707; parent = 1120.635; children = 154.732
Synthesis current peak Virtual Memory [VSS] (MB): peak = 3178.707; parent = 2226.211; children = 952.496
---------------------------------------------------------------------------------
---------------------------------------------------------------------------------
Start ROM, RAM, DSP, Shift Register and Retiming Reporting
---------------------------------------------------------------------------------

Block RAM: Preliminary Mapping Report (see note below)
+-------------------------------+---------------------------------+------------------------+---+---+------------------------+---+---+------------------+--------+--------+
|Module Name                    | RTL Object                      | PORT A (Depth x Width) | W | R | PORT B (Depth x Width) | W | R | Ports driving FF | RAMB18 | RAMB36 | 
+-------------------------------+---------------------------------+------------------------+---+---+------------------------+---+---+------------------+--------+--------+
|finn_design_MVAU_hls_1_wstrm_0 | inst/core/mem/blkStage2.Mem_reg | 12 K x 64(READ_FIRST)  | W | R |                        |   |   | Port A           | 0      | 32     | 
+-------------------------------+---------------------------------+------------------------+---+---+------------------------+---+---+------------------+--------+--------+

Note: The table above is a preliminary report that shows the Block RAMs at the current stage of the synthesis flow. Some Block RAMs may be reimplemented as non Block RAM primitives later in the synthesis flow. Multiple instantiated Block RAMs are reported only once. 
---------------------------------------------------------------------------------
Finished ROM, RAM, DSP, Shift Register and Retiming Reporting
---------------------------------------------------------------------------------
---------------------------------------------------------------------------------
Start Applying XDC Timing Constraints
---------------------------------------------------------------------------------
---------------------------------------------------------------------------------
Finished Applying XDC Timing Constraints : Time (s): cpu = 00:00:26 ; elapsed = 00:00:29 . Memory (MB): peak = 2258.227 ; gain = 628.613 ; free physical = 2367 ; free virtual = 4657
Synthesis current peak Physical Memory [PSS] (MB): peak = 1442.200; parent = 1279.506; children = 162.694
Synthesis current peak Virtual Memory [VSS] (MB): peak = 3178.707; parent = 2226.211; children = 952.496
---------------------------------------------------------------------------------
---------------------------------------------------------------------------------
Start Timing Optimization
---------------------------------------------------------------------------------
---------------------------------------------------------------------------------
Finished Timing Optimization : Time (s): cpu = 00:00:26 ; elapsed = 00:00:29 . Memory (MB): peak = 2258.227 ; gain = 628.613 ; free physical = 2342 ; free virtual = 4631
Synthesis current peak Physical Memory [PSS] (MB): peak = 1443.253; parent = 1280.136; children = 163.117
Synthesis current peak Virtual Memory [VSS] (MB): peak = 3178.707; parent = 2226.211; children = 952.496
---------------------------------------------------------------------------------
---------------------------------------------------------------------------------
Start ROM, RAM, DSP, Shift Register and Retiming Reporting
---------------------------------------------------------------------------------

Block RAM: Final Mapping Report
+-------------------------------+---------------------------------+------------------------+---+---+------------------------+---+---+------------------+--------+--------+
|Module Name                    | RTL Object                      | PORT A (Depth x Width) | W | R | PORT B (Depth x Width) | W | R | Ports driving FF | RAMB18 | RAMB36 | 
+-------------------------------+---------------------------------+------------------------+---+---+------------------------+---+---+------------------+--------+--------+
|finn_design_MVAU_hls_1_wstrm_0 | inst/core/mem/blkStage2.Mem_reg | 12 K x 64(READ_FIRST)  | W | R |                        |   |   | Port A           | 0      | 32     | 
+-------------------------------+---------------------------------+------------------------+---+---+------------------------+---+---+------------------+--------+--------+

---------------------------------------------------------------------------------
Finished ROM, RAM, DSP, Shift Register and Retiming Reporting
---------------------------------------------------------------------------------
---------------------------------------------------------------------------------
Start Technology Mapping
---------------------------------------------------------------------------------
INFO: [Synth 8-7052] The timing for the instance inst/core/mem/blkStage2.Mem_reg_0 (implemented as a Block RAM) might be sub-optimal as no optional output register could be merged into the ram block. Providing additional output register may help in improving timing.
INFO: [Synth 8-7052] The timing for the instance inst/core/mem/blkStage2.Mem_reg_1 (implemented as a Block RAM) might be sub-optimal as no optional output register could be merged into the ram block. Providing additional output register may help in improving timing.
INFO: [Synth 8-7052] The timing for the instance inst/core/mem/blkStage2.Mem_reg_2 (implemented as a Block RAM) might be sub-optimal as no optional output register could be merged into the ram block. Providing additional output register may help in improving timing.
INFO: [Synth 8-7052] The timing for the instance inst/core/mem/blkStage2.Mem_reg_3 (implemented as a Block RAM) might be sub-optimal as no optional output register could be merged into the ram block. Providing additional output register may help in improving timing.
INFO: [Synth 8-7052] The timing for the instance inst/core/mem/blkStage2.Mem_reg_4 (implemented as a Block RAM) might be sub-optimal as no optional output register could be merged into the ram block. Providing additional output register may help in improving timing.
INFO: [Synth 8-7052] The timing for the instance inst/core/mem/blkStage2.Mem_reg_5 (implemented as a Block RAM) might be sub-optimal as no optional output register could be merged into the ram block. Providing additional output register may help in improving timing.
INFO: [Synth 8-7052] The timing for the instance inst/core/mem/blkStage2.Mem_reg_6 (implemented as a Block RAM) might be sub-optimal as no optional output register could be merged into the ram block. Providing additional output register may help in improving timing.
INFO: [Synth 8-7052] The timing for the instance inst/core/mem/blkStage2.Mem_reg_7 (implemented as a Block RAM) might be sub-optimal as no optional output register could be merged into the ram block. Providing additional output register may help in improving timing.
INFO: [Synth 8-7052] The timing for the instance inst/core/mem/blkStage2.Mem_reg_8 (implemented as a Block RAM) might be sub-optimal as no optional output register could be merged into the ram block. Providing additional output register may help in improving timing.
INFO: [Synth 8-7052] The timing for the instance inst/core/mem/blkStage2.Mem_reg_9 (implemented as a Block RAM) might be sub-optimal as no optional output register could be merged into the ram block. Providing additional output register may help in improving timing.
INFO: [Synth 8-7052] The timing for the instance inst/core/mem/blkStage2.Mem_reg_10 (implemented as a Block RAM) might be sub-optimal as no optional output register could be merged into the ram block. Providing additional output register may help in improving timing.
INFO: [Synth 8-7052] The timing for the instance inst/core/mem/blkStage2.Mem_reg_11 (implemented as a Block RAM) might be sub-optimal as no optional output register could be merged into the ram block. Providing additional output register may help in improving timing.
INFO: [Synth 8-7052] The timing for the instance inst/core/mem/blkStage2.Mem_reg_12 (implemented as a Block RAM) might be sub-optimal as no optional output register could be merged into the ram block. Providing additional output register may help in improving timing.
INFO: [Synth 8-7052] The timing for the instance inst/core/mem/blkStage2.Mem_reg_13 (implemented as a Block RAM) might be sub-optimal as no optional output register could be merged into the ram block. Providing additional output register may help in improving timing.
INFO: [Synth 8-7052] The timing for the instance inst/core/mem/blkStage2.Mem_reg_14 (implemented as a Block RAM) might be sub-optimal as no optional output register could be merged into the ram block. Providing additional output register may help in improving timing.
INFO: [Synth 8-7052] The timing for the instance inst/core/mem/blkStage2.Mem_reg_15 (implemented as a Block RAM) might be sub-optimal as no optional output register could be merged into the ram block. Providing additional output register may help in improving timing.
INFO: [Synth 8-7052] The timing for the instance inst/core/mem/blkStage2.Mem_reg_16 (implemented as a Block RAM) might be sub-optimal as no optional output register could be merged into the ram block. Providing additional output register may help in improving timing.
INFO: [Synth 8-7052] The timing for the instance inst/core/mem/blkStage2.Mem_reg_17 (implemented as a Block RAM) might be sub-optimal as no optional output register could be merged into the ram block. Providing additional output register may help in improving timing.
INFO: [Synth 8-7052] The timing for the instance inst/core/mem/blkStage2.Mem_reg_18 (implemented as a Block RAM) might be sub-optimal as no optional output register could be merged into the ram block. Providing additional output register may help in improving timing.
INFO: [Synth 8-7052] The timing for the instance inst/core/mem/blkStage2.Mem_reg_19 (implemented as a Block RAM) might be sub-optimal as no optional output register could be merged into the ram block. Providing additional output register may help in improving timing.
INFO: [Synth 8-7052] The timing for the instance inst/core/mem/blkStage2.Mem_reg_20 (implemented as a Block RAM) might be sub-optimal as no optional output register could be merged into the ram block. Providing additional output register may help in improving timing.
INFO: [Synth 8-7052] The timing for the instance inst/core/mem/blkStage2.Mem_reg_21 (implemented as a Block RAM) might be sub-optimal as no optional output register could be merged into the ram block. Providing additional output register may help in improving timing.
INFO: [Synth 8-7052] The timing for the instance inst/core/mem/blkStage2.Mem_reg_22 (implemented as a Block RAM) might be sub-optimal as no optional output register could be merged into the ram block. Providing additional output register may help in improving timing.
INFO: [Synth 8-7052] The timing for the instance inst/core/mem/blkStage2.Mem_reg_23 (implemented as a Block RAM) might be sub-optimal as no optional output register could be merged into the ram block. Providing additional output register may help in improving timing.
INFO: [Synth 8-7052] The timing for the instance inst/core/mem/blkStage2.Mem_reg_24 (implemented as a Block RAM) might be sub-optimal as no optional output register could be merged into the ram block. Providing additional output register may help in improving timing.
INFO: [Synth 8-7052] The timing for the instance inst/core/mem/blkStage2.Mem_reg_25 (implemented as a Block RAM) might be sub-optimal as no optional output register could be merged into the ram block. Providing additional output register may help in improving timing.
INFO: [Synth 8-7052] The timing for the instance inst/core/mem/blkStage2.Mem_reg_26 (implemented as a Block RAM) might be sub-optimal as no optional output register could be merged into the ram block. Providing additional output register may help in improving timing.
INFO: [Synth 8-7052] The timing for the instance inst/core/mem/blkStage2.Mem_reg_27 (implemented as a Block RAM) might be sub-optimal as no optional output register could be merged into the ram block. Providing additional output register may help in improving timing.
INFO: [Synth 8-7052] The timing for the instance inst/core/mem/blkStage2.Mem_reg_28 (implemented as a Block RAM) might be sub-optimal as no optional output register could be merged into the ram block. Providing additional output register may help in improving timing.
INFO: [Synth 8-7052] The timing for the instance inst/core/mem/blkStage2.Mem_reg_29 (implemented as a Block RAM) might be sub-optimal as no optional output register could be merged into the ram block. Providing additional output register may help in improving timing.
INFO: [Synth 8-7052] The timing for the instance inst/core/mem/blkStage2.Mem_reg_30 (implemented as a Block RAM) might be sub-optimal as no optional output register could be merged into the ram block. Providing additional output register may help in improving timing.
INFO: [Synth 8-7052] The timing for the instance inst/core/mem/blkStage2.Mem_reg_31 (implemented as a Block RAM) might be sub-optimal as no optional output register could be merged into the ram block. Providing additional output register may help in improving timing.
---------------------------------------------------------------------------------
Finished Technology Mapping : Time (s): cpu = 00:00:26 ; elapsed = 00:00:29 . Memory (MB): peak = 2258.227 ; gain = 628.613 ; free physical = 2555 ; free virtual = 4844
Synthesis current peak Physical Memory [PSS] (MB): peak = 1446.323; parent = 1282.806; children = 163.518
Synthesis current peak Virtual Memory [VSS] (MB): peak = 3178.707; parent = 2226.211; children = 952.496
---------------------------------------------------------------------------------
---------------------------------------------------------------------------------
Start IO Insertion
---------------------------------------------------------------------------------
---------------------------------------------------------------------------------
Start Flattening Before IO Insertion
---------------------------------------------------------------------------------
---------------------------------------------------------------------------------
Finished Flattening Before IO Insertion
---------------------------------------------------------------------------------
---------------------------------------------------------------------------------
Start Final Netlist Cleanup
---------------------------------------------------------------------------------
---------------------------------------------------------------------------------
Finished Final Netlist Cleanup
---------------------------------------------------------------------------------
---------------------------------------------------------------------------------
Finished IO Insertion : Time (s): cpu = 00:00:32 ; elapsed = 00:00:35 . Memory (MB): peak = 2258.227 ; gain = 628.613 ; free physical = 1690 ; free virtual = 3980
Synthesis current peak Physical Memory [PSS] (MB): peak = 1446.323; parent = 1282.806; children = 163.518
Synthesis current peak Virtual Memory [VSS] (MB): peak = 3178.707; parent = 2226.211; children = 952.496
---------------------------------------------------------------------------------
---------------------------------------------------------------------------------
Start Renaming Generated Instances
---------------------------------------------------------------------------------
---------------------------------------------------------------------------------
Finished Renaming Generated Instances : Time (s): cpu = 00:00:32 ; elapsed = 00:00:35 . Memory (MB): peak = 2258.227 ; gain = 628.613 ; free physical = 2000 ; free virtual = 4290
Synthesis current peak Physical Memory [PSS] (MB): peak = 1446.323; parent = 1282.806; children = 163.518
Synthesis current peak Virtual Memory [VSS] (MB): peak = 3178.707; parent = 2226.211; children = 952.496
---------------------------------------------------------------------------------
---------------------------------------------------------------------------------
Start Rebuilding User Hierarchy
---------------------------------------------------------------------------------
---------------------------------------------------------------------------------
Finished Rebuilding User Hierarchy : Time (s): cpu = 00:00:32 ; elapsed = 00:00:35 . Memory (MB): peak = 2258.227 ; gain = 628.613 ; free physical = 2077 ; free virtual = 4367
Synthesis current peak Physical Memory [PSS] (MB): peak = 1446.323; parent = 1282.806; children = 163.518
Synthesis current peak Virtual Memory [VSS] (MB): peak = 3178.707; parent = 2226.211; children = 952.496
---------------------------------------------------------------------------------
---------------------------------------------------------------------------------
Start Renaming Generated Ports
---------------------------------------------------------------------------------
---------------------------------------------------------------------------------
Finished Renaming Generated Ports : Time (s): cpu = 00:00:32 ; elapsed = 00:00:35 . Memory (MB): peak = 2258.227 ; gain = 628.613 ; free physical = 2263 ; free virtual = 4553
Synthesis current peak Physical Memory [PSS] (MB): peak = 1446.323; parent = 1282.806; children = 163.518
Synthesis current peak Virtual Memory [VSS] (MB): peak = 3178.707; parent = 2226.211; children = 952.496
---------------------------------------------------------------------------------
---------------------------------------------------------------------------------
Start Handling Custom Attributes
---------------------------------------------------------------------------------
---------------------------------------------------------------------------------
Finished Handling Custom Attributes : Time (s): cpu = 00:00:32 ; elapsed = 00:00:35 . Memory (MB): peak = 2258.227 ; gain = 628.613 ; free physical = 2263 ; free virtual = 4553
Synthesis current peak Physical Memory [PSS] (MB): peak = 1446.323; parent = 1282.806; children = 163.518
Synthesis current peak Virtual Memory [VSS] (MB): peak = 3178.707; parent = 2226.211; children = 952.496
---------------------------------------------------------------------------------
---------------------------------------------------------------------------------
Start Renaming Generated Nets
---------------------------------------------------------------------------------
---------------------------------------------------------------------------------
Finished Renaming Generated Nets : Time (s): cpu = 00:00:32 ; elapsed = 00:00:36 . Memory (MB): peak = 2258.227 ; gain = 628.613 ; free physical = 2256 ; free virtual = 4546
Synthesis current peak Physical Memory [PSS] (MB): peak = 1446.323; parent = 1282.806; children = 163.518
Synthesis current peak Virtual Memory [VSS] (MB): peak = 3178.707; parent = 2226.211; children = 952.496
---------------------------------------------------------------------------------
---------------------------------------------------------------------------------
Start Writing Synthesis Report
---------------------------------------------------------------------------------

Report BlackBoxes: 
+-+--------------+----------+
| |BlackBox name |Instances |
+-+--------------+----------+
+-+--------------+----------+

Report Cell Usage: 
+------+---------+------+
|      |Cell     |Count |
+------+---------+------+
|1     |CARRY4   |     4|
|2     |LUT1     |     3|
|3     |LUT2     |    34|
|4     |LUT3     |    17|
|5     |LUT4     |    70|
|6     |LUT5     |     8|
|7     |LUT6     |    52|
|8     |RAMB36E1 |    32|
|40    |FDCE     |    36|
|41    |FDRE     |   242|
+------+---------+------+
---------------------------------------------------------------------------------
Finished Writing Synthesis Report : Time (s): cpu = 00:00:32 ; elapsed = 00:00:36 . Memory (MB): peak = 2258.227 ; gain = 628.613 ; free physical = 2253 ; free virtual = 4543
Synthesis current peak Physical Memory [PSS] (MB): peak = 1446.323; parent = 1282.806; children = 163.518
Synthesis current peak Virtual Memory [VSS] (MB): peak = 3178.707; parent = 2226.211; children = 952.496
---------------------------------------------------------------------------------
Synthesis finished with 0 errors, 0 critical warnings and 15 warnings.
Synthesis Optimization Runtime : Time (s): cpu = 00:00:30 ; elapsed = 00:00:33 . Memory (MB): peak = 2258.227 ; gain = 467.832 ; free physical = 2264 ; free virtual = 4554
Synthesis Optimization Complete : Time (s): cpu = 00:00:32 ; elapsed = 00:00:36 . Memory (MB): peak = 2258.227 ; gain = 628.613 ; free physical = 2259 ; free virtual = 4549
INFO: [Project 1-571] Translating synthesized netlist
Netlist sorting complete. Time (s): cpu = 00:00:00.01 ; elapsed = 00:00:00.02 . Memory (MB): peak = 2258.227 ; gain = 0.000 ; free physical = 2326 ; free virtual = 4616
INFO: [Netlist 29-17] Analyzing 36 Unisim elements for replacement
INFO: [Netlist 29-28] Unisim Transformation completed in 0 CPU seconds
INFO: [Project 1-570] Preparing netlist for logic optimization
INFO: [Opt 31-138] Pushed 0 inverter(s) to 0 load pin(s).
Netlist sorting complete. Time (s): cpu = 00:00:00 ; elapsed = 00:00:00 . Memory (MB): peak = 2258.227 ; gain = 0.000 ; free physical = 2197 ; free virtual = 4522
INFO: [Project 1-111] Unisim Transformation Summary:
No Unisim elements were transformed.

Synth Design complete, checksum: a88170ae
INFO: [Common 17-83] Releasing license: Synthesis
86 Infos, 53 Warnings, 0 Critical Warnings and 0 Errors encountered.
synth_design completed successfully
synth_design: Time (s): cpu = 00:00:44 ; elapsed = 00:00:44 . Memory (MB): peak = 2258.227 ; gain = 938.238 ; free physical = 2403 ; free virtual = 4728
INFO: [Common 17-1381] The checkpoint '/home/andreea/proiect_finn/output_ip_hardware_cu_argmax/stitched_ip/finn_vivado_stitch_proj.runs/finn_design_MVAU_hls_1_wstrm_0_synth_1/finn_design_MVAU_hls_1_wstrm_0.dcp' has been generated.
INFO: [Coretcl 2-1648] Added synthesis output to IP cache for IP finn_design_MVAU_hls_1_wstrm_0, cache-ID = 625801b812d52e9b
INFO: [Coretcl 2-1174] Renamed 4 cell refs.
INFO: [Common 17-1381] The checkpoint '/home/andreea/proiect_finn/output_ip_hardware_cu_argmax/stitched_ip/finn_vivado_stitch_proj.runs/finn_design_MVAU_hls_1_wstrm_0_synth_1/finn_design_MVAU_hls_1_wstrm_0.dcp' has been generated.
INFO: [runtcl-4] Executing : report_utilization -file finn_design_MVAU_hls_1_wstrm_0_utilization_synth.rpt -pb finn_design_MVAU_hls_1_wstrm_0_utilization_synth.pb
INFO: [Common 17-206] Exiting Vivado at Thu Apr 16 23:07:26 2026...
