
*** Running vivado
    with args -log finn_design_inst_0_StreamingDataWidthConverter_rtl_2_0.vds -m64 -product Vivado -mode batch -messageDb vivado.pb -notrace -source finn_design_inst_0_StreamingDataWidthConverter_rtl_2_0.tcl


****** Vivado v2022.2 (64-bit)
  **** SW Build 3671981 on Fri Oct 14 04:59:54 MDT 2022
  **** IP Build 3669848 on Fri Oct 14 08:30:02 MDT 2022
    ** Copyright 1986-2022 Xilinx, Inc. All Rights Reserved.

source finn_design_inst_0_StreamingDataWidthConverter_rtl_2_0.tcl -notrace
INFO: [IP_Flow 19-234] Refreshing IP repositories
INFO: [IP_Flow 19-1700] Loaded user IP repository '/home/andreea/finn/finn-rtllib/memstream'.
INFO: [IP_Flow 19-1700] Loaded user IP repository '/tmp/finn_dev_andreea/code_gen_ipgen_StreamingFIFO_rtl_0_iemavooy'.
INFO: [IP_Flow 19-1700] Loaded user IP repository '/tmp/finn_dev_andreea/code_gen_ipgen_FMPadding_rtl_0_niewojjq'.
INFO: [IP_Flow 19-1700] Loaded user IP repository '/tmp/finn_dev_andreea/code_gen_ipgen_StreamingFIFO_rtl_1_q1hnvlgl'.
INFO: [IP_Flow 19-1700] Loaded user IP repository '/tmp/finn_dev_andreea/code_gen_ipgen_ConvolutionInputGenerator_rtl_0_h6a0h_ka'.
INFO: [IP_Flow 19-1700] Loaded user IP repository '/tmp/finn_dev_andreea/code_gen_ipgen_StreamingFIFO_rtl_2_sm1awxs6'.
INFO: [IP_Flow 19-1700] Loaded user IP repository '/tmp/finn_dev_andreea/code_gen_ipgen_StreamingDataWidthConverter_rtl_0_ij2l_izx'.
INFO: [IP_Flow 19-1700] Loaded user IP repository '/tmp/finn_dev_andreea/code_gen_ipgen_StreamingFIFO_rtl_3_pq1kvdfs'.
INFO: [IP_Flow 19-1700] Loaded user IP repository '/tmp/finn_dev_andreea/code_gen_ipgen_MVAU_hls_0_qjxm8vie/project_MVAU_hls_0/sol1/impl/ip'.
INFO: [IP_Flow 19-1700] Loaded user IP repository '/tmp/finn_dev_andreea/code_gen_ipgen_StreamingFIFO_rtl_4_olfwghyo'.
INFO: [IP_Flow 19-1700] Loaded user IP repository '/tmp/finn_dev_andreea/code_gen_ipgen_StreamingDataWidthConverter_rtl_1_5ontli_g'.
INFO: [IP_Flow 19-1700] Loaded user IP repository '/tmp/finn_dev_andreea/code_gen_ipgen_StreamingFIFO_rtl_5_1ywnmozb'.
INFO: [IP_Flow 19-1700] Loaded user IP repository '/tmp/finn_dev_andreea/code_gen_ipgen_StreamingMaxPool_hls_0_2w9930ha/project_StreamingMaxPool_hls_0/sol1/impl/ip'.
INFO: [IP_Flow 19-1700] Loaded user IP repository '/tmp/finn_dev_andreea/code_gen_ipgen_StreamingFIFO_rtl_6_lx3g0gm1'.
INFO: [IP_Flow 19-1700] Loaded user IP repository '/tmp/finn_dev_andreea/code_gen_ipgen_StreamingDataWidthConverter_rtl_2_3tifrhmh'.
INFO: [IP_Flow 19-1700] Loaded user IP repository '/tmp/finn_dev_andreea/code_gen_ipgen_StreamingFIFO_rtl_7_mh_mf3y9'.
INFO: [IP_Flow 19-1700] Loaded user IP repository '/tmp/finn_dev_andreea/code_gen_ipgen_MVAU_hls_1_d8atf5o9/project_MVAU_hls_1/sol1/impl/ip'.
INFO: [IP_Flow 19-1700] Loaded user IP repository '/tmp/finn_dev_andreea/code_gen_ipgen_StreamingFIFO_rtl_8_sbjreyx9'.
INFO: [IP_Flow 19-1700] Loaded user IP repository '/tmp/finn_dev_andreea/code_gen_ipgen_MVAU_rtl_0_cyd2g4ui'.
INFO: [IP_Flow 19-1700] Loaded user IP repository '/tmp/finn_dev_andreea/code_gen_ipgen_StreamingFIFO_rtl_9_h3n7iwd2'.
INFO: [IP_Flow 19-2313] Loaded Vivado IP repository '/tools/Xilinx/Vivado/2022.2/data/ip'.
INFO: [IP_Flow 19-6924] IPCACHE: Running cache check for IP inst: finn_design_inst_0_StreamingDataWidthConverter_rtl_2_0
Command: synth_design -top finn_design_inst_0_StreamingDataWidthConverter_rtl_2_0 -part xc7z020clg400-1 -incremental_mode off -mode out_of_context
Starting synth_design
Attempting to get a license for feature 'Synthesis' and/or device 'xc7z020'
INFO: [Common 17-349] Got license for feature 'Synthesis' and/or device 'xc7z020'
INFO: [Device 21-403] Loading part xc7z020clg400-1
INFO: [Synth 8-7079] Multithreading enabled for synth_design using a maximum of 4 processes.
INFO: [Synth 8-7078] Launching helper process for spawning children vivado processes
INFO: [Synth 8-7075] Helper process launched with PID 928004
INFO: [Synth 8-11241] undeclared symbol 'REGCCE', assumed default net type 'wire' [/tools/Xilinx/Vivado/2022.2/data/verilog/src/unimacro/BRAM_SINGLE_MACRO.v:2170]
WARNING: [Synth 8-9661] initial value of parameter 'IBITS' is omitted [/tmp/finn_dev_andreea/code_gen_ipgen_StreamingDataWidthConverter_rtl_2_3tifrhmh/dwc.sv:35]
WARNING: [Synth 8-9661] initial value of parameter 'OBITS' is omitted [/tmp/finn_dev_andreea/code_gen_ipgen_StreamingDataWidthConverter_rtl_2_3tifrhmh/dwc.sv:36]
WARNING: [Synth 8-9661] initial value of parameter 'IBITS' is omitted [/tmp/finn_dev_andreea/code_gen_ipgen_StreamingDataWidthConverter_rtl_2_3tifrhmh/dwc_axi.sv:35]
WARNING: [Synth 8-9661] initial value of parameter 'OBITS' is omitted [/tmp/finn_dev_andreea/code_gen_ipgen_StreamingDataWidthConverter_rtl_2_3tifrhmh/dwc_axi.sv:36]
---------------------------------------------------------------------------------
Starting RTL Elaboration : Time (s): cpu = 00:00:03 ; elapsed = 00:00:04 . Memory (MB): peak = 2002.348 ; gain = 371.738 ; free physical = 1379 ; free virtual = 4002
Synthesis current peak Physical Memory [PSS] (MB): peak = 1293.927; parent = 1142.007; children = 151.920
Synthesis current peak Virtual Memory [VSS] (MB): peak = 2977.590; parent = 2006.316; children = 971.273
---------------------------------------------------------------------------------
INFO: [Synth 8-6157] synthesizing module 'finn_design_inst_0_StreamingDataWidthConverter_rtl_2_0' [/home/andreea/proiect_finn/output_ip_hardware_cu_maimulteepoici/stitched_ip/finn_vivado_stitch_proj.gen/sources_1/bd/design_1/bd/finn_design_inst_0/ip/finn_design_inst_0_StreamingDataWidthConverter_rtl_2_0/synth/finn_design_inst_0_StreamingDataWidthConverter_rtl_2_0.v:53]
INFO: [Synth 8-6157] synthesizing module 'StreamingDataWidthConverter_rtl_2' [/tmp/finn_dev_andreea/code_gen_ipgen_StreamingDataWidthConverter_rtl_2_3tifrhmh/StreamingDataWidthConverter_rtl_2.v:32]
INFO: [Synth 8-6157] synthesizing module 'dwc_axi' [/tmp/finn_dev_andreea/code_gen_ipgen_StreamingDataWidthConverter_rtl_2_3tifrhmh/dwc_axi.sv:34]
INFO: [Synth 8-6157] synthesizing module 'dwc' [/tmp/finn_dev_andreea/code_gen_ipgen_StreamingDataWidthConverter_rtl_2_3tifrhmh/dwc.sv:34]
INFO: [Synth 8-6155] done synthesizing module 'dwc' (0#1) [/tmp/finn_dev_andreea/code_gen_ipgen_StreamingDataWidthConverter_rtl_2_3tifrhmh/dwc.sv:34]
INFO: [Synth 8-6155] done synthesizing module 'dwc_axi' (0#1) [/tmp/finn_dev_andreea/code_gen_ipgen_StreamingDataWidthConverter_rtl_2_3tifrhmh/dwc_axi.sv:34]
INFO: [Synth 8-6155] done synthesizing module 'StreamingDataWidthConverter_rtl_2' (0#1) [/tmp/finn_dev_andreea/code_gen_ipgen_StreamingDataWidthConverter_rtl_2_3tifrhmh/StreamingDataWidthConverter_rtl_2.v:32]
INFO: [Synth 8-6155] done synthesizing module 'finn_design_inst_0_StreamingDataWidthConverter_rtl_2_0' (0#1) [/home/andreea/proiect_finn/output_ip_hardware_cu_maimulteepoici/stitched_ip/finn_vivado_stitch_proj.gen/sources_1/bd/design_1/bd/finn_design_inst_0/ip/finn_design_inst_0_StreamingDataWidthConverter_rtl_2_0/synth/finn_design_inst_0_StreamingDataWidthConverter_rtl_2_0.v:53]
---------------------------------------------------------------------------------
Finished RTL Elaboration : Time (s): cpu = 00:00:04 ; elapsed = 00:00:05 . Memory (MB): peak = 2073.285 ; gain = 442.676 ; free physical = 1409 ; free virtual = 4031
Synthesis current peak Physical Memory [PSS] (MB): peak = 1293.927; parent = 1142.007; children = 151.920
Synthesis current peak Virtual Memory [VSS] (MB): peak = 3044.559; parent = 2073.285; children = 971.273
---------------------------------------------------------------------------------
---------------------------------------------------------------------------------
Start Handling Custom Attributes
---------------------------------------------------------------------------------
---------------------------------------------------------------------------------
Finished Handling Custom Attributes : Time (s): cpu = 00:00:05 ; elapsed = 00:00:05 . Memory (MB): peak = 2091.098 ; gain = 460.488 ; free physical = 1369 ; free virtual = 3991
Synthesis current peak Physical Memory [PSS] (MB): peak = 1293.927; parent = 1142.007; children = 151.920
Synthesis current peak Virtual Memory [VSS] (MB): peak = 3062.371; parent = 2091.098; children = 971.273
---------------------------------------------------------------------------------
---------------------------------------------------------------------------------
Finished RTL Optimization Phase 1 : Time (s): cpu = 00:00:05 ; elapsed = 00:00:05 . Memory (MB): peak = 2091.098 ; gain = 460.488 ; free physical = 1366 ; free virtual = 3988
Synthesis current peak Physical Memory [PSS] (MB): peak = 1293.927; parent = 1142.007; children = 151.920
Synthesis current peak Virtual Memory [VSS] (MB): peak = 3062.371; parent = 2091.098; children = 971.273
---------------------------------------------------------------------------------
Netlist sorting complete. Time (s): cpu = 00:00:00 ; elapsed = 00:00:00.01 . Memory (MB): peak = 2091.098 ; gain = 0.000 ; free physical = 1293 ; free virtual = 3916
INFO: [Project 1-570] Preparing netlist for logic optimization

Processing XDC Constraints
Initializing timing engine
Completed Processing XDC Constraints

Netlist sorting complete. Time (s): cpu = 00:00:00 ; elapsed = 00:00:00 . Memory (MB): peak = 2240.879 ; gain = 0.000 ; free physical = 1138 ; free virtual = 3760
INFO: [Project 1-111] Unisim Transformation Summary:
No Unisim elements were transformed.

Constraint Validation Runtime : Time (s): cpu = 00:00:00.02 ; elapsed = 00:00:00.01 . Memory (MB): peak = 2240.879 ; gain = 0.000 ; free physical = 1138 ; free virtual = 3760
INFO: [Designutils 20-5008] Incremental synthesis strategy off
INFO: [Synth 8-11241] undeclared symbol 'REGCCE', assumed default net type 'wire' [/tools/Xilinx/Vivado/2022.2/data/verilog/src/unimacro/BRAM_SINGLE_MACRO.v:2170]
---------------------------------------------------------------------------------
Finished Constraint Validation : Time (s): cpu = 00:00:10 ; elapsed = 00:00:11 . Memory (MB): peak = 2240.879 ; gain = 610.270 ; free physical = 1012 ; free virtual = 3640
Synthesis current peak Physical Memory [PSS] (MB): peak = 1297.277; parent = 1148.186; children = 151.920
Synthesis current peak Virtual Memory [VSS] (MB): peak = 3180.137; parent = 2208.863; children = 971.273
---------------------------------------------------------------------------------
---------------------------------------------------------------------------------
Start Loading Part and Timing Information
---------------------------------------------------------------------------------
Loading part: xc7z020clg400-1
---------------------------------------------------------------------------------
Finished Loading Part and Timing Information : Time (s): cpu = 00:00:10 ; elapsed = 00:00:11 . Memory (MB): peak = 2240.879 ; gain = 610.270 ; free physical = 1004 ; free virtual = 3632
Synthesis current peak Physical Memory [PSS] (MB): peak = 1297.277; parent = 1148.186; children = 151.920
Synthesis current peak Virtual Memory [VSS] (MB): peak = 3180.137; parent = 2208.863; children = 971.273
---------------------------------------------------------------------------------
---------------------------------------------------------------------------------
Start Applying 'set_property' XDC Constraints
---------------------------------------------------------------------------------
---------------------------------------------------------------------------------
Finished applying 'set_property' XDC Constraints : Time (s): cpu = 00:00:10 ; elapsed = 00:00:11 . Memory (MB): peak = 2240.879 ; gain = 610.270 ; free physical = 1002 ; free virtual = 3631
Synthesis current peak Physical Memory [PSS] (MB): peak = 1297.277; parent = 1148.186; children = 151.920
Synthesis current peak Virtual Memory [VSS] (MB): peak = 3180.137; parent = 2208.863; children = 971.273
---------------------------------------------------------------------------------
---------------------------------------------------------------------------------
Finished RTL Optimization Phase 2 : Time (s): cpu = 00:00:10 ; elapsed = 00:00:11 . Memory (MB): peak = 2240.879 ; gain = 610.270 ; free physical = 948 ; free virtual = 3577
Synthesis current peak Physical Memory [PSS] (MB): peak = 1297.277; parent = 1148.186; children = 151.920
Synthesis current peak Virtual Memory [VSS] (MB): peak = 3180.137; parent = 2208.863; children = 971.273
---------------------------------------------------------------------------------
---------------------------------------------------------------------------------
Start RTL Component Statistics 
---------------------------------------------------------------------------------
Detailed RTL Component Info : 
+---Adders : 
	   2 Input    2 Bit       Adders := 1     
+---Registers : 
	               64 Bit    Registers := 4     
	                2 Bit    Registers := 1     
	                1 Bit    Registers := 2     
+---Muxes : 
	   2 Input   64 Bit        Muxes := 3     
	   2 Input    2 Bit        Muxes := 1     
	   2 Input    1 Bit        Muxes := 1     
---------------------------------------------------------------------------------
Finished RTL Component Statistics 
---------------------------------------------------------------------------------
---------------------------------------------------------------------------------
Start Part Resource Summary
---------------------------------------------------------------------------------
Part Resources:
DSPs: 220 (col length:60)
BRAMs: 280 (col length: RAMB18 60 RAMB36 30)
---------------------------------------------------------------------------------
Finished Part Resource Summary
---------------------------------------------------------------------------------
---------------------------------------------------------------------------------
Start Cross Boundary and Area Optimization
---------------------------------------------------------------------------------
WARNING: [Synth 8-7080] Parallel synthesis criteria is not met
---------------------------------------------------------------------------------
Finished Cross Boundary and Area Optimization : Time (s): cpu = 00:00:11 ; elapsed = 00:00:12 . Memory (MB): peak = 2240.879 ; gain = 610.270 ; free physical = 824 ; free virtual = 3457
Synthesis current peak Physical Memory [PSS] (MB): peak = 1297.277; parent = 1148.186; children = 151.920
Synthesis current peak Virtual Memory [VSS] (MB): peak = 3180.137; parent = 2208.863; children = 971.273
---------------------------------------------------------------------------------
---------------------------------------------------------------------------------
Start Applying XDC Timing Constraints
---------------------------------------------------------------------------------
---------------------------------------------------------------------------------
Finished Applying XDC Timing Constraints : Time (s): cpu = 00:00:15 ; elapsed = 00:00:16 . Memory (MB): peak = 2240.879 ; gain = 610.270 ; free physical = 197 ; free virtual = 2830
Synthesis current peak Physical Memory [PSS] (MB): peak = 1357.483; parent = 1210.574; children = 151.920
Synthesis current peak Virtual Memory [VSS] (MB): peak = 3180.137; parent = 2208.863; children = 971.273
---------------------------------------------------------------------------------
---------------------------------------------------------------------------------
Start Timing Optimization
---------------------------------------------------------------------------------
---------------------------------------------------------------------------------
Finished Timing Optimization : Time (s): cpu = 00:00:15 ; elapsed = 00:00:16 . Memory (MB): peak = 2240.879 ; gain = 610.270 ; free physical = 192 ; free virtual = 2825
Synthesis current peak Physical Memory [PSS] (MB): peak = 1357.592; parent = 1210.683; children = 151.920
Synthesis current peak Virtual Memory [VSS] (MB): peak = 3180.137; parent = 2208.863; children = 971.273
---------------------------------------------------------------------------------
---------------------------------------------------------------------------------
Start Technology Mapping
---------------------------------------------------------------------------------
---------------------------------------------------------------------------------
Finished Technology Mapping : Time (s): cpu = 00:00:15 ; elapsed = 00:00:16 . Memory (MB): peak = 2240.879 ; gain = 610.270 ; free physical = 177 ; free virtual = 2810
Synthesis current peak Physical Memory [PSS] (MB): peak = 1358.741; parent = 1211.832; children = 151.920
Synthesis current peak Virtual Memory [VSS] (MB): peak = 3180.137; parent = 2208.863; children = 971.273
---------------------------------------------------------------------------------
---------------------------------------------------------------------------------
Start IO Insertion
---------------------------------------------------------------------------------
---------------------------------------------------------------------------------
Start Flattening Before IO Insertion
---------------------------------------------------------------------------------
---------------------------------------------------------------------------------
Finished Flattening Before IO Insertion
---------------------------------------------------------------------------------
---------------------------------------------------------------------------------
Start Final Netlist Cleanup
---------------------------------------------------------------------------------
---------------------------------------------------------------------------------
Finished Final Netlist Cleanup
---------------------------------------------------------------------------------
---------------------------------------------------------------------------------
Finished IO Insertion : Time (s): cpu = 00:00:18 ; elapsed = 00:00:20 . Memory (MB): peak = 2240.879 ; gain = 610.270 ; free physical = 485 ; free virtual = 2980
Synthesis current peak Physical Memory [PSS] (MB): peak = 1372.912; parent = 1218.775; children = 154.137
Synthesis current peak Virtual Memory [VSS] (MB): peak = 3180.137; parent = 2208.863; children = 971.273
---------------------------------------------------------------------------------
---------------------------------------------------------------------------------
Start Renaming Generated Instances
---------------------------------------------------------------------------------
---------------------------------------------------------------------------------
Finished Renaming Generated Instances : Time (s): cpu = 00:00:18 ; elapsed = 00:00:20 . Memory (MB): peak = 2240.879 ; gain = 610.270 ; free physical = 473 ; free virtual = 2969
Synthesis current peak Physical Memory [PSS] (MB): peak = 1372.928; parent = 1218.791; children = 154.137
Synthesis current peak Virtual Memory [VSS] (MB): peak = 3180.137; parent = 2208.863; children = 971.273
---------------------------------------------------------------------------------
---------------------------------------------------------------------------------
Start Rebuilding User Hierarchy
---------------------------------------------------------------------------------
---------------------------------------------------------------------------------
Finished Rebuilding User Hierarchy : Time (s): cpu = 00:00:18 ; elapsed = 00:00:20 . Memory (MB): peak = 2240.879 ; gain = 610.270 ; free physical = 449 ; free virtual = 2946
Synthesis current peak Physical Memory [PSS] (MB): peak = 1373.036; parent = 1218.899; children = 154.137
Synthesis current peak Virtual Memory [VSS] (MB): peak = 3180.137; parent = 2208.863; children = 971.273
---------------------------------------------------------------------------------
---------------------------------------------------------------------------------
Start Renaming Generated Ports
---------------------------------------------------------------------------------
---------------------------------------------------------------------------------
Finished Renaming Generated Ports : Time (s): cpu = 00:00:18 ; elapsed = 00:00:20 . Memory (MB): peak = 2240.879 ; gain = 610.270 ; free physical = 429 ; free virtual = 2927
Synthesis current peak Physical Memory [PSS] (MB): peak = 1373.057; parent = 1218.920; children = 154.137
Synthesis current peak Virtual Memory [VSS] (MB): peak = 3180.137; parent = 2208.863; children = 971.273
---------------------------------------------------------------------------------
---------------------------------------------------------------------------------
Start Handling Custom Attributes
---------------------------------------------------------------------------------
---------------------------------------------------------------------------------
Finished Handling Custom Attributes : Time (s): cpu = 00:00:18 ; elapsed = 00:00:20 . Memory (MB): peak = 2240.879 ; gain = 610.270 ; free physical = 414 ; free virtual = 2914
Synthesis current peak Physical Memory [PSS] (MB): peak = 1373.057; parent = 1218.920; children = 154.137
Synthesis current peak Virtual Memory [VSS] (MB): peak = 3180.137; parent = 2208.863; children = 971.273
---------------------------------------------------------------------------------
---------------------------------------------------------------------------------
Start Renaming Generated Nets
---------------------------------------------------------------------------------
---------------------------------------------------------------------------------
Finished Renaming Generated Nets : Time (s): cpu = 00:00:18 ; elapsed = 00:00:20 . Memory (MB): peak = 2240.879 ; gain = 610.270 ; free physical = 401 ; free virtual = 2901
Synthesis current peak Physical Memory [PSS] (MB): peak = 1373.076; parent = 1218.939; children = 154.137
Synthesis current peak Virtual Memory [VSS] (MB): peak = 3180.137; parent = 2208.863; children = 971.273
---------------------------------------------------------------------------------
---------------------------------------------------------------------------------
Start Writing Synthesis Report
---------------------------------------------------------------------------------

Report BlackBoxes: 
+-+--------------+----------+
| |BlackBox name |Instances |
+-+--------------+----------+
+-+--------------+----------+

Report Cell Usage: 
+------+-----+------+
|      |Cell |Count |
+------+-----+------+
|1     |LUT1 |     1|
|2     |LUT2 |     2|
|3     |LUT3 |   129|
|4     |LUT4 |     1|
|5     |LUT5 |     2|
|6     |FDRE |   258|
|7     |FDSE |     2|
+------+-----+------+
---------------------------------------------------------------------------------
Finished Writing Synthesis Report : Time (s): cpu = 00:00:18 ; elapsed = 00:00:20 . Memory (MB): peak = 2240.879 ; gain = 610.270 ; free physical = 392 ; free virtual = 2892
Synthesis current peak Physical Memory [PSS] (MB): peak = 1373.115; parent = 1218.979; children = 154.137
Synthesis current peak Virtual Memory [VSS] (MB): peak = 3180.137; parent = 2208.863; children = 971.273
---------------------------------------------------------------------------------
Synthesis finished with 0 errors, 0 critical warnings and 1 warnings.
Synthesis Optimization Runtime : Time (s): cpu = 00:00:17 ; elapsed = 00:00:19 . Memory (MB): peak = 2240.879 ; gain = 460.488 ; free physical = 417 ; free virtual = 2914
Synthesis Optimization Complete : Time (s): cpu = 00:00:19 ; elapsed = 00:00:20 . Memory (MB): peak = 2240.879 ; gain = 610.270 ; free physical = 405 ; free virtual = 2902
INFO: [Project 1-571] Translating synthesized netlist
Netlist sorting complete. Time (s): cpu = 00:00:00.01 ; elapsed = 00:00:00 . Memory (MB): peak = 2240.879 ; gain = 0.000 ; free physical = 626 ; free virtual = 3124
INFO: [Project 1-570] Preparing netlist for logic optimization
INFO: [Opt 31-138] Pushed 0 inverter(s) to 0 load pin(s).
Netlist sorting complete. Time (s): cpu = 00:00:00 ; elapsed = 00:00:00 . Memory (MB): peak = 2240.879 ; gain = 0.000 ; free physical = 826 ; free virtual = 3321
INFO: [Project 1-111] Unisim Transformation Summary:
No Unisim elements were transformed.

Synth Design complete, checksum: 932ddd19
INFO: [Common 17-83] Releasing license: Synthesis
46 Infos, 5 Warnings, 0 Critical Warnings and 0 Errors encountered.
synth_design completed successfully
synth_design: Time (s): cpu = 00:00:25 ; elapsed = 00:00:24 . Memory (MB): peak = 2240.879 ; gain = 917.926 ; free physical = 1042 ; free virtual = 3535
INFO: [Common 17-1381] The checkpoint '/home/andreea/proiect_finn/output_ip_hardware_cu_maimulteepoici/stitched_ip/finn_vivado_stitch_proj.runs/finn_design_inst_0_StreamingDataWidthConverter_rtl_2_0_synth_1/finn_design_inst_0_StreamingDataWidthConverter_rtl_2_0.dcp' has been generated.
INFO: [Coretcl 2-1648] Added synthesis output to IP cache for IP finn_design_inst_0_StreamingDataWidthConverter_rtl_2_0, cache-ID = a5ecd3731b59f0e6
INFO: [Coretcl 2-1174] Renamed 3 cell refs.
INFO: [Common 17-1381] The checkpoint '/home/andreea/proiect_finn/output_ip_hardware_cu_maimulteepoici/stitched_ip/finn_vivado_stitch_proj.runs/finn_design_inst_0_StreamingDataWidthConverter_rtl_2_0_synth_1/finn_design_inst_0_StreamingDataWidthConverter_rtl_2_0.dcp' has been generated.
INFO: [runtcl-4] Executing : report_utilization -file finn_design_inst_0_StreamingDataWidthConverter_rtl_2_0_utilization_synth.rpt -pb finn_design_inst_0_StreamingDataWidthConverter_rtl_2_0_utilization_synth.pb
INFO: [Common 17-206] Exiting Vivado at Sun Apr 19 14:06:53 2026...
