
*** Running vivado
    with args -log finn_design_inst_0_StreamingDataWidthConverter_rtl_0_0.vds -m64 -product Vivado -mode batch -messageDb vivado.pb -notrace -source finn_design_inst_0_StreamingDataWidthConverter_rtl_0_0.tcl


****** Vivado v2022.2 (64-bit)
  **** SW Build 3671981 on Fri Oct 14 04:59:54 MDT 2022
  **** IP Build 3669848 on Fri Oct 14 08:30:02 MDT 2022
    ** Copyright 1986-2022 Xilinx, Inc. All Rights Reserved.

source finn_design_inst_0_StreamingDataWidthConverter_rtl_0_0.tcl -notrace
INFO: [IP_Flow 19-234] Refreshing IP repositories
INFO: [IP_Flow 19-1700] Loaded user IP repository '/home/andreea/finn/finn-rtllib/memstream'.
INFO: [IP_Flow 19-1700] Loaded user IP repository '/tmp/finn_dev_andreea/code_gen_ipgen_StreamingFIFO_rtl_0_iemavooy'.
INFO: [IP_Flow 19-1700] Loaded user IP repository '/tmp/finn_dev_andreea/code_gen_ipgen_FMPadding_rtl_0_niewojjq'.
INFO: [IP_Flow 19-1700] Loaded user IP repository '/tmp/finn_dev_andreea/code_gen_ipgen_StreamingFIFO_rtl_1_q1hnvlgl'.
INFO: [IP_Flow 19-1700] Loaded user IP repository '/tmp/finn_dev_andreea/code_gen_ipgen_ConvolutionInputGenerator_rtl_0_h6a0h_ka'.
INFO: [IP_Flow 19-1700] Loaded user IP repository '/tmp/finn_dev_andreea/code_gen_ipgen_StreamingFIFO_rtl_2_sm1awxs6'.
INFO: [IP_Flow 19-1700] Loaded user IP repository '/tmp/finn_dev_andreea/code_gen_ipgen_StreamingDataWidthConverter_rtl_0_ij2l_izx'.
INFO: [IP_Flow 19-1700] Loaded user IP repository '/tmp/finn_dev_andreea/code_gen_ipgen_StreamingFIFO_rtl_3_pq1kvdfs'.
INFO: [IP_Flow 19-1700] Loaded user IP repository '/tmp/finn_dev_andreea/code_gen_ipgen_MVAU_hls_0_qjxm8vie/project_MVAU_hls_0/sol1/impl/ip'.
INFO: [IP_Flow 19-1700] Loaded user IP repository '/tmp/finn_dev_andreea/code_gen_ipgen_StreamingFIFO_rtl_4_olfwghyo'.
INFO: [IP_Flow 19-1700] Loaded user IP repository '/tmp/finn_dev_andreea/code_gen_ipgen_StreamingDataWidthConverter_rtl_1_5ontli_g'.
INFO: [IP_Flow 19-1700] Loaded user IP repository '/tmp/finn_dev_andreea/code_gen_ipgen_StreamingFIFO_rtl_5_1ywnmozb'.
INFO: [IP_Flow 19-1700] Loaded user IP repository '/tmp/finn_dev_andreea/code_gen_ipgen_StreamingMaxPool_hls_0_2w9930ha/project_StreamingMaxPool_hls_0/sol1/impl/ip'.
INFO: [IP_Flow 19-1700] Loaded user IP repository '/tmp/finn_dev_andreea/code_gen_ipgen_StreamingFIFO_rtl_6_lx3g0gm1'.
INFO: [IP_Flow 19-1700] Loaded user IP repository '/tmp/finn_dev_andreea/code_gen_ipgen_StreamingDataWidthConverter_rtl_2_3tifrhmh'.
INFO: [IP_Flow 19-1700] Loaded user IP repository '/tmp/finn_dev_andreea/code_gen_ipgen_StreamingFIFO_rtl_7_mh_mf3y9'.
INFO: [IP_Flow 19-1700] Loaded user IP repository '/tmp/finn_dev_andreea/code_gen_ipgen_MVAU_hls_1_d8atf5o9/project_MVAU_hls_1/sol1/impl/ip'.
INFO: [IP_Flow 19-1700] Loaded user IP repository '/tmp/finn_dev_andreea/code_gen_ipgen_StreamingFIFO_rtl_8_sbjreyx9'.
INFO: [IP_Flow 19-1700] Loaded user IP repository '/tmp/finn_dev_andreea/code_gen_ipgen_MVAU_rtl_0_cyd2g4ui'.
INFO: [IP_Flow 19-1700] Loaded user IP repository '/tmp/finn_dev_andreea/code_gen_ipgen_StreamingFIFO_rtl_9_h3n7iwd2'.
INFO: [IP_Flow 19-2313] Loaded Vivado IP repository '/tools/Xilinx/Vivado/2022.2/data/ip'.
INFO: [IP_Flow 19-6924] IPCACHE: Running cache check for IP inst: finn_design_inst_0_StreamingDataWidthConverter_rtl_0_0
Command: synth_design -top finn_design_inst_0_StreamingDataWidthConverter_rtl_0_0 -part xc7z020clg400-1 -incremental_mode off -mode out_of_context
Starting synth_design
Attempting to get a license for feature 'Synthesis' and/or device 'xc7z020'
INFO: [Common 17-349] Got license for feature 'Synthesis' and/or device 'xc7z020'
INFO: [Device 21-403] Loading part xc7z020clg400-1
INFO: [Synth 8-7079] Multithreading enabled for synth_design using a maximum of 4 processes.
INFO: [Synth 8-7078] Launching helper process for spawning children vivado processes
INFO: [Synth 8-7075] Helper process launched with PID 925389
INFO: [Synth 8-11241] undeclared symbol 'REGCCE', assumed default net type 'wire' [/tools/Xilinx/Vivado/2022.2/data/verilog/src/unimacro/BRAM_SINGLE_MACRO.v:2170]
WARNING: [Synth 8-9661] initial value of parameter 'IBITS' is omitted [/tmp/finn_dev_andreea/code_gen_ipgen_StreamingDataWidthConverter_rtl_2_3tifrhmh/dwc.sv:35]
WARNING: [Synth 8-9661] initial value of parameter 'OBITS' is omitted [/tmp/finn_dev_andreea/code_gen_ipgen_StreamingDataWidthConverter_rtl_2_3tifrhmh/dwc.sv:36]
WARNING: [Synth 8-9661] initial value of parameter 'IBITS' is omitted [/tmp/finn_dev_andreea/code_gen_ipgen_StreamingDataWidthConverter_rtl_2_3tifrhmh/dwc_axi.sv:35]
WARNING: [Synth 8-9661] initial value of parameter 'OBITS' is omitted [/tmp/finn_dev_andreea/code_gen_ipgen_StreamingDataWidthConverter_rtl_2_3tifrhmh/dwc_axi.sv:36]
---------------------------------------------------------------------------------
Starting RTL Elaboration : Time (s): cpu = 00:00:03 ; elapsed = 00:00:03 . Memory (MB): peak = 2002.352 ; gain = 371.738 ; free physical = 1614 ; free virtual = 4210
Synthesis current peak Physical Memory [PSS] (MB): peak = 1314.277; parent = 1153.127; children = 161.150
Synthesis current peak Virtual Memory [VSS] (MB): peak = 2977.598; parent = 2006.320; children = 971.277
---------------------------------------------------------------------------------
INFO: [Synth 8-6157] synthesizing module 'finn_design_inst_0_StreamingDataWidthConverter_rtl_0_0' [/home/andreea/proiect_finn/output_ip_hardware_cu_maimulteepoici/stitched_ip/finn_vivado_stitch_proj.gen/sources_1/bd/design_1/bd/finn_design_inst_0/ip/finn_design_inst_0_StreamingDataWidthConverter_rtl_0_0/synth/finn_design_inst_0_StreamingDataWidthConverter_rtl_0_0.v:53]
INFO: [Synth 8-6157] synthesizing module 'StreamingDataWidthConverter_rtl_0' [/tmp/finn_dev_andreea/code_gen_ipgen_StreamingDataWidthConverter_rtl_0_ij2l_izx/StreamingDataWidthConverter_rtl_0.v:32]
INFO: [Synth 8-6157] synthesizing module 'dwc_axi' [/tmp/finn_dev_andreea/code_gen_ipgen_StreamingDataWidthConverter_rtl_2_3tifrhmh/dwc_axi.sv:34]
INFO: [Synth 8-6157] synthesizing module 'dwc' [/tmp/finn_dev_andreea/code_gen_ipgen_StreamingDataWidthConverter_rtl_2_3tifrhmh/dwc.sv:34]
INFO: [Synth 8-6155] done synthesizing module 'dwc' (0#1) [/tmp/finn_dev_andreea/code_gen_ipgen_StreamingDataWidthConverter_rtl_2_3tifrhmh/dwc.sv:34]
INFO: [Synth 8-6155] done synthesizing module 'dwc_axi' (0#1) [/tmp/finn_dev_andreea/code_gen_ipgen_StreamingDataWidthConverter_rtl_2_3tifrhmh/dwc_axi.sv:34]
INFO: [Synth 8-6155] done synthesizing module 'StreamingDataWidthConverter_rtl_0' (0#1) [/tmp/finn_dev_andreea/code_gen_ipgen_StreamingDataWidthConverter_rtl_0_ij2l_izx/StreamingDataWidthConverter_rtl_0.v:32]
INFO: [Synth 8-6155] done synthesizing module 'finn_design_inst_0_StreamingDataWidthConverter_rtl_0_0' (0#1) [/home/andreea/proiect_finn/output_ip_hardware_cu_maimulteepoici/stitched_ip/finn_vivado_stitch_proj.gen/sources_1/bd/design_1/bd/finn_design_inst_0/ip/finn_design_inst_0_StreamingDataWidthConverter_rtl_0_0/synth/finn_design_inst_0_StreamingDataWidthConverter_rtl_0_0.v:53]
---------------------------------------------------------------------------------
Finished RTL Elaboration : Time (s): cpu = 00:00:04 ; elapsed = 00:00:04 . Memory (MB): peak = 2073.289 ; gain = 442.676 ; free physical = 1636 ; free virtual = 4233
Synthesis current peak Physical Memory [PSS] (MB): peak = 1314.277; parent = 1153.127; children = 161.150
Synthesis current peak Virtual Memory [VSS] (MB): peak = 3044.566; parent = 2073.289; children = 971.277
---------------------------------------------------------------------------------
---------------------------------------------------------------------------------
Start Handling Custom Attributes
---------------------------------------------------------------------------------
---------------------------------------------------------------------------------
Finished Handling Custom Attributes : Time (s): cpu = 00:00:04 ; elapsed = 00:00:04 . Memory (MB): peak = 2091.102 ; gain = 460.488 ; free physical = 1633 ; free virtual = 4229
Synthesis current peak Physical Memory [PSS] (MB): peak = 1314.277; parent = 1153.127; children = 161.150
Synthesis current peak Virtual Memory [VSS] (MB): peak = 3062.379; parent = 2091.102; children = 971.277
---------------------------------------------------------------------------------
---------------------------------------------------------------------------------
Finished RTL Optimization Phase 1 : Time (s): cpu = 00:00:04 ; elapsed = 00:00:04 . Memory (MB): peak = 2091.102 ; gain = 460.488 ; free physical = 1629 ; free virtual = 4226
Synthesis current peak Physical Memory [PSS] (MB): peak = 1314.277; parent = 1153.127; children = 161.150
Synthesis current peak Virtual Memory [VSS] (MB): peak = 3062.379; parent = 2091.102; children = 971.277
---------------------------------------------------------------------------------
Netlist sorting complete. Time (s): cpu = 00:00:00 ; elapsed = 00:00:00 . Memory (MB): peak = 2091.102 ; gain = 0.000 ; free physical = 1621 ; free virtual = 4218
INFO: [Project 1-570] Preparing netlist for logic optimization

Processing XDC Constraints
Initializing timing engine
Completed Processing XDC Constraints

Netlist sorting complete. Time (s): cpu = 00:00:00 ; elapsed = 00:00:00 . Memory (MB): peak = 2245.852 ; gain = 0.000 ; free physical = 1502 ; free virtual = 4099
INFO: [Project 1-111] Unisim Transformation Summary:
No Unisim elements were transformed.

Constraint Validation Runtime : Time (s): cpu = 00:00:00.01 ; elapsed = 00:00:00.02 . Memory (MB): peak = 2245.852 ; gain = 0.000 ; free physical = 1501 ; free virtual = 4098
INFO: [Designutils 20-5008] Incremental synthesis strategy off
INFO: [Synth 8-11241] undeclared symbol 'REGCCE', assumed default net type 'wire' [/tools/Xilinx/Vivado/2022.2/data/verilog/src/unimacro/BRAM_SINGLE_MACRO.v:2170]
---------------------------------------------------------------------------------
Finished Constraint Validation : Time (s): cpu = 00:00:09 ; elapsed = 00:00:09 . Memory (MB): peak = 2245.852 ; gain = 615.238 ; free physical = 2165 ; free virtual = 4762
Synthesis current peak Physical Memory [PSS] (MB): peak = 1314.277; parent = 1153.127; children = 161.150
Synthesis current peak Virtual Memory [VSS] (MB): peak = 3185.113; parent = 2213.836; children = 971.277
---------------------------------------------------------------------------------
---------------------------------------------------------------------------------
Start Loading Part and Timing Information
---------------------------------------------------------------------------------
Loading part: xc7z020clg400-1
---------------------------------------------------------------------------------
Finished Loading Part and Timing Information : Time (s): cpu = 00:00:09 ; elapsed = 00:00:09 . Memory (MB): peak = 2245.852 ; gain = 615.238 ; free physical = 2162 ; free virtual = 4759
Synthesis current peak Physical Memory [PSS] (MB): peak = 1314.277; parent = 1153.127; children = 161.150
Synthesis current peak Virtual Memory [VSS] (MB): peak = 3185.113; parent = 2213.836; children = 971.277
---------------------------------------------------------------------------------
---------------------------------------------------------------------------------
Start Applying 'set_property' XDC Constraints
---------------------------------------------------------------------------------
---------------------------------------------------------------------------------
Finished applying 'set_property' XDC Constraints : Time (s): cpu = 00:00:09 ; elapsed = 00:00:10 . Memory (MB): peak = 2245.852 ; gain = 615.238 ; free physical = 2162 ; free virtual = 4758
Synthesis current peak Physical Memory [PSS] (MB): peak = 1314.277; parent = 1153.127; children = 161.150
Synthesis current peak Virtual Memory [VSS] (MB): peak = 3185.113; parent = 2213.836; children = 971.277
---------------------------------------------------------------------------------
---------------------------------------------------------------------------------
Finished RTL Optimization Phase 2 : Time (s): cpu = 00:00:09 ; elapsed = 00:00:10 . Memory (MB): peak = 2245.852 ; gain = 615.238 ; free physical = 2145 ; free virtual = 4743
Synthesis current peak Physical Memory [PSS] (MB): peak = 1314.277; parent = 1153.127; children = 161.150
Synthesis current peak Virtual Memory [VSS] (MB): peak = 3185.113; parent = 2213.836; children = 971.277
---------------------------------------------------------------------------------
---------------------------------------------------------------------------------
Start RTL Component Statistics 
---------------------------------------------------------------------------------
Detailed RTL Component Info : 
+---Adders : 
	   2 Input    3 Bit       Adders := 1     
+---Registers : 
	                8 Bit    Registers := 4     
	                3 Bit    Registers := 1     
	                1 Bit    Registers := 1     
+---Muxes : 
	   2 Input    8 Bit        Muxes := 2     
	   2 Input    3 Bit        Muxes := 1     
---------------------------------------------------------------------------------
Finished RTL Component Statistics 
---------------------------------------------------------------------------------
---------------------------------------------------------------------------------
Start Part Resource Summary
---------------------------------------------------------------------------------
Part Resources:
DSPs: 220 (col length:60)
BRAMs: 280 (col length: RAMB18 60 RAMB36 30)
---------------------------------------------------------------------------------
Finished Part Resource Summary
---------------------------------------------------------------------------------
---------------------------------------------------------------------------------
Start Cross Boundary and Area Optimization
---------------------------------------------------------------------------------
WARNING: [Synth 8-7080] Parallel synthesis criteria is not met
---------------------------------------------------------------------------------
Finished Cross Boundary and Area Optimization : Time (s): cpu = 00:00:10 ; elapsed = 00:00:11 . Memory (MB): peak = 2245.852 ; gain = 615.238 ; free physical = 2251 ; free virtual = 4852
Synthesis current peak Physical Memory [PSS] (MB): peak = 1314.277; parent = 1153.127; children = 166.017
Synthesis current peak Virtual Memory [VSS] (MB): peak = 3185.113; parent = 2213.836; children = 971.277
---------------------------------------------------------------------------------
---------------------------------------------------------------------------------
Start Applying XDC Timing Constraints
---------------------------------------------------------------------------------
---------------------------------------------------------------------------------
Finished Applying XDC Timing Constraints : Time (s): cpu = 00:00:13 ; elapsed = 00:00:15 . Memory (MB): peak = 2245.852 ; gain = 615.238 ; free physical = 1816 ; free virtual = 4412
Synthesis current peak Physical Memory [PSS] (MB): peak = 1387.989; parent = 1226.301; children = 166.017
Synthesis current peak Virtual Memory [VSS] (MB): peak = 3185.113; parent = 2213.836; children = 971.277
---------------------------------------------------------------------------------
---------------------------------------------------------------------------------
Start Timing Optimization
---------------------------------------------------------------------------------
---------------------------------------------------------------------------------
Finished Timing Optimization : Time (s): cpu = 00:00:13 ; elapsed = 00:00:15 . Memory (MB): peak = 2245.852 ; gain = 615.238 ; free physical = 1808 ; free virtual = 4405
Synthesis current peak Physical Memory [PSS] (MB): peak = 1388.067; parent = 1226.379; children = 166.017
Synthesis current peak Virtual Memory [VSS] (MB): peak = 3185.113; parent = 2213.836; children = 971.277
---------------------------------------------------------------------------------
---------------------------------------------------------------------------------
Start Technology Mapping
---------------------------------------------------------------------------------
---------------------------------------------------------------------------------
Finished Technology Mapping : Time (s): cpu = 00:00:13 ; elapsed = 00:00:15 . Memory (MB): peak = 2245.852 ; gain = 615.238 ; free physical = 1794 ; free virtual = 4391
Synthesis current peak Physical Memory [PSS] (MB): peak = 1388.286; parent = 1226.598; children = 166.017
Synthesis current peak Virtual Memory [VSS] (MB): peak = 3185.113; parent = 2213.836; children = 971.277
---------------------------------------------------------------------------------
---------------------------------------------------------------------------------
Start IO Insertion
---------------------------------------------------------------------------------
---------------------------------------------------------------------------------
Start Flattening Before IO Insertion
---------------------------------------------------------------------------------
---------------------------------------------------------------------------------
Finished Flattening Before IO Insertion
---------------------------------------------------------------------------------
---------------------------------------------------------------------------------
Start Final Netlist Cleanup
---------------------------------------------------------------------------------
---------------------------------------------------------------------------------
Finished Final Netlist Cleanup
---------------------------------------------------------------------------------
---------------------------------------------------------------------------------
Finished IO Insertion : Time (s): cpu = 00:00:16 ; elapsed = 00:00:17 . Memory (MB): peak = 2245.852 ; gain = 615.238 ; free physical = 1215 ; free virtual = 3812
Synthesis current peak Physical Memory [PSS] (MB): peak = 1388.286; parent = 1226.598; children = 166.017
Synthesis current peak Virtual Memory [VSS] (MB): peak = 3185.113; parent = 2213.836; children = 971.277
---------------------------------------------------------------------------------
---------------------------------------------------------------------------------
Start Renaming Generated Instances
---------------------------------------------------------------------------------
---------------------------------------------------------------------------------
Finished Renaming Generated Instances : Time (s): cpu = 00:00:16 ; elapsed = 00:00:17 . Memory (MB): peak = 2245.852 ; gain = 615.238 ; free physical = 1287 ; free virtual = 3884
Synthesis current peak Physical Memory [PSS] (MB): peak = 1388.286; parent = 1226.598; children = 166.017
Synthesis current peak Virtual Memory [VSS] (MB): peak = 3185.113; parent = 2213.836; children = 971.277
---------------------------------------------------------------------------------
---------------------------------------------------------------------------------
Start Rebuilding User Hierarchy
---------------------------------------------------------------------------------
---------------------------------------------------------------------------------
Finished Rebuilding User Hierarchy : Time (s): cpu = 00:00:16 ; elapsed = 00:00:17 . Memory (MB): peak = 2245.852 ; gain = 615.238 ; free physical = 1245 ; free virtual = 3843
Synthesis current peak Physical Memory [PSS] (MB): peak = 1388.286; parent = 1226.598; children = 166.017
Synthesis current peak Virtual Memory [VSS] (MB): peak = 3185.113; parent = 2213.836; children = 971.277
---------------------------------------------------------------------------------
---------------------------------------------------------------------------------
Start Renaming Generated Ports
---------------------------------------------------------------------------------
---------------------------------------------------------------------------------
Finished Renaming Generated Ports : Time (s): cpu = 00:00:16 ; elapsed = 00:00:17 . Memory (MB): peak = 2245.852 ; gain = 615.238 ; free physical = 1199 ; free virtual = 3797
Synthesis current peak Physical Memory [PSS] (MB): peak = 1388.286; parent = 1226.598; children = 166.017
Synthesis current peak Virtual Memory [VSS] (MB): peak = 3185.113; parent = 2213.836; children = 971.277
---------------------------------------------------------------------------------
---------------------------------------------------------------------------------
Start Handling Custom Attributes
---------------------------------------------------------------------------------
---------------------------------------------------------------------------------
Finished Handling Custom Attributes : Time (s): cpu = 00:00:16 ; elapsed = 00:00:17 . Memory (MB): peak = 2245.852 ; gain = 615.238 ; free physical = 1194 ; free virtual = 3792
Synthesis current peak Physical Memory [PSS] (MB): peak = 1388.286; parent = 1226.598; children = 166.017
Synthesis current peak Virtual Memory [VSS] (MB): peak = 3185.113; parent = 2213.836; children = 971.277
---------------------------------------------------------------------------------
---------------------------------------------------------------------------------
Start Renaming Generated Nets
---------------------------------------------------------------------------------
---------------------------------------------------------------------------------
Finished Renaming Generated Nets : Time (s): cpu = 00:00:16 ; elapsed = 00:00:17 . Memory (MB): peak = 2245.852 ; gain = 615.238 ; free physical = 1192 ; free virtual = 3790
Synthesis current peak Physical Memory [PSS] (MB): peak = 1388.286; parent = 1226.598; children = 166.017
Synthesis current peak Virtual Memory [VSS] (MB): peak = 3185.113; parent = 2213.836; children = 971.277
---------------------------------------------------------------------------------
---------------------------------------------------------------------------------
Start Writing Synthesis Report
---------------------------------------------------------------------------------

Report BlackBoxes: 
+-+--------------+----------+
| |BlackBox name |Instances |
+-+--------------+----------+
+-+--------------+----------+

Report Cell Usage: 
+------+-----+------+
|      |Cell |Count |
+------+-----+------+
|1     |LUT1 |     1|
|2     |LUT3 |     8|
|3     |LUT4 |     2|
|4     |LUT5 |     1|
|5     |LUT6 |     2|
|6     |FDRE |    34|
|7     |FDSE |     2|
+------+-----+------+
---------------------------------------------------------------------------------
Finished Writing Synthesis Report : Time (s): cpu = 00:00:16 ; elapsed = 00:00:17 . Memory (MB): peak = 2245.852 ; gain = 615.238 ; free physical = 1236 ; free virtual = 3835
Synthesis current peak Physical Memory [PSS] (MB): peak = 1388.286; parent = 1226.598; children = 166.017
Synthesis current peak Virtual Memory [VSS] (MB): peak = 3185.113; parent = 2213.836; children = 971.277
---------------------------------------------------------------------------------
Synthesis finished with 0 errors, 0 critical warnings and 1 warnings.
Synthesis Optimization Runtime : Time (s): cpu = 00:00:15 ; elapsed = 00:00:16 . Memory (MB): peak = 2245.852 ; gain = 460.488 ; free physical = 1290 ; free virtual = 3889
Synthesis Optimization Complete : Time (s): cpu = 00:00:16 ; elapsed = 00:00:18 . Memory (MB): peak = 2245.852 ; gain = 615.238 ; free physical = 1271 ; free virtual = 3871
INFO: [Project 1-571] Translating synthesized netlist
Netlist sorting complete. Time (s): cpu = 00:00:00 ; elapsed = 00:00:00 . Memory (MB): peak = 2245.852 ; gain = 0.000 ; free physical = 1265 ; free virtual = 3865
INFO: [Project 1-570] Preparing netlist for logic optimization
INFO: [Opt 31-138] Pushed 0 inverter(s) to 0 load pin(s).
Netlist sorting complete. Time (s): cpu = 00:00:00 ; elapsed = 00:00:00 . Memory (MB): peak = 2245.852 ; gain = 0.000 ; free physical = 1210 ; free virtual = 3811
INFO: [Project 1-111] Unisim Transformation Summary:
No Unisim elements were transformed.

Synth Design complete, checksum: 655009fe
INFO: [Common 17-83] Releasing license: Synthesis
46 Infos, 5 Warnings, 0 Critical Warnings and 0 Errors encountered.
synth_design completed successfully
synth_design: Time (s): cpu = 00:00:21 ; elapsed = 00:00:21 . Memory (MB): peak = 2245.852 ; gain = 925.863 ; free physical = 1393 ; free virtual = 3994
INFO: [Common 17-1381] The checkpoint '/home/andreea/proiect_finn/output_ip_hardware_cu_maimulteepoici/stitched_ip/finn_vivado_stitch_proj.runs/finn_design_inst_0_StreamingDataWidthConverter_rtl_0_0_synth_1/finn_design_inst_0_StreamingDataWidthConverter_rtl_0_0.dcp' has been generated.
INFO: [Coretcl 2-1648] Added synthesis output to IP cache for IP finn_design_inst_0_StreamingDataWidthConverter_rtl_0_0, cache-ID = 813811d5b1e4ba80
INFO: [Coretcl 2-1174] Renamed 3 cell refs.
INFO: [Common 17-1381] The checkpoint '/home/andreea/proiect_finn/output_ip_hardware_cu_maimulteepoici/stitched_ip/finn_vivado_stitch_proj.runs/finn_design_inst_0_StreamingDataWidthConverter_rtl_0_0_synth_1/finn_design_inst_0_StreamingDataWidthConverter_rtl_0_0.dcp' has been generated.
INFO: [runtcl-4] Executing : report_utilization -file finn_design_inst_0_StreamingDataWidthConverter_rtl_0_0_utilization_synth.rpt -pb finn_design_inst_0_StreamingDataWidthConverter_rtl_0_0_utilization_synth.pb
INFO: [Common 17-206] Exiting Vivado at Sun Apr 19 14:05:24 2026...
