
*** Running vivado
    with args -log finn_design_StreamingDataWidthConverter_rtl_1_0.vds -m64 -product Vivado -mode batch -messageDb vivado.pb -notrace -source finn_design_StreamingDataWidthConverter_rtl_1_0.tcl


****** Vivado v2022.2 (64-bit)
  **** SW Build 3671981 on Fri Oct 14 04:59:54 MDT 2022
  **** IP Build 3669848 on Fri Oct 14 08:30:02 MDT 2022
    ** Copyright 1986-2022 Xilinx, Inc. All Rights Reserved.

source finn_design_StreamingDataWidthConverter_rtl_1_0.tcl -notrace
create_project: Time (s): cpu = 00:00:09 ; elapsed = 00:00:09 . Memory (MB): peak = 1259.598 ; gain = 9.027 ; free physical = 2534 ; free virtual = 5517
INFO: [IP_Flow 19-234] Refreshing IP repositories
INFO: [IP_Flow 19-1700] Loaded user IP repository '/home/andreea/finn/finn-rtllib/memstream'.
INFO: [IP_Flow 19-1700] Loaded user IP repository '/tmp/finn_dev_andreea/code_gen_ipgen_StreamingFIFO_rtl_0_ba18_35j'.
INFO: [IP_Flow 19-1700] Loaded user IP repository '/tmp/finn_dev_andreea/code_gen_ipgen_FMPadding_rtl_0_y0emcnwp'.
INFO: [IP_Flow 19-1700] Loaded user IP repository '/tmp/finn_dev_andreea/code_gen_ipgen_StreamingFIFO_rtl_1_hufrydzu'.
INFO: [IP_Flow 19-1700] Loaded user IP repository '/tmp/finn_dev_andreea/code_gen_ipgen_ConvolutionInputGenerator_rtl_0_p8wvajtb'.
INFO: [IP_Flow 19-1700] Loaded user IP repository '/tmp/finn_dev_andreea/code_gen_ipgen_StreamingFIFO_rtl_2_1079yvcg'.
INFO: [IP_Flow 19-1700] Loaded user IP repository '/tmp/finn_dev_andreea/code_gen_ipgen_StreamingDataWidthConverter_rtl_0_ylwxevm4'.
INFO: [IP_Flow 19-1700] Loaded user IP repository '/tmp/finn_dev_andreea/code_gen_ipgen_StreamingFIFO_rtl_3_oq4_hgum'.
INFO: [IP_Flow 19-1700] Loaded user IP repository '/tmp/finn_dev_andreea/code_gen_ipgen_MVAU_hls_0_162klhtr/project_MVAU_hls_0/sol1/impl/ip'.
INFO: [IP_Flow 19-1700] Loaded user IP repository '/tmp/finn_dev_andreea/code_gen_ipgen_StreamingFIFO_rtl_4_r0c39d43'.
INFO: [IP_Flow 19-1700] Loaded user IP repository '/tmp/finn_dev_andreea/code_gen_ipgen_StreamingDataWidthConverter_rtl_1_t6ksgcvj'.
INFO: [IP_Flow 19-1700] Loaded user IP repository '/tmp/finn_dev_andreea/code_gen_ipgen_StreamingFIFO_rtl_5_rypyiejn'.
INFO: [IP_Flow 19-1700] Loaded user IP repository '/tmp/finn_dev_andreea/code_gen_ipgen_StreamingMaxPool_hls_0_f38gb_sw/project_StreamingMaxPool_hls_0/sol1/impl/ip'.
INFO: [IP_Flow 19-1700] Loaded user IP repository '/tmp/finn_dev_andreea/code_gen_ipgen_StreamingFIFO_rtl_6_amabx6h_'.
INFO: [IP_Flow 19-1700] Loaded user IP repository '/tmp/finn_dev_andreea/code_gen_ipgen_StreamingDataWidthConverter_rtl_2_598a5s36'.
INFO: [IP_Flow 19-1700] Loaded user IP repository '/tmp/finn_dev_andreea/code_gen_ipgen_StreamingFIFO_rtl_7_ln61hkns'.
INFO: [IP_Flow 19-1700] Loaded user IP repository '/tmp/finn_dev_andreea/code_gen_ipgen_MVAU_hls_1_3j5wqvxh/project_MVAU_hls_1/sol1/impl/ip'.
INFO: [IP_Flow 19-1700] Loaded user IP repository '/tmp/finn_dev_andreea/code_gen_ipgen_StreamingFIFO_rtl_8_iv3q_gwl'.
INFO: [IP_Flow 19-1700] Loaded user IP repository '/tmp/finn_dev_andreea/code_gen_ipgen_MVAU_rtl_0_5cofkz0f'.
INFO: [IP_Flow 19-1700] Loaded user IP repository '/tmp/finn_dev_andreea/code_gen_ipgen_StreamingFIFO_rtl_9_s54x7wfo'.
INFO: [IP_Flow 19-2313] Loaded Vivado IP repository '/tools/Xilinx/Vivado/2022.2/data/ip'.
INFO: [IP_Flow 19-6924] IPCACHE: Running cache check for IP inst: finn_design_StreamingDataWidthConverter_rtl_1_0
Command: synth_design -top finn_design_StreamingDataWidthConverter_rtl_1_0 -part xc7z020clg400-1 -incremental_mode off -mode out_of_context
Starting synth_design
Attempting to get a license for feature 'Synthesis' and/or device 'xc7z020'
INFO: [Common 17-349] Got license for feature 'Synthesis' and/or device 'xc7z020'
INFO: [Device 21-403] Loading part xc7z020clg400-1
INFO: [Synth 8-7079] Multithreading enabled for synth_design using a maximum of 4 processes.
INFO: [Synth 8-7078] Launching helper process for spawning children vivado processes
INFO: [Synth 8-7075] Helper process launched with PID 503612
INFO: [Synth 8-11241] undeclared symbol 'REGCCE', assumed default net type 'wire' [/tools/Xilinx/Vivado/2022.2/data/verilog/src/unimacro/BRAM_SINGLE_MACRO.v:2170]
WARNING: [Synth 8-9661] initial value of parameter 'IBITS' is omitted [/tmp/finn_dev_andreea/code_gen_ipgen_StreamingDataWidthConverter_rtl_2_598a5s36/dwc.sv:35]
WARNING: [Synth 8-9661] initial value of parameter 'OBITS' is omitted [/tmp/finn_dev_andreea/code_gen_ipgen_StreamingDataWidthConverter_rtl_2_598a5s36/dwc.sv:36]
WARNING: [Synth 8-9661] initial value of parameter 'IBITS' is omitted [/tmp/finn_dev_andreea/code_gen_ipgen_StreamingDataWidthConverter_rtl_2_598a5s36/dwc_axi.sv:35]
WARNING: [Synth 8-9661] initial value of parameter 'OBITS' is omitted [/tmp/finn_dev_andreea/code_gen_ipgen_StreamingDataWidthConverter_rtl_2_598a5s36/dwc_axi.sv:36]
---------------------------------------------------------------------------------
Starting RTL Elaboration : Time (s): cpu = 00:00:07 ; elapsed = 00:00:08 . Memory (MB): peak = 2002.617 ; gain = 371.770 ; free physical = 931 ; free virtual = 3919
Synthesis current peak Physical Memory [PSS] (MB): peak = 1288.562; parent = 1135.941; children = 152.621
Synthesis current peak Virtual Memory [VSS] (MB): peak = 3037.344; parent = 2005.586; children = 1031.758
---------------------------------------------------------------------------------
INFO: [Synth 8-6157] synthesizing module 'finn_design_StreamingDataWidthConverter_rtl_1_0' [/home/andreea/proiect_finn/output_ip_hardware_cu_argmax/stitched_ip/finn_vivado_stitch_proj.gen/sources_1/bd/finn_design/ip/finn_design_StreamingDataWidthConverter_rtl_1_0/synth/finn_design_StreamingDataWidthConverter_rtl_1_0.v:53]
INFO: [Synth 8-6157] synthesizing module 'StreamingDataWidthConverter_rtl_1' [/tmp/finn_dev_andreea/code_gen_ipgen_StreamingDataWidthConverter_rtl_1_t6ksgcvj/StreamingDataWidthConverter_rtl_1.v:32]
INFO: [Synth 8-6157] synthesizing module 'dwc_axi' [/tmp/finn_dev_andreea/code_gen_ipgen_StreamingDataWidthConverter_rtl_2_598a5s36/dwc_axi.sv:34]
INFO: [Synth 8-6157] synthesizing module 'dwc' [/tmp/finn_dev_andreea/code_gen_ipgen_StreamingDataWidthConverter_rtl_2_598a5s36/dwc.sv:34]
INFO: [Synth 8-6155] done synthesizing module 'dwc' (0#1) [/tmp/finn_dev_andreea/code_gen_ipgen_StreamingDataWidthConverter_rtl_2_598a5s36/dwc.sv:34]
INFO: [Synth 8-6155] done synthesizing module 'dwc_axi' (0#1) [/tmp/finn_dev_andreea/code_gen_ipgen_StreamingDataWidthConverter_rtl_2_598a5s36/dwc_axi.sv:34]
INFO: [Synth 8-6155] done synthesizing module 'StreamingDataWidthConverter_rtl_1' (0#1) [/tmp/finn_dev_andreea/code_gen_ipgen_StreamingDataWidthConverter_rtl_1_t6ksgcvj/StreamingDataWidthConverter_rtl_1.v:32]
INFO: [Synth 8-6155] done synthesizing module 'finn_design_StreamingDataWidthConverter_rtl_1_0' (0#1) [/home/andreea/proiect_finn/output_ip_hardware_cu_argmax/stitched_ip/finn_vivado_stitch_proj.gen/sources_1/bd/finn_design/ip/finn_design_StreamingDataWidthConverter_rtl_1_0/synth/finn_design_StreamingDataWidthConverter_rtl_1_0.v:53]
---------------------------------------------------------------------------------
Finished RTL Elaboration : Time (s): cpu = 00:00:09 ; elapsed = 00:00:10 . Memory (MB): peak = 2075.555 ; gain = 444.707 ; free physical = 1130 ; free virtual = 4121
Synthesis current peak Physical Memory [PSS] (MB): peak = 1288.562; parent = 1135.941; children = 152.723
Synthesis current peak Virtual Memory [VSS] (MB): peak = 3107.312; parent = 2075.555; children = 1031.758
---------------------------------------------------------------------------------
---------------------------------------------------------------------------------
Start Handling Custom Attributes
---------------------------------------------------------------------------------
---------------------------------------------------------------------------------
Finished Handling Custom Attributes : Time (s): cpu = 00:00:09 ; elapsed = 00:00:10 . Memory (MB): peak = 2093.367 ; gain = 462.520 ; free physical = 1240 ; free virtual = 4231
Synthesis current peak Physical Memory [PSS] (MB): peak = 1288.562; parent = 1135.941; children = 152.723
Synthesis current peak Virtual Memory [VSS] (MB): peak = 3125.125; parent = 2093.367; children = 1031.758
---------------------------------------------------------------------------------
---------------------------------------------------------------------------------
Finished RTL Optimization Phase 1 : Time (s): cpu = 00:00:09 ; elapsed = 00:00:10 . Memory (MB): peak = 2093.367 ; gain = 462.520 ; free physical = 1292 ; free virtual = 4283
Synthesis current peak Physical Memory [PSS] (MB): peak = 1288.562; parent = 1135.941; children = 152.723
Synthesis current peak Virtual Memory [VSS] (MB): peak = 3125.125; parent = 2093.367; children = 1031.758
---------------------------------------------------------------------------------
Netlist sorting complete. Time (s): cpu = 00:00:00 ; elapsed = 00:00:00 . Memory (MB): peak = 2093.367 ; gain = 0.000 ; free physical = 1274 ; free virtual = 4268
INFO: [Project 1-570] Preparing netlist for logic optimization

Processing XDC Constraints
Initializing timing engine
Completed Processing XDC Constraints

Netlist sorting complete. Time (s): cpu = 00:00:00 ; elapsed = 00:00:00 . Memory (MB): peak = 2249.117 ; gain = 0.000 ; free physical = 965 ; free virtual = 3956
INFO: [Project 1-111] Unisim Transformation Summary:
No Unisim elements were transformed.

Constraint Validation Runtime : Time (s): cpu = 00:00:00.02 ; elapsed = 00:00:00.01 . Memory (MB): peak = 2249.117 ; gain = 0.000 ; free physical = 967 ; free virtual = 3958
INFO: [Designutils 20-5008] Incremental synthesis strategy off
INFO: [Synth 8-11241] undeclared symbol 'REGCCE', assumed default net type 'wire' [/tools/Xilinx/Vivado/2022.2/data/verilog/src/unimacro/BRAM_SINGLE_MACRO.v:2170]
---------------------------------------------------------------------------------
Finished Constraint Validation : Time (s): cpu = 00:00:15 ; elapsed = 00:00:16 . Memory (MB): peak = 2249.117 ; gain = 618.270 ; free physical = 890 ; free virtual = 3881
Synthesis current peak Physical Memory [PSS] (MB): peak = 1288.562; parent = 1135.941; children = 152.723
Synthesis current peak Virtual Memory [VSS] (MB): peak = 3248.859; parent = 2217.102; children = 1031.758
---------------------------------------------------------------------------------
---------------------------------------------------------------------------------
Start Loading Part and Timing Information
---------------------------------------------------------------------------------
Loading part: xc7z020clg400-1
---------------------------------------------------------------------------------
Finished Loading Part and Timing Information : Time (s): cpu = 00:00:15 ; elapsed = 00:00:16 . Memory (MB): peak = 2249.117 ; gain = 618.270 ; free physical = 880 ; free virtual = 3871
Synthesis current peak Physical Memory [PSS] (MB): peak = 1288.562; parent = 1135.941; children = 152.723
Synthesis current peak Virtual Memory [VSS] (MB): peak = 3248.859; parent = 2217.102; children = 1031.758
---------------------------------------------------------------------------------
---------------------------------------------------------------------------------
Start Applying 'set_property' XDC Constraints
---------------------------------------------------------------------------------
---------------------------------------------------------------------------------
Finished applying 'set_property' XDC Constraints : Time (s): cpu = 00:00:15 ; elapsed = 00:00:16 . Memory (MB): peak = 2249.117 ; gain = 618.270 ; free physical = 883 ; free virtual = 3874
Synthesis current peak Physical Memory [PSS] (MB): peak = 1288.562; parent = 1135.941; children = 152.723
Synthesis current peak Virtual Memory [VSS] (MB): peak = 3248.859; parent = 2217.102; children = 1031.758
---------------------------------------------------------------------------------
---------------------------------------------------------------------------------
Finished RTL Optimization Phase 2 : Time (s): cpu = 00:00:15 ; elapsed = 00:00:17 . Memory (MB): peak = 2249.117 ; gain = 618.270 ; free physical = 952 ; free virtual = 3944
Synthesis current peak Physical Memory [PSS] (MB): peak = 1288.562; parent = 1135.941; children = 152.723
Synthesis current peak Virtual Memory [VSS] (MB): peak = 3248.859; parent = 2217.102; children = 1031.758
---------------------------------------------------------------------------------
---------------------------------------------------------------------------------
Start RTL Component Statistics 
---------------------------------------------------------------------------------
Detailed RTL Component Info : 
+---Adders : 
	   2 Input    5 Bit       Adders := 1     
+---Registers : 
	                8 Bit    Registers := 17    
	                5 Bit    Registers := 1     
	                1 Bit    Registers := 1     
+---Muxes : 
	   2 Input    8 Bit        Muxes := 2     
	   2 Input    5 Bit        Muxes := 1     
---------------------------------------------------------------------------------
Finished RTL Component Statistics 
---------------------------------------------------------------------------------
---------------------------------------------------------------------------------
Start Part Resource Summary
---------------------------------------------------------------------------------
Part Resources:
DSPs: 220 (col length:60)
BRAMs: 280 (col length: RAMB18 60 RAMB36 30)
---------------------------------------------------------------------------------
Finished Part Resource Summary
---------------------------------------------------------------------------------
---------------------------------------------------------------------------------
Start Cross Boundary and Area Optimization
---------------------------------------------------------------------------------
WARNING: [Synth 8-7080] Parallel synthesis criteria is not met
---------------------------------------------------------------------------------
Finished Cross Boundary and Area Optimization : Time (s): cpu = 00:00:16 ; elapsed = 00:00:17 . Memory (MB): peak = 2249.117 ; gain = 618.270 ; free physical = 845 ; free virtual = 3846
Synthesis current peak Physical Memory [PSS] (MB): peak = 1288.562; parent = 1135.941; children = 152.723
Synthesis current peak Virtual Memory [VSS] (MB): peak = 3248.859; parent = 2217.102; children = 1031.758
---------------------------------------------------------------------------------
---------------------------------------------------------------------------------
Start Applying XDC Timing Constraints
---------------------------------------------------------------------------------
---------------------------------------------------------------------------------
Finished Applying XDC Timing Constraints : Time (s): cpu = 00:00:19 ; elapsed = 00:00:21 . Memory (MB): peak = 2249.117 ; gain = 618.270 ; free physical = 156 ; free virtual = 3163
Synthesis current peak Physical Memory [PSS] (MB): peak = 1353.740; parent = 1205.505; children = 152.723
Synthesis current peak Virtual Memory [VSS] (MB): peak = 3248.859; parent = 2217.102; children = 1031.758
---------------------------------------------------------------------------------
---------------------------------------------------------------------------------
Start Timing Optimization
---------------------------------------------------------------------------------
---------------------------------------------------------------------------------
Finished Timing Optimization : Time (s): cpu = 00:00:19 ; elapsed = 00:00:21 . Memory (MB): peak = 2249.117 ; gain = 618.270 ; free physical = 143 ; free virtual = 3149
Synthesis current peak Physical Memory [PSS] (MB): peak = 1353.789; parent = 1205.600; children = 152.723
Synthesis current peak Virtual Memory [VSS] (MB): peak = 3248.859; parent = 2217.102; children = 1031.758
---------------------------------------------------------------------------------
---------------------------------------------------------------------------------
Start Technology Mapping
---------------------------------------------------------------------------------
---------------------------------------------------------------------------------
Finished Technology Mapping : Time (s): cpu = 00:00:19 ; elapsed = 00:00:21 . Memory (MB): peak = 2249.117 ; gain = 618.270 ; free physical = 126 ; free virtual = 3133
Synthesis current peak Physical Memory [PSS] (MB): peak = 1353.789; parent = 1205.747; children = 152.723
Synthesis current peak Virtual Memory [VSS] (MB): peak = 3248.859; parent = 2217.102; children = 1031.758
---------------------------------------------------------------------------------
---------------------------------------------------------------------------------
Start IO Insertion
---------------------------------------------------------------------------------
---------------------------------------------------------------------------------
Start Flattening Before IO Insertion
---------------------------------------------------------------------------------
---------------------------------------------------------------------------------
Finished Flattening Before IO Insertion
---------------------------------------------------------------------------------
---------------------------------------------------------------------------------
Start Final Netlist Cleanup
---------------------------------------------------------------------------------
---------------------------------------------------------------------------------
Finished Final Netlist Cleanup
---------------------------------------------------------------------------------
---------------------------------------------------------------------------------
Finished IO Insertion : Time (s): cpu = 00:00:23 ; elapsed = 00:00:25 . Memory (MB): peak = 2249.117 ; gain = 618.270 ; free physical = 94 ; free virtual = 2752
Synthesis current peak Physical Memory [PSS] (MB): peak = 1353.789; parent = 1205.747; children = 152.723
Synthesis current peak Virtual Memory [VSS] (MB): peak = 3248.859; parent = 2217.102; children = 1031.758
---------------------------------------------------------------------------------
---------------------------------------------------------------------------------
Start Renaming Generated Instances
---------------------------------------------------------------------------------
---------------------------------------------------------------------------------
Finished Renaming Generated Instances : Time (s): cpu = 00:00:23 ; elapsed = 00:00:25 . Memory (MB): peak = 2249.117 ; gain = 618.270 ; free physical = 92 ; free virtual = 2751
Synthesis current peak Physical Memory [PSS] (MB): peak = 1353.789; parent = 1205.747; children = 152.723
Synthesis current peak Virtual Memory [VSS] (MB): peak = 3248.859; parent = 2217.102; children = 1031.758
---------------------------------------------------------------------------------
---------------------------------------------------------------------------------
Start Rebuilding User Hierarchy
---------------------------------------------------------------------------------
---------------------------------------------------------------------------------
Finished Rebuilding User Hierarchy : Time (s): cpu = 00:00:23 ; elapsed = 00:00:25 . Memory (MB): peak = 2249.117 ; gain = 618.270 ; free physical = 90 ; free virtual = 2748
Synthesis current peak Physical Memory [PSS] (MB): peak = 1353.789; parent = 1205.747; children = 152.723
Synthesis current peak Virtual Memory [VSS] (MB): peak = 3248.859; parent = 2217.102; children = 1031.758
---------------------------------------------------------------------------------
---------------------------------------------------------------------------------
Start Renaming Generated Ports
---------------------------------------------------------------------------------
---------------------------------------------------------------------------------
Finished Renaming Generated Ports : Time (s): cpu = 00:00:23 ; elapsed = 00:00:25 . Memory (MB): peak = 2249.117 ; gain = 618.270 ; free physical = 89 ; free virtual = 2747
Synthesis current peak Physical Memory [PSS] (MB): peak = 1353.789; parent = 1205.747; children = 152.723
Synthesis current peak Virtual Memory [VSS] (MB): peak = 3248.859; parent = 2217.102; children = 1031.758
---------------------------------------------------------------------------------
---------------------------------------------------------------------------------
Start Handling Custom Attributes
---------------------------------------------------------------------------------
---------------------------------------------------------------------------------
Finished Handling Custom Attributes : Time (s): cpu = 00:00:23 ; elapsed = 00:00:25 . Memory (MB): peak = 2249.117 ; gain = 618.270 ; free physical = 88 ; free virtual = 2746
Synthesis current peak Physical Memory [PSS] (MB): peak = 1353.789; parent = 1205.747; children = 152.723
Synthesis current peak Virtual Memory [VSS] (MB): peak = 3248.859; parent = 2217.102; children = 1031.758
---------------------------------------------------------------------------------
---------------------------------------------------------------------------------
Start Renaming Generated Nets
---------------------------------------------------------------------------------
---------------------------------------------------------------------------------
Finished Renaming Generated Nets : Time (s): cpu = 00:00:23 ; elapsed = 00:00:25 . Memory (MB): peak = 2249.117 ; gain = 618.270 ; free physical = 88 ; free virtual = 2746
Synthesis current peak Physical Memory [PSS] (MB): peak = 1353.789; parent = 1205.747; children = 152.723
Synthesis current peak Virtual Memory [VSS] (MB): peak = 3248.859; parent = 2217.102; children = 1031.758
---------------------------------------------------------------------------------
---------------------------------------------------------------------------------
Start Writing Synthesis Report
---------------------------------------------------------------------------------

Report BlackBoxes: 
+-+--------------+----------+
| |BlackBox name |Instances |
+-+--------------+----------+
+-+--------------+----------+

Report Cell Usage: 
+------+-----+------+
|      |Cell |Count |
+------+-----+------+
|1     |LUT1 |     1|
|2     |LUT2 |     2|
|3     |LUT3 |    12|
|4     |LUT4 |     3|
|5     |LUT5 |     1|
|6     |LUT6 |     3|
|7     |FDRE |   137|
|8     |FDSE |     5|
+------+-----+------+
---------------------------------------------------------------------------------
Finished Writing Synthesis Report : Time (s): cpu = 00:00:23 ; elapsed = 00:00:25 . Memory (MB): peak = 2249.117 ; gain = 618.270 ; free physical = 87 ; free virtual = 2745
Synthesis current peak Physical Memory [PSS] (MB): peak = 1353.789; parent = 1205.747; children = 152.723
Synthesis current peak Virtual Memory [VSS] (MB): peak = 3248.859; parent = 2217.102; children = 1031.758
---------------------------------------------------------------------------------
Synthesis finished with 0 errors, 0 critical warnings and 1 warnings.
Synthesis Optimization Runtime : Time (s): cpu = 00:00:21 ; elapsed = 00:00:23 . Memory (MB): peak = 2249.117 ; gain = 462.520 ; free physical = 117 ; free virtual = 2776
Synthesis Optimization Complete : Time (s): cpu = 00:00:23 ; elapsed = 00:00:25 . Memory (MB): peak = 2249.117 ; gain = 618.270 ; free physical = 117 ; free virtual = 2775
INFO: [Project 1-571] Translating synthesized netlist
Netlist sorting complete. Time (s): cpu = 00:00:00 ; elapsed = 00:00:00 . Memory (MB): peak = 2249.117 ; gain = 0.000 ; free physical = 123 ; free virtual = 2781
INFO: [Project 1-570] Preparing netlist for logic optimization
INFO: [Opt 31-138] Pushed 0 inverter(s) to 0 load pin(s).
Netlist sorting complete. Time (s): cpu = 00:00:00 ; elapsed = 00:00:00 . Memory (MB): peak = 2249.117 ; gain = 0.000 ; free physical = 128 ; free virtual = 2787
INFO: [Project 1-111] Unisim Transformation Summary:
No Unisim elements were transformed.

Synth Design complete, checksum: a9d279fc
INFO: [Common 17-83] Releasing license: Synthesis
46 Infos, 5 Warnings, 0 Critical Warnings and 0 Errors encountered.
synth_design completed successfully
synth_design: Time (s): cpu = 00:00:33 ; elapsed = 00:00:32 . Memory (MB): peak = 2249.117 ; gain = 949.863 ; free physical = 522 ; free virtual = 3181
INFO: [Common 17-1381] The checkpoint '/home/andreea/proiect_finn/output_ip_hardware_cu_argmax/stitched_ip/finn_vivado_stitch_proj.runs/finn_design_StreamingDataWidthConverter_rtl_1_0_synth_1/finn_design_StreamingDataWidthConverter_rtl_1_0.dcp' has been generated.
INFO: [Coretcl 2-1648] Added synthesis output to IP cache for IP finn_design_StreamingDataWidthConverter_rtl_1_0, cache-ID = c0057ce8028217d2
INFO: [Coretcl 2-1174] Renamed 3 cell refs.
INFO: [Common 17-1381] The checkpoint '/home/andreea/proiect_finn/output_ip_hardware_cu_argmax/stitched_ip/finn_vivado_stitch_proj.runs/finn_design_StreamingDataWidthConverter_rtl_1_0_synth_1/finn_design_StreamingDataWidthConverter_rtl_1_0.dcp' has been generated.
INFO: [runtcl-4] Executing : report_utilization -file finn_design_StreamingDataWidthConverter_rtl_1_0_utilization_synth.rpt -pb finn_design_StreamingDataWidthConverter_rtl_1_0_utilization_synth.pb
INFO: [Common 17-206] Exiting Vivado at Thu Apr 16 23:05:41 2026...
