
*** Running vivado
    with args -log finn_design_inst_1_StreamingFIFO_rtl_0_0.vds -m64 -product Vivado -mode batch -messageDb vivado.pb -notrace -source finn_design_inst_1_StreamingFIFO_rtl_0_0.tcl


****** Vivado v2022.2 (64-bit)
  **** SW Build 3671981 on Fri Oct 14 04:59:54 MDT 2022
  **** IP Build 3669848 on Fri Oct 14 08:30:02 MDT 2022
    ** Copyright 1986-2022 Xilinx, Inc. All Rights Reserved.

source finn_design_inst_1_StreamingFIFO_rtl_0_0.tcl -notrace
INFO: [IP_Flow 19-234] Refreshing IP repositories
INFO: [IP_Flow 19-1700] Loaded user IP repository '/home/andreea/finn/finn-rtllib/memstream'.
INFO: [IP_Flow 19-1700] Loaded user IP repository '/tmp/finn_dev_andreea/code_gen_ipgen_StreamingFIFO_rtl_0_0gu48umn'.
INFO: [IP_Flow 19-1700] Loaded user IP repository '/tmp/finn_dev_andreea/code_gen_ipgen_StreamingMaxPool_hls_0_f483_7v7/project_StreamingMaxPool_hls_0/sol1/impl/ip'.
INFO: [IP_Flow 19-1700] Loaded user IP repository '/tmp/finn_dev_andreea/code_gen_ipgen_StreamingFIFO_rtl_1_vra9ly6u'.
INFO: [IP_Flow 19-1700] Loaded user IP repository '/tmp/finn_dev_andreea/code_gen_ipgen_StreamingDataWidthConverter_rtl_0_68_ah9pv'.
INFO: [IP_Flow 19-1700] Loaded user IP repository '/tmp/finn_dev_andreea/code_gen_ipgen_StreamingFIFO_rtl_2_ci6rrynx'.
INFO: [IP_Flow 19-1700] Loaded user IP repository '/tmp/finn_dev_andreea/code_gen_ipgen_MVAU_hls_0_wm2359pm/project_MVAU_hls_0/sol1/impl/ip'.
INFO: [IP_Flow 19-1700] Loaded user IP repository '/tmp/finn_dev_andreea/code_gen_ipgen_StreamingFIFO_rtl_3__fc5fzv9'.
INFO: [IP_Flow 19-1700] Loaded user IP repository '/tmp/finn_dev_andreea/code_gen_ipgen_MVAU_rtl_0_sk01edbv'.
INFO: [IP_Flow 19-1700] Loaded user IP repository '/tmp/finn_dev_andreea/code_gen_ipgen_StreamingFIFO_rtl_4_zs21v45w'.
INFO: [IP_Flow 19-2313] Loaded Vivado IP repository '/tools/Xilinx/Vivado/2022.2/data/ip'.
INFO: [IP_Flow 19-6924] IPCACHE: Running cache check for IP inst: finn_design_inst_1_StreamingFIFO_rtl_0_0
Command: synth_design -top finn_design_inst_1_StreamingFIFO_rtl_0_0 -part xc7z020clg400-1 -incremental_mode off -mode out_of_context
Starting synth_design
Attempting to get a license for feature 'Synthesis' and/or device 'xc7z020'
INFO: [Common 17-349] Got license for feature 'Synthesis' and/or device 'xc7z020'
INFO: [Device 21-403] Loading part xc7z020clg400-1
INFO: [Synth 8-7079] Multithreading enabled for synth_design using a maximum of 4 processes.
INFO: [Synth 8-7078] Launching helper process for spawning children vivado processes
INFO: [Synth 8-7075] Helper process launched with PID 51587
INFO: [Synth 8-11241] undeclared symbol 'REGCCE', assumed default net type 'wire' [/tools/Xilinx/Vivado/2022.2/data/verilog/src/unimacro/BRAM_SINGLE_MACRO.v:2170]
---------------------------------------------------------------------------------
Starting RTL Elaboration : Time (s): cpu = 00:00:03 ; elapsed = 00:00:03 . Memory (MB): peak = 2001.160 ; gain = 368.770 ; free physical = 1421 ; free virtual = 3918
Synthesis current peak Physical Memory [PSS] (MB): peak = 1311.563; parent = 1147.731; children = 163.832
Synthesis current peak Virtual Memory [VSS] (MB): peak = 2970.438; parent = 2005.129; children = 965.309
---------------------------------------------------------------------------------
INFO: [Synth 8-6157] synthesizing module 'finn_design_inst_1_StreamingFIFO_rtl_0_0' [/home/andreea/proiect_finn/output_ip_hardware/stitched_ip/finn_vivado_stitch_proj.gen/sources_1/bd/design_1/bd/finn_design_inst_1/ip/finn_design_inst_1_StreamingFIFO_rtl_0_0/synth/finn_design_inst_1_StreamingFIFO_rtl_0_0.v:53]
INFO: [Synth 8-6157] synthesizing module 'StreamingFIFO_rtl_0' [/tmp/finn_dev_andreea/code_gen_ipgen_StreamingFIFO_rtl_0_0gu48umn/StreamingFIFO_rtl_0.v:32]
INFO: [Synth 8-6157] synthesizing module 'Q_srl' [/tmp/finn_dev_andreea/code_gen_ipgen_StreamingFIFO_rtl_0_0gu48umn/Q_srl.v:72]
INFO: [Synth 8-6155] done synthesizing module 'Q_srl' (0#1) [/tmp/finn_dev_andreea/code_gen_ipgen_StreamingFIFO_rtl_0_0gu48umn/Q_srl.v:72]
INFO: [Synth 8-6155] done synthesizing module 'StreamingFIFO_rtl_0' (0#1) [/tmp/finn_dev_andreea/code_gen_ipgen_StreamingFIFO_rtl_0_0gu48umn/StreamingFIFO_rtl_0.v:32]
INFO: [Synth 8-6155] done synthesizing module 'finn_design_inst_1_StreamingFIFO_rtl_0_0' (0#1) [/home/andreea/proiect_finn/output_ip_hardware/stitched_ip/finn_vivado_stitch_proj.gen/sources_1/bd/design_1/bd/finn_design_inst_1/ip/finn_design_inst_1_StreamingFIFO_rtl_0_0/synth/finn_design_inst_1_StreamingFIFO_rtl_0_0.v:53]
---------------------------------------------------------------------------------
Finished RTL Elaboration : Time (s): cpu = 00:00:04 ; elapsed = 00:00:05 . Memory (MB): peak = 2142.770 ; gain = 510.379 ; free physical = 1407 ; free virtual = 3906
Synthesis current peak Physical Memory [PSS] (MB): peak = 1311.563; parent = 1147.731; children = 163.832
Synthesis current peak Virtual Memory [VSS] (MB): peak = 3108.078; parent = 2142.770; children = 965.309
---------------------------------------------------------------------------------
---------------------------------------------------------------------------------
Start Handling Custom Attributes
---------------------------------------------------------------------------------
---------------------------------------------------------------------------------
Finished Handling Custom Attributes : Time (s): cpu = 00:00:04 ; elapsed = 00:00:05 . Memory (MB): peak = 2160.582 ; gain = 528.191 ; free physical = 1409 ; free virtual = 3907
Synthesis current peak Physical Memory [PSS] (MB): peak = 1311.563; parent = 1147.731; children = 163.832
Synthesis current peak Virtual Memory [VSS] (MB): peak = 3125.891; parent = 2160.582; children = 965.309
---------------------------------------------------------------------------------
---------------------------------------------------------------------------------
Finished RTL Optimization Phase 1 : Time (s): cpu = 00:00:04 ; elapsed = 00:00:05 . Memory (MB): peak = 2160.582 ; gain = 528.191 ; free physical = 1409 ; free virtual = 3907
Synthesis current peak Physical Memory [PSS] (MB): peak = 1311.563; parent = 1147.731; children = 163.832
Synthesis current peak Virtual Memory [VSS] (MB): peak = 3125.891; parent = 2160.582; children = 965.309
---------------------------------------------------------------------------------
Netlist sorting complete. Time (s): cpu = 00:00:00.53 ; elapsed = 00:00:00.53 . Memory (MB): peak = 2160.582 ; gain = 0.000 ; free physical = 1850 ; free virtual = 4391
INFO: [Project 1-570] Preparing netlist for logic optimization

Processing XDC Constraints
Initializing timing engine
Completed Processing XDC Constraints

Netlist sorting complete. Time (s): cpu = 00:00:00 ; elapsed = 00:00:00.01 . Memory (MB): peak = 2438.191 ; gain = 0.000 ; free physical = 1645 ; free virtual = 4155
INFO: [Project 1-111] Unisim Transformation Summary:
No Unisim elements were transformed.

Constraint Validation Runtime : Time (s): cpu = 00:00:02 ; elapsed = 00:00:00.51 . Memory (MB): peak = 2473.004 ; gain = 34.812 ; free physical = 1606 ; free virtual = 4121
INFO: [Designutils 20-5008] Incremental synthesis strategy off
INFO: [Synth 8-11241] undeclared symbol 'REGCCE', assumed default net type 'wire' [/tools/Xilinx/Vivado/2022.2/data/verilog/src/unimacro/BRAM_SINGLE_MACRO.v:2170]
---------------------------------------------------------------------------------
Finished Constraint Validation : Time (s): cpu = 00:00:16 ; elapsed = 00:00:14 . Memory (MB): peak = 2473.004 ; gain = 840.613 ; free physical = 1859 ; free virtual = 4453
Synthesis current peak Physical Memory [PSS] (MB): peak = 1505.458; parent = 1330.213; children = 175.245
Synthesis current peak Virtual Memory [VSS] (MB): peak = 3406.297; parent = 2440.988; children = 965.309
---------------------------------------------------------------------------------
---------------------------------------------------------------------------------
Start Cross Boundary and Area Optimization
---------------------------------------------------------------------------------
WARNING: [Synth 8-7080] Parallel synthesis criteria is not met
---------------------------------------------------------------------------------
Finished Cross Boundary and Area Optimization : Time (s): cpu = 00:00:22 ; elapsed = 00:00:39 . Memory (MB): peak = 2473.004 ; gain = 840.613 ; free physical = 120 ; free virtual = 2366
Synthesis current peak Physical Memory [PSS] (MB): peak = 5665.372; parent = 1330.213; children = 4528.471
Synthesis current peak Virtual Memory [VSS] (MB): peak = 11436.258; parent = 2444.906; children = 8995.270
---------------------------------------------------------------------------------
---------------------------------------------------------------------------------
Start Applying XDC Timing Constraints
---------------------------------------------------------------------------------
---------------------------------------------------------------------------------
Finished Applying XDC Timing Constraints : Time (s): cpu = 00:00:25 ; elapsed = 00:00:42 . Memory (MB): peak = 2473.004 ; gain = 840.613 ; free physical = 79 ; free virtual = 2252
Synthesis current peak Physical Memory [PSS] (MB): peak = 5782.083; parent = 1330.213; children = 4528.471
Synthesis current peak Virtual Memory [VSS] (MB): peak = 11436.258; parent = 2444.906; children = 8995.270
---------------------------------------------------------------------------------
---------------------------------------------------------------------------------
Start Timing Optimization
---------------------------------------------------------------------------------
---------------------------------------------------------------------------------
Finished Timing Optimization : Time (s): cpu = 00:00:25 ; elapsed = 00:00:42 . Memory (MB): peak = 2473.004 ; gain = 840.613 ; free physical = 84 ; free virtual = 2252
Synthesis current peak Physical Memory [PSS] (MB): peak = 5782.399; parent = 1330.213; children = 4528.471
Synthesis current peak Virtual Memory [VSS] (MB): peak = 11436.258; parent = 2444.906; children = 8995.270
---------------------------------------------------------------------------------
---------------------------------------------------------------------------------
Start Technology Mapping
---------------------------------------------------------------------------------
---------------------------------------------------------------------------------
Finished Technology Mapping : Time (s): cpu = 00:00:26 ; elapsed = 00:00:42 . Memory (MB): peak = 2473.004 ; gain = 840.613 ; free physical = 100 ; free virtual = 2248
Synthesis current peak Physical Memory [PSS] (MB): peak = 5786.610; parent = 1330.213; children = 4528.471
Synthesis current peak Virtual Memory [VSS] (MB): peak = 11436.258; parent = 2444.906; children = 8995.270
---------------------------------------------------------------------------------
---------------------------------------------------------------------------------
Start IO Insertion
---------------------------------------------------------------------------------
---------------------------------------------------------------------------------
Start Flattening Before IO Insertion
---------------------------------------------------------------------------------
---------------------------------------------------------------------------------
Finished Flattening Before IO Insertion
---------------------------------------------------------------------------------
---------------------------------------------------------------------------------
Start Final Netlist Cleanup
---------------------------------------------------------------------------------
---------------------------------------------------------------------------------
Finished Final Netlist Cleanup
---------------------------------------------------------------------------------
---------------------------------------------------------------------------------
Finished IO Insertion : Time (s): cpu = 00:00:28 ; elapsed = 00:00:45 . Memory (MB): peak = 2473.004 ; gain = 840.613 ; free physical = 101 ; free virtual = 2248
Synthesis current peak Physical Memory [PSS] (MB): peak = 5786.610; parent = 1330.213; children = 4528.471
Synthesis current peak Virtual Memory [VSS] (MB): peak = 11436.258; parent = 2444.906; children = 8995.270
---------------------------------------------------------------------------------
---------------------------------------------------------------------------------
Start Renaming Generated Instances
---------------------------------------------------------------------------------
---------------------------------------------------------------------------------
Finished Renaming Generated Instances : Time (s): cpu = 00:00:28 ; elapsed = 00:00:45 . Memory (MB): peak = 2473.004 ; gain = 840.613 ; free physical = 101 ; free virtual = 2248
Synthesis current peak Physical Memory [PSS] (MB): peak = 5786.610; parent = 1330.213; children = 4528.471
Synthesis current peak Virtual Memory [VSS] (MB): peak = 11436.258; parent = 2444.906; children = 8995.270
---------------------------------------------------------------------------------
---------------------------------------------------------------------------------
Start Rebuilding User Hierarchy
---------------------------------------------------------------------------------
---------------------------------------------------------------------------------
Finished Rebuilding User Hierarchy : Time (s): cpu = 00:00:28 ; elapsed = 00:00:45 . Memory (MB): peak = 2473.004 ; gain = 840.613 ; free physical = 100 ; free virtual = 2248
Synthesis current peak Physical Memory [PSS] (MB): peak = 5786.634; parent = 1330.213; children = 4528.471
Synthesis current peak Virtual Memory [VSS] (MB): peak = 11436.258; parent = 2444.906; children = 8995.270
---------------------------------------------------------------------------------
---------------------------------------------------------------------------------
Start Renaming Generated Ports
---------------------------------------------------------------------------------
---------------------------------------------------------------------------------
Finished Renaming Generated Ports : Time (s): cpu = 00:00:28 ; elapsed = 00:00:45 . Memory (MB): peak = 2473.004 ; gain = 840.613 ; free physical = 100 ; free virtual = 2248
Synthesis current peak Physical Memory [PSS] (MB): peak = 5786.696; parent = 1330.213; children = 4528.471
Synthesis current peak Virtual Memory [VSS] (MB): peak = 11436.258; parent = 2444.906; children = 8995.270
---------------------------------------------------------------------------------
---------------------------------------------------------------------------------
Start Handling Custom Attributes
---------------------------------------------------------------------------------
---------------------------------------------------------------------------------
Finished Handling Custom Attributes : Time (s): cpu = 00:00:28 ; elapsed = 00:00:45 . Memory (MB): peak = 2473.004 ; gain = 840.613 ; free physical = 100 ; free virtual = 2248
Synthesis current peak Physical Memory [PSS] (MB): peak = 5786.696; parent = 1330.213; children = 4528.471
Synthesis current peak Virtual Memory [VSS] (MB): peak = 11436.258; parent = 2444.906; children = 8995.270
---------------------------------------------------------------------------------
---------------------------------------------------------------------------------
Start Renaming Generated Nets
---------------------------------------------------------------------------------
---------------------------------------------------------------------------------
Finished Renaming Generated Nets : Time (s): cpu = 00:00:28 ; elapsed = 00:00:45 . Memory (MB): peak = 2473.004 ; gain = 840.613 ; free physical = 100 ; free virtual = 2248
Synthesis current peak Physical Memory [PSS] (MB): peak = 5786.712; parent = 1330.213; children = 4528.471
Synthesis current peak Virtual Memory [VSS] (MB): peak = 11436.258; parent = 2444.906; children = 8995.270
---------------------------------------------------------------------------------
---------------------------------------------------------------------------------
Start ROM, RAM, DSP, Shift Register and Retiming Reporting
---------------------------------------------------------------------------------

Dynamic Shift Register Report:
+------------+--------------+--------+------------+--------+---------+--------+--------+--------+
|Module Name | RTL Name     | Length | Data Width | SRL16E | SRLC32E | Mux F7 | Mux F8 | Mux F9 | 
+------------+--------------+--------+------------+--------+---------+--------+--------+--------+
|dsrl        | srl_reg[782] | 128    | 128        | 0      | 3200    | 1664   | 896    | 0      | 
+------------+--------------+--------+------------+--------+---------+--------+--------+--------+

---------------------------------------------------------------------------------
Finished ROM, RAM, DSP, Shift Register and Retiming Reporting
---------------------------------------------------------------------------------
---------------------------------------------------------------------------------
Start Writing Synthesis Report
---------------------------------------------------------------------------------

Report BlackBoxes: 
+-+--------------+----------+
| |BlackBox name |Instances |
+-+--------------+----------+
+-+--------------+----------+

Report Cell Usage: 
+------+--------+------+
|      |Cell    |Count |
+------+--------+------+
|1     |CARRY4  |     2|
|2     |LUT1    |     2|
|3     |LUT2    |     9|
|4     |LUT3    |     5|
|5     |LUT4    |    11|
|6     |LUT5    |    11|
|7     |LUT6    |   514|
|8     |MUXF7   |  1536|
|9     |MUXF8   |   768|
|10    |SRLC32E |  3200|
|11    |FDRE    |   237|
|12    |FDSE    |     1|
+------+--------+------+
---------------------------------------------------------------------------------
Finished Writing Synthesis Report : Time (s): cpu = 00:00:28 ; elapsed = 00:00:46 . Memory (MB): peak = 2473.004 ; gain = 840.613 ; free physical = 100 ; free virtual = 2248
Synthesis current peak Physical Memory [PSS] (MB): peak = 5786.728; parent = 1330.213; children = 4528.471
Synthesis current peak Virtual Memory [VSS] (MB): peak = 11436.258; parent = 2444.906; children = 8995.270
---------------------------------------------------------------------------------
Synthesis finished with 0 errors, 0 critical warnings and 1 warnings.
Synthesis Optimization Runtime : Time (s): cpu = 00:00:22 ; elapsed = 00:00:42 . Memory (MB): peak = 2473.004 ; gain = 528.191 ; free physical = 4387 ; free virtual = 6535
Synthesis Optimization Complete : Time (s): cpu = 00:00:31 ; elapsed = 00:00:47 . Memory (MB): peak = 2473.004 ; gain = 840.613 ; free physical = 4388 ; free virtual = 6535
INFO: [Project 1-571] Translating synthesized netlist
Netlist sorting complete. Time (s): cpu = 00:00:00.05 ; elapsed = 00:00:00.05 . Memory (MB): peak = 2473.004 ; gain = 0.000 ; free physical = 4381 ; free virtual = 6529
INFO: [Netlist 29-17] Analyzing 2306 Unisim elements for replacement
INFO: [Netlist 29-28] Unisim Transformation completed in 0 CPU seconds
WARNING: [Netlist 29-101] Netlist 'finn_design_inst_1_StreamingFIFO_rtl_0_0' is not ideal for floorplanning, since the cellview 'Q_srl' contains a large number of primitives.  Please consider enabling hierarchy in synthesis if you want to do floorplanning.
INFO: [Project 1-570] Preparing netlist for logic optimization
INFO: [Opt 31-138] Pushed 0 inverter(s) to 0 load pin(s).
Netlist sorting complete. Time (s): cpu = 00:00:00 ; elapsed = 00:00:00 . Memory (MB): peak = 2473.004 ; gain = 0.000 ; free physical = 4320 ; free virtual = 6468
INFO: [Project 1-111] Unisim Transformation Summary:
No Unisim elements were transformed.

Synth Design complete, checksum: bf8f4e22
INFO: [Common 17-83] Releasing license: Synthesis
38 Infos, 2 Warnings, 0 Critical Warnings and 0 Errors encountered.
synth_design completed successfully
synth_design: Time (s): cpu = 00:00:34 ; elapsed = 00:00:51 . Memory (MB): peak = 2473.004 ; gain = 1154.207 ; free physical = 4535 ; free virtual = 6683
INFO: [Common 17-1381] The checkpoint '/home/andreea/proiect_finn/output_ip_hardware/stitched_ip/finn_vivado_stitch_proj.runs/finn_design_inst_1_StreamingFIFO_rtl_0_0_synth_1/finn_design_inst_1_StreamingFIFO_rtl_0_0.dcp' has been generated.
INFO: [Coretcl 2-1648] Added synthesis output to IP cache for IP finn_design_inst_1_StreamingFIFO_rtl_0_0, cache-ID = 8a4843d3d68da6f3
INFO: [Coretcl 2-1174] Renamed 2 cell refs.
INFO: [Common 17-1381] The checkpoint '/home/andreea/proiect_finn/output_ip_hardware/stitched_ip/finn_vivado_stitch_proj.runs/finn_design_inst_1_StreamingFIFO_rtl_0_0_synth_1/finn_design_inst_1_StreamingFIFO_rtl_0_0.dcp' has been generated.
INFO: [runtcl-4] Executing : report_utilization -file finn_design_inst_1_StreamingFIFO_rtl_0_0_utilization_synth.rpt -pb finn_design_inst_1_StreamingFIFO_rtl_0_0_utilization_synth.pb
INFO: [Common 17-206] Exiting Vivado at Wed Apr 15 19:58:38 2026...
