
*** Running vivado
    with args -log finn_design_inst_1_StreamingFIFO_rtl_1_0.vds -m64 -product Vivado -mode batch -messageDb vivado.pb -notrace -source finn_design_inst_1_StreamingFIFO_rtl_1_0.tcl


****** Vivado v2022.2 (64-bit)
  **** SW Build 3671981 on Fri Oct 14 04:59:54 MDT 2022
  **** IP Build 3669848 on Fri Oct 14 08:30:02 MDT 2022
    ** Copyright 1986-2022 Xilinx, Inc. All Rights Reserved.

source finn_design_inst_1_StreamingFIFO_rtl_1_0.tcl -notrace
INFO: [IP_Flow 19-234] Refreshing IP repositories
INFO: [IP_Flow 19-1700] Loaded user IP repository '/home/andreea/finn/finn-rtllib/memstream'.
INFO: [IP_Flow 19-1700] Loaded user IP repository '/tmp/finn_dev_andreea/code_gen_ipgen_StreamingFIFO_rtl_0_0gu48umn'.
INFO: [IP_Flow 19-1700] Loaded user IP repository '/tmp/finn_dev_andreea/code_gen_ipgen_StreamingMaxPool_hls_0_f483_7v7/project_StreamingMaxPool_hls_0/sol1/impl/ip'.
INFO: [IP_Flow 19-1700] Loaded user IP repository '/tmp/finn_dev_andreea/code_gen_ipgen_StreamingFIFO_rtl_1_vra9ly6u'.
INFO: [IP_Flow 19-1700] Loaded user IP repository '/tmp/finn_dev_andreea/code_gen_ipgen_StreamingDataWidthConverter_rtl_0_68_ah9pv'.
INFO: [IP_Flow 19-1700] Loaded user IP repository '/tmp/finn_dev_andreea/code_gen_ipgen_StreamingFIFO_rtl_2_ci6rrynx'.
INFO: [IP_Flow 19-1700] Loaded user IP repository '/tmp/finn_dev_andreea/code_gen_ipgen_MVAU_hls_0_wm2359pm/project_MVAU_hls_0/sol1/impl/ip'.
INFO: [IP_Flow 19-1700] Loaded user IP repository '/tmp/finn_dev_andreea/code_gen_ipgen_StreamingFIFO_rtl_3__fc5fzv9'.
INFO: [IP_Flow 19-1700] Loaded user IP repository '/tmp/finn_dev_andreea/code_gen_ipgen_MVAU_rtl_0_sk01edbv'.
INFO: [IP_Flow 19-1700] Loaded user IP repository '/tmp/finn_dev_andreea/code_gen_ipgen_StreamingFIFO_rtl_4_zs21v45w'.
INFO: [IP_Flow 19-2313] Loaded Vivado IP repository '/tools/Xilinx/Vivado/2022.2/data/ip'.
INFO: [IP_Flow 19-6924] IPCACHE: Running cache check for IP inst: finn_design_inst_1_StreamingFIFO_rtl_1_0
Command: synth_design -top finn_design_inst_1_StreamingFIFO_rtl_1_0 -part xc7z020clg400-1 -incremental_mode off -mode out_of_context
Starting synth_design
Attempting to get a license for feature 'Synthesis' and/or device 'xc7z020'
INFO: [Common 17-349] Got license for feature 'Synthesis' and/or device 'xc7z020'
INFO: [Device 21-403] Loading part xc7z020clg400-1
INFO: [Synth 8-7079] Multithreading enabled for synth_design using a maximum of 4 processes.
INFO: [Synth 8-7078] Launching helper process for spawning children vivado processes
INFO: [Synth 8-7075] Helper process launched with PID 46552
INFO: [Synth 8-11241] undeclared symbol 'REGCCE', assumed default net type 'wire' [/tools/Xilinx/Vivado/2022.2/data/verilog/src/unimacro/BRAM_SINGLE_MACRO.v:2170]
---------------------------------------------------------------------------------
Starting RTL Elaboration : Time (s): cpu = 00:00:05 ; elapsed = 00:00:05 . Memory (MB): peak = 2001.445 ; gain = 371.738 ; free physical = 85 ; free virtual = 3009
Synthesis current peak Physical Memory [PSS] (MB): peak = 1251.694; parent = 1112.122; children = 139.572
Synthesis current peak Virtual Memory [VSS] (MB): peak = 3036.172; parent = 2004.414; children = 1031.758
---------------------------------------------------------------------------------
INFO: [Synth 8-6157] synthesizing module 'finn_design_inst_1_StreamingFIFO_rtl_1_0' [/home/andreea/proiect_finn/output_ip_hardware/stitched_ip/finn_vivado_stitch_proj.gen/sources_1/bd/design_1/bd/finn_design_inst_1/ip/finn_design_inst_1_StreamingFIFO_rtl_1_0/synth/finn_design_inst_1_StreamingFIFO_rtl_1_0.v:53]
INFO: [Synth 8-6157] synthesizing module 'StreamingFIFO_rtl_1' [/tmp/finn_dev_andreea/code_gen_ipgen_StreamingFIFO_rtl_1_vra9ly6u/StreamingFIFO_rtl_1.v:32]
INFO: [Synth 8-6157] synthesizing module 'Q_srl' [/tmp/finn_dev_andreea/code_gen_ipgen_StreamingFIFO_rtl_0_0gu48umn/Q_srl.v:72]
INFO: [Synth 8-6155] done synthesizing module 'Q_srl' (0#1) [/tmp/finn_dev_andreea/code_gen_ipgen_StreamingFIFO_rtl_0_0gu48umn/Q_srl.v:72]
INFO: [Synth 8-6155] done synthesizing module 'StreamingFIFO_rtl_1' (0#1) [/tmp/finn_dev_andreea/code_gen_ipgen_StreamingFIFO_rtl_1_vra9ly6u/StreamingFIFO_rtl_1.v:32]
INFO: [Synth 8-6155] done synthesizing module 'finn_design_inst_1_StreamingFIFO_rtl_1_0' (0#1) [/home/andreea/proiect_finn/output_ip_hardware/stitched_ip/finn_vivado_stitch_proj.gen/sources_1/bd/design_1/bd/finn_design_inst_1/ip/finn_design_inst_1_StreamingFIFO_rtl_1_0/synth/finn_design_inst_1_StreamingFIFO_rtl_1_0.v:53]
---------------------------------------------------------------------------------
Finished RTL Elaboration : Time (s): cpu = 00:00:06 ; elapsed = 00:00:07 . Memory (MB): peak = 2091.383 ; gain = 461.676 ; free physical = 590 ; free virtual = 3222
Synthesis current peak Physical Memory [PSS] (MB): peak = 1251.694; parent = 1112.122; children = 139.572
Synthesis current peak Virtual Memory [VSS] (MB): peak = 3123.141; parent = 2091.383; children = 1031.758
---------------------------------------------------------------------------------
---------------------------------------------------------------------------------
Start Handling Custom Attributes
---------------------------------------------------------------------------------
---------------------------------------------------------------------------------
Finished Handling Custom Attributes : Time (s): cpu = 00:00:06 ; elapsed = 00:00:07 . Memory (MB): peak = 2109.195 ; gain = 479.488 ; free physical = 564 ; free virtual = 3194
Synthesis current peak Physical Memory [PSS] (MB): peak = 1251.694; parent = 1112.122; children = 139.572
Synthesis current peak Virtual Memory [VSS] (MB): peak = 3140.953; parent = 2109.195; children = 1031.758
---------------------------------------------------------------------------------
---------------------------------------------------------------------------------
Finished RTL Optimization Phase 1 : Time (s): cpu = 00:00:06 ; elapsed = 00:00:07 . Memory (MB): peak = 2109.195 ; gain = 479.488 ; free physical = 561 ; free virtual = 3193
Synthesis current peak Physical Memory [PSS] (MB): peak = 1251.694; parent = 1112.122; children = 139.572
Synthesis current peak Virtual Memory [VSS] (MB): peak = 3140.953; parent = 2109.195; children = 1031.758
---------------------------------------------------------------------------------
Netlist sorting complete. Time (s): cpu = 00:00:00.14 ; elapsed = 00:00:00.14 . Memory (MB): peak = 2109.195 ; gain = 0.000 ; free physical = 465 ; free virtual = 3102
INFO: [Project 1-570] Preparing netlist for logic optimization

Processing XDC Constraints
Initializing timing engine
Completed Processing XDC Constraints

Netlist sorting complete. Time (s): cpu = 00:00:00 ; elapsed = 00:00:00 . Memory (MB): peak = 2269.945 ; gain = 0.000 ; free physical = 183 ; free virtual = 2840
INFO: [Project 1-111] Unisim Transformation Summary:
No Unisim elements were transformed.

Constraint Validation Runtime : Time (s): cpu = 00:00:00.65 ; elapsed = 00:00:00.15 . Memory (MB): peak = 2269.945 ; gain = 0.000 ; free physical = 132 ; free virtual = 2789
INFO: [Designutils 20-5008] Incremental synthesis strategy off
INFO: [Synth 8-11241] undeclared symbol 'REGCCE', assumed default net type 'wire' [/tools/Xilinx/Vivado/2022.2/data/verilog/src/unimacro/BRAM_SINGLE_MACRO.v:2170]
---------------------------------------------------------------------------------
Finished Constraint Validation : Time (s): cpu = 00:00:13 ; elapsed = 00:00:14 . Memory (MB): peak = 2269.945 ; gain = 640.238 ; free physical = 499 ; free virtual = 3163
Synthesis current peak Physical Memory [PSS] (MB): peak = 1251.694; parent = 1112.122; children = 139.572
Synthesis current peak Virtual Memory [VSS] (MB): peak = 3269.688; parent = 2237.930; children = 1031.758
---------------------------------------------------------------------------------
---------------------------------------------------------------------------------
Start Loading Part and Timing Information
---------------------------------------------------------------------------------
Loading part: xc7z020clg400-1
---------------------------------------------------------------------------------
Finished Loading Part and Timing Information : Time (s): cpu = 00:00:13 ; elapsed = 00:00:14 . Memory (MB): peak = 2269.945 ; gain = 640.238 ; free physical = 499 ; free virtual = 3163
Synthesis current peak Physical Memory [PSS] (MB): peak = 1251.694; parent = 1112.122; children = 139.572
Synthesis current peak Virtual Memory [VSS] (MB): peak = 3269.688; parent = 2237.930; children = 1031.758
---------------------------------------------------------------------------------
---------------------------------------------------------------------------------
Start Applying 'set_property' XDC Constraints
---------------------------------------------------------------------------------
---------------------------------------------------------------------------------
Finished applying 'set_property' XDC Constraints : Time (s): cpu = 00:00:13 ; elapsed = 00:00:14 . Memory (MB): peak = 2269.945 ; gain = 640.238 ; free physical = 499 ; free virtual = 3163
Synthesis current peak Physical Memory [PSS] (MB): peak = 1251.694; parent = 1112.122; children = 139.572
Synthesis current peak Virtual Memory [VSS] (MB): peak = 3269.688; parent = 2237.930; children = 1031.758
---------------------------------------------------------------------------------
INFO: [Synth 8-802] inferred FSM for state register 'state_reg' in module 'Q_srl'
---------------------------------------------------------------------------------------------------
                   State |                     New Encoding |                Previous Encoding 
---------------------------------------------------------------------------------------------------
             state_empty |                              001 |                               00
               state_one |                              010 |                               01
              state_more |                              100 |                               10
---------------------------------------------------------------------------------------------------
INFO: [Synth 8-3354] encoded FSM with state register 'state_reg' using encoding 'one-hot' in module 'Q_srl'
---------------------------------------------------------------------------------
Finished RTL Optimization Phase 2 : Time (s): cpu = 00:00:14 ; elapsed = 00:00:15 . Memory (MB): peak = 2269.945 ; gain = 640.238 ; free physical = 528 ; free virtual = 3208
Synthesis current peak Physical Memory [PSS] (MB): peak = 1251.694; parent = 1112.122; children = 139.572
Synthesis current peak Virtual Memory [VSS] (MB): peak = 3269.688; parent = 2237.930; children = 1031.758
---------------------------------------------------------------------------------
---------------------------------------------------------------------------------
Start RTL Component Statistics 
---------------------------------------------------------------------------------
Detailed RTL Component Info : 
+---Adders : 
	   2 Input    8 Bit       Adders := 3     
+---Registers : 
	              128 Bit    Registers := 1     
	                8 Bit    Registers := 2     
	                1 Bit    Registers := 3     
+---Muxes : 
	   3 Input  128 Bit        Muxes := 1     
	   2 Input    8 Bit        Muxes := 2     
	   3 Input    8 Bit        Muxes := 1     
	  15 Input    3 Bit        Muxes := 1     
	   2 Input    2 Bit        Muxes := 3     
	   7 Input    2 Bit        Muxes := 2     
	   3 Input    2 Bit        Muxes := 2     
	   2 Input    1 Bit        Muxes := 8     
	   3 Input    1 Bit        Muxes := 2     
---------------------------------------------------------------------------------
Finished RTL Component Statistics 
---------------------------------------------------------------------------------
---------------------------------------------------------------------------------
Start Part Resource Summary
---------------------------------------------------------------------------------
Part Resources:
DSPs: 220 (col length:60)
BRAMs: 280 (col length: RAMB18 60 RAMB36 30)
---------------------------------------------------------------------------------
Finished Part Resource Summary
---------------------------------------------------------------------------------
---------------------------------------------------------------------------------
Start Cross Boundary and Area Optimization
---------------------------------------------------------------------------------
WARNING: [Synth 8-7080] Parallel synthesis criteria is not met
---------------------------------------------------------------------------------
Finished Cross Boundary and Area Optimization : Time (s): cpu = 00:00:16 ; elapsed = 00:00:16 . Memory (MB): peak = 2269.945 ; gain = 640.238 ; free physical = 438 ; free virtual = 3123
Synthesis current peak Physical Memory [PSS] (MB): peak = 1251.694; parent = 1112.122; children = 139.572
Synthesis current peak Virtual Memory [VSS] (MB): peak = 3269.688; parent = 2237.930; children = 1031.758
---------------------------------------------------------------------------------
---------------------------------------------------------------------------------
Start Applying XDC Timing Constraints
---------------------------------------------------------------------------------
---------------------------------------------------------------------------------
Finished Applying XDC Timing Constraints : Time (s): cpu = 00:00:19 ; elapsed = 00:00:20 . Memory (MB): peak = 2269.945 ; gain = 640.238 ; free physical = 120 ; free virtual = 2812
Synthesis current peak Physical Memory [PSS] (MB): peak = 1325.097; parent = 1194.038; children = 139.572
Synthesis current peak Virtual Memory [VSS] (MB): peak = 3269.688; parent = 2237.930; children = 1031.758
---------------------------------------------------------------------------------
---------------------------------------------------------------------------------
Start Timing Optimization
---------------------------------------------------------------------------------
---------------------------------------------------------------------------------
Finished Timing Optimization : Time (s): cpu = 00:00:19 ; elapsed = 00:00:20 . Memory (MB): peak = 2269.945 ; gain = 640.238 ; free physical = 118 ; free virtual = 2809
Synthesis current peak Physical Memory [PSS] (MB): peak = 1325.315; parent = 1194.257; children = 139.572
Synthesis current peak Virtual Memory [VSS] (MB): peak = 3269.688; parent = 2237.930; children = 1031.758
---------------------------------------------------------------------------------
---------------------------------------------------------------------------------
Start Technology Mapping
---------------------------------------------------------------------------------
---------------------------------------------------------------------------------
Finished Technology Mapping : Time (s): cpu = 00:00:20 ; elapsed = 00:00:20 . Memory (MB): peak = 2269.945 ; gain = 640.238 ; free physical = 108 ; free virtual = 2800
Synthesis current peak Physical Memory [PSS] (MB): peak = 1325.315; parent = 1194.257; children = 139.572
Synthesis current peak Virtual Memory [VSS] (MB): peak = 3269.688; parent = 2237.930; children = 1031.758
---------------------------------------------------------------------------------
---------------------------------------------------------------------------------
Start IO Insertion
---------------------------------------------------------------------------------
---------------------------------------------------------------------------------
Start Flattening Before IO Insertion
---------------------------------------------------------------------------------
---------------------------------------------------------------------------------
Finished Flattening Before IO Insertion
---------------------------------------------------------------------------------
---------------------------------------------------------------------------------
Start Final Netlist Cleanup
---------------------------------------------------------------------------------
---------------------------------------------------------------------------------
Finished Final Netlist Cleanup
---------------------------------------------------------------------------------
---------------------------------------------------------------------------------
Finished IO Insertion : Time (s): cpu = 00:00:22 ; elapsed = 00:00:23 . Memory (MB): peak = 2269.945 ; gain = 640.238 ; free physical = 315 ; free virtual = 2940
Synthesis current peak Physical Memory [PSS] (MB): peak = 1325.315; parent = 1194.257; children = 139.572
Synthesis current peak Virtual Memory [VSS] (MB): peak = 3269.688; parent = 2237.930; children = 1031.758
---------------------------------------------------------------------------------
---------------------------------------------------------------------------------
Start Renaming Generated Instances
---------------------------------------------------------------------------------
---------------------------------------------------------------------------------
Finished Renaming Generated Instances : Time (s): cpu = 00:00:22 ; elapsed = 00:00:23 . Memory (MB): peak = 2269.945 ; gain = 640.238 ; free physical = 315 ; free virtual = 2939
Synthesis current peak Physical Memory [PSS] (MB): peak = 1325.315; parent = 1194.257; children = 139.572
Synthesis current peak Virtual Memory [VSS] (MB): peak = 3269.688; parent = 2237.930; children = 1031.758
---------------------------------------------------------------------------------
---------------------------------------------------------------------------------
Start Rebuilding User Hierarchy
---------------------------------------------------------------------------------
---------------------------------------------------------------------------------
Finished Rebuilding User Hierarchy : Time (s): cpu = 00:00:22 ; elapsed = 00:00:23 . Memory (MB): peak = 2269.945 ; gain = 640.238 ; free physical = 309 ; free virtual = 2933
Synthesis current peak Physical Memory [PSS] (MB): peak = 1325.315; parent = 1194.257; children = 139.572
Synthesis current peak Virtual Memory [VSS] (MB): peak = 3269.688; parent = 2237.930; children = 1031.758
---------------------------------------------------------------------------------
---------------------------------------------------------------------------------
Start Renaming Generated Ports
---------------------------------------------------------------------------------
---------------------------------------------------------------------------------
Finished Renaming Generated Ports : Time (s): cpu = 00:00:22 ; elapsed = 00:00:23 . Memory (MB): peak = 2269.945 ; gain = 640.238 ; free physical = 314 ; free virtual = 2934
Synthesis current peak Physical Memory [PSS] (MB): peak = 1325.315; parent = 1194.257; children = 139.572
Synthesis current peak Virtual Memory [VSS] (MB): peak = 3269.688; parent = 2237.930; children = 1031.758
---------------------------------------------------------------------------------
---------------------------------------------------------------------------------
Start Handling Custom Attributes
---------------------------------------------------------------------------------
---------------------------------------------------------------------------------
Finished Handling Custom Attributes : Time (s): cpu = 00:00:22 ; elapsed = 00:00:23 . Memory (MB): peak = 2269.945 ; gain = 640.238 ; free physical = 311 ; free virtual = 2931
Synthesis current peak Physical Memory [PSS] (MB): peak = 1325.315; parent = 1194.257; children = 139.572
Synthesis current peak Virtual Memory [VSS] (MB): peak = 3269.688; parent = 2237.930; children = 1031.758
---------------------------------------------------------------------------------
---------------------------------------------------------------------------------
Start Renaming Generated Nets
---------------------------------------------------------------------------------
---------------------------------------------------------------------------------
Finished Renaming Generated Nets : Time (s): cpu = 00:00:22 ; elapsed = 00:00:23 . Memory (MB): peak = 2269.945 ; gain = 640.238 ; free physical = 316 ; free virtual = 2937
Synthesis current peak Physical Memory [PSS] (MB): peak = 1325.315; parent = 1194.257; children = 139.572
Synthesis current peak Virtual Memory [VSS] (MB): peak = 3269.688; parent = 2237.930; children = 1031.758
---------------------------------------------------------------------------------
---------------------------------------------------------------------------------
Start ROM, RAM, DSP, Shift Register and Retiming Reporting
---------------------------------------------------------------------------------

Dynamic Shift Register Report:
+------------+--------------+--------+------------+--------+---------+--------+--------+--------+
|Module Name | RTL Name     | Length | Data Width | SRL16E | SRLC32E | Mux F7 | Mux F8 | Mux F9 | 
+------------+--------------+--------+------------+--------+---------+--------+--------+--------+
|dsrl        | srl_reg[194] | 128    | 128        | 0      | 896     | 512    | 256    | 0      | 
+------------+--------------+--------+------------+--------+---------+--------+--------+--------+

---------------------------------------------------------------------------------
Finished ROM, RAM, DSP, Shift Register and Retiming Reporting
---------------------------------------------------------------------------------
---------------------------------------------------------------------------------
Start Writing Synthesis Report
---------------------------------------------------------------------------------

Report BlackBoxes: 
+-+--------------+----------+
| |BlackBox name |Instances |
+-+--------------+----------+
+-+--------------+----------+

Report Cell Usage: 
+------+--------+------+
|      |Cell    |Count |
+------+--------+------+
|1     |CARRY4  |     1|
|2     |LUT1    |     2|
|3     |LUT2    |     7|
|4     |LUT3    |     4|
|5     |LUT4    |   134|
|6     |LUT5    |     8|
|7     |LUT6    |   178|
|8     |MUXF7   |   384|
|9     |MUXF8   |   128|
|10    |SRLC32E |   896|
|11    |FDRE    |   164|
|12    |FDSE    |     1|
+------+--------+------+
---------------------------------------------------------------------------------
Finished Writing Synthesis Report : Time (s): cpu = 00:00:22 ; elapsed = 00:00:23 . Memory (MB): peak = 2269.945 ; gain = 640.238 ; free physical = 308 ; free virtual = 2928
Synthesis current peak Physical Memory [PSS] (MB): peak = 1325.315; parent = 1194.257; children = 139.572
Synthesis current peak Virtual Memory [VSS] (MB): peak = 3269.688; parent = 2237.930; children = 1031.758
---------------------------------------------------------------------------------
Synthesis finished with 0 errors, 0 critical warnings and 1 warnings.
Synthesis Optimization Runtime : Time (s): cpu = 00:00:19 ; elapsed = 00:00:21 . Memory (MB): peak = 2269.945 ; gain = 479.488 ; free physical = 360 ; free virtual = 2980
Synthesis Optimization Complete : Time (s): cpu = 00:00:23 ; elapsed = 00:00:24 . Memory (MB): peak = 2269.945 ; gain = 640.238 ; free physical = 350 ; free virtual = 2970
INFO: [Project 1-571] Translating synthesized netlist
Netlist sorting complete. Time (s): cpu = 00:00:00.01 ; elapsed = 00:00:00.01 . Memory (MB): peak = 2269.945 ; gain = 0.000 ; free physical = 472 ; free virtual = 3093
INFO: [Netlist 29-17] Analyzing 513 Unisim elements for replacement
INFO: [Netlist 29-28] Unisim Transformation completed in 0 CPU seconds
WARNING: [Netlist 29-101] Netlist 'finn_design_inst_1_StreamingFIFO_rtl_1_0' is not ideal for floorplanning, since the cellview 'Q_srl' contains a large number of primitives.  Please consider enabling hierarchy in synthesis if you want to do floorplanning.
INFO: [Project 1-570] Preparing netlist for logic optimization
INFO: [Opt 31-138] Pushed 0 inverter(s) to 0 load pin(s).
Netlist sorting complete. Time (s): cpu = 00:00:00 ; elapsed = 00:00:00 . Memory (MB): peak = 2269.945 ; gain = 0.000 ; free physical = 412 ; free virtual = 3034
INFO: [Project 1-111] Unisim Transformation Summary:
No Unisim elements were transformed.

Synth Design complete, checksum: a82a8c11
INFO: [Common 17-83] Releasing license: Synthesis
38 Infos, 2 Warnings, 0 Critical Warnings and 0 Errors encountered.
synth_design completed successfully
synth_design: Time (s): cpu = 00:00:29 ; elapsed = 00:00:28 . Memory (MB): peak = 2269.945 ; gain = 951.895 ; free physical = 625 ; free virtual = 3246
INFO: [Common 17-1381] The checkpoint '/home/andreea/proiect_finn/output_ip_hardware/stitched_ip/finn_vivado_stitch_proj.runs/finn_design_inst_1_StreamingFIFO_rtl_1_0_synth_1/finn_design_inst_1_StreamingFIFO_rtl_1_0.dcp' has been generated.
INFO: [Coretcl 2-1648] Added synthesis output to IP cache for IP finn_design_inst_1_StreamingFIFO_rtl_1_0, cache-ID = 0ed619cda3d14186
INFO: [Coretcl 2-1174] Renamed 2 cell refs.
INFO: [Common 17-1381] The checkpoint '/home/andreea/proiect_finn/output_ip_hardware/stitched_ip/finn_vivado_stitch_proj.runs/finn_design_inst_1_StreamingFIFO_rtl_1_0_synth_1/finn_design_inst_1_StreamingFIFO_rtl_1_0.dcp' has been generated.
INFO: [runtcl-4] Executing : report_utilization -file finn_design_inst_1_StreamingFIFO_rtl_1_0_utilization_synth.rpt -pb finn_design_inst_1_StreamingFIFO_rtl_1_0_utilization_synth.pb
INFO: [Common 17-206] Exiting Vivado at Wed Apr 15 19:55:07 2026...
